04-15 12:09:37.005  3443  8048 I         : ###ADS :Waiting for client connection.....
04-15 12:09:37.008  3443  8048 I         : ###ADS :Waiting for client connection.....
04-15 12:09:37.011  3443  8048 I         : ###ADS :Waiting for client connection.....
04-15 12:09:37.014  3443  8048 I         : ###ADS :Waiting for client connection.....
04-15 12:09:37.017  3443  8048 I         : ###ADS :Waiting for client connection.....
04-15 12:09:37.020  3443  8048 I         : ###ADS :Waiting for client connection.....
04-15 12:09:37.023  3443  8048 I         : ###ADS :Waiting for client connection.....
04-15 12:09:37.027  3443  8048 I         : ###ADS :Waiting for client connection.....
04-15 12:09:37.030  3443  8048 I         : ###ADS :Waiting for client connection.....
04-15 12:09:37.034  3443  8048 I         : ###ADS :Waiting for client connection.....
04-15 12:09:37.037  3443  8048 I         : ###ADS :Waiting for client connection.....
04-15 12:09:37.041  3443  8048 I         : ###ADS :Waiting for client connection.....
04-15 12:09:37.043  3443  8048 I         : ###ADS :Waiting for client connection.....
04-15 12:09:37.044  3443  8048 I         : ###ADS :Waiting for client connection.....
04-15 12:09:37.047  3443  8048 I         : ###ADS :Waiting for client connection.....
04-15 12:09:37.050  3443  8048 I         : ###ADS :Waiting for client connection.....
04-15 12:09:37.051  3443  8048 I         : ###ADS :Waiting for client connection.....
04-15 12:09:37.053  6302  6323 I ArusContentProvider: ###Arus: query()
04-15 12:09:37.053  6302  6323 D SQLiteQueryBuilder: SELECT _id, paramname, paramvalue, iswritable, notificationmode FROM ArusUpdatertable WHERE (paramname='LastOTAversion')
04-15 12:09:37.054  6302  6323 D SQLiteCursor: received count(*) from native_fill_window: 1
04-15 12:09:37.056  3443  8048 I         : ###ADS :Waiting for client connection.....
04-15 12:09:37.059  3443  8048 I         : ###ADS :Waiting for client connection.....
04-15 12:09:37.063  3443  8048 I         : ###ADS :Waiting for client connection.....
04-15 12:09:37.066  3443  8048 I         : ###ADS :Waiting for client connection.....
04-15 12:09:37.069  3443  8048 I         : ###ADS :Waiting for client connection.....
04-15 12:09:37.073  3443  8048 I         : ###ADS :Waiting for client connection.....
04-15 12:09:37.076  3443  8048 I         : ###ADS :Waiting for client connection.....
04-15 12:09:37.079  3443  8048 I         : ###ADS :Waiting for client connection.....
04-15 12:09:37.082  3443  8048 I         : ###ADS :Waiting for client connection.....
04-15 12:09:37.086  3443  8048 I         : ###ADS :Waiting for client connection.....
04-15 12:09:37.087  3443  8048 I         : ###ADS :Waiting for client connection.....
04-15 12:09:37.090  3443  8048 I         : ###ADS :Waiting for client connection.....
04-15 12:09:37.094  3443  8048 I         : ###ADS :Waiting for client connection.....
04-15 12:09:37.098  3443  8048 I         : ###ADS :Waiting for client connection.....
04-15 12:09:37.101  3443  8048 I         : ###ADS :Waiting for client connection.....
04-15 12:09:37.105  3443  8048 I         : ###ADS :Waiting for client connection.....
04-15 12:09:37.106  3815  3816 I HdmiCec : onCecMessage TV->P1 <Vendor Command> (04:89:01)
04-15 12:09:37.044  3694 13519 I chatty  : uid=1000(system) Binder:3694_1C identical 6 lines
04-15 12:09:37.045  3694 13519 D NetworkPolicy: 1000 is 7
04-15 12:09:37.107  3694  3694 D HDMI    : [R]:<Vendor Command> 04:89:01
04-15 12:09:37.108  3694  3812 D HDMI    : [S]:<Feature Abort> 40:00:89:01
04-15 12:09:37.108  3815  3815 I HdmiCec : sendMessage P1->TV <Feature Abort> <Vendor Command> NOT_IN_CORRECT_MODE
04-15 12:09:37.108  3443  8048 I         : ###ADS :Waiting for client connection.....
04-15 12:09:37.111  3443  8048 I         : ###ADS :Waiting for client connection.....
04-15 12:09:37.114  3443  8048 I         : ###ADS :Waiting for client connection.....
04-15 12:09:37.118  3443  8048 I         : ###ADS :Waiting for client connection.....
04-15 12:09:37.121  3443  8048 I         : ###ADS :Waiting for client connection.....
04-15 12:09:37.124  3443  8048 I         : ###ADS :Waiting for client connection.....
04-15 12:09:37.125  3694 13519 D NetworkPolicy: 1000 is 7
04-15 12:09:37.126  3443  8048 I         : ###ADS :Waiting for client connection.....
04-15 12:09:37.128  3443  8048 I         : ###ADS :Waiting for client connection.....
04-15 12:09:37.131  3443  8048 I         : ###ADS :Waiting for client connection.....
04-15 12:09:37.134  3443  8048 I         : ###ADS :Waiting for client connection.....
04-15 12:09:37.138  3443  8048 I         : ###ADS :Waiting for client connection.....
04-15 12:09:37.141  3443  8048 I         : ###ADS :Waiting for client connection.....
04-15 12:09:37.144  3443  8048 I         : ###ADS :Waiting for client connection.....
04-15 12:09:37.147  3443  8048 I         : ###ADS :Waiting for client connection.....
04-15 12:09:37.150  3443  8048 I         : ###ADS :Waiting for client connection.....
04-15 12:09:37.153  3443  8048 I         : ###ADS :Waiting for client connection.....
04-15 12:09:37.156  3443  8048 I         : ###ADS :Waiting for client connection.....
04-15 12:09:37.160  3443  8048 I         : ###ADS :Waiting for client connection.....
04-15 12:09:37.163  3443  8048 I         : ###ADS :Waiting for client connection.....
04-15 12:09:37.166  3443  8048 I         : ###ADS :Waiting for client connection.....
04-15 12:09:37.170  3443  8048 I         : ###ADS :Waiting for client connection.....
04-15 12:09:37.173  3443  8048 I         : ###ADS :Waiting for client connection.....
04-15 12:09:37.176  3443  8048 I         : ###ADS :Waiting for client connection.....
04-15 12:09:37.178  3443  8048 I         : ###ADS :Waiting for client connection.....
04-15 12:09:37.181  3443  8048 I         : ###ADS :Waiting for client connection.....
04-15 12:09:37.192  8483  8483 W cwmd    : type=1400 audit(0.0:335): avc: denied { read } for name="hosts" dev="dm-4" ino=770 scontext=u:r:cwmd:s0 tcontext=u:object_r:system_file:s0 tclass=file permissive=0
04-15 12:09:37.273  3443  8048 I         : eco-agent : retried session started, server: 'https://cpe-ems0512.verizon.com/cwmpWeb/CPEMgt', event code(s): '0 BOOTSTRAP'
04-15 12:09:37.273  3443  8048 I         : ###ADS :Waiting for client connection.....
04-15 12:09:37.276  6302  6302 D UpgradeService: InstallRequestReceiver intent action: arris.intent.action.ACS_ONBOOT_STATE
04-15 12:09:37.276  3443  8048 I         : ###ADS :Waiting for client connection.....
04-15 12:09:37.127  3694 13519 D NetworkPolicy: 1000 is 7
04-15 12:09:37.873  3694 13519 D NetworkPolicy: 10034 is allowed on unmetered network
04-15 12:09:37.880  3694 13519 D NetworkPolicy: 10034 is allowed on unmetered network
04-15 12:09:37.891  3694 13519 D NetworkPolicy: 1000 is 7
04-15 12:09:38.875  3694  4453 D NetworkPolicy: 10034 is allowed on unmetered network
04-15 12:09:38.883  3694 13519 D NetworkPolicy: 10034 is allowed on unmetered network
04-15 12:09:38.903  3694 13519 D NetworkPolicy: 1000 is 7
04-15 12:09:39.067  3694  3793 E WifiVendorHal: getWifiLinkLayerStats_internal(l.903) failed {.code = ERROR_NOT_AVAILABLE, .description = }
04-15 12:09:39.069  3694  3793 D NetworkStats: TetherStats: iface=wlan0 type=3 entry=iface=null uid=-1 set=ALL tag=0x0 metered=ALL roaming=ALL defaultNetwork=ALL rxBytes=0 rxPackets=0 txBytes=0 txPackets=0 operations=0
04-15 12:09:39.074  3694  3793 D NetworkStats: TetherStats: iface=wlan0 type=1 entry=iface=null uid=-1 set=ALL tag=0x0 metered=ALL roaming=ALL defaultNetwork=ALL rxBytes=0 rxPackets=0 txBytes=0 txPackets=0 operations=0
04-15 12:09:39.757  3694  4453 D NetworkPolicy: 10038 is allowed on unmetered network
04-15 12:09:39.876  3694  4453 D NetworkPolicy: 10034 is allowed on unmetered network
04-15 12:09:39.882  3694  4453 D NetworkPolicy: 10034 is allowed on unmetered network
04-15 12:09:39.912  3694  4453 D NetworkPolicy: 1000 is 7
04-15 12:09:40.876  3694  4453 D NetworkPolicy: 10034 is allowed on unmetered network
04-15 12:09:40.883  3694  4453 D NetworkPolicy: 10034 is allowed on unmetered network
04-15 12:09:40.919  3694  4453 D NetworkPolicy: 1000 is 7
04-15 12:09:41.877  3694 13519 D NetworkPolicy: 10034 is allowed on unmetered network
04-15 12:09:41.884  3694 13519 D NetworkPolicy: 10034 is allowed on unmetered network
04-15 12:09:41.925  3694 13519 D NetworkPolicy: 1000 is 7
04-15 12:09:42.093  3694  3793 D NetworkStats: TetherStats: iface=wlan0 type=3 entry=iface=null uid=-1 set=ALL tag=0x0 metered=ALL roaming=ALL defaultNetwork=ALL rxBytes=0 rxPackets=0 txBytes=0 txPackets=0 operations=0
04-15 12:09:42.096  3694  3793 D NetworkStats: TetherStats: iface=wlan0 type=1 entry=iface=null uid=-1 set=ALL tag=0x0 metered=ALL roaming=ALL defaultNetwork=ALL rxBytes=0 rxPackets=0 txBytes=0 txPackets=0 operations=0
04-15 12:09:42.090  3694  3793 E WifiVendorHal: getWifiLinkLayerStats_internal(l.903) failed {.code = ERROR_NOT_AVAILABLE, .description = }
04-15 12:09:42.592  4374  5521 W chromium: [FTL:4374:5521:WARNING:publisher.cc(33)] No subscribers for event
04-15 12:09:42.592  4374  5521 W chromium: "assistant.api.events.MetricEvent" from publisher "UmaMetricsForwarder"
04-15 12:09:42.627  4807 14014 I ennor   : [CURL:5] curl "https://gp1.adn.edgecastcdn.net/09206BA/vz-bcn/seed" --compressed --insecure -H '<redacted>'
04-15 12:09:42.647  3389 14016 E ResolverController: No valid NAT64 prefix (100, <unspecified>/0)
04-15 12:09:42.656  3694  4806 D NetworkMonitor/100: isDataStall: result=false, consecutive dns timeout count=0
04-15 12:09:42.707  4807 14014 I ennor   : [CURL:5] curl_easy_perform() result = 0 (No error); response code = 200
04-15 12:09:42.757  3694  4453 D NetworkPolicy: 10038 is allowed on unmetered network
04-15 12:09:42.879  3694  4453 D NetworkPolicy: 10034 is allowed on unmetered network
04-15 12:09:42.884  3694 13519 D NetworkPolicy: 10034 is allowed on unmetered network
04-15 12:09:42.932  3694 13519 D NetworkPolicy: 1000 is 7
04-15 12:09:43.880  3694  4453 D NetworkPolicy: 10034 is allowed on unmetered network
04-15 12:09:43.886  3694  4453 D NetworkPolicy: 10034 is allowed on unmetered network
04-15 12:09:43.937  3694  4453 D NetworkPolicy: 1000 is 7
04-15 12:09:44.733  3815  3816 I HdmiCec : onCecMessage TV->** <Device Vendor ID> 00e091
04-15 12:09:44.734  3694  3694 D HDMI    : [R]:<Device Vendor Id> 0F:87:00:E0:91
04-15 12:09:44.880  3694 13519 D NetworkPolicy: 10034 is allowed on unmetered network
04-15 12:09:44.888  3815  3816 I HdmiCec : onCecMessage TV->P1 <Feature Abort>
04-15 12:09:44.885  3694 13519 D NetworkPolicy: 10034 is allowed on unmetered network
04-15 12:09:44.889  3694  3694 D HDMI    : [R]:<Feature Abort> 04:00
04-15 12:09:44.890  3694  3694 W HDMI    : [2]:Unexpected parameters: <Feature Abort> 04:00
04-15 12:09:44.945  3694 13519 D NetworkPolicy: 1000 is 7
04-15 12:09:44.981  3815  3816 I HdmiCec : onCecMessage TV->P1 <Vendor Command> (04:89:01)
04-15 12:09:44.985  3694  3694 D HDMI    : [R]:<Vendor Command> 04:89:01
04-15 12:09:44.986  3694  3812 D HDMI    : [S]:<Feature Abort> 40:00:89:01
04-15 12:09:44.987  3815  3815 I HdmiCec : sendMessage P1->TV <Feature Abort> <Vendor Command> NOT_IN_CORRECT_MODE
04-15 12:09:45.113  3694  3793 E WifiVendorHal: getWifiLinkLayerStats_internal(l.903) failed {.code = ERROR_NOT_AVAILABLE, .description = }
04-15 12:09:45.115  3694  3793 D NetworkStats: TetherStats: iface=wlan0 type=3 entry=iface=null uid=-1 set=ALL tag=0x0 metered=ALL roaming=ALL defaultNetwork=ALL rxBytes=0 rxPackets=0 txBytes=0 txPackets=0 operations=0
04-15 12:09:45.118  3694  3793 D NetworkStats: TetherStats: iface=wlan0 type=1 entry=iface=null uid=-1 set=ALL tag=0x0 metered=ALL roaming=ALL defaultNetwork=ALL rxBytes=0 rxPackets=0 txBytes=0 txPackets=0 operations=0
04-15 12:09:45.757  3694  4453 D NetworkPolicy: 10038 is allowed on unmetered network
04-15 12:09:45.881  3694  4453 D NetworkPolicy: 10034 is allowed on unmetered network
04-15 12:09:45.887  3694  4453 D NetworkPolicy: 10034 is allowed on unmetered network
04-15 12:09:45.951  3694  4453 D NetworkPolicy: 1000 is 7
04-15 12:09:46.681  5330  6649 I chromium: [5330:6649:INFO:mdns_app_filter.cc(3116)] MdnsAppFilter: responses sent in 234 seconds: 3
04-15 12:09:46.882  3694 13519 D NetworkPolicy: 10034 is allowed on unmetered network
04-15 12:09:46.887  3694 13519 D NetworkPolicy: 10034 is allowed on unmetered network
04-15 12:09:46.961  3694 13519 D NetworkPolicy: 1000 is 7
04-15 12:09:47.883  3694  4453 D NetworkPolicy: 10034 is allowed on unmetered network
04-15 12:09:47.891  3694  4453 D NetworkPolicy: 10034 is allowed on unmetered network
04-15 12:09:47.968  3694  4453 D NetworkPolicy: 1000 is 7
04-15 12:09:48.135  3694  3793 E WifiVendorHal: getWifiLinkLayerStats_internal(l.903) failed {.code = ERROR_NOT_AVAILABLE, .description = }
04-15 12:09:48.137  3694  3793 D NetworkStats: TetherStats: iface=wlan0 type=3 entry=iface=null uid=-1 set=ALL tag=0x0 metered=ALL roaming=ALL defaultNetwork=ALL rxBytes=0 rxPackets=0 txBytes=0 txPackets=0 operations=0
04-15 12:09:48.140  3694  3793 D NetworkStats: TetherStats: iface=wlan0 type=1 entry=iface=null uid=-1 set=ALL tag=0x0 metered=ALL roaming=ALL defaultNetwork=ALL rxBytes=0 rxPackets=0 txBytes=0 txPackets=0 operations=0
04-15 12:09:48.757  3694 13519 D NetworkPolicy: 10038 is allowed on unmetered network
04-15 12:09:48.885  3694 13519 D NetworkPolicy: 10034 is allowed on unmetered network
04-15 12:09:48.890  3694 13519 D NetworkPolicy: 10034 is allowed on unmetered network
04-15 12:09:48.975  3694 13519 D NetworkPolicy: 1000 is 7
04-15 12:09:49.355  8022  8437 I chatty  : uid=1000(system) pool-2-thread-1 expire 119 lines
04-15 12:09:49.362  3443  3443 D         : wld: cmd: /vendor/bin/wl status
04-15 12:09:49.434  3443  3443 D         : wld: status: scannum = 11 SSID = "Fios-NmGr6" Mode = Managed RSSI = -29 SNR = 27 Noise=-82
04-15 12:09:49.434  3443  3443 D         : wld: status: scannum = 11 Band = 5GHz chNo = 155 chWidth = 80MHz chCode = 0xe29b
04-15 12:09:49.435  3443  3443 D         : wld: status: scannum = 11 primaryChannel = 157
04-15 12:09:49.443  3443  3443 D         : wld: cmd: /vendor/bin/wl sta_info B8:F8:53:42:F9:7A
04-15 12:09:49.480  3443  3443 D         : wld: sta_info: scannum = 3 txucastpkts = 76978, rxucastpkts = 102073, rxrate = 1200950 
04-15 12:09:49.483  3443  3443 D         : wld: cmd: /vendor/bin/wl chanim_stats
04-15 12:09:49.520  3443  3443 D         : wld: chanim_stats: scannum = 0 idle = 0
04-15 12:09:49.523  3443  3443 D         : wld: cmd: /vendor/bin/wl counters
04-15 12:09:49.561  3443  3443 D         : wld: counters: scannum = 35 txretrans = 12211
04-15 12:09:49.561  3443  3443 D         : wld: counters: scannum = 35 rxframe = 117814 rxerror = 176
04-15 12:09:49.561  3443  3443 D         : wld: counters: txmcast = 0 rxmcast = 590948
04-15 12:09:49.561  3443  3443 D         : wld: counters: txucast = 81966 rxucast = 314318
04-15 12:09:49.561  3443  3443 D         : wld: counters: txbcast = 0 rxbadproto = 0
04-15 12:09:49.565  3443  3443 D         : wld: cmd: /vendor/bin/wl channels
04-15 12:09:49.600  3443  3443 D         : wld: channels: 1 2 3 4 5 6 7 8 9 10 11 36 40 44 48 52 56 60 64 100 104 108 112 116 120 124 128 132 136 140 144 149 153 157 161 165 
04-15 12:09:49.601  3443  3443 D         : wld: cmd: /vendor/bin/wl chanspec
04-15 12:09:49.633  3443  3443 D         : wld: chanspec: 1 2 3 4 5 6 7 8 9 10 11 36 40 44 48 52 56 60 64 100 104 108 112 116 120 124 128 132 136 140 144 149 153 157 161 165 
04-15 12:09:49.635  3443  3443 D         : wld: cmd: /vendor/bin/wl qtxpower
04-15 12:09:49.655  3443  3443 D         : wld: qtxpower: scannum = 2 qtxpower = 127
04-15 12:09:49.657  3443  3443 D         : wld: cmd: /vendor/bin/wl rate
04-15 12:09:49.678  3443  3443 D         : wld: rate = 1200.5 Mbps
04-15 12:09:49.885  3694  4453 D NetworkPolicy: 10034 is allowed on unmetered network
04-15 12:09:49.887  3694 13519 D NetworkPolicy: 10034 is allowed on unmetered network
04-15 12:09:49.900  3431  3431 D HAL_STAT: Hal_Stat_GetAudioDecoderStats
04-15 12:09:49.900  3431  3431 I HAL_STAT: Audio decoder [0] not started
04-15 12:09:49.900  3431  3431 I HAL_STAT: Audio decoder [1] not started
04-15 12:09:49.900  3431  3431 I HAL_STAT: Audio decoder [2] not started
04-15 12:09:49.901  3431  3431 D HAL_STAT: Hal_Stat_GetVideoDecoderStats...
04-15 12:09:49.905  3431  3431 D HAL_STAT: Hal_Stat_GetEdidInfo...
04-15 12:09:49.904  3431  3431 W hal_stat@1.0-se: type=1400 audit(0.0:336): avc: denied { ioctl } for path="/dev/nxmw" dev="tmpfs" ino=364 ioctlcmd=0x805 scontext=u:r:hal_arris_hal_stat:s0 tcontext=u:object_r:nexus_device:s0 tclass=chr_file permissive=0
04-15 12:09:49.906  3431  3431 E NEXUS   : !!!Error BERR_OS_ERROR(0x6) at /export/jenkins/workspace/F354_AndroidTv_10_StreamTV-Child01/subjob/verizon/out-bcm/target/product/inuvik/obj/FAKE/refsw/obj.972164/nexus/core/syncthunk/nexus_cec_abiverify_client.h:44
04-15 12:09:49.906  3431  3431 D HAL_STAT: outer hal get: followPreferredFormat: 1 format: 32
04-15 12:09:49.906  3431  3431 D HAL_STAT: Hal_Stat_GetHdmiSettings...HDMI Connected with resolutionMode = 1
04-15 12:09:49.906  3431  3431 D arris_hidl_hal_stat: in hal: get resolutionMode: 1 resolutionValue: 1080p
04-15 12:09:49.912  3694 13519 D NetworkPolicy: 1000 is 7
04-15 12:09:49.920  3443  3443 D         : wld: READ /sys/class/net/wlan0/address = 78:6a:1f:78:a0:c8
04-15 12:09:49.962  3443  3443 D         : wld: READ /sys/class/net/wlan0/address = 78:6a:1f:78:a0:c8
04-15 12:09:49.965  3443  3443 D         : wld: READ /sys/class/net/wlan0/statistics/rx_bytes = 58262285
04-15 12:09:49.968  3443  3443 D         : wld: READ /sys/class/net/wlan0/statistics/rx_packets = 117659
04-15 12:09:49.970  3443  3443 D         : wld: READ /sys/class/net/wlan0/statistics/rx_errors = 0
04-15 12:09:49.973  3443  3443 D         : wld: READ /sys/class/net/wlan0/statistics/tx_bytes = 24818037
04-15 12:09:49.976  3443  3443 D         : wld: READ /sys/class/net/wlan0/statistics/tx_packets = 89082
04-15 12:09:49.979  3443  3443 D         : wld: READ /sys/class/net/wlan0/statistics/tx_errors = 0
04-15 12:09:49.981  3443  3443 D         : wld: READ /sys/class/net/wlan0/statistics/tx_dropped = 0
04-15 12:09:49.979  3694 13519 I chatty  : uid=1000(system) Binder:3694_1C identical 21 lines
04-15 12:09:49.980  3694 13519 D NetworkPolicy: 1000 is 7
04-15 12:09:49.982  3694  4453 D NetworkPolicy: 1000 is 7
04-15 12:09:49.984  3443  3443 D         : wld: READ /sys/class/net/wlan0/statistics/rx_dropped = 239
04-15 12:09:49.986  3443  3443 D         : wld:: cmd: /vendor/bin/wl country
04-15 12:09:50.006  3443  3443 D         : wld: rate = US (US/6) UNITED STATES
04-15 12:09:50.009  3443  3443 D         : wld:: cmd: /vendor/bin/wl country
04-15 12:09:50.028  3443  3443 D         : wld: rate = US (US/6) UNITED STATES
04-15 12:09:50.032  3443  3443 D         : wld: READ /sys/class/net/wlan0/statistics/rx_bytes = 58262285
04-15 12:09:50.035  3443  3443 D         : wld: READ /sys/class/net/wlan0/statistics/rx_packets = 117659
04-15 12:09:50.038  3443  3443 D         : wld: READ /sys/class/net/wlan0/statistics/rx_errors = 0
04-15 12:09:50.041  3443  3443 D         : wld: READ /sys/class/net/wlan0/statistics/tx_bytes = 24818037
04-15 12:09:50.044  3443  3443 D         : wld: READ /sys/class/net/wlan0/statistics/tx_packets = 89082
04-15 12:09:50.047  3443  3443 D         : wld: READ /sys/class/net/wlan0/statistics/tx_errors = 0
04-15 12:09:50.050  3443  3443 D         : wld: READ /sys/class/net/wlan0/statistics/tx_dropped = 0
04-15 12:09:50.053  3443  3443 D         : wld: READ /sys/class/net/wlan0/statistics/rx_dropped = 239
04-15 12:09:50.066  3443  3443 D         : wld: cmd: /vendor/bin/wl mfp
04-15 12:09:50.086  3443  3443 D         : wld:MFP_config::0
04-15 12:09:50.089  3443  3443 D         : wld: cmd: /vendor/bin/wl mfp
04-15 12:09:50.109  3443  3443 D         : wld:MFP_config::0
04-15 12:09:50.112  3443  3443 D         : wld: cmd: /vendor/bin/wl mfp
04-15 12:09:50.131  3443  3443 D         : wld:MFP_config::0
04-15 12:09:50.135  3443  3443 D         : wld:: cmd: /vendor/bin/wpa_cli status
04-15 12:09:50.167  3443  3443 D         : wpa: state = wpa_state=COMPLETED
04-15 12:09:50.170  3443  3443 D         : wld:: cmd: /vendor/bin/wpa_cli -v
04-15 12:09:50.199  3443  3443 D         : wpa: version = v2.8-devel-10
04-15 12:09:50.206  3832  3926 D bt_btif_config: btif_get_address_type: Device [98:06:3a:00:45:da] address type 0
04-15 12:09:50.207  3832  3926 D bt_btif_config: btif_get_device_type: Device [98:06:3a:00:45:da] type 2
04-15 12:09:50.207  3832  4457 I bt_stack: [INFO:gatt_api.cc(1105)] GATT_Connectgatt_if=6, address=98:06:3a:00:45:da
04-15 12:09:50.207  3832  4457 I bt_stack: [INFO:connection_manager.cc(97)] App id=0x06already doing background connection to 98:06:3a:00:45:da
04-15 12:09:50.209  3832  3926 D bt_btif_config: btif_get_address_type: Device [98:06:3a:00:45:da] address type 0
04-15 12:09:50.209  3832  3926 D bt_btif_config: btif_get_device_type: Device [98:06:3a:00:45:da] type 2
04-15 12:09:50.209  3832  4457 I bt_stack: [INFO:gatt_api.cc(1105)] GATT_Connectgatt_if=6, address=98:06:3a:00:45:da
04-15 12:09:50.209  3832  4457 I bt_stack: [INFO:connection_manager.cc(97)] App id=0x06already doing background connection to 98:06:3a:00:45:da
04-15 12:09:50.211  3832  3926 D bt_btif_config: btif_get_address_type: Device [98:06:3a:00:45:da] address type 0
04-15 12:09:50.211  3832  3926 D bt_btif_config: btif_get_device_type: Device [98:06:3a:00:45:da] type 2
04-15 12:09:50.211  3832  4457 I bt_stack: [INFO:gatt_api.cc(1105)] GATT_Connectgatt_if=6, address=98:06:3a:00:45:da
04-15 12:09:50.211  3832  4457 I bt_stack: [INFO:connection_manager.cc(97)] App id=0x06already doing background connection to 98:06:3a:00:45:da
04-15 12:09:50.215  3832  3926 D bt_btif_config: btif_get_address_type: Device [98:06:3a:00:45:da] address type 0
04-15 12:09:50.215  3832  3926 D bt_btif_config: btif_get_device_type: Device [98:06:3a:00:45:da] type 2
04-15 12:09:50.215  3832  4457 I bt_stack: [INFO:gatt_api.cc(1105)] GATT_Connectgatt_if=6, address=98:06:3a:00:45:da
04-15 12:09:50.216  3832  4457 I bt_stack: [INFO:connection_manager.cc(97)] App id=0x06already doing background connection to 98:06:3a:00:45:da
04-15 12:09:50.217  3832  3926 D bt_btif_config: btif_get_address_type: Device [98:06:3a:00:45:da] address type 0
04-15 12:09:50.218  3832  3926 D bt_btif_config: btif_get_device_type: Device [98:06:3a:00:45:da] type 2
04-15 12:09:50.218  3832  4457 I bt_stack: [INFO:gatt_api.cc(1105)] GATT_Connectgatt_if=6, address=98:06:3a:00:45:da
04-15 12:09:50.218  3832  4457 I bt_stack: [INFO:connection_manager.cc(97)] App id=0x06already doing background connection to 98:06:3a:00:45:da
04-15 12:09:50.220  3832  3926 D bt_btif_config: btif_get_address_type: Device [98:06:3a:00:45:da] address type 0
04-15 12:09:50.220  3832  3926 D bt_btif_config: btif_get_device_type: Device [98:06:3a:00:45:da] type 2
04-15 12:09:50.220  3832  4457 I bt_stack: [INFO:gatt_api.cc(1105)] GATT_Connectgatt_if=6, address=98:06:3a:00:45:da
04-15 12:09:50.220  3832  4457 I bt_stack: [INFO:connection_manager.cc(97)] App id=0x06already doing background connection to 98:06:3a:00:45:da
04-15 12:09:50.222  3832  3926 D bt_btif_config: btif_get_address_type: Device [98:06:3a:00:45:da] address type 0
04-15 12:09:50.222  3832  3926 D bt_btif_config: btif_get_device_type: Device [98:06:3a:00:45:da] type 2
04-15 12:09:50.223  3832  4457 I bt_stack: [INFO:gatt_api.cc(1105)] GATT_Connectgatt_if=6, address=98:06:3a:00:45:da
04-15 12:09:50.223  3832  4457 I bt_stack: [INFO:connection_manager.cc(97)] App id=0x06already doing background connection to 98:06:3a:00:45:da
04-15 12:09:50.065  3694  4453 I chatty  : uid=1000(system) Binder:3694_9 identical 11 lines
04-15 12:09:50.133  3694  4453 D NetworkPolicy: 1000 is 7
04-15 12:09:50.300  3694 13519 D NetworkPolicy: 1000 is 7
04-15 12:09:50.306  3694 13519 I chatty  : uid=1000(system) Binder:3694_1C identical 13 lines
04-15 12:09:50.306  3694 13519 D NetworkPolicy: 1000 is 7
04-15 12:09:50.885  3694 13519 D NetworkPolicy: 10034 is allowed on unmetered network
04-15 12:09:50.888  3694 13519 D NetworkPolicy: 10034 is allowed on unmetered network
04-15 12:09:50.983  3694 13519 D NetworkPolicy: 1000 is 7
04-15 12:09:51.156  3694  3793 E WifiVendorHal: getWifiLinkLayerStats_internal(l.903) failed {.code = ERROR_NOT_AVAILABLE, .description = }
04-15 12:09:51.161  3694  3793 D NetworkStats: TetherStats: iface=wlan0 type=3 entry=iface=null uid=-1 set=ALL tag=0x0 metered=ALL roaming=ALL defaultNetwork=ALL rxBytes=0 rxPackets=0 txBytes=0 txPackets=0 operations=0
04-15 12:09:51.162  3694  3793 D NetworkStats: TetherStats: iface=wlan0 type=1 entry=iface=null uid=-1 set=ALL tag=0x0 metered=ALL roaming=ALL defaultNetwork=ALL rxBytes=0 rxPackets=0 txBytes=0 txPackets=0 operations=0
04-15 12:09:51.758  3694 10795 D NetworkPolicy: 10038 is allowed on unmetered network
04-15 12:09:51.888  3694 10795 D NetworkPolicy: 10034 is allowed on unmetered network
04-15 12:09:51.894  3694 10795 D NetworkPolicy: 10034 is allowed on unmetered network
04-15 12:09:51.987  3694 10795 D NetworkPolicy: 1000 is 7
04-15 12:09:52.184  3815  3816 I HdmiCec : onCecMessage TV->P1 <Vendor Command> (04:89:01)
04-15 12:09:52.186  3694  3694 D HDMI    : [R]:<Vendor Command> 04:89:01
04-15 12:09:52.187  3694  3812 D HDMI    : [S]:<Feature Abort> 40:00:89:01
04-15 12:09:52.188  3815  3815 I HdmiCec : sendMessage P1->TV <Feature Abort> <Vendor Command> NOT_IN_CORRECT_MODE
04-15 12:09:52.890  3694 13519 D NetworkPolicy: 10034 is allowed on unmetered network
04-15 12:09:52.897  3694 13519 D NetworkPolicy: 10034 is allowed on unmetered network
04-15 12:09:52.994  3694 13519 D NetworkPolicy: 1000 is 7
04-15 12:09:53.891  3694 10795 D NetworkPolicy: 10034 is allowed on unmetered network
04-15 12:09:53.904  3694 10795 D NetworkPolicy: 10034 is allowed on unmetered network
04-15 12:09:54.003  3694 10795 D NetworkPolicy: 1000 is 7
04-15 12:09:54.176  3694  3793 E WifiVendorHal: getWifiLinkLayerStats_internal(l.903) failed {.code = ERROR_NOT_AVAILABLE, .description = }
04-15 12:09:54.178  3694  3793 D NetworkStats: TetherStats: iface=wlan0 type=3 entry=iface=null uid=-1 set=ALL tag=0x0 metered=ALL roaming=ALL defaultNetwork=ALL rxBytes=0 rxPackets=0 txBytes=0 txPackets=0 operations=0
04-15 12:09:54.181  3694  3793 D NetworkStats: TetherStats: iface=wlan0 type=1 entry=iface=null uid=-1 set=ALL tag=0x0 metered=ALL roaming=ALL defaultNetwork=ALL rxBytes=0 rxPackets=0 txBytes=0 txPackets=0 operations=0
04-15 12:09:54.758  3694 10795 D NetworkPolicy: 10038 is allowed on unmetered network
04-15 12:09:54.892  3694 10795 D NetworkPolicy: 10034 is allowed on unmetered network
04-15 12:09:54.901  3694 10795 D NetworkPolicy: 10034 is allowed on unmetered network
04-15 12:09:55.011  3694 10795 D NetworkPolicy: 1000 is 7
04-15 12:09:55.893  3694 13519 D NetworkPolicy: 10034 is allowed on unmetered network
04-15 12:09:55.904  3694 13519 D NetworkPolicy: 10034 is allowed on unmetered network
04-15 12:09:56.018  3694 13519 D NetworkPolicy: 1000 is 7
04-15 12:09:56.895  3694 13519 D NetworkPolicy: 10034 is allowed on unmetered network
04-15 12:09:56.904  3694 10795 D NetworkPolicy: 10034 is allowed on unmetered network
04-15 12:09:57.025  3694 13519 D NetworkPolicy: 1000 is 7
04-15 12:09:57.199  3694  3793 D NetworkStats: TetherStats: iface=wlan0 type=3 entry=iface=null uid=-1 set=ALL tag=0x0 metered=ALL roaming=ALL defaultNetwork=ALL rxBytes=0 rxPackets=0 txBytes=0 txPackets=0 operations=0
04-15 12:09:57.205  3694  3793 D NetworkStats: TetherStats: iface=wlan0 type=1 entry=iface=null uid=-1 set=ALL tag=0x0 metered=ALL roaming=ALL defaultNetwork=ALL rxBytes=0 rxPackets=0 txBytes=0 txPackets=0 operations=0
04-15 12:09:57.759  3694 10795 D NetworkPolicy: 10038 is allowed on unmetered network
04-15 12:09:57.896  3694 10795 D NetworkPolicy: 10034 is allowed on unmetered network
04-15 12:09:57.908  3694 10795 D NetworkPolicy: 10034 is allowed on unmetered network
04-15 12:09:58.033  3694 10795 D NetworkPolicy: 1000 is 7
04-15 12:09:58.897  3694 10795 D NetworkPolicy: 10034 is allowed on unmetered network
04-15 12:09:58.908  3694 10795 D NetworkPolicy: 10034 is allowed on unmetered network
04-15 12:09:59.039  3694 10795 D NetworkPolicy: 1000 is 7
04-15 12:09:57.197  3694  3793 E WifiVendorHal: getWifiLinkLayerStats_internal(l.903) failed {.code = ERROR_NOT_AVAILABLE, .description = }
04-15 12:09:59.811  3815  3816 I HdmiCec : onCecMessage TV->** <Device Vendor ID> 00e091
04-15 12:09:59.812  3694  3694 D HDMI    : [R]:<Device Vendor Id> 0F:87:00:E0:91
04-15 12:09:59.897  3694 10795 D NetworkPolicy: 10034 is allowed on unmetered network
04-15 12:09:59.965  3815  3816 I HdmiCec : onCecMessage TV->P1 <Feature Abort>
04-15 12:09:59.906  3694 10795 D NetworkPolicy: 10034 is allowed on unmetered network
04-15 12:09:59.968  3694  3694 D HDMI    : [R]:<Feature Abort> 04:00
04-15 12:10:00.046  3694 10795 D NetworkPolicy: 1000 is 7
04-15 12:10:00.058  3815  3816 I HdmiCec : onCecMessage TV->P1 <Vendor Command> (04:89:01)
04-15 12:10:00.061  3694  3694 D HDMI    : [R]:<Vendor Command> 04:89:01
04-15 12:10:00.063  3694  3812 D HDMI    : [S]:<Feature Abort> 40:00:89:01
04-15 12:10:00.063  3815  3815 I HdmiCec : sendMessage P1->TV <Feature Abort> <Vendor Command> NOT_IN_CORRECT_MODE
04-15 12:10:00.220  3694  3793 E WifiVendorHal: getWifiLinkLayerStats_internal(l.903) failed {.code = ERROR_NOT_AVAILABLE, .description = }
04-15 12:10:00.222  3694  3793 D NetworkStats: TetherStats: iface=wlan0 type=3 entry=iface=null uid=-1 set=ALL tag=0x0 metered=ALL roaming=ALL defaultNetwork=ALL rxBytes=0 rxPackets=0 txBytes=0 txPackets=0 operations=0
04-15 12:10:00.225  3694  3793 D NetworkStats: TetherStats: iface=wlan0 type=1 entry=iface=null uid=-1 set=ALL tag=0x0 metered=ALL roaming=ALL defaultNetwork=ALL rxBytes=0 rxPackets=0 txBytes=0 txPackets=0 operations=0
04-15 12:10:00.437  3443  8048 E         : eco-agent : server=https://AAR13500767:NewVOLUser1@cpe-ems0512.verizon.com/cwmpWeb/CPEMgt work=5 - periodic inform
04-15 12:10:00.437  3443  8048 I         : ###ADS :Waiting for client connection.....
04-15 12:10:00.759  3694 13519 D NetworkPolicy: 10038 is allowed on unmetered network
04-15 12:10:00.898  3694 13519 D NetworkPolicy: 10034 is allowed on unmetered network
04-15 12:10:00.970  4807  5169 I ennor   : 
04-15 12:10:00.970  4807  5169 I ennor   : [CRTD:4] GetContentByComponentAsyncRequestImpl::setHandlerInternal [this: 0xc0ef3490 handler: 0xf21fff2c]
04-15 12:10:00.972  4807 14035 I ennor   : 
04-15 12:10:00.972  4807 14035 I ennor   : [CURL:5] curl "https://fclcontentcomponent-stg.mediasearch.verizon.com/ContentByComponent/v1?componentIds=CMP873&pi=0&ps=20&viewmore=false&" --cacert /data/user/0/com.verizon.qlv.services/files/Hydra_CA.pem --compressed --connect-timeout 30 --max-time 120 -H 'portalId: PRT292' -H 'pid: FCL' -H 'status: 0' -H 'dt: CS' -H 'pt: FCL_QLS' -H 'sn: AAR13500767' -H 'rv: 1.0' -H 'authorization: AAEP9jLDrynsvT5rIwZHfhffiMMOLmlKhmbtQFS7+TBX9QJ2wv19TulB3zLPhA8Ub8G2CDMoFygq0ZsW4xFZdUy0OzabBALfiKgrxmsjWMcHOaibfQ1Uo4+kS2aYgRWu62HJpxhqnxn50cAd5J2OQUzuVjCtvI50sCf6bXKs5SMU7UxxszFw15P3rDmrObqFvAP2wFjB+X/T+eb7vu+86mC6YiO19AQWTpwLYng/KwXw/oDWOFAxCnWg3pU5ygHpesF/90OV6+6neUAf5NBqPA+BrAg6HI0o1Ssgf9BKdCOOSQCkasD6ds8sZlq9UDNeysc2PUZ1WPUOS8M5dLr5Vmd2SHpb1/1sIPMUlAixDSkfrFXY4igg8AfV4VXeBy4w+KqEeU7LPZLRmCbM9XT5PlViD1mZ1vBdtWJGlxnqhamkyRrlvpcbuaTVvJpKLBdJ4ZelPPdzTIVXFmZ1UzOBwnKwMJNRS0CO6fyTrlFXLtA3dR74N81+GFE6Com8b5gB77e8t0bxUTepLy5oCJhrJwJLJnXPJvaM1ZUf4HA49D4p3eAdN9tFLzO80P385i4nK2rppJUpyU9WtVeIV/xfS5ql9e0tNbYAJXsPlyDMWZ0Vh0luZ2/NWZWRu
04-15 12:10:00.905  3694 13519 D NetworkPolicy: 10034 is allowed on unmetered network
04-15 12:10:01.054  3694 13519 D NetworkPolicy: 1000 is 7
04-15 12:10:01.170  3389 14037 E ResolverController: No valid NAT64 prefix (100, <unspecified>/0)
04-15 12:10:01.183  3694  4806 D NetworkMonitor/100: isDataStall: result=false, consecutive dns timeout count=0
04-15 12:10:01.522  4807 14035 I ennor   : [CURL:5] curl_easy_perform() result = 0 (No error); response code = 200
04-15 12:10:01.523  4807 14035 I ennor   : 
04-15 12:10:01.523  4807 14035 I ennor   : [SWTB:4] Http RequestURL: https://fclcontentcomponent-stg.mediasearch.verizon.com/ContentByComponent/v1?componentIds=CMP873&pi=0&ps=20&viewmore=false& & ResponseCode: 200 & Transaction-ID: 5834cda4-4db9-498b-8b33-b002ecf28720
04-15 12:10:01.540  4807 14035 I ennor   : 
04-15 12:10:01.540  4807 14035 I ennor   : [CRTD:4] ContentByComponentModel :: ResultData [{"componentsInfo":[{"totalRecords":9,"componentID":"CMP873","cacheExpiresIn":300000,"content":[{"id":"EP021899251037","api":{"webServiceUrl":"https://fclpitvshows-stg.mediasearch.verizon.com/EpisodeMiniPi/v1?id=SH021899250000&idtype=TMS&qualifiedid=TMS-EP021899251037"},"title":"Cavuto: Coast to Coast","posterId":"SH021899250000.jpg","description":"Neil Cavuto covers breaking news and updates viewers on market status.","webRouteText":"Cavuto-Coast-to-Coast","objectType":"Episode","data":{"id":"EP021899251037","rating":"NR","duration":7200,"idType":"TMS","airDate":1650024000,"noOfSeasons":8,"bgPosterId":"EP021899251037.jpg","seasonNumber":0,"genre":["Bus./financial"],"releaseYear":"2015","qualifiedId":"TMS-EP021899251037","episodeNumber":75,"episodeDescription":"Neil Cavuto covers breaking news and updates viewers on market status.","airingInfo":{"channelId":58718,"endTime":"2022-04-15T18:00Z","startTime":"2022-04-15T16:00Z","channelNumber":617},"titleTreatmentD
04-15 12:10:01.551  4807 14035 I ennor   : [CRTD:4] +GetContentByComponentAsync onComplete :: [handler 0xf21fff2c] [param https://fclcontentcomponent-stg.mediasearch.verizon.com/ContentByComponent/v1?componentIds=CMP873&pi=0&ps=20&viewmore=false&]
04-15 12:10:01.551  4807 14035 I ennor   : 
04-15 12:10:01.553  4807 14035 I ennor   : [CRTD:4]  !##### Data expired 
04-15 12:10:01.553  4807 14035 I ennor   : [CRTD:4]  !##### bExpirationTrackerStatus 1  refresh =1 
04-15 12:10:01.554  4807  5107 I ennor   : 
04-15 12:10:01.554  4807  5107 I ennor   : [BITK:5]  trackApiError urlEnum=31:<content_by_component_url>
04-15 12:10:01.555  4807  5107 I ennor   : [BITK:5]  trackApiError eventDefines<ContentFailure,RAIL_CONT>
04-15 12:10:01.555  4807  5107 I ennor   : 
04-15 12:10:01.555  4807  5107 I ennor   : [DENA:4]  +buildParametersSimplified configureJson valid=1
04-15 12:10:01.555  4807  5107 I ennor   : 
04-15 12:10:01.555  4807 14035 I ennor   : 
04-15 12:10:01.555  4807 14035 I ennor   : [CRTD:4]   GetContentByComponentAsync onComplete :: onSuccess/onRefreshed  [handler 0xf21fff2c] 
04-15 12:10:01.555  4807  5107 I ennor   : 
04-15 12:10:01.555  4807  5107 I ennor   : [DENA:4]  -buildParametersSimplified configureJson valid=1
04-15 12:10:01.555  4807  5107 I ennor   : 
04-15 12:10:01.557  4807  5106 I ennor   : 
04-15 12:10:01.557  4807  5106 I ennor   : [HSPL:5]  onGenericEventReceived common=<{"ac":"RAIL_CONT","tid":"5834cda4-4db9-498b-8b33-b002ecf28720","ec":"200","errorMsg":"API response exceeded latency threshold","ra":"ennor","lms":583}>
04-15 12:10:01.557  4807  5106 I ennor   : [HSPL:5]  onGenericEventReceived payloadData=<{"totalTime":"0.000000","startTransferTime":"0.000000","nameLookupTime":"0.000000","portalId":"PRT292","appConnectTime":"0.000000","ennorTime":"0.583000","preTransferTime":"0.000000","redirectTime":"0.000000","connectTime":"0.000000","url":"https://fclcontentcomponent-stg.mediasearch.verizon.com/ContentByComponent/v1?componentIds=CMP873&pi=0&ps=20&viewmore=false&","pageId":""}>
04-15 12:10:01.558  4807  5105 I ennor   : [HSPL:5]  onGenericEventReceived act=ContentFailure type=0
04-15 12:10:01.558  4807  5105 I ennor   : [HSPL:5]  onGenericEventReceived commonData=<{"ac":"RAIL_CONT","tid":"5834cda4-4db9-498b-8b33-b002ecf28720","ec":"200","errorMsg":"API response exceeded latency threshold","ra":"ennor","lms":583}>
04-15 12:10:01.558  4807  5105 I ennor   : [HSPL:5]  onGenericEventReceived payload=<{"totalTime":"0.000000","startTransferTime":"0.000000","nameLookupTime":"0.000000","portalId":"PRT292","appConnectTime":"0.000000","ennorTime":"0.583000","preTransferTime":"0.000000","redirectTime":"0.000000","connectTime":"0.000000","url":"https://fclcontentcomponent-stg.mediasearch.verizon.com/ContentByComponent/v1?componentIds=CMP873&pi=0&ps=20&viewmore=false&","pageId":""}>
04-15 12:10:01.559  4807 14035 I ennor   : 
04-15 12:10:01.559  4807 14035 I ennor   : [CRTD:4]  getContentDataWithSortFilter bIAR 0  m_componentId = CMP873 
04-15 12:10:01.568  4807 14035 I ennor   : 
04-15 12:10:01.568  4807 14035 I ennor   : [APPSRVS:5]  RailsRepository: getRailDataWithCb :: Data Expired -> onRefresh called from ennor for :: Breaking news :size: 9 ::hasViewMore:: false
04-15 12:10:01.569  4807 14035 I isContentLocked: contentInfo.episodeData.ratings NR
04-15 12:10:01.569  4807 14035 I isContentLocked: Channel 617
04-15 12:10:01.570  4807 14035 I isContentLocked: contentInfo.episodeData.ratings NR
04-15 12:10:01.570  4807 14035 I isContentLocked: Channel 603
04-15 12:10:01.571  4807 14035 I isContentLocked: contentInfo.movieData.ratings NR
04-15 12:10:01.571  4807 14035 I isContentLocked: Channel 574
04-15 12:10:01.572  4807 14035 I isContentLocked: contentInfo.movieData.ratings NR
04-15 12:10:01.572  4807 14035 I isContentLocked: Channel 105
04-15 12:10:01.573  4807 14035 I isContentLocked: contentInfo.episodeData.ratings NR
04-15 12:10:01.573  4807 14035 I isContentLocked: Channel 600
04-15 12:10:01.574  4807 14035 I isContentLocked: contentInfo.movieData.ratings NR
04-15 12:10:01.574  4807 14035 I isContentLocked: Channel 570
04-15 12:10:01.576  4807 14035 I isContentLocked: contentInfo.movieData.ratings NR
04-15 12:10:01.576  4807 14035 I isContentLocked: Channel 612
04-15 12:10:01.577  4807 14035 I isContentLocked: contentInfo.episodeData.ratings NR
04-15 12:10:01.577  4807 14035 I isContentLocked: Channel 508
04-15 12:10:01.579  4807 14035 I isContentLocked: contentInfo.episodeData.ratings NR
04-15 12:10:01.579  4807 14035 I isContentLocked: Channel 618
04-15 12:10:01.587  4807  5105 I ennor   : 
04-15 12:10:01.587  4807  5105 I ennor   : [BENG:5]  Auth:EventEngine: event added to persistent queue: {"schema":"1.0","bv":"1.0.350","dt":"CS","hid":"AAR13500767","fmwv":"","ennorVer":"17.39","didh":"290e96459cfc55be3f1aa9ddce03a7279543182c487ecbec0c8201941dda6bd1","uidh":"6c6b6976ff78e1e2c11fc96cc38c87806644b1874f72d7c642d25ae36f6af10b","rid":91906,"prd":"FCL_QLS","tz":"0","logTime":"Fri Apr 15 2022 17:10:01 GMT+0000 (GMT)","sid":"00156c65-4dae-49d2-976a-d436ef5acfd7","scn":"Home","type":"ERR","act":"ContentFailure","ac":"RAIL_CONT","tid":"5834cda4-4db9-498b-8b33-b002ecf28720","ec":"200","errorMsg":"API response exceeded latency threshold","ra":"ennor","lms":583,"data":{"totalTime":"0.000000","startTransferTime":"0.000000","nameLookupTime":"0.000000","portalId":"PRT292","appConnectTime":"0.000000","ennorTime":"0.583000","preTransferTime":"0.000000","redirectTime":"0.000000","connectTime":"0.000000","url":"https://fclcontentcomponent-stg.mediasearch.verizon.com/ContentByComponent/v1?componentIds=CMP873&pi=0&ps=20&viewmore=false&","pageId":""}}
04-15 12:10:01.589  4807  5217 I ennor   : [BENG:5]  exceeded batch limit 
04-15 12:10:01.589  4807  5217 I ennor   : [BENG:5]  Auth:EventEngine: Send Queued Events 
04-15 12:10:01.594  4807 14035 I ennor   : 
04-15 12:10:01.594  4807 14035 I ennor   : [CRTD:4] -GetContentByComponentAsync onComplete :: [handler 0xf21fff2c] [param https://fclcontentcomponent-stg.mediasearch.verizon.com/ContentByComponent/v1?componentIds=CMP873&pi=0&ps=20&viewmore=false&]
04-15 12:10:01.594  4807 14035 I ennor   : 
04-15 12:10:01.599  4807 14038 I ennor   : 
04-15 12:10:01.599  4807 14038 I ennor   : [CURL:5] curl "https://fclrevolver-stg.mediasearch.verizon.com/Logger/metrics/v2" --compressed --data '{"action":"Device","event":"Info","loggerData":[{"schema":"1.0","bv":"1.0.350","dt":"CS","hid":"AAR13500767","fmwv":"","ennorVer":"17.39","didh":"290e96459cfc55be3f1aa9ddce03a7279543182c487ecbec0c8201941dda6bd1","uidh":"6c6b6976ff78e1e2c11fc96cc38c87806644b1874f72d7c642d25ae36f6af10b","rid":91906,"prd":"FCL_QLS","tz":"0","logTime":"Fri Apr 15 2022 17:10:01 GMT+0000 (GMT)","sid":"00156c65-4dae-49d2-976a-d436ef5acfd7","scn":"Home","type":"ERR","act":"ContentFailure","ac":"RAIL_CONT","tid":"5834cda4-4db9-498b-8b33-b002ecf28720","ec":"200","errorMsg":"API response exceeded latency threshold","ra":"ennor","lms":583,"data":{"totalTime":"0.000000","startTransferTime":"0.000000","nameLookupTime":"0.000000","portalId":"PRT292","appConnectTime":"0.000000","ennorTime":"0.583000","preTransferTime":"0.000000","redirectTime":"0.000000","connectTime":"0.000000","url":"https://fclcontentcomponent-stg.mediasearch.verizon.c
04-15 12:10:01.600  4807  4871 I ennor   : 
04-15 12:10:01.600  4807  4871 I ennor   : [APPLNCR:5] 12:10:01.593 RailRepositoryImpl: getRailData :: response success  for rail: Breaking news :totalRecords:9 :viewmore:false 
04-15 12:10:01.603  4807  7336 I ennor   : [APPLNCR:5] 12:10:01.594 RailFactory: mapContentItemToRailItem :: Breaking news :: Cavuto: Coast to Coast :: EPISODE 
04-15 12:10:01.612  4807  7336 I ennor   : [APPLNCR:6] 12:10:01.608 MOVIE_PI_PERF: Deeplink generation time: : 13 
04-15 12:10:01.622  4807  7336 I ennor   : [APPLNCR:5] 12:10:01.619 RailFactory: mapContentItemToRailItem :: Breaking news :: MTP Daily :: EPISODE 
04-15 12:10:01.624  4807  7336 I ennor   : [APPLNCR:6] 12:10:01.619 MOVIE_PI_PERF: Deeplink generation time: : 3 
04-15 12:10:01.628  4807  7336 I ennor   : [APPLNCR:6] 12:10:01.626 MOVIE_PI_PERF: Deeplink generation time: : 2 
04-15 12:10:01.632  4807  7336 I ennor   : [APPLNCR:6] 12:10:01.631 MOVIE_PI_PERF: Deeplink generation time: : 2 
04-15 12:10:01.633  4807  4871 I ennor   : [APPLNCR:5] 12:10:01.632 RailFactory: mapContentItemToRailItem :: Breaking news :: First Take :: MOVIE 
04-15 12:10:01.635  4807  4871 I ennor   : [APPLNCR:6] 12:10:01.634 MOVIE_PI_PERF: Deeplink generation time: : 2 
04-15 12:10:01.638  4807  4871 I ennor   : [APPLNCR:6] 12:10:01.637 MOVIE_PI_PERF: Deeplink generation time: : 1 
04-15 12:10:01.639  4807  7336 I ennor   : [APPLNCR:5] 12:10:01.637 RailFactory: mapContentItemToRailItem :: Breaking news :: Amanpour :: MOVIE 
04-15 12:10:01.643  4807  7336 I ennor   : [APPLNCR:6] 12:10:01.642 MOVIE_PI_PERF: Deeplink generation time: : 2 
04-15 12:10:01.646  4807  7336 I ennor   : [APPLNCR:6] 12:10:01.645 MOVIE_PI_PERF: Deeplink generation time: : 2 
04-15 12:10:01.647  4807  7336 I ennor   : [APPLNCR:5] 12:10:01.645 RailFactory: mapContentItemToRailItem :: Breaking news :: CNN Newsroom With Ana Cabrera :: EPISODE 
04-15 12:10:01.650  4807  7336 I ennor   : [APPLNCR:6] 12:10:01.648 MOVIE_PI_PERF: Deeplink generation time: : 1 
04-15 12:10:01.652  4807  4871 I ennor   : [APPLNCR:5] 12:10:01.651 RailFactory: mapContentItemToRailItem :: Breaking news :: SportsCenter :: MOVIE 
04-15 12:10:01.653  4807  7336 I ennor   : [APPLNCR:6] 12:10:01.651 MOVIE_PI_PERF: Deeplink generation time: : 2 
04-15 12:10:01.655  4807  7336 I ennor   : [APPLNCR:6] 12:10:01.653 MOVIE_PI_PERF: Deeplink generation time: : 1 
04-15 12:10:01.658  4807  7336 I ennor   : [APPLNCR:5] 12:10:01.657 RailFactory: mapContentItemToRailItem :: Breaking news :: BNC Live :: MOVIE 
04-15 12:10:01.659  4807  7336 I ennor   : [APPLNCR:6] 12:10:01.656 MOVIE_PI_PERF: Deeplink generation time: : 2 
04-15 12:10:01.660  4807  7336 I ennor   : [APPLNCR:6] 12:10:01.659 MOVIE_PI_PERF: Deeplink generation time: : 2 
04-15 12:10:01.663  4807  7336 I ennor   : [APPLNCR:6] 12:10:01.662 MOVIE_PI_PERF: Deeplink generation time: : 2 
04-15 12:10:01.663  4807  4871 I ennor   : [APPLNCR:5] 12:10:01.662 RailFactory: mapContentItemToRailItem :: Breaking news :: GMA3: What You Need to Know :: EPISODE 
04-15 12:10:01.666  4807  4871 I ennor   : [APPLNCR:6] 12:10:01.664 MOVIE_PI_PERF: Deeplink generation time: : 1 
04-15 12:10:01.671  4807  4871 I ennor   : [APPLNCR:5] 12:10:01.669 RailFactory: mapContentItemToRailItem :: Breaking news :: America Reports With John Roberts & Sandra Smith :: EPISODE 
04-15 12:10:01.673  4807  4871 I ennor   : [APPLNCR:6] 12:10:01.672 MOVIE_PI_PERF: Deeplink generation time: : 2 
04-15 12:10:01.673  4807  7336 I ennor   : [APPLNCR:6] 12:10:01.669 MOVIE_PI_PERF: Deeplink generation time: : 4 
04-15 12:10:01.677  4807  7336 I ennor   : [APPLNCR:6] 12:10:01.675 MOVIE_PI_PERF: Deeplink generation time: : 2 
04-15 12:10:01.678  4807  4871 I ennor   : [APPLNCR:5] 12:10:01.675 RailFactory: managerow:: isCustomizable :: false :isPinned: false 
04-15 12:10:01.678  4807  4868 I ennor   : [APPLNCR:5] 12:10:01.676 com.verizon.qlv.launcher.viewmodel.RailViewModel: fetchRailData collect success for CMP873 Breaking news 9 
04-15 12:10:01.688  3389 14042 E ResolverController: No valid NAT64 prefix (100, <unspecified>/0)
04-15 12:10:01.690  3694  4806 D NetworkMonitor/100: isDataStall: result=false, consecutive dns timeout count=0
04-15 12:10:01.772  4807 14038 I ennor   : 
04-15 12:10:01.772  4807 14038 I ennor   : [CURL:5] curl_easy_perform() result = 0 (No error); response code = 200
04-15 12:10:01.772  4807 14038 I ennor   : 
04-15 12:10:01.772  4807 14038 I ennor   : [BENG:5] Auth:EventEngine: event sent = 1
04-15 12:10:01.780  4807 14038 I ennor   : [BENG:5] Auth:EventEngine: persistent queue size after sending =0 m_batchLimit=1 m_numberToCheck=0
04-15 12:10:01.898  3694 10795 D NetworkPolicy: 10034 is allowed on unmetered network
04-15 12:10:01.901  3694 13519 D NetworkPolicy: 10034 is allowed on unmetered network
04-15 12:10:02.060  3694 10795 D NetworkPolicy: 1000 is 7
04-15 12:10:02.438  8022  8035 I chatty  : uid=1000(system) HeapTaskDaemon expire 1 line
04-15 12:10:02.459  3694 13519 W ActivityManager: Receiver with filter android.content.IntentFilter@d312639 already registered for pid 8022, callerPackage is com.arris.chmframework
04-15 12:10:02.461  8022  8047 I chatty  : uid=1000(system) Thread-2 expire 16 lines
04-15 12:10:02.464  3443  8048 I         : ###ADS :Waiting for client connection.....
04-15 12:10:02.469  3443  8048 I         : ###ADS :Waiting for client connection.....
04-15 12:10:02.475  3443  8048 I         : ###ADS :Waiting for client connection.....
04-15 12:10:02.480  3443  8048 I         : ###ADS :Waiting for client connection.....
04-15 12:10:02.485  3443  8048 I         : ###ADS :Waiting for client connection.....
04-15 12:10:02.490  3443  8048 I         : ###ADS :Waiting for client connection.....
04-15 12:10:02.495  3443  8048 I         : ###ADS :Waiting for client connection.....
04-15 12:10:02.504  3443  8048 I         : ###ADS :Waiting for client connection.....
04-15 12:10:02.510  3443  8048 I         : ###ADS :Waiting for client connection.....
04-15 12:10:02.902  3694 13519 D NetworkPolicy: 10034 is allowed on unmetered network
04-15 12:10:02.911  3694 13519 D NetworkPolicy: 10034 is allowed on unmetered network
04-15 12:10:03.067  3694 13519 D NetworkPolicy: 1000 is 7
04-15 12:10:03.237  3694  3793 E WifiVendorHal: getWifiLinkLayerStats_internal(l.903) failed {.code = ERROR_NOT_AVAILABLE, .description = }
04-15 12:10:03.239  3694  3793 D NetworkStats: TetherStats: iface=wlan0 type=3 entry=iface=null uid=-1 set=ALL tag=0x0 metered=ALL roaming=ALL defaultNetwork=ALL rxBytes=0 rxPackets=0 txBytes=0 txPackets=0 operations=0
04-15 12:10:03.242  3694  3793 D NetworkStats: TetherStats: iface=wlan0 type=1 entry=iface=null uid=-1 set=ALL tag=0x0 metered=ALL roaming=ALL defaultNetwork=ALL rxBytes=0 rxPackets=0 txBytes=0 txPackets=0 operations=0
04-15 12:10:03.759  3694 10795 D NetworkPolicy: 10038 is allowed on unmetered network
04-15 12:10:03.900  3694 10795 D NetworkPolicy: 10034 is allowed on unmetered network
04-15 12:10:03.911  3694 10795 D NetworkPolicy: 10034 is allowed on unmetered network
04-15 12:10:04.074  3694 10795 D NetworkPolicy: 1000 is 7
04-15 12:10:04.902  3694 10795 D NetworkPolicy: 10034 is allowed on unmetered network
04-15 12:10:04.911  3694 10795 D NetworkPolicy: 10034 is allowed on unmetered network
04-15 12:10:05.084  3694 10795 D NetworkPolicy: 1000 is 7
04-15 12:10:05.906  3694 13519 D NetworkPolicy: 10034 is allowed on unmetered network
04-15 12:10:05.913  3694 13519 D NetworkPolicy: 10034 is allowed on unmetered network
04-15 12:10:06.091  3694 13519 D NetworkPolicy: 1000 is 7
04-15 12:10:06.261  3694  3793 D NetworkStats: TetherStats: iface=wlan0 type=3 entry=iface=null uid=-1 set=ALL tag=0x0 metered=ALL roaming=ALL defaultNetwork=ALL rxBytes=0 rxPackets=0 txBytes=0 txPackets=0 operations=0
04-15 12:10:06.264  3694  3793 D NetworkStats: TetherStats: iface=wlan0 type=1 entry=iface=null uid=-1 set=ALL tag=0x0 metered=ALL roaming=ALL defaultNetwork=ALL rxBytes=0 rxPackets=0 txBytes=0 txPackets=0 operations=0
04-15 12:10:06.257  3694  3793 E WifiVendorHal: getWifiLinkLayerStats_internal(l.903) failed {.code = ERROR_NOT_AVAILABLE, .description = }
04-15 12:10:06.552  5330  5330 I chromium: [5330:5330:INFO:grpc_manager_impl.cc(818)] GRPC[uri=]: num_pending_calls=0, num_active_handlers=0, num_free_handlers=0
04-15 12:10:06.554  5330  5330 I chromium: [5330:5330:INFO:grpc_manager_impl.cc(818)] GRPC[uri=[::]:0]: num_pending_calls=0, num_active_handlers=3, num_free_handlers=0
04-15 12:10:06.580  5330  6629 I chromium: [5330:6629:INFO:grpc_manager_impl.cc(818)] GRPC[uri=binder:com.google.android.apps.mediashell:usonia-ipc-socket]: num_pending_calls=0, num_active_handlers=0, num_free_handlers=0
04-15 12:10:06.581  5330  5330 I chromium: [5330:5330:INFO:grpc_manager_impl.cc(818)] GRPC[uri=]: num_pending_calls=0, num_active_handlers=0, num_free_handlers=0
04-15 12:10:06.759  3694 10795 D NetworkPolicy: 10038 is allowed on unmetered network
04-15 12:10:06.801  3694 10795 D NetworkPolicy: 10034 is allowed on unmetered network
