04-15 12:06:40.571  3694  4979 D NetworkPolicy: 1000 is 7
04-15 12:06:40.690  3694  4979 D NetworkPolicy: 10034 is allowed on unmetered network
04-15 12:06:40.696  3694 13519 D NetworkPolicy: 10034 is allowed on unmetered network
04-15 12:06:40.868  3694  3793 D NetworkStats: TetherStats: iface=wlan0 type=3 entry=iface=null uid=-1 set=ALL tag=0x0 metered=ALL roaming=ALL defaultNetwork=ALL rxBytes=0 rxPackets=0 txBytes=0 txPackets=0 operations=0
04-15 12:06:40.872  3694  3793 D NetworkStats: TetherStats: iface=wlan0 type=1 entry=iface=null uid=-1 set=ALL tag=0x0 metered=ALL roaming=ALL defaultNetwork=ALL rxBytes=0 rxPackets=0 txBytes=0 txPackets=0 operations=0
04-15 12:06:41.537  8022  8437 I chatty  : uid=1000(system) pool-2-thread-1 expire 119 lines
04-15 12:06:41.578  3694 13519 D NetworkPolicy: 1000 is 7
04-15 12:06:41.691  3694 13519 D NetworkPolicy: 10034 is allowed on unmetered network
04-15 12:06:42.101  3431  3431 I chatty  : uid=1000(system) hal_stat@1.0-se expire 3 lines
04-15 12:06:42.101  3431  3431 I HAL_STAT: Audio decoder [2] not started
04-15 12:06:42.102  3431  3431 D HAL_STAT: Hal_Stat_GetVideoDecoderStats...
04-15 12:06:42.106  3431  3431 W hal_stat@1.0-se: type=1400 audit(0.0:329): avc: denied { ioctl } for path="/dev/nxmw" dev="tmpfs" ino=364 ioctlcmd=0x805 scontext=u:r:hal_arris_hal_stat:s0 tcontext=u:object_r:nexus_device:s0 tclass=chr_file permissive=0
04-15 12:06:42.108  3431  3431 D HAL_STAT: Hal_Stat_GetEdidInfo...
04-15 12:06:42.108  3431  3431 E NEXUS   : !!!Error BERR_OS_ERROR(0x6) at /export/jenkins/workspace/F354_AndroidTv_10_StreamTV-Child01/subjob/verizon/out-bcm/target/product/inuvik/obj/FAKE/refsw/obj.972164/nexus/core/syncthunk/nexus_cec_abiverify_client.h:44
04-15 12:06:42.109  3431  3431 D HAL_STAT: outer hal get: followPreferredFormat: 1 format: 32
04-15 12:06:42.109  3431  3431 D HAL_STAT: Hal_Stat_GetHdmiSettings...HDMI Connected with resolutionMode = 1
04-15 12:06:42.109  3431  3431 D arris_hidl_hal_stat: in hal: get resolutionMode: 1 resolutionValue: 1080p
04-15 12:06:41.695  3694 13519 D NetworkPolicy: 10034 is allowed on unmetered network
04-15 12:06:42.116  3694 13519 D NetworkPolicy: 1000 is 7
04-15 12:06:42.117  3694  4979 D NetworkPolicy: 1000 is 7
04-15 12:06:42.117  3694 10795 D NetworkPolicy: 1000 is 7
04-15 12:06:42.390  3832  3926 D bt_btif_config: btif_get_address_type: Device [98:06:3a:00:45:da] address type 0
04-15 12:06:42.390  3832  3926 D bt_btif_config: btif_get_device_type: Device [98:06:3a:00:45:da] type 2
04-15 12:06:42.390  3832  4457 I bt_stack: [INFO:gatt_api.cc(1105)] GATT_Connectgatt_if=6, address=98:06:3a:00:45:da
04-15 12:06:42.390  3832  4457 I bt_stack: [INFO:connection_manager.cc(97)] App id=0x06already doing background connection to 98:06:3a:00:45:da
04-15 12:06:42.392  3832  3926 D bt_btif_config: btif_get_address_type: Device [98:06:3a:00:45:da] address type 0
04-15 12:06:42.392  3832  3926 D bt_btif_config: btif_get_device_type: Device [98:06:3a:00:45:da] type 2
04-15 12:06:42.392  3832  4457 I bt_stack: [INFO:gatt_api.cc(1105)] GATT_Connectgatt_if=6, address=98:06:3a:00:45:da
04-15 12:06:42.392  3832  4457 I bt_stack: [INFO:connection_manager.cc(97)] App id=0x06already doing background connection to 98:06:3a:00:45:da
04-15 12:06:42.394  3832  3926 D bt_btif_config: btif_get_address_type: Device [98:06:3a:00:45:da] address type 0
04-15 12:06:42.394  3832  3926 D bt_btif_config: btif_get_device_type: Device [98:06:3a:00:45:da] type 2
04-15 12:06:42.394  3832  4457 I bt_stack: [INFO:gatt_api.cc(1105)] GATT_Connectgatt_if=6, address=98:06:3a:00:45:da
04-15 12:06:42.394  3832  4457 I bt_stack: [INFO:connection_manager.cc(97)] App id=0x06already doing background connection to 98:06:3a:00:45:da
04-15 12:06:42.399  3832  3926 D bt_btif_config: btif_get_address_type: Device [98:06:3a:00:45:da] address type 0
04-15 12:06:42.399  3832  3926 D bt_btif_config: btif_get_device_type: Device [98:06:3a:00:45:da] type 2
04-15 12:06:42.400  3832  4457 I bt_stack: [INFO:gatt_api.cc(1105)] GATT_Connectgatt_if=6, address=98:06:3a:00:45:da
04-15 12:06:42.400  3832  4457 I bt_stack: [INFO:connection_manager.cc(97)] App id=0x06already doing background connection to 98:06:3a:00:45:da
04-15 12:06:42.402  3832  3926 D bt_btif_config: btif_get_address_type: Device [98:06:3a:00:45:da] address type 0
04-15 12:06:42.402  3832  3926 D bt_btif_config: btif_get_device_type: Device [98:06:3a:00:45:da] type 2
04-15 12:06:42.403  3832  4457 I bt_stack: [INFO:gatt_api.cc(1105)] GATT_Connectgatt_if=6, address=98:06:3a:00:45:da
04-15 12:06:42.403  3832  4457 I bt_stack: [INFO:connection_manager.cc(97)] App id=0x06already doing background connection to 98:06:3a:00:45:da
04-15 12:06:42.406  3832  3926 D bt_btif_config: btif_get_address_type: Device [98:06:3a:00:45:da] address type 0
04-15 12:06:42.406  3832  3926 D bt_btif_config: btif_get_device_type: Device [98:06:3a:00:45:da] type 2
04-15 12:06:42.406  3832  4457 I bt_stack: [INFO:gatt_api.cc(1105)] GATT_Connectgatt_if=6, address=98:06:3a:00:45:da
04-15 12:06:42.406  3832  4457 I bt_stack: [INFO:connection_manager.cc(97)] App id=0x06already doing background connection to 98:06:3a:00:45:da
04-15 12:06:42.408  3832  3926 D bt_btif_config: btif_get_address_type: Device [98:06:3a:00:45:da] address type 0
04-15 12:06:42.408  3832  3926 D bt_btif_config: btif_get_device_type: Device [98:06:3a:00:45:da] type 2
04-15 12:06:42.408  3832  4457 I bt_stack: [INFO:gatt_api.cc(1105)] GATT_Connectgatt_if=6, address=98:06:3a:00:45:da
04-15 12:06:42.408  3832  4457 I bt_stack: [INFO:connection_manager.cc(97)] App id=0x06already doing background connection to 98:06:3a:00:45:da
04-15 12:06:42.485  3694 10795 I chatty  : uid=1000(system) Binder:3694_19 identical 47 lines
04-15 12:06:42.588  3694 10795 D NetworkPolicy: 1000 is 7
04-15 12:06:42.694  3694 10795 D NetworkPolicy: 10034 is allowed on unmetered network
04-15 12:06:42.697  3694 10795 D NetworkPolicy: 10034 is allowed on unmetered network
04-15 12:06:42.739  3694 10795 D NetworkPolicy: 10038 is allowed on unmetered network
04-15 12:06:43.591  3694 10795 D NetworkPolicy: 1000 is 7
04-15 12:06:43.696  3694 10795 D NetworkPolicy: 10034 is allowed on unmetered network
04-15 12:06:43.801  3815  3816 I HdmiCec : onCecMessage TV->** <Device Vendor ID> 00e091
04-15 12:06:43.702  3694 10795 D NetworkPolicy: 10034 is allowed on unmetered network
04-15 12:06:43.803  3694  3694 D HDMI    : [R]:<Device Vendor Id> 0F:87:00:E0:91
04-15 12:06:43.887  3694  3793 I chatty  : uid=1000(system) ClientModeImpl expire 6 lines
04-15 12:06:43.890  3694  3793 D NetworkStats: TetherStats: iface=wlan0 type=3 entry=iface=null uid=-1 set=ALL tag=0x0 metered=ALL roaming=ALL defaultNetwork=ALL rxBytes=0 rxPackets=0 txBytes=0 txPackets=0 operations=0
04-15 12:06:43.895  3694  3793 D NetworkStats: TetherStats: iface=wlan0 type=1 entry=iface=null uid=-1 set=ALL tag=0x0 metered=ALL roaming=ALL defaultNetwork=ALL rxBytes=0 rxPackets=0 txBytes=0 txPackets=0 operations=0
04-15 12:06:43.956  3815  3816 I HdmiCec : onCecMessage TV->P1 <Feature Abort>
04-15 12:06:43.959  3694  3694 D HDMI    : [R]:<Feature Abort> 04:00
04-15 12:06:43.960  3694  3694 W HDMI    : [2]:Unexpected parameters: <Feature Abort> 04:00
04-15 12:06:44.050  3815  3816 I HdmiCec : onCecMessage TV->P1 <Vendor Command> (04:89:01)
04-15 12:06:44.051  3694  3694 D HDMI    : [R]:<Vendor Command> 04:89:01
04-15 12:06:44.052  3694  3812 D HDMI    : [S]:<Feature Abort> 40:00:89:01
04-15 12:06:44.053  3815  3815 I HdmiCec : sendMessage P1->TV <Feature Abort> <Vendor Command> NOT_IN_CORRECT_MODE
04-15 12:06:44.598  3694 10795 D NetworkPolicy: 1000 is 7
04-15 12:06:44.696  3694 10795 D NetworkPolicy: 10034 is allowed on unmetered network
04-15 12:06:44.703  3694 10795 D NetworkPolicy: 10034 is allowed on unmetered network
04-15 12:06:45.609  3694 10795 D NetworkPolicy: 1000 is 7
04-15 12:06:45.697  3694 13519 D NetworkPolicy: 10034 is allowed on unmetered network
04-15 12:06:45.706  3694 13519 D NetworkPolicy: 10034 is allowed on unmetered network
04-15 12:06:45.740  3694 13519 D NetworkPolicy: 10038 is allowed on unmetered network
04-15 12:06:46.617  3694 13519 D NetworkPolicy: 1000 is 7
04-15 12:06:46.698  3694 13519 D NetworkPolicy: 10034 is allowed on unmetered network
04-15 12:06:46.706  3694 10795 D NetworkPolicy: 10034 is allowed on unmetered network
04-15 12:06:46.913  3694  3793 D NetworkStats: TetherStats: iface=wlan0 type=3 entry=iface=null uid=-1 set=ALL tag=0x0 metered=ALL roaming=ALL defaultNetwork=ALL rxBytes=0 rxPackets=0 txBytes=0 txPackets=0 operations=0
04-15 12:06:46.915  3694  3793 D NetworkStats: TetherStats: iface=wlan0 type=1 entry=iface=null uid=-1 set=ALL tag=0x0 metered=ALL roaming=ALL defaultNetwork=ALL rxBytes=0 rxPackets=0 txBytes=0 txPackets=0 operations=0
04-15 12:06:47.624  3694 10795 D NetworkPolicy: 1000 is 7
04-15 12:06:47.699  3694 10795 D NetworkPolicy: 10034 is allowed on unmetered network
04-15 12:06:47.707  3694 13519 D NetworkPolicy: 10034 is allowed on unmetered network
04-15 12:06:48.634  3694 13519 D NetworkPolicy: 1000 is 7
04-15 12:06:48.701  3694 13519 D NetworkPolicy: 10034 is allowed on unmetered network
04-15 12:06:48.707  3694 13519 D NetworkPolicy: 10034 is allowed on unmetered network
04-15 12:06:48.740  3694 13519 D NetworkPolicy: 10038 is allowed on unmetered network
04-15 12:06:49.643  3694 13519 D NetworkPolicy: 1000 is 7
04-15 12:06:49.703  3694 13519 D NetworkPolicy: 10034 is allowed on unmetered network
04-15 12:06:49.711  3694 10795 D NetworkPolicy: 10034 is allowed on unmetered network
04-15 12:06:49.935  3694  3793 D NetworkStats: TetherStats: iface=wlan0 type=3 entry=iface=null uid=-1 set=ALL tag=0x0 metered=ALL roaming=ALL defaultNetwork=ALL rxBytes=0 rxPackets=0 txBytes=0 txPackets=0 operations=0
04-15 12:06:49.937  3694  3793 D NetworkStats: TetherStats: iface=wlan0 type=1 entry=iface=null uid=-1 set=ALL tag=0x0 metered=ALL roaming=ALL defaultNetwork=ALL rxBytes=0 rxPackets=0 txBytes=0 txPackets=0 operations=0
04-15 12:06:50.652  3694 10795 D NetworkPolicy: 1000 is 7
04-15 12:06:50.705  3694 10795 D NetworkPolicy: 10034 is allowed on unmetered network
04-15 12:06:51.253  3815  3816 I HdmiCec : onCecMessage TV->P1 <Vendor Command> (04:89:01)
04-15 12:06:50.710  3694 10795 D NetworkPolicy: 10034 is allowed on unmetered network
04-15 12:06:51.255  3694  3694 D HDMI    : [R]:<Vendor Command> 04:89:01
04-15 12:06:51.257  3694  3812 D HDMI    : [S]:<Feature Abort> 40:00:89:01
04-15 12:06:51.257  3815  3815 I HdmiCec : sendMessage P1->TV <Feature Abort> <Vendor Command> NOT_IN_CORRECT_MODE
04-15 12:06:51.659  3694 10795 D NetworkPolicy: 1000 is 7
04-15 12:06:51.705  3694 10795 D NetworkPolicy: 10034 is allowed on unmetered network
04-15 12:06:51.711  3694 10795 D NetworkPolicy: 10034 is allowed on unmetered network
04-15 12:06:51.740  3694 13519 D NetworkPolicy: 10038 is allowed on unmetered network
04-15 12:06:52.668  3694 13519 D NetworkPolicy: 1000 is 7
04-15 12:06:52.706  3694 13519 D NetworkPolicy: 10034 is allowed on unmetered network
04-15 12:06:52.712  3694 10795 D NetworkPolicy: 10034 is allowed on unmetered network
04-15 12:06:52.955  3694  3793 D NetworkStats: TetherStats: iface=wlan0 type=3 entry=iface=null uid=-1 set=ALL tag=0x0 metered=ALL roaming=ALL defaultNetwork=ALL rxBytes=0 rxPackets=0 txBytes=0 txPackets=0 operations=0
04-15 12:06:52.958  3694  3793 D NetworkStats: TetherStats: iface=wlan0 type=1 entry=iface=null uid=-1 set=ALL tag=0x0 metered=ALL roaming=ALL defaultNetwork=ALL rxBytes=0 rxPackets=0 txBytes=0 txPackets=0 operations=0
04-15 12:06:53.674  3694 10795 D NetworkPolicy: 1000 is 7
04-15 12:06:53.707  3694 10795 D NetworkPolicy: 10034 is allowed on unmetered network
04-15 12:06:53.714  3694 10795 D NetworkPolicy: 10034 is allowed on unmetered network
04-15 12:06:54.680  3694 13519 D NetworkPolicy: 1000 is 7
04-15 12:06:54.707  3694 13519 D NetworkPolicy: 10034 is allowed on unmetered network
04-15 12:06:54.712  3694 13519 D NetworkPolicy: 10034 is allowed on unmetered network
04-15 12:06:54.740  3694 10795 D NetworkPolicy: 10038 is allowed on unmetered network
04-15 12:06:55.688  3694 10795 D NetworkPolicy: 1000 is 7
04-15 12:06:55.708  3694 10795 D NetworkPolicy: 10034 is allowed on unmetered network
04-15 12:06:55.713  3694 10795 D NetworkPolicy: 10034 is allowed on unmetered network
04-15 12:06:55.977  3694  3793 D NetworkStats: TetherStats: iface=wlan0 type=3 entry=iface=null uid=-1 set=ALL tag=0x0 metered=ALL roaming=ALL defaultNetwork=ALL rxBytes=0 rxPackets=0 txBytes=0 txPackets=0 operations=0
04-15 12:06:55.979  3694  3793 D NetworkStats: TetherStats: iface=wlan0 type=1 entry=iface=null uid=-1 set=ALL tag=0x0 metered=ALL roaming=ALL defaultNetwork=ALL rxBytes=0 rxPackets=0 txBytes=0 txPackets=0 operations=0
04-15 12:06:56.696  3694 13519 D NetworkPolicy: 1000 is 7
04-15 12:06:56.709  3694 13519 D NetworkPolicy: 10034 is allowed on unmetered network
04-15 12:06:56.715  3694 10795 D NetworkPolicy: 10034 is allowed on unmetered network
04-15 12:06:57.706  3694 10795 D NetworkPolicy: 1000 is 7
04-15 12:06:57.710  3694 13519 D NetworkPolicy: 10034 is allowed on unmetered network
04-15 12:06:57.716  3694 10795 D NetworkPolicy: 10034 is allowed on unmetered network
04-15 12:06:57.740  3694 10795 D NetworkPolicy: 10038 is allowed on unmetered network
04-15 12:06:58.711  3694 10795 D NetworkPolicy: 10034 is allowed on unmetered network
04-15 12:06:58.716  3694 10795 D NetworkPolicy: 1000 is 7
04-15 12:06:58.720  3694 10795 D NetworkPolicy: 10034 is allowed on unmetered network
04-15 12:06:58.880  3815  3816 I HdmiCec : onCecMessage TV->** <Device Vendor ID> 00e091
04-15 12:06:58.882  3694  3694 D HDMI    : [R]:<Device Vendor Id> 0F:87:00:E0:91
04-15 12:06:58.997  3694  3793 D NetworkStats: TetherStats: iface=wlan0 type=3 entry=iface=null uid=-1 set=ALL tag=0x0 metered=ALL roaming=ALL defaultNetwork=ALL rxBytes=0 rxPackets=0 txBytes=0 txPackets=0 operations=0
04-15 12:06:59.002  3694  3793 D NetworkStats: TetherStats: iface=wlan0 type=1 entry=iface=null uid=-1 set=ALL tag=0x0 metered=ALL roaming=ALL defaultNetwork=ALL rxBytes=0 rxPackets=0 txBytes=0 txPackets=0 operations=0
04-15 12:06:59.034  3815  3816 I HdmiCec : onCecMessage TV->P1 <Feature Abort>
04-15 12:06:59.036  3694  3694 D HDMI    : [R]:<Feature Abort> 04:00
04-15 12:06:59.127  3815  3816 I HdmiCec : onCecMessage TV->P1 <Vendor Command> (04:89:01)
04-15 12:06:59.129  3694  3694 D HDMI    : [R]:<Vendor Command> 04:89:01
04-15 12:06:59.130  3694  3812 D HDMI    : [S]:<Feature Abort> 40:00:89:01
04-15 12:06:59.131  3815  3815 I HdmiCec : sendMessage P1->TV <Feature Abort> <Vendor Command> NOT_IN_CORRECT_MODE
04-15 12:06:59.713  3694 13519 D NetworkPolicy: 10034 is allowed on unmetered network
04-15 12:06:59.720  3694 13519 D NetworkPolicy: 10034 is allowed on unmetered network
04-15 12:06:59.723  3694 10795 D NetworkPolicy: 1000 is 7
04-15 12:06:59.868  3694  3706 I chatty  : uid=1000(system) HeapTaskDaemon expire 1 line
04-15 12:07:00.425  3443  8048 I chatty  : uid=0(root) ArrisTr69Thread expire 11 lines
04-15 12:07:00.714  3694 10795 D NetworkPolicy: 10034 is allowed on unmetered network
04-15 12:07:00.720  3694 10795 D NetworkPolicy: 10034 is allowed on unmetered network
04-15 12:07:00.733  3694 10795 D NetworkPolicy: 1000 is 7
04-15 12:07:00.741  3694 13519 D NetworkPolicy: 10038 is allowed on unmetered network
04-15 12:07:01.185  3694 13519 W ActivityManager: Receiver with filter android.content.IntentFilter@fd4a982 already registered for pid 8022, callerPackage is com.arris.chmframework
04-15 12:07:01.187  8022  8047 I chatty  : uid=1000(system) Thread-2 expire 16 lines
04-15 12:07:01.715  3694 13519 D NetworkPolicy: 10034 is allowed on unmetered network
04-15 12:07:01.722  3694 13519 D NetworkPolicy: 10034 is allowed on unmetered network
04-15 12:07:01.740  3694 13519 D NetworkPolicy: 1000 is 7
04-15 12:07:02.021  3694  3793 I chatty  : uid=1000(system) ClientModeImpl expire 13 lines
04-15 12:07:02.027  3694  3793 D NetworkStats: TetherStats: iface=wlan0 type=3 entry=iface=null uid=-1 set=ALL tag=0x0 metered=ALL roaming=ALL defaultNetwork=ALL rxBytes=0 rxPackets=0 txBytes=0 txPackets=0 operations=0
04-15 12:07:02.031  3694  3793 D NetworkStats: TetherStats: iface=wlan0 type=1 entry=iface=null uid=-1 set=ALL tag=0x0 metered=ALL roaming=ALL defaultNetwork=ALL rxBytes=0 rxPackets=0 txBytes=0 txPackets=0 operations=0
04-15 12:07:02.716  3694 10795 D NetworkPolicy: 10034 is allowed on unmetered network
04-15 12:07:02.721  3694 10795 D NetworkPolicy: 10034 is allowed on unmetered network
04-15 12:07:02.747  3694 10795 D NetworkPolicy: 1000 is 7
04-15 12:07:03.717  3694 13519 D NetworkPolicy: 10034 is allowed on unmetered network
04-15 12:07:03.724  3694 13519 D NetworkPolicy: 10034 is allowed on unmetered network
04-15 12:07:03.741  3694 10795 D NetworkPolicy: 10038 is allowed on unmetered network
04-15 12:07:03.754  3694 10795 D NetworkPolicy: 1000 is 7
04-15 12:07:04.718  3694 13519 D NetworkPolicy: 10034 is allowed on unmetered network
04-15 12:07:04.725  3694 13519 D NetworkPolicy: 10034 is allowed on unmetered network
04-15 12:07:04.763  3694 13519 D NetworkPolicy: 1000 is 7
04-15 12:07:05.050  3694  3793 D NetworkStats: TetherStats: iface=wlan0 type=3 entry=iface=null uid=-1 set=ALL tag=0x0 metered=ALL roaming=ALL defaultNetwork=ALL rxBytes=0 rxPackets=0 txBytes=0 txPackets=0 operations=0
04-15 12:07:05.054  3694  3793 D NetworkStats: TetherStats: iface=wlan0 type=1 entry=iface=null uid=-1 set=ALL tag=0x0 metered=ALL roaming=ALL defaultNetwork=ALL rxBytes=0 rxPackets=0 txBytes=0 txPackets=0 operations=0
04-15 12:07:05.325  5330  5330 I chromium: [5330:5330:INFO:debug_endpoint_manager_grpc_client.cc(365)] gRPC client channel state changed to GRPC_CHANNEL_TRANSIENT_FAILURE
04-15 12:07:05.719  3694 10795 D NetworkPolicy: 10034 is allowed on unmetered network
04-15 12:07:05.726  3694 10795 D NetworkPolicy: 10034 is allowed on unmetered network
04-15 12:07:05.771  3694 10795 D NetworkPolicy: 1000 is 7
04-15 12:07:06.331  3815  3816 I HdmiCec : onCecMessage TV->P1 <Vendor Command> (04:89:01)
04-15 12:07:06.333  3694  3694 D HDMI    : [R]:<Vendor Command> 04:89:01
04-15 12:07:06.334  3694  3812 D HDMI    : [S]:<Feature Abort> 40:00:89:01
04-15 12:07:06.335  3815  3815 I HdmiCec : sendMessage P1->TV <Feature Abort> <Vendor Command> NOT_IN_CORRECT_MODE
04-15 12:07:06.720  3694 13519 D NetworkPolicy: 10034 is allowed on unmetered network
04-15 12:07:06.727  3694 13519 D NetworkPolicy: 10034 is allowed on unmetered network
04-15 12:07:06.742  3694 13519 D NetworkPolicy: 10038 is allowed on unmetered network
04-15 12:07:06.778  3694 13519 D NetworkPolicy: 1000 is 7
04-15 12:07:06.786  3694 13519 D NetworkPolicy: 10034 is allowed on unmetered network
04-15 12:07:07.175  5330  5330 I chromium: [5330:5330:INFO:metrics_stat_logger.cc(55)] Metrics stat for the past 60 secs : total=0
04-15 12:07:06.792  3694 13519 D NetworkPolicy: 10034 is allowed on unmetered network
04-15 12:07:07.721  3694 10795 D NetworkPolicy: 10034 is allowed on unmetered network
04-15 12:07:07.729  3694 10795 D NetworkPolicy: 10034 is allowed on unmetered network
04-15 12:07:07.785  3694 10795 D NetworkPolicy: 1000 is 7
04-15 12:07:08.075  3694  3793 D NetworkStats: TetherStats: iface=wlan0 type=3 entry=iface=null uid=-1 set=ALL tag=0x0 metered=ALL roaming=ALL defaultNetwork=ALL rxBytes=0 rxPackets=0 txBytes=0 txPackets=0 operations=0
04-15 12:07:08.078  3694  3793 D NetworkStats: TetherStats: iface=wlan0 type=1 entry=iface=null uid=-1 set=ALL tag=0x0 metered=ALL roaming=ALL defaultNetwork=ALL rxBytes=0 rxPackets=0 txBytes=0 txPackets=0 operations=0
04-15 12:07:08.722  3694 13519 D NetworkPolicy: 10034 is allowed on unmetered network
04-15 12:07:08.730  3694 13519 D NetworkPolicy: 10034 is allowed on unmetered network
04-15 12:07:08.792  3694 13519 D NetworkPolicy: 1000 is 7
04-15 12:07:09.723  3694 10795 D NetworkPolicy: 10034 is allowed on unmetered network
04-15 12:07:09.729  3694 10795 D NetworkPolicy: 10034 is allowed on unmetered network
04-15 12:07:09.742  3694 10795 D NetworkPolicy: 10038 is allowed on unmetered network
04-15 12:07:09.804  3694 10795 D NetworkPolicy: 1000 is 7
04-15 12:07:10.170  4807 13927 I ennor   : 
04-15 12:07:10.170  4807 13927 I ennor   : [CURL:5] curl "https://gp1.adn.edgecastcdn.net/09206BA/vz-bcn/seed" --compressed --insecure -H '<redacted>'
04-15 12:07:10.337  3389 13929 I chatty  : uid=0(root) Binder:3389_3 expire 1 line
04-15 12:07:10.347  3694  4806 I chatty  : uid=1000(system) NetworkMonitor/ expire 1 line
04-15 12:07:10.413  4807 13927 I ennor   : [CURL:5] curl_easy_perform() result = 0 (No error); response code = 200
04-15 12:07:10.724  3694 10795 D NetworkPolicy: 10034 is allowed on unmetered network
04-15 12:07:10.730  3694 10795 D NetworkPolicy: 10034 is allowed on unmetered network
04-15 12:07:10.811  3694 10795 D NetworkPolicy: 1000 is 7
04-15 12:07:10.926  4752 11703 E memtrack: Couldn't load memtrack module
04-15 12:07:10.926  4752 11703 W android.os.Debug: failed to get memory consumption info: -1
04-15 12:07:11.091  3694  3793 D NetworkStats: TetherStats: iface=wlan0 type=3 entry=iface=null uid=-1 set=ALL tag=0x0 metered=ALL roaming=ALL defaultNetwork=ALL rxBytes=0 rxPackets=0 txBytes=0 txPackets=0 operations=0
04-15 12:07:11.091  3694  3793 D NetworkStats: TetherStats: iface=wlan0 type=1 entry=iface=null uid=-1 set=ALL tag=0x0 metered=ALL roaming=ALL defaultNetwork=ALL rxBytes=0 rxPackets=0 txBytes=0 txPackets=0 operations=0
04-15 12:07:11.724  3694 10795 D NetworkPolicy: 10034 is allowed on unmetered network
04-15 12:07:11.730  3694 10795 D NetworkPolicy: 10034 is allowed on unmetered network
04-15 12:07:11.815  3694 10795 D NetworkPolicy: 1000 is 7
04-15 12:07:12.726  3694 13519 D NetworkPolicy: 10034 is allowed on unmetered network
04-15 12:07:12.732  3694 13519 D NetworkPolicy: 10034 is allowed on unmetered network
04-15 12:07:12.743  3694 13519 D NetworkPolicy: 10038 is allowed on unmetered network
04-15 12:07:12.821  8022  8437 I chatty  : uid=1000(system) pool-2-thread-1 expire 137 lines
04-15 12:07:12.822  3694 13519 D NetworkPolicy: 1000 is 7
04-15 12:07:12.827  3443  3443 I chatty  : uid=0(root) tr69@1.0-servic expire 56 lines
04-15 12:07:13.349  3431  3431 D HAL_STAT: Hal_Stat_GetAudioDecoderStats
04-15 12:07:13.349  3431  3431 I HAL_STAT: Audio decoder [0] not started
04-15 12:07:13.349  3431  3431 I HAL_STAT: Audio decoder [1] not started
04-15 12:07:13.349  3431  3431 I HAL_STAT: Audio decoder [2] not started
04-15 12:07:13.350  3431  3431 D HAL_STAT: Hal_Stat_GetVideoDecoderStats...
04-15 12:07:13.355  3431  3431 D HAL_STAT: Hal_Stat_GetEdidInfo...
04-15 12:07:13.353  3431  3431 W hal_stat@1.0-se: type=1400 audit(0.0:330): avc: denied { ioctl } for path="/dev/nxmw" dev="tmpfs" ino=364 ioctlcmd=0x805 scontext=u:r:hal_arris_hal_stat:s0 tcontext=u:object_r:nexus_device:s0 tclass=chr_file permissive=0
04-15 12:07:13.355  3431  3431 E NEXUS   : !!!Error BERR_OS_ERROR(0x6) at /export/jenkins/workspace/F354_AndroidTv_10_StreamTV-Child01/subjob/verizon/out-bcm/target/product/inuvik/obj/FAKE/refsw/obj.972164/nexus/core/syncthunk/nexus_cec_abiverify_client.h:44
04-15 12:07:13.356  3431  3431 D HAL_STAT: outer hal get: followPreferredFormat: 1 format: 32
04-15 12:07:13.356  3431  3431 D HAL_STAT: Hal_Stat_GetHdmiSettings...HDMI Connected with resolutionMode = 1
04-15 12:07:13.356  3431  3431 D arris_hidl_hal_stat: in hal: get resolutionMode: 1 resolutionValue: 1080p
04-15 12:07:13.521  3694 13519 I chatty  : uid=1000(system) Binder:3694_1C identical 34 lines
04-15 12:07:13.589  3694 13519 D NetworkPolicy: 1000 is 7
04-15 12:07:13.725  3694 13519 D NetworkPolicy: 10034 is allowed on unmetered network
04-15 12:07:13.728  3694 13519 D NetworkPolicy: 10034 is allowed on unmetered network
04-15 12:07:13.772  3694 13519 D NetworkPolicy: 1000 is 7
04-15 12:07:13.956  3815  3816 I HdmiCec : onCecMessage TV->** <Device Vendor ID> 00e091
04-15 12:07:13.777  3694 13519 I chatty  : uid=1000(system) Binder:3694_1C identical 14 lines
04-15 12:07:13.828  3694 13519 D NetworkPolicy: 1000 is 7
04-15 12:07:13.957  3694  3694 D HDMI    : [R]:<Device Vendor Id> 0F:87:00:E0:91
04-15 12:07:14.097  3694  3793 D NetworkStats: TetherStats: iface=wlan0 type=3 entry=iface=null uid=-1 set=ALL tag=0x0 metered=ALL roaming=ALL defaultNetwork=ALL rxBytes=0 rxPackets=0 txBytes=0 txPackets=0 operations=0
04-15 12:07:14.097  3694  3793 D NetworkStats: TetherStats: iface=wlan0 type=1 entry=iface=null uid=-1 set=ALL tag=0x0 metered=ALL roaming=ALL defaultNetwork=ALL rxBytes=0 rxPackets=0 txBytes=0 txPackets=0 operations=0
04-15 12:07:14.111  3815  3816 I HdmiCec : onCecMessage TV->P1 <Feature Abort>
04-15 12:07:14.112  3694  3694 D HDMI    : [R]:<Feature Abort> 04:00
04-15 12:07:14.112  3694  3694 W HDMI    : [2]:Unexpected parameters: <Feature Abort> 04:00
04-15 12:07:14.204  3815  3816 I HdmiCec : onCecMessage TV->P1 <Vendor Command> (04:89:01)
04-15 12:07:14.205  3694  3694 D HDMI    : [R]:<Vendor Command> 04:89:01
04-15 12:07:14.205  3694  3812 D HDMI    : [S]:<Feature Abort> 40:00:89:01
04-15 12:07:14.205  3815  3815 I HdmiCec : sendMessage P1->TV <Feature Abort> <Vendor Command> NOT_IN_CORRECT_MODE
04-15 12:07:14.727  3694 13519 D NetworkPolicy: 10034 is allowed on unmetered network
04-15 12:07:14.731  3694 13519 D NetworkPolicy: 10034 is allowed on unmetered network
04-15 12:07:14.832  3694 13519 D NetworkPolicy: 1000 is 7
04-15 12:07:15.729  3694 10795 D NetworkPolicy: 10034 is allowed on unmetered network
04-15 12:07:15.735  3694 10795 D NetworkPolicy: 10034 is allowed on unmetered network
04-15 12:07:15.743  3694 10795 D NetworkPolicy: 10038 is allowed on unmetered network
04-15 12:07:15.840  3694 10795 D NetworkPolicy: 1000 is 7
04-15 12:07:16.730  3694 13519 D NetworkPolicy: 10034 is allowed on unmetered network
04-15 12:07:16.736  3694 13519 D NetworkPolicy: 10034 is allowed on unmetered network
04-15 12:07:16.848  3694 13519 D NetworkPolicy: 1000 is 7
04-15 12:07:17.109  3694  3793 D NetworkStats: TetherStats: iface=wlan0 type=3 entry=iface=null uid=-1 set=ALL tag=0x0 metered=ALL roaming=ALL defaultNetwork=ALL rxBytes=0 rxPackets=0 txBytes=0 txPackets=0 operations=0
04-15 12:07:17.112  3694  3793 D NetworkStats: TetherStats: iface=wlan0 type=1 entry=iface=null uid=-1 set=ALL tag=0x0 metered=ALL roaming=ALL defaultNetwork=ALL rxBytes=0 rxPackets=0 txBytes=0 txPackets=0 operations=0
04-15 12:07:17.731  3694 13519 D NetworkPolicy: 10034 is allowed on unmetered network
04-15 12:07:17.738  3694 13519 D NetworkPolicy: 10034 is allowed on unmetered network
04-15 12:07:17.857  3694 13519 D NetworkPolicy: 1000 is 7
04-15 12:07:18.732  3694 10795 D NetworkPolicy: 10034 is allowed on unmetered network
04-15 12:07:18.739  3694 10795 D NetworkPolicy: 10034 is allowed on unmetered network
04-15 12:07:18.743  3694  4453 D NetworkPolicy: 10038 is allowed on unmetered network
04-15 12:07:18.865  3694  4453 D NetworkPolicy: 1000 is 7
04-15 12:07:19.732  3694  4453 D NetworkPolicy: 10034 is allowed on unmetered network
04-15 12:07:19.739  3694  4453 D NetworkPolicy: 10034 is allowed on unmetered network
04-15 12:07:19.873  3694  4453 D NetworkPolicy: 1000 is 7
04-15 12:07:20.127  3694  3793 D NetworkStats: TetherStats: iface=wlan0 type=3 entry=iface=null uid=-1 set=ALL tag=0x0 metered=ALL roaming=ALL defaultNetwork=ALL rxBytes=0 rxPackets=0 txBytes=0 txPackets=0 operations=0
04-15 12:07:20.129  3694  3793 D NetworkStats: TetherStats: iface=wlan0 type=1 entry=iface=null uid=-1 set=ALL tag=0x0 metered=ALL roaming=ALL defaultNetwork=ALL rxBytes=0 rxPackets=0 txBytes=0 txPackets=0 operations=0
04-15 12:07:20.733  3694 10795 D NetworkPolicy: 10034 is allowed on unmetered network
04-15 12:07:20.739  3694 10795 D NetworkPolicy: 10034 is allowed on unmetered network
04-15 12:07:20.880  3694 10795 D NetworkPolicy: 1000 is 7
04-15 12:07:21.408  3815  3816 I HdmiCec : onCecMessage TV->P1 <Vendor Command> (04:89:01)
04-15 12:07:21.410  3694  3694 D HDMI    : [R]:<Vendor Command> 04:89:01
04-15 12:07:21.412  3694  3812 D HDMI    : [S]:<Feature Abort> 40:00:89:01
04-15 12:07:21.413  3815  3815 I HdmiCec : sendMessage P1->TV <Feature Abort> <Vendor Command> NOT_IN_CORRECT_MODE
04-15 12:07:21.734  3694  4453 D NetworkPolicy: 10034 is allowed on unmetered network
04-15 12:07:21.739  3694  4453 D NetworkPolicy: 10034 is allowed on unmetered network
04-15 12:07:21.743  3694 10795 D NetworkPolicy: 10038 is allowed on unmetered network
04-15 12:07:21.886  3694 10795 D NetworkPolicy: 1000 is 7
04-15 12:07:22.735  3694 10795 D NetworkPolicy: 10034 is allowed on unmetered network
04-15 12:07:22.740  3694 10795 D NetworkPolicy: 10034 is allowed on unmetered network
04-15 12:07:22.894  3694  4453 D NetworkPolicy: 1000 is 7
04-15 12:07:23.145  3694  3793 D NetworkStats: TetherStats: iface=wlan0 type=3 entry=iface=null uid=-1 set=ALL tag=0x0 metered=ALL roaming=ALL defaultNetwork=ALL rxBytes=0 rxPackets=0 txBytes=0 txPackets=0 operations=0
04-15 12:07:23.149  3694  3793 D NetworkStats: TetherStats: iface=wlan0 type=1 entry=iface=null uid=-1 set=ALL tag=0x0 metered=ALL roaming=ALL defaultNetwork=ALL rxBytes=0 rxPackets=0 txBytes=0 txPackets=0 operations=0
04-15 12:07:23.735  3694  4453 D NetworkPolicy: 10034 is allowed on unmetered network
04-15 12:07:23.743  3694  4453 D NetworkPolicy: 10034 is allowed on unmetered network
04-15 12:07:23.906  3694  4453 D NetworkPolicy: 1000 is 7
04-15 12:07:24.737  3694 10795 D NetworkPolicy: 10034 is allowed on unmetered network
04-15 12:07:24.743  3694 10795 D NetworkPolicy: 10034 is allowed on unmetered network
04-15 12:07:24.743  3694  4453 D NetworkPolicy: 10038 is allowed on unmetered network
04-15 12:07:24.913  3694 10795 D NetworkPolicy: 1000 is 7
04-15 12:07:25.738  3694  4453 D NetworkPolicy: 10034 is allowed on unmetered network
04-15 12:07:25.745  3694  4453 D NetworkPolicy: 10034 is allowed on unmetered network
04-15 12:07:25.921  3694  4453 D NetworkPolicy: 1000 is 7
04-15 12:07:26.168  3694  3793 D NetworkStats: TetherStats: iface=wlan0 type=3 entry=iface=null uid=-1 set=ALL tag=0x0 metered=ALL roaming=ALL defaultNetwork=ALL rxBytes=0 rxPackets=0 txBytes=0 txPackets=0 operations=0
04-15 12:07:26.170  3694  3793 D NetworkStats: TetherStats: iface=wlan0 type=1 entry=iface=null uid=-1 set=ALL tag=0x0 metered=ALL roaming=ALL defaultNetwork=ALL rxBytes=0 rxPackets=0 txBytes=0 txPackets=0 operations=0
04-15 12:07:26.739  3694 10795 D NetworkPolicy: 10034 is allowed on unmetered network
04-15 12:07:26.744  3694 10795 D NetworkPolicy: 10034 is allowed on unmetered network
04-15 12:07:26.928  3694 10795 D NetworkPolicy: 1000 is 7
04-15 12:07:27.740  3694  4453 D NetworkPolicy: 10034 is allowed on unmetered network
04-15 12:07:27.743  3694 10795 D NetworkPolicy: 10038 is allowed on unmetered network
04-15 12:07:27.747  3694  4453 D NetworkPolicy: 10034 is allowed on unmetered network
04-15 12:07:27.935  3694  4453 D NetworkPolicy: 1000 is 7
04-15 12:07:28.741  3694 10795 D NetworkPolicy: 10034 is allowed on unmetered network
04-15 12:07:28.748  3694 10795 D NetworkPolicy: 10034 is allowed on unmetered network
04-15 12:07:28.941  3694 10795 D NetworkPolicy: 1000 is 7
04-15 12:07:29.034  3815  3816 I HdmiCec : onCecMessage TV->** <Device Vendor ID> 00e091
04-15 12:07:29.036  3694  3694 D HDMI    : [R]:<Device Vendor Id> 0F:87:00:E0:91
04-15 12:07:29.185  3694  3793 D NetworkStats: TetherStats: iface=wlan0 type=3 entry=iface=null uid=-1 set=ALL tag=0x0 metered=ALL roaming=ALL defaultNetwork=ALL rxBytes=0 rxPackets=0 txBytes=0 txPackets=0 operations=0
04-15 12:07:29.188  3694  3793 D NetworkStats: TetherStats: iface=wlan0 type=1 entry=iface=null uid=-1 set=ALL tag=0x0 metered=ALL roaming=ALL defaultNetwork=ALL rxBytes=0 rxPackets=0 txBytes=0 txPackets=0 operations=0
04-15 12:07:29.190  3815  3816 I HdmiCec : onCecMessage TV->P1 <Feature Abort>
04-15 12:07:29.192  3694  3694 D HDMI    : [R]:<Feature Abort> 04:00
04-15 12:07:29.282  3815  3816 I HdmiCec : onCecMessage TV->P1 <Vendor Command> (04:89:01)
04-15 12:07:29.285  3694  3694 D HDMI    : [R]:<Vendor Command> 04:89:01
04-15 12:07:29.287  3694  3812 D HDMI    : [S]:<Feature Abort> 40:00:89:01
04-15 12:07:29.288  3815  3815 I HdmiCec : sendMessage P1->TV <Feature Abort> <Vendor Command> NOT_IN_CORRECT_MODE
04-15 12:07:29.741  3694 10795 D NetworkPolicy: 10034 is allowed on unmetered network
04-15 12:07:29.747  3694 10795 D NetworkPolicy: 10034 is allowed on unmetered network
04-15 12:07:29.947  3694 10795 D NetworkPolicy: 1000 is 7
04-15 12:07:30.742  3694  4453 D NetworkPolicy: 10034 is allowed on unmetered network
04-15 12:07:30.743  3694  4453 D NetworkPolicy: 10038 is allowed on unmetered network
04-15 12:07:30.749  3694  4453 D NetworkPolicy: 10034 is allowed on unmetered network
04-15 12:07:30.954  3694  4453 D NetworkPolicy: 1000 is 7
04-15 12:07:31.207  5330 12976 I chromium: [5330:12976:INFO:ssdp_device.c(101)] SSDP packets sent for 59 seconds = 8
04-15 12:07:31.449  3694  4453 W ActivityManager: Receiver with filter android.content.IntentFilter@851d0d0 already registered for pid 8022, callerPackage is com.arris.chmframework
04-15 12:07:31.450  8022  8047 I chatty  : uid=1000(system) Thread-2 expire 16 lines
04-15 12:07:31.453  3443  8048 I chatty  : uid=0(root) ArrisTr69Thread expire 9 lines
04-15 12:07:31.743  3694  4453 D NetworkPolicy: 10034 is allowed on unmetered network
04-15 12:07:31.753  3694  4453 D NetworkPolicy: 10034 is allowed on unmetered network
04-15 12:07:31.961  3694  4453 D NetworkPolicy: 1000 is 7
04-15 12:07:32.208  3694  3793 D NetworkStats: TetherStats: iface=wlan0 type=3 entry=iface=null uid=-1 set=ALL tag=0x0 metered=ALL roaming=ALL defaultNetwork=ALL rxBytes=0 rxPackets=0 txBytes=0 txPackets=0 operations=0
04-15 12:07:32.211  3694  3793 D NetworkStats: TetherStats: iface=wlan0 type=1 entry=iface=null uid=-1 set=ALL tag=0x0 metered=ALL roaming=ALL defaultNetwork=ALL rxBytes=0 rxPackets=0 txBytes=0 txPackets=0 operations=0
04-15 12:07:32.744  3694  4453 D NetworkPolicy: 10034 is allowed on unmetered network
04-15 12:07:32.753  3694  4453 D NetworkPolicy: 10034 is allowed on unmetered network
04-15 12:07:32.968  3694  4453 D NetworkPolicy: 1000 is 7
04-15 12:07:33.744  3694 10795 D NetworkPolicy: 10038 is allowed on unmetered network
04-15 12:07:33.745  3694 10795 D NetworkPolicy: 10034 is allowed on unmetered network
04-15 12:07:33.751  3694 10795 D NetworkPolicy: 10034 is allowed on unmetered network
04-15 12:07:33.974  3694 10795 D NetworkPolicy: 1000 is 7
04-15 12:07:34.747  3694  4453 D NetworkPolicy: 10034 is allowed on unmetered network
04-15 12:07:34.753  3694  4453 D NetworkPolicy: 10034 is allowed on unmetered network
04-15 12:07:34.980  3694  4453 D NetworkPolicy: 1000 is 7
04-15 12:07:35.226  3694  3793 D NetworkStats: TetherStats: iface=wlan0 type=3 entry=iface=null uid=-1 set=ALL tag=0x0 metered=ALL roaming=ALL defaultNetwork=ALL rxBytes=0 rxPackets=0 txBytes=0 txPackets=0 operations=0
04-15 12:07:35.229  3694  3793 D NetworkStats: TetherStats: iface=wlan0 type=1 entry=iface=null uid=-1 set=ALL tag=0x0 metered=ALL roaming=ALL defaultNetwork=ALL rxBytes=0 rxPackets=0 txBytes=0 txPackets=0 operations=0
04-15 12:07:35.748  3694 10795 D NetworkPolicy: 10034 is allowed on unmetered network
04-15 12:07:35.754  3694 10795 D NetworkPolicy: 10034 is allowed on unmetered network
04-15 12:07:35.988  3694 10795 D NetworkPolicy: 1000 is 7
04-15 12:07:36.487  3815  3816 I HdmiCec : onCecMessage TV->P1 <Vendor Command> (04:89:01)
04-15 12:07:36.488  3694  3694 D HDMI    : [R]:<Vendor Command> 04:89:01
04-15 12:07:36.489  3694  3812 D HDMI    : [S]:<Feature Abort> 40:00:89:01
04-15 12:07:36.490  3815  3815 I HdmiCec : sendMessage P1->TV <Feature Abort> <Vendor Command> NOT_IN_CORRECT_MODE
04-15 12:07:36.744  3694  4453 D NetworkPolicy: 10038 is allowed on unmetered network
04-15 12:07:36.749  3694  4453 D NetworkPolicy: 10034 is allowed on unmetered network
04-15 12:07:36.787  3694  4453 I chatty  : uid=1000(system) Binder:3694_9 identical 2 lines
04-15 12:07:36.793  3694  4453 D NetworkPolicy: 10034 is allowed on unmetered network
04-15 12:07:36.995  3694  4453 D NetworkPolicy: 1000 is 7
04-15 12:07:37.749  3694 10795 D NetworkPolicy: 10034 is allowed on unmetered network
04-15 12:07:37.755  3694 10795 D NetworkPolicy: 10034 is allowed on unmetered network
04-15 12:07:38.007  3694 10795 D NetworkPolicy: 1000 is 7
04-15 12:07:38.249  3694  3793 D NetworkStats: TetherStats: iface=wlan0 type=3 entry=iface=null uid=-1 set=ALL tag=0x0 metered=ALL roaming=ALL defaultNetwork=ALL rxBytes=0 rxPackets=0 txBytes=0 txPackets=0 operations=0
04-15 12:07:38.252  3694  3793 D NetworkStats: TetherStats: iface=wlan0 type=1 entry=iface=null uid=-1 set=ALL tag=0x0 metered=ALL roaming=ALL defaultNetwork=ALL rxBytes=0 rxPackets=0 txBytes=0 txPackets=0 operations=0
04-15 12:07:38.750  3694 10795 D NetworkPolicy: 10034 is allowed on unmetered network
04-15 12:07:38.756  3694 10795 D NetworkPolicy: 10034 is allowed on unmetered network
04-15 12:07:39.015  3694 10795 D NetworkPolicy: 1000 is 7
04-15 12:07:39.745  3694  4453 D NetworkPolicy: 10038 is allowed on unmetered network
04-15 12:07:39.751  3694  4453 D NetworkPolicy: 10034 is allowed on unmetered network
04-15 12:07:39.757  3694  4453 D NetworkPolicy: 10034 is allowed on unmetered network
04-15 12:07:40.024  3694  4453 D NetworkPolicy: 1000 is 7
04-15 12:07:40.752  3694 10795 D NetworkPolicy: 10034 is allowed on unmetered network
04-15 12:07:40.758  3694 10795 D NetworkPolicy: 10034 is allowed on unmetered network
04-15 12:07:41.031  3694 10795 D NetworkPolicy: 1000 is 7
04-15 12:07:41.273  3694  3793 D NetworkStats: TetherStats: iface=wlan0 type=3 entry=iface=null uid=-1 set=ALL tag=0x0 metered=ALL roaming=ALL defaultNetwork=ALL rxBytes=0 rxPackets=0 txBytes=0 txPackets=0 operations=0
04-15 12:07:41.275  3694  3793 D NetworkStats: TetherStats: iface=wlan0 type=1 entry=iface=null uid=-1 set=ALL tag=0x0 metered=ALL roaming=ALL defaultNetwork=ALL rxBytes=0 rxPackets=0 txBytes=0 txPackets=0 operations=0
04-15 12:07:41.753  3694  4453 D NetworkPolicy: 10034 is allowed on unmetered network
04-15 12:07:41.759  3694  4453 D NetworkPolicy: 10034 is allowed on unmetered network
04-15 12:07:42.039  3694  4453 D NetworkPolicy: 1000 is 7
04-15 12:07:42.745  3694 10795 D NetworkPolicy: 10038 is allowed on unmetered network
04-15 12:07:42.754  3694 10795 D NetworkPolicy: 10034 is allowed on unmetered network
04-15 12:07:42.759  3694 10795 D NetworkPolicy: 10034 is allowed on unmetered network
04-15 12:07:43.046  3694 10795 D NetworkPolicy: 1000 is 7
04-15 12:07:43.755  3694  4453 D NetworkPolicy: 10034 is allowed on unmetered network
04-15 12:07:43.761  3694  4453 D NetworkPolicy: 10034 is allowed on unmetered network
04-15 12:07:44.053  3694  4453 D NetworkPolicy: 1000 is 7
04-15 12:07:41.269  3694  3793 I chatty  : uid=1000(system) ClientModeImpl expire 10 lines
04-15 12:07:44.104  8022  8437 I chatty  : uid=1000(system) pool-2-thread-1 expire 119 lines
04-15 12:07:44.112  3815  3816 I HdmiCec : onCecMessage TV->** <Device Vendor ID> 00e091
04-15 12:07:44.114  3694  3694 D HDMI    : [R]:<Device Vendor Id> 0F:87:00:E0:91
04-15 12:07:44.151  3443  3443 I chatty  : uid=0(root) tr69@1.0-servic expire 40 lines
04-15 12:07:44.267  3815  3816 I HdmiCec : onCecMessage TV->P1 <Feature Abort>
04-15 12:07:44.268  3694  3694 D HDMI    : [R]:<Feature Abort> 04:00
04-15 12:07:44.269  3694  3694 W HDMI    : [2]:Unexpected parameters: <Feature Abort> 04:00
04-15 12:07:44.289  3694  3793 D NetworkStats: TetherStats: iface=wlan0 type=3 entry=iface=null uid=-1 set=ALL tag=0x0 metered=ALL roaming=ALL defaultNetwork=ALL rxBytes=0 rxPackets=0 txBytes=0 txPackets=0 operations=0
04-15 12:07:44.290  3694  3793 D NetworkStats: TetherStats: iface=wlan0 type=1 entry=iface=null uid=-1 set=ALL tag=0x0 metered=ALL roaming=ALL defaultNetwork=ALL rxBytes=0 rxPackets=0 txBytes=0 txPackets=0 operations=0
04-15 12:07:44.360  3815  3816 I HdmiCec : onCecMessage TV->P1 <Vendor Command> (04:89:01)
04-15 12:07:44.361  3694  3694 D HDMI    : [R]:<Vendor Command> 04:89:01
04-15 12:07:44.361  3694  3812 D HDMI    : [S]:<Feature Abort> 40:00:89:01
04-15 12:07:44.362  3815  3815 I HdmiCec : sendMessage P1->TV <Feature Abort> <Vendor Command> NOT_IN_CORRECT_MODE
04-15 12:07:44.692  3431  3431 D HAL_STAT: Hal_Stat_GetAudioDecoderStats
04-15 12:07:44.692  3431  3431 I HAL_STAT: Audio decoder [0] not started
04-15 12:07:44.692  3431  3431 I HAL_STAT: Audio decoder [1] not started
04-15 12:07:44.692  3431  3431 I HAL_STAT: Audio decoder [2] not started
04-15 12:07:44.693  3431  3431 D HAL_STAT: Hal_Stat_GetVideoDecoderStats...
04-15 12:07:44.697  3431  3431 D HAL_STAT: Hal_Stat_GetEdidInfo...
04-15 12:07:44.698  3431  3431 E NEXUS   : !!!Error BERR_OS_ERROR(0x6) at /export/jenkins/workspace/F354_AndroidTv_10_StreamTV-Child01/subjob/verizon/out-bcm/target/product/inuvik/obj/FAKE/refsw/obj.972164/nexus/core/syncthunk/nexus_cec_abiverify_client.h:44
04-15 12:07:44.698  3431  3431 D HAL_STAT: outer hal get: followPreferredFormat: 1 format: 32
04-15 12:07:44.698  3431  3431 D HAL_STAT: Hal_Stat_GetHdmiSettings...HDMI Connected with resolutionMode = 1
04-15 12:07:44.699  3431  3431 D arris_hidl_hal_stat: in hal: get resolutionMode: 1 resolutionValue: 1080p
04-15 12:07:44.696  3431  3431 W hal_stat@1.0-se: type=1400 audit(0.0:331): avc: denied { ioctl } for path="/dev/nxmw" dev="tmpfs" ino=364 ioctlcmd=0x805 scontext=u:r:hal_arris_hal_stat:s0 tcontext=u:object_r:nexus_device:s0 tclass=chr_file permissive=0
04-15 12:07:44.705  3694 10795 D NetworkPolicy: 1000 is 7
04-15 12:07:44.710  3694 10795 I chatty  : uid=1000(system) Binder:3694_19 identical 10 lines
04-15 12:07:44.711  3694 10795 D NetworkPolicy: 1000 is 7
04-15 12:07:44.755  3694 10795 D NetworkPolicy: 10034 is allowed on unmetered network
04-15 12:07:44.758  3694 10795 D NetworkPolicy: 10034 is allowed on unmetered network
04-15 12:07:44.759  3694  4453 D NetworkPolicy: 1000 is 7
04-15 12:07:44.848  3443  3443 D         : wld: READ /sys/class/net/wlan0/statistics/tx_packets = 88651
04-15 12:07:44.851  3443  3443 D         : wld: READ /sys/class/net/wlan0/statistics/tx_errors = 0
04-15 12:07:44.854  3443  3443 D         : wld: READ /sys/class/net/wlan0/statistics/tx_dropped = 0
04-15 12:07:44.857  3443  3443 D         : wld: READ /sys/class/net/wlan0/statistics/rx_dropped = 239
04-15 12:07:44.871  3443  3443 D         : wld: cmd: /vendor/bin/wl mfp
04-15 12:07:44.891  3443  3443 D         : wld:MFP_config::0
04-15 12:07:44.893  3443  3443 D         : wld: cmd: /vendor/bin/wl mfp
04-15 12:07:44.913  3443  3443 D         : wld:MFP_config::0
04-15 12:07:44.915  3443  3443 D         : wld: cmd: /vendor/bin/wl mfp
04-15 12:07:44.935  3443  3443 D         : wld:MFP_config::0
04-15 12:07:44.940  3443  3443 D         : wld:: cmd: /vendor/bin/wpa_cli status
04-15 12:07:44.969  3443  3443 D         : wpa: state = wpa_state=COMPLETED
04-15 12:07:44.971  3443  3443 D         : wld:: cmd: /vendor/bin/wpa_cli -v
04-15 12:07:44.994  3443  3443 D         : wpa: version = v2.8-devel-10
04-15 12:07:45.001  3832  3926 D bt_btif_config: btif_get_address_type: Device [98:06:3a:00:45:da] address type 0
04-15 12:07:45.001  3832  3926 D bt_btif_config: btif_get_device_type: Device [98:06:3a:00:45:da] type 2
04-15 12:07:45.001  3832  4457 I bt_stack: [INFO:gatt_api.cc(1105)] GATT_Connectgatt_if=6, address=98:06:3a:00:45:da
04-15 12:07:45.001  3832  4457 I bt_stack: [INFO:connection_manager.cc(97)] App id=0x06already doing background connection to 98:06:3a:00:45:da
04-15 12:07:45.003  3832  3926 D bt_btif_config: btif_get_address_type: Device [98:06:3a:00:45:da] address type 0
04-15 12:07:45.003  3832  3926 D bt_btif_config: btif_get_device_type: Device [98:06:3a:00:45:da] type 2
04-15 12:07:45.003  3832  4457 I bt_stack: [INFO:gatt_api.cc(1105)] GATT_Connectgatt_if=6, address=98:06:3a:00:45:da
04-15 12:07:45.003  3832  4457 I bt_stack: [INFO:connection_manager.cc(97)] App id=0x06already doing background connection to 98:06:3a:00:45:da
04-15 12:07:45.005  3832  3926 D bt_btif_config: btif_get_address_type: Device [98:06:3a:00:45:da] address type 0
04-15 12:07:45.005  3832  3926 D bt_btif_config: btif_get_device_type: Device [98:06:3a:00:45:da] type 2
04-15 12:07:45.005  3832  4457 I bt_stack: [INFO:gatt_api.cc(1105)] GATT_Connectgatt_if=6, address=98:06:3a:00:45:da
04-15 12:07:45.006  3832  4457 I bt_stack: [INFO:connection_manager.cc(97)] App id=0x06already doing background connection to 98:06:3a:00:45:da
04-15 12:07:45.010  3832  3926 D bt_btif_config: btif_get_address_type: Device [98:06:3a:00:45:da] address type 0
04-15 12:07:45.010  3832  3926 D bt_btif_config: btif_get_device_type: Device [98:06:3a:00:45:da] type 2
04-15 12:07:45.010  3832  4457 I bt_stack: [INFO:gatt_api.cc(1105)] GATT_Connectgatt_if=6, address=98:06:3a:00:45:da
04-15 12:07:45.010  3832  4457 I bt_stack: [INFO:connection_manager.cc(97)] App id=0x06already doing background connection to 98:06:3a:00:45:da
04-15 12:07:45.012  3832  3926 D bt_btif_config: btif_get_address_type: Device [98:06:3a:00:45:da] address type 0
04-15 12:07:45.012  3832  3926 D bt_btif_config: btif_get_device_type: Device [98:06:3a:00:45:da] type 2
04-15 12:07:45.012  3832  4457 I bt_stack: [INFO:gatt_api.cc(1105)] GATT_Connectgatt_if=6, address=98:06:3a:00:45:da
04-15 12:07:45.012  3832  4457 I bt_stack: [INFO:connection_manager.cc(97)] App id=0x06already doing background connection to 98:06:3a:00:45:da
04-15 12:07:45.015  3832  3926 D bt_btif_config: btif_get_address_type: Device [98:06:3a:00:45:da] address type 0
04-15 12:07:45.015  3832  3926 D bt_btif_config: btif_get_device_type: Device [98:06:3a:00:45:da] type 2
04-15 12:07:45.015  3832  4457 I bt_stack: [INFO:gatt_api.cc(1105)] GATT_Connectgatt_if=6, address=98:06:3a:00:45:da
04-15 12:07:45.015  3832  4457 I bt_stack: [INFO:connection_manager.cc(97)] App id=0x06already doing background connection to 98:06:3a:00:45:da
04-15 12:07:45.018  3832  3926 D bt_btif_config: btif_get_address_type: Device [98:06:3a:00:45:da] address type 0
04-15 12:07:45.019  3832  3926 D bt_btif_config: btif_get_device_type: Device [98:06:3a:00:45:da] type 2
04-15 12:07:45.019  3832  4457 I bt_stack: [INFO:gatt_api.cc(1105)] GATT_Connectgatt_if=6, address=98:06:3a:00:45:da
04-15 12:07:45.019  3832  4457 I bt_stack: [INFO:connection_manager.cc(97)] App id=0x06already doing background connection to 98:06:3a:00:45:da
04-15 12:07:45.061  3694  4453 I chatty  : uid=1000(system) Binder:3694_9 identical 23 lines
04-15 12:07:45.091  3694  4453 D NetworkPolicy: 1000 is 7
04-15 12:07:45.091  3694 10795 D NetworkPolicy: 1000 is 7
04-15 12:07:45.096  3694 10795 I chatty  : uid=1000(system) Binder:3694_19 identical 12 lines
04-15 12:07:45.096  3694 10795 D NetworkPolicy: 1000 is 7
04-15 12:07:45.745  3694 10795 D NetworkPolicy: 10038 is allowed on unmetered network
04-15 12:07:45.756  3694 10795 D NetworkPolicy: 10034 is allowed on unmetered network
04-15 12:07:45.759  3694 10795 D NetworkPolicy: 10034 is allowed on unmetered network
04-15 12:07:46.064  3694 10795 D NetworkPolicy: 1000 is 7
04-15 12:07:46.758  3694  4453 D NetworkPolicy: 10034 is allowed on unmetered network
04-15 12:07:46.764  3694  4453 D NetworkPolicy: 10034 is allowed on unmetered network
04-15 12:07:47.070  3694  4453 D NetworkPolicy: 1000 is 7
04-15 12:07:47.307  3694  3793 D NetworkStats: TetherStats: iface=wlan0 type=3 entry=iface=null uid=-1 set=ALL tag=0x0 metered=ALL roaming=ALL defaultNetwork=ALL rxBytes=0 rxPackets=0 txBytes=0 txPackets=0 operations=0
04-15 12:07:47.309  3694  3793 D NetworkStats: TetherStats: iface=wlan0 type=1 entry=iface=null uid=-1 set=ALL tag=0x0 metered=ALL roaming=ALL defaultNetwork=ALL rxBytes=0 rxPackets=0 txBytes=0 txPackets=0 operations=0
04-15 12:07:47.760  3694 10795 D NetworkPolicy: 10034 is allowed on unmetered network
04-15 12:07:47.766  3694 10795 D NetworkPolicy: 10034 is allowed on unmetered network
04-15 12:07:48.077  3694 10795 D NetworkPolicy: 1000 is 7
04-15 12:07:48.745  3694  4453 D NetworkPolicy: 10038 is allowed on unmetered network
04-15 12:07:48.761  3694  4453 D NetworkPolicy: 10034 is allowed on unmetered network
04-15 12:07:48.768  3694 10795 D NetworkPolicy: 10034 is allowed on unmetered network
04-15 12:07:49.085  3694  4453 D NetworkPolicy: 1000 is 7
04-15 12:07:49.762  3694 10795 D NetworkPolicy: 10034 is allowed on unmetered network
04-15 12:07:49.771  3694 10795 D NetworkPolicy: 10034 is allowed on unmetered network
04-15 12:07:50.093  3694 10795 D NetworkPolicy: 1000 is 7
04-15 12:07:50.326  3694  3793 D NetworkStats: TetherStats: iface=wlan0 type=3 entry=iface=null uid=-1 set=ALL tag=0x0 metered=ALL roaming=ALL defaultNetwork=ALL rxBytes=0 rxPackets=0 txBytes=0 txPackets=0 operations=0
04-15 12:07:50.329  3694  3793 D NetworkStats: TetherStats: iface=wlan0 type=1 entry=iface=null uid=-1 set=ALL tag=0x0 metered=ALL roaming=ALL defaultNetwork=ALL rxBytes=0 rxPackets=0 txBytes=0 txPackets=0 operations=0
04-15 12:07:50.762  3694  4453 D NetworkPolicy: 10034 is allowed on unmetered network
04-15 12:07:50.769  3694  4453 D NetworkPolicy: 10034 is allowed on unmetered network
04-15 12:07:51.102  3694  4453 D NetworkPolicy: 1000 is 7
04-15 12:07:51.564  3815  3816 I HdmiCec : onCecMessage TV->P1 <Vendor Command> (04:89:01)
04-15 12:07:51.565  3694  3694 D HDMI    : [R]:<Vendor Command> 04:89:01
04-15 12:07:51.567  3694  3812 D HDMI    : [S]:<Feature Abort> 40:00:89:01
04-15 12:07:51.569  3815  3815 I HdmiCec : sendMessage P1->TV <Feature Abort> <Vendor Command> NOT_IN_CORRECT_MODE
04-15 12:07:51.745  3694  4453 D NetworkPolicy: 10038 is allowed on unmetered network
04-15 12:07:51.763  3694  4453 D NetworkPolicy: 10034 is allowed on unmetered network
04-15 12:07:51.770  3694  4453 D NetworkPolicy: 10034 is allowed on unmetered network
