04-15 12:00:06.552  5330  5330 I chromium: [5330:5330:INFO:grpc_manager_impl.cc(828)] GRPC[uri=[::]:0]: service_name=chromecast.LocalCloudcastService, rpc_name=ExecuteActionScript, num_active_handlers=1, num_free_handlers=0
04-15 12:00:06.552  5330  5330 I chromium: [5330:5330:INFO:grpc_manager_impl.cc(828)] GRPC[uri=[::]:0]: service_name=chromecast.LocalCloudcastService, rpc_name=GetDeviceStatus, num_active_handlers=1, num_free_handlers=0
04-15 12:00:06.552  5330  5330 I chromium: [5330:5330:INFO:grpc_manager_impl.cc(828)] GRPC[uri=[::]:0]: service_name=chromecast.LocalCloudcastService, rpc_name=ObserveDeviceStatus, num_active_handlers=1, num_free_handlers=0
04-15 12:00:06.579  5330  6629 I chromium: [5330:6629:INFO:grpc_manager_impl.cc(818)] GRPC[uri=binder:com.google.android.apps.mediashell:usonia-ipc-socket]: num_pending_calls=0, num_active_handlers=0, num_free_handlers=0
04-15 12:00:06.579  5330  5330 I chromium: [5330:5330:INFO:grpc_manager_impl.cc(818)] GRPC[uri=]: num_pending_calls=0, num_active_handlers=0, num_free_handlers=0
04-15 12:00:06.579  5330  5330 I chatty  : uid=10034(com.google.android.apps.mediashell) identical 1 line
04-15 12:00:06.583  5330  5330 I chromium: [5330:5330:INFO:grpc_manager_impl.cc(818)] GRPC[uri=]: num_pending_calls=0, num_active_handlers=0, num_free_handlers=0
04-15 12:00:07.172  5330  5330 I chromium: [5330:5330:INFO:metrics_stat_logger.cc(55)] Metrics stat for the past 60 secs : total=0
04-15 12:00:07.271  5330  6629 I chromium: [5330:6629:INFO:grpc_manager_impl.cc(818)] GRPC[uri=[::]:8012]: num_pending_calls=0, num_active_handlers=0, num_free_handlers=0
04-15 12:00:08.659  5330  6629 I chromium: [5330:6629:INFO:distributed_service_registrar_impl.cc(246)] No active usonia services serving clients.
04-15 12:00:11.509  5330  6628 I chromium: [5330:6628:INFO:wifi_proximity.cc(177)] Request scan.
04-15 12:00:11.784  3815  3816 I chatty  : uid=1000(system) nx_sched_idle expire 8 lines
04-15 12:00:23.359  3443  3443 I chatty  : uid=0(root) tr69@1.0-servic expire 56 lines
04-15 12:00:24.684  8022  8437 I chatty  : uid=1000(system) pool-2-thread-1 expire 119 lines
04-15 12:00:25.251  3431  3431 I chatty  : uid=1000(system) hal_stat@1.0-se expire 11 lines
04-15 12:00:25.552  3832  3926 D bt_btif_config: btif_get_address_type: Device [98:06:3a:00:45:da] address type 0
04-15 12:00:25.553  3832  3926 D bt_btif_config: btif_get_device_type: Device [98:06:3a:00:45:da] type 2
04-15 12:00:25.553  3832  4457 I bt_stack: [INFO:gatt_api.cc(1105)] GATT_Connectgatt_if=6, address=98:06:3a:00:45:da
04-15 12:00:25.553  3832  4457 I bt_stack: [INFO:connection_manager.cc(97)] App id=0x06already doing background connection to 98:06:3a:00:45:da
04-15 12:00:25.555  3832  3926 D bt_btif_config: btif_get_address_type: Device [98:06:3a:00:45:da] address type 0
04-15 12:00:25.555  3832  3926 D bt_btif_config: btif_get_device_type: Device [98:06:3a:00:45:da] type 2
04-15 12:00:25.555  3832  4457 I bt_stack: [INFO:gatt_api.cc(1105)] GATT_Connectgatt_if=6, address=98:06:3a:00:45:da
04-15 12:00:25.555  3832  4457 I bt_stack: [INFO:connection_manager.cc(97)] App id=0x06already doing background connection to 98:06:3a:00:45:da
04-15 12:00:25.557  3832  3926 D bt_btif_config: btif_get_address_type: Device [98:06:3a:00:45:da] address type 0
04-15 12:00:25.557  3832  3926 D bt_btif_config: btif_get_device_type: Device [98:06:3a:00:45:da] type 2
04-15 12:00:25.558  3832  4457 I bt_stack: [INFO:gatt_api.cc(1105)] GATT_Connectgatt_if=6, address=98:06:3a:00:45:da
04-15 12:00:25.558  3832  4457 I bt_stack: [INFO:connection_manager.cc(97)] App id=0x06already doing background connection to 98:06:3a:00:45:da
04-15 12:00:25.562  3832  3926 D bt_btif_config: btif_get_address_type: Device [98:06:3a:00:45:da] address type 0
04-15 12:00:25.562  3832  3926 D bt_btif_config: btif_get_device_type: Device [98:06:3a:00:45:da] type 2
04-15 12:00:25.562  3832  4457 I bt_stack: [INFO:gatt_api.cc(1105)] GATT_Connectgatt_if=6, address=98:06:3a:00:45:da
04-15 12:00:25.562  3832  4457 I bt_stack: [INFO:connection_manager.cc(97)] App id=0x06already doing background connection to 98:06:3a:00:45:da
04-15 12:00:25.564  3832  3926 D bt_btif_config: btif_get_address_type: Device [98:06:3a:00:45:da] address type 0
04-15 12:00:25.564  3832  3926 D bt_btif_config: btif_get_device_type: Device [98:06:3a:00:45:da] type 2
04-15 12:00:25.565  3832  4457 I bt_stack: [INFO:gatt_api.cc(1105)] GATT_Connectgatt_if=6, address=98:06:3a:00:45:da
04-15 12:00:25.565  3832  4457 I bt_stack: [INFO:connection_manager.cc(97)] App id=0x06already doing background connection to 98:06:3a:00:45:da
04-15 12:00:25.567  3832  3926 D bt_btif_config: btif_get_address_type: Device [98:06:3a:00:45:da] address type 0
04-15 12:00:25.567  3832  3926 D bt_btif_config: btif_get_device_type: Device [98:06:3a:00:45:da] type 2
04-15 12:00:25.567  3832  4457 I bt_stack: [INFO:gatt_api.cc(1105)] GATT_Connectgatt_if=6, address=98:06:3a:00:45:da
04-15 12:00:25.567  3832  4457 I bt_stack: [INFO:connection_manager.cc(97)] App id=0x06already doing background connection to 98:06:3a:00:45:da
04-15 12:00:25.569  3832  3926 D bt_btif_config: btif_get_address_type: Device [98:06:3a:00:45:da] address type 0
04-15 12:00:25.570  3832  3926 D bt_btif_config: btif_get_device_type: Device [98:06:3a:00:45:da] type 2
04-15 12:00:25.570  3832  4457 I bt_stack: [INFO:gatt_api.cc(1105)] GATT_Connectgatt_if=6, address=98:06:3a:00:45:da
04-15 12:00:25.570  3832  4457 I bt_stack: [INFO:connection_manager.cc(97)] App id=0x06already doing background connection to 98:06:3a:00:45:da
04-15 12:00:27.820  8022  8047 I chatty  : uid=1000(system) Thread-2 expire 16 lines
04-15 12:00:30.839  5330 12976 I chromium: [5330:12976:INFO:ssdp_device.c(101)] SSDP packets sent for 43 seconds = 1
04-15 12:00:32.324  3694  3793 I chatty  : uid=1000(system) ClientModeImpl expire 14 lines
04-15 12:00:33.635  4807  5169 I chatty  : uid=10016(com.verizon.qlv.services) Thread-684 expire 1 line
04-15 12:00:33.636  4807 13678 I chatty  : uid=10016(com.verizon.qlv.services) expire 7 lines
04-15 12:00:33.730  3389 13680 I chatty  : uid=0(root) Binder:3389_3 expire 1 line
04-15 12:00:34.285  4807  5105 I chatty  : uid=10016(com.verizon.qlv.services) Thread-687 expire 3 lines
04-15 12:00:34.286  4807 13678 I chatty  : uid=10016(com.verizon.qlv.services) expire 2 lines
04-15 12:00:34.286  4807  5105 I chatty  : uid=10016(com.verizon.qlv.services) Thread-687 expire 3 lines
04-15 12:00:34.289  4807  5108 I chatty  : uid=10016(com.verizon.qlv.services) Thread-668 expire 3 lines
04-15 12:00:34.310  4807 13678 I chatty  : uid=10016(com.verizon.qlv.services) expire 15 lines
04-15 12:00:34.318  4807  5217 I chatty  : uid=10016(com.verizon.qlv.services) ntThreadProcess expire 2 lines
04-15 12:00:34.320  4807 13678 I chatty  : uid=10016(com.verizon.qlv.services) expire 15 lines
04-15 12:00:34.327  4807 13681 I chatty  : uid=10016(com.verizon.qlv.services) expire 1 line
04-15 12:00:34.327  4807  5108 I chatty  : uid=10016(com.verizon.qlv.services) Thread-668 expire 1 line
04-15 12:00:34.328  4807 13678 I chatty  : uid=10016(com.verizon.qlv.services) expire 11 lines
04-15 12:00:34.359  4807  4868 I chatty  : uid=10016(com.verizon.qlv.services) Binder:4807_3 expire 1 line
04-15 12:00:34.360  4807  4871 I chatty  : uid=10016(com.verizon.qlv.services) Binder:4807_4 expire 3 lines
04-15 12:00:34.361  4807 13678 I chatty  : uid=10016(com.verizon.qlv.services) expire 1 line
04-15 12:00:34.366  4807  4871 I chatty  : uid=10016(com.verizon.qlv.services) Binder:4807_4 expire 3 lines
04-15 12:00:34.373  4807  4868 I chatty  : uid=10016(com.verizon.qlv.services) Binder:4807_3 expire 1 line
04-15 12:00:34.376  4807  4871 I chatty  : uid=10016(com.verizon.qlv.services) Binder:4807_4 expire 8 lines
04-15 12:00:34.392  4807  4868 I chatty  : uid=10016(com.verizon.qlv.services) Binder:4807_3 expire 3 lines
04-15 12:00:34.398  4807  4871 I chatty  : uid=10016(com.verizon.qlv.services) Binder:4807_4 expire 3 lines
04-15 12:00:34.406  4807  4868 I chatty  : uid=10016(com.verizon.qlv.services) Binder:4807_3 expire 3 lines
04-15 12:00:34.411  4807  4871 I chatty  : uid=10016(com.verizon.qlv.services) Binder:4807_4 expire 1 line
04-15 12:00:34.414  4807  4868 I chatty  : uid=10016(com.verizon.qlv.services) Binder:4807_3 expire 9 lines
04-15 12:00:34.428  3389 13683 I chatty  : uid=0(root) Binder:3389_3 expire 1 line
04-15 12:00:34.435  4807  4871 I chatty  : uid=10016(com.verizon.qlv.services) Binder:4807_4 expire 2 lines
04-15 12:00:34.439  4807  4868 I chatty  : uid=10016(com.verizon.qlv.services) Binder:4807_3 expire 5 lines
04-15 12:00:34.458  4807  4871 I chatty  : uid=10016(com.verizon.qlv.services) Binder:4807_4 expire 2 lines
04-15 12:00:34.463  4807  7336 I chatty  : uid=10016(com.verizon.qlv.services) Binder:4807_9 expire 2 lines
04-15 12:00:34.465  4807  4871 I chatty  : uid=10016(com.verizon.qlv.services) Binder:4807_4 expire 1 line
04-15 12:00:34.466  4807  4868 I chatty  : uid=10016(com.verizon.qlv.services) Binder:4807_3 expire 2 lines
04-15 12:00:34.473  4807  4871 I chatty  : uid=10016(com.verizon.qlv.services) Binder:4807_4 expire 1 line
04-15 12:00:34.475  4807  4868 I chatty  : uid=10016(com.verizon.qlv.services) Binder:4807_3 expire 2 lines
04-15 12:00:34.479  4807  4871 I chatty  : uid=10016(com.verizon.qlv.services) Binder:4807_4 expire 3 lines
04-15 12:00:34.484  4807  4868 I chatty  : uid=10016(com.verizon.qlv.services) Binder:4807_3 expire 4 lines
04-15 12:00:34.486  4807  4871 I chatty  : uid=10016(com.verizon.qlv.services) Binder:4807_4 expire 4 lines
04-15 12:00:34.493  4643  4643 I areSameItems: ****** Contents are not Same ********
04-15 12:00:34.538  4807 13681 I chatty  : uid=10016(com.verizon.qlv.services) expire 3 lines
04-15 12:00:35.931  4134  5134 E memtrack: Couldn't load memtrack module
04-15 12:00:35.931  4134  5134 W android.os.Debug: failed to get memory consumption info: -1
04-15 12:00:41.939  3815  3816 I chatty  : uid=1000(system) nx_sched_idle expire 12 lines
04-15 12:00:42.190  3815  3815 I chatty  : uid=1000(system) cec@1.0-service expire 12 lines
04-15 12:00:48.005  8022  8122 I chatty  : uid=1000(system) pool-1-thread-1 expire 1 line
04-15 12:00:51.985  3694 13519 I chatty  : uid=1000(system) Binder:3694_1C expire 135 lines
04-15 12:00:53.473  3694  3793 I chatty  : uid=1000(system) ClientModeImpl expire 34 lines
04-15 12:00:55.351  3694  4979 I chatty  : uid=1000(system) Binder:3694_C expire 98 lines
04-15 12:00:55.944  8022  8437 I chatty  : uid=1000(system) pool-2-thread-1 expire 137 lines
04-15 12:00:55.953  3443  3443 I chatty  : uid=0(root) tr69@1.0-servic expire 54 lines
04-15 12:00:56.531  3431  3431 I chatty  : uid=1000(system) hal_stat@1.0-se expire 11 lines
04-15 12:00:57.016  3694  3694 I chatty  : uid=1000 system_server expire 17 lines
04-15 12:00:57.265  3694  3812 I chatty  : uid=1000(system) Hdmi Control Io expire 7 lines
04-15 12:00:58.103  8022  8047 I chatty  : uid=1000(system) Thread-2 expire 16 lines
04-15 12:00:58.106  3443  8048 I chatty  : uid=0(root) ArrisTr69Thread expire 11 lines
04-15 12:01:07.173  5330  5330 I chromium: [5330:5330:INFO:metrics_stat_logger.cc(55)] Metrics stat for the past 60 secs : total=3
04-15 12:01:07.173  5330  5330 I chromium: [metrics_stat_logger] Cast.Discovery.Mdns.ResponderPing=1
04-15 12:01:07.173  5330  5330 I chromium: [metrics_stat_logger] Cast.Discovery.Mdns.SocketPing=1
04-15 12:01:07.173  5330  5330 I chromium: [metrics_stat_logger] Cast.System.Time.Heartbeat=1
04-15 12:01:14.604  3694  3793 I chatty  : uid=1000(system) ClientModeImpl expire 10 lines
04-15 12:01:17.228  5330 12976 I chromium: [5330:12976:INFO:ssdp_device.c(101)] SSDP packets sent for 47 seconds = 9
04-15 12:01:23.444  3443  3443 I chatty  : uid=0(root) tr69@1.0-servic expire 56 lines
04-15 12:01:25.062  3598 13708 I adbd    : host-20: write thread spawning
04-15 12:01:25.062  3598 13707 I adbd    : host-20: read thread spawning
04-15 12:01:25.063  3598  3598 I adbd    : host-20: already offline
04-15 12:01:25.063  3598  3598 I adbd    : Calling send_auth_request...
04-15 12:01:25.098  3598  3598 I adbd    : Loading keys from /data/misc/adb/adb_keys
04-15 12:01:25.147  3598  3598 I adbd    : adb client authorized
04-15 12:01:25.149  3694  4270 I chatty  : uid=1000(system) AdbDebuggingMan expire 1 line
04-15 12:01:25.152  3694  3712 I chatty  : uid=1000(system) android.fg expire 2 lines
04-15 12:01:27.172  3815  3816 I chatty  : uid=1000(system) nx_sched_idle expire 19 lines
04-15 12:01:27.202  8022  8437 I chatty  : uid=1000(system) pool-2-thread-1 expire 119 lines
04-15 12:01:28.697  8022  8047 I chatty  : uid=1000(system) Thread-2 expire 16 lines
04-15 12:01:28.705  3443  8048 I chatty  : uid=0(root) ArrisTr69Thread expire 20 lines
04-15 12:01:28.848  3431  3431 I chatty  : uid=1000(system) hal_stat@1.0-se expire 11 lines
04-15 12:01:29.313  3832  3926 D bt_btif_config: btif_get_address_type: Device [98:06:3a:00:45:da] address type 0
04-15 12:01:29.314  3832  3926 D bt_btif_config: btif_get_device_type: Device [98:06:3a:00:45:da] type 2
04-15 12:01:29.314  3832  4457 I bt_stack: [INFO:gatt_api.cc(1105)] GATT_Connectgatt_if=6, address=98:06:3a:00:45:da
04-15 12:01:29.314  3832  4457 I bt_stack: [INFO:connection_manager.cc(97)] App id=0x06already doing background connection to 98:06:3a:00:45:da
04-15 12:01:29.316  3832  3926 D bt_btif_config: btif_get_address_type: Device [98:06:3a:00:45:da] address type 0
04-15 12:01:29.316  3832  3926 D bt_btif_config: btif_get_device_type: Device [98:06:3a:00:45:da] type 2
04-15 12:01:29.317  3832  4457 I bt_stack: [INFO:gatt_api.cc(1105)] GATT_Connectgatt_if=6, address=98:06:3a:00:45:da
04-15 12:01:29.317  3832  4457 I bt_stack: [INFO:connection_manager.cc(97)] App id=0x06already doing background connection to 98:06:3a:00:45:da
04-15 12:01:29.319  3832  3926 D bt_btif_config: btif_get_address_type: Device [98:06:3a:00:45:da] address type 0
04-15 12:01:29.319  3832  3926 D bt_btif_config: btif_get_device_type: Device [98:06:3a:00:45:da] type 2
04-15 12:01:29.319  3832  4457 I bt_stack: [INFO:gatt_api.cc(1105)] GATT_Connectgatt_if=6, address=98:06:3a:00:45:da
04-15 12:01:29.319  3832  4457 I bt_stack: [INFO:connection_manager.cc(97)] App id=0x06already doing background connection to 98:06:3a:00:45:da
04-15 12:01:29.325  3832  3926 D bt_btif_config: btif_get_address_type: Device [98:06:3a:00:45:da] address type 0
04-15 12:01:29.325  3832  3926 D bt_btif_config: btif_get_device_type: Device [98:06:3a:00:45:da] type 2
04-15 12:01:29.325  3832  4457 I bt_stack: [INFO:gatt_api.cc(1105)] GATT_Connectgatt_if=6, address=98:06:3a:00:45:da
04-15 12:01:29.325  3832  4457 I bt_stack: [INFO:connection_manager.cc(97)] App id=0x06already doing background connection to 98:06:3a:00:45:da
04-15 12:01:29.329  3832  3926 D bt_btif_config: btif_get_address_type: Device [98:06:3a:00:45:da] address type 0
04-15 12:01:29.329  3832  3926 D bt_btif_config: btif_get_device_type: Device [98:06:3a:00:45:da] type 2
04-15 12:01:29.329  3832  4457 I bt_stack: [INFO:gatt_api.cc(1105)] GATT_Connectgatt_if=6, address=98:06:3a:00:45:da
04-15 12:01:29.330  3832  4457 I bt_stack: [INFO:connection_manager.cc(97)] App id=0x06already doing background connection to 98:06:3a:00:45:da
04-15 12:01:29.333  3832  3926 D bt_btif_config: btif_get_address_type: Device [98:06:3a:00:45:da] address type 0
04-15 12:01:29.333  3832  3926 D bt_btif_config: btif_get_device_type: Device [98:06:3a:00:45:da] type 2
04-15 12:01:29.333  3832  4457 I bt_stack: [INFO:gatt_api.cc(1105)] GATT_Connectgatt_if=6, address=98:06:3a:00:45:da
04-15 12:01:29.333  3832  4457 I bt_stack: [INFO:connection_manager.cc(97)] App id=0x06already doing background connection to 98:06:3a:00:45:da
04-15 12:01:29.336  3832  3926 D bt_btif_config: btif_get_address_type: Device [98:06:3a:00:45:da] address type 0
04-15 12:01:29.336  3832  3926 D bt_btif_config: btif_get_device_type: Device [98:06:3a:00:45:da] type 2
04-15 12:01:29.337  3832  4457 I bt_stack: [INFO:gatt_api.cc(1105)] GATT_Connectgatt_if=6, address=98:06:3a:00:45:da
04-15 12:01:29.337  3832  4457 I bt_stack: [INFO:connection_manager.cc(97)] App id=0x06already doing background connection to 98:06:3a:00:45:da
04-15 12:01:39.981  5330  5330 I chromium: [5330:5330:INFO:debug_endpoint_manager_grpc_client.cc(365)] gRPC client channel state changed to GRPC_CHANNEL_TRANSIENT_FAILURE
04-15 12:01:42.391  4807  4829 I chatty  : uid=10016(com.verizon.qlv.services) HeapTaskDaemon expire 1 line
04-15 12:01:42.392  3694  4453 I chatty  : uid=1000(system) Binder:3694_9 expire 1 line
04-15 12:01:44.793  3694  3793 I chatty  : uid=1000(system) ClientModeImpl expire 11 lines
04-15 12:01:44.405  3694 13519 D NetworkPolicy: 10034 is allowed on unmetered network
04-15 12:01:44.795  3694  3793 D NetworkStats: TetherStats: iface=wlan0 type=3 entry=iface=null uid=-1 set=ALL tag=0x0 metered=ALL roaming=ALL defaultNetwork=ALL rxBytes=0 rxPackets=0 txBytes=0 txPackets=0 operations=0
04-15 12:01:44.798  3694  3793 D NetworkStats: TetherStats: iface=wlan0 type=1 entry=iface=null uid=-1 set=ALL tag=0x0 metered=ALL roaming=ALL defaultNetwork=ALL rxBytes=0 rxPackets=0 txBytes=0 txPackets=0 operations=0
04-15 12:01:45.374  3694  4453 D NetworkPolicy: 1000 is 7
04-15 12:01:45.397  3694  4453 D NetworkPolicy: 10034 is allowed on unmetered network
04-15 12:01:45.406  3694 13519 D NetworkPolicy: 10034 is allowed on unmetered network
04-15 12:01:45.711  3694 13519 D NetworkPolicy: 10038 is allowed on unmetered network
04-15 12:01:46.382  3694 13519 D NetworkPolicy: 1000 is 7
04-15 12:01:46.398  3694  4453 D NetworkPolicy: 10034 is allowed on unmetered network
04-15 12:01:46.409  3694  4453 D NetworkPolicy: 10034 is allowed on unmetered network
04-15 12:01:47.389  3694  4453 D NetworkPolicy: 1000 is 7
04-15 12:01:47.401  3694  4453 D NetworkPolicy: 10034 is allowed on unmetered network
04-15 12:01:47.407  3694  4453 D NetworkPolicy: 10034 is allowed on unmetered network
04-15 12:01:47.818  3694  3793 D NetworkStats: TetherStats: iface=wlan0 type=3 entry=iface=null uid=-1 set=ALL tag=0x0 metered=ALL roaming=ALL defaultNetwork=ALL rxBytes=0 rxPackets=0 txBytes=0 txPackets=0 operations=0
04-15 12:01:47.821  3694  3793 D NetworkStats: TetherStats: iface=wlan0 type=1 entry=iface=null uid=-1 set=ALL tag=0x0 metered=ALL roaming=ALL defaultNetwork=ALL rxBytes=0 rxPackets=0 txBytes=0 txPackets=0 operations=0
04-15 12:01:48.396  3694 13519 D NetworkPolicy: 1000 is 7
04-15 12:01:48.401  3694  4453 D NetworkPolicy: 10034 is allowed on unmetered network
04-15 12:01:48.410  3694 13519 D NetworkPolicy: 10034 is allowed on unmetered network
04-15 12:01:48.711  3694 13519 D NetworkPolicy: 10038 is allowed on unmetered network
04-15 12:01:49.401  3694 13519 D NetworkPolicy: 10034 is allowed on unmetered network
04-15 12:01:49.410  3694 13519 D NetworkPolicy: 1000 is 7
04-15 12:01:49.414  3694  4453 D NetworkPolicy: 10034 is allowed on unmetered network
04-15 12:01:49.701  3694  3694 D HDMI    : [R]:<Vendor Command> 04:89:01
04-15 12:01:49.702  3694  3812 D HDMI    : [S]:<Feature Abort> 40:00:89:01
04-15 12:01:50.403  3694 13519 D NetworkPolicy: 10034 is allowed on unmetered network
04-15 12:01:50.413  3694 13519 D NetworkPolicy: 10034 is allowed on unmetered network
04-15 12:01:50.420  3694  4453 D NetworkPolicy: 1000 is 7
04-15 12:01:50.839  3694  3793 D NetworkStats: TetherStats: iface=wlan0 type=3 entry=iface=null uid=-1 set=ALL tag=0x0 metered=ALL roaming=ALL defaultNetwork=ALL rxBytes=0 rxPackets=0 txBytes=0 txPackets=0 operations=0
04-15 12:01:50.841  3694  3793 D NetworkStats: TetherStats: iface=wlan0 type=1 entry=iface=null uid=-1 set=ALL tag=0x0 metered=ALL roaming=ALL defaultNetwork=ALL rxBytes=0 rxPackets=0 txBytes=0 txPackets=0 operations=0
04-15 12:01:51.404  3694 13519 D NetworkPolicy: 10034 is allowed on unmetered network
04-15 12:01:51.412  3694 13519 D NetworkPolicy: 10034 is allowed on unmetered network
04-15 12:01:51.432  3694 13519 D NetworkPolicy: 1000 is 7
04-15 12:01:51.711  3694  4453 D NetworkPolicy: 10038 is allowed on unmetered network
04-15 12:01:52.405  3694  4453 D NetworkPolicy: 10034 is allowed on unmetered network
04-15 12:01:52.411  3694  4453 D NetworkPolicy: 10034 is allowed on unmetered network
04-15 12:01:52.438  3694  4453 D NetworkPolicy: 1000 is 7
04-15 12:01:53.406  3694 13519 D NetworkPolicy: 10034 is allowed on unmetered network
04-15 12:01:53.412  3694 13519 D NetworkPolicy: 10034 is allowed on unmetered network
04-15 12:01:53.445  3694 13519 D NetworkPolicy: 1000 is 7
04-15 12:01:53.857  3694  3793 D NetworkStats: TetherStats: iface=wlan0 type=3 entry=iface=null uid=-1 set=ALL tag=0x0 metered=ALL roaming=ALL defaultNetwork=ALL rxBytes=0 rxPackets=0 txBytes=0 txPackets=0 operations=0
04-15 12:01:53.861  3694  3793 D NetworkStats: TetherStats: iface=wlan0 type=1 entry=iface=null uid=-1 set=ALL tag=0x0 metered=ALL roaming=ALL defaultNetwork=ALL rxBytes=0 rxPackets=0 txBytes=0 txPackets=0 operations=0
04-15 12:01:54.407  3694  4453 D NetworkPolicy: 10034 is allowed on unmetered network
04-15 12:01:54.414  3694  4453 D NetworkPolicy: 10034 is allowed on unmetered network
04-15 12:01:54.453  3694  4453 D NetworkPolicy: 1000 is 7
04-15 12:01:54.712  3694 13519 D NetworkPolicy: 10038 is allowed on unmetered network
04-15 12:01:55.408  3694 13519 D NetworkPolicy: 10034 is allowed on unmetered network
04-15 12:01:55.415  3694 13519 D NetworkPolicy: 10034 is allowed on unmetered network
04-15 12:01:55.460  3694  4453 D NetworkPolicy: 1000 is 7
04-15 12:01:56.409  3694  4453 D NetworkPolicy: 10034 is allowed on unmetered network
04-15 12:01:56.415  3694  4453 D NetworkPolicy: 10034 is allowed on unmetered network
04-15 12:01:56.467  3694  4453 D NetworkPolicy: 1000 is 7
04-15 12:01:56.879  3694  3793 D NetworkStats: TetherStats: iface=wlan0 type=3 entry=iface=null uid=-1 set=ALL tag=0x0 metered=ALL roaming=ALL defaultNetwork=ALL rxBytes=0 rxPackets=0 txBytes=0 txPackets=0 operations=0
04-15 12:01:56.883  3694  3793 D NetworkStats: TetherStats: iface=wlan0 type=1 entry=iface=null uid=-1 set=ALL tag=0x0 metered=ALL roaming=ALL defaultNetwork=ALL rxBytes=0 rxPackets=0 txBytes=0 txPackets=0 operations=0
04-15 12:01:57.329  3694  3694 D HDMI    : [R]:<Device Vendor Id> 0F:87:00:E0:91
04-15 12:01:57.411  3694 13519 D NetworkPolicy: 10034 is allowed on unmetered network
04-15 12:01:57.419  3694 13519 D NetworkPolicy: 10034 is allowed on unmetered network
04-15 12:01:57.477  3694 13519 D NetworkPolicy: 1000 is 7
04-15 12:01:57.483  3694  3694 D HDMI    : [R]:<Feature Abort> 04:00
04-15 12:01:57.577  3694  3694 D HDMI    : [R]:<Vendor Command> 04:89:01
04-15 12:01:57.578  3694  3812 D HDMI    : [S]:<Feature Abort> 40:00:89:01
04-15 12:01:57.712  3694  4453 D NetworkPolicy: 10038 is allowed on unmetered network
04-15 12:01:58.411  3694  4453 D NetworkPolicy: 10034 is allowed on unmetered network
04-15 12:01:58.417  3694  4453 D NetworkPolicy: 10034 is allowed on unmetered network
04-15 12:01:58.484  3694  4453 D NetworkPolicy: 1000 is 7
04-15 12:01:58.949  3694 13519 W ActivityManager: Receiver with filter android.content.IntentFilter@18633ca already registered for pid 8022, callerPackage is com.arris.chmframework
04-15 12:01:58.951  8022  8047 I chatty  : uid=1000(system) Thread-2 expire 16 lines
04-15 12:01:59.411  3694 13519 D NetworkPolicy: 10034 is allowed on unmetered network
04-15 12:01:59.417  3694 13519 D NetworkPolicy: 10034 is allowed on unmetered network
04-15 12:01:59.491  3694  4453 D NetworkPolicy: 1000 is 7
04-15 12:01:59.833  8022  8437 I chatty  : uid=1000(system) pool-2-thread-1 expire 137 lines
04-15 12:01:59.842  3443  3443 I chatty  : uid=0(root) tr69@1.0-servic expire 54 lines
04-15 12:01:59.902  3694  3793 D NetworkStats: TetherStats: iface=wlan0 type=3 entry=iface=null uid=-1 set=ALL tag=0x0 metered=ALL roaming=ALL defaultNetwork=ALL rxBytes=0 rxPackets=0 txBytes=0 txPackets=0 operations=0
04-15 12:01:59.905  3694  3793 D NetworkStats: TetherStats: iface=wlan0 type=1 entry=iface=null uid=-1 set=ALL tag=0x0 metered=ALL roaming=ALL defaultNetwork=ALL rxBytes=0 rxPackets=0 txBytes=0 txPackets=0 operations=0
04-15 12:02:00.411  3694 13519 D NetworkPolicy: 10034 is allowed on unmetered network
04-15 12:02:00.413  3694  4453 D NetworkPolicy: 10034 is allowed on unmetered network
04-15 12:02:00.440  3431  3431 I chatty  : uid=1000(system) hal_stat@1.0-se expire 11 lines
04-15 12:02:00.450  3694  4979 D NetworkPolicy: 1000 is 7
04-15 12:02:00.498  3694  4979 I chatty  : uid=1000(system) Binder:3694_C identical 17 lines
04-15 12:02:00.499  3694  4979 D NetworkPolicy: 1000 is 7
04-15 12:02:00.501  3694 13519 D NetworkPolicy: 1000 is 7
04-15 12:02:00.583  3694 13519 I chatty  : uid=1000(system) Binder:3694_1C identical 15 lines
04-15 12:02:00.638  3694 13519 D NetworkPolicy: 1000 is 7
04-15 12:02:00.712  3694 13519 D NetworkPolicy: 10038 is allowed on unmetered network
04-15 12:02:00.800  3694 13519 D NetworkPolicy: 1000 is 7
04-15 12:02:00.806  3694 13519 I chatty  : uid=1000(system) Binder:3694_1C identical 13 lines
04-15 12:02:00.806  3694 13519 D NetworkPolicy: 1000 is 7
04-15 12:02:01.411  3694 13519 D NetworkPolicy: 10034 is allowed on unmetered network
04-15 12:02:01.414  3694 13519 D NetworkPolicy: 10034 is allowed on unmetered network
04-15 12:02:01.502  3694 13519 D NetworkPolicy: 1000 is 7
04-15 12:02:02.413  3694  4979 D NetworkPolicy: 10034 is allowed on unmetered network
04-15 12:02:02.420  3694  4979 D NetworkPolicy: 10034 is allowed on unmetered network
04-15 12:02:02.506  3694  4979 D NetworkPolicy: 1000 is 7
04-15 12:02:02.920  3694  3793 D NetworkStats: TetherStats: iface=wlan0 type=3 entry=iface=null uid=-1 set=ALL tag=0x0 metered=ALL roaming=ALL defaultNetwork=ALL rxBytes=0 rxPackets=0 txBytes=0 txPackets=0 operations=0
04-15 12:02:02.922  3694  3793 D NetworkStats: TetherStats: iface=wlan0 type=1 entry=iface=null uid=-1 set=ALL tag=0x0 metered=ALL roaming=ALL defaultNetwork=ALL rxBytes=0 rxPackets=0 txBytes=0 txPackets=0 operations=0
04-15 12:02:03.414  3694 13519 D NetworkPolicy: 10034 is allowed on unmetered network
04-15 12:02:03.420  3694 13519 D NetworkPolicy: 10034 is allowed on unmetered network
04-15 12:02:03.514  3694 13519 D NetworkPolicy: 1000 is 7
04-15 12:02:03.713  3694 13519 D NetworkPolicy: 10038 is allowed on unmetered network
04-15 12:02:04.415  3694 13519 D NetworkPolicy: 10034 is allowed on unmetered network
04-15 12:02:04.425  3694 13519 D NetworkPolicy: 10034 is allowed on unmetered network
04-15 12:02:04.522  3694 13519 D NetworkPolicy: 1000 is 7
04-15 12:02:04.781  3694  3694 D HDMI    : [R]:<Vendor Command> 04:89:01
04-15 12:02:04.782  3694  3812 D HDMI    : [S]:<Feature Abort> 40:00:89:01
04-15 12:02:05.417  3694  4979 D NetworkPolicy: 10034 is allowed on unmetered network
04-15 12:02:05.426  3694  4979 D NetworkPolicy: 10034 is allowed on unmetered network
04-15 12:02:05.530  3694  4979 D NetworkPolicy: 1000 is 7
04-15 12:02:05.944  3694  3793 D NetworkStats: TetherStats: iface=wlan0 type=3 entry=iface=null uid=-1 set=ALL tag=0x0 metered=ALL roaming=ALL defaultNetwork=ALL rxBytes=0 rxPackets=0 txBytes=0 txPackets=0 operations=0
04-15 12:02:05.947  3694  3793 D NetworkStats: TetherStats: iface=wlan0 type=1 entry=iface=null uid=-1 set=ALL tag=0x0 metered=ALL roaming=ALL defaultNetwork=ALL rxBytes=0 rxPackets=0 txBytes=0 txPackets=0 operations=0
04-15 12:02:06.418  3694 13519 D NetworkPolicy: 10034 is allowed on unmetered network
04-15 12:02:06.426  3694 13519 D NetworkPolicy: 10034 is allowed on unmetered network
04-15 12:02:06.537  3694 13519 D NetworkPolicy: 1000 is 7
04-15 12:02:06.713  3694  4979 D NetworkPolicy: 10038 is allowed on unmetered network
04-15 12:02:06.776  3694  4979 D NetworkPolicy: 10034 is allowed on unmetered network
04-15 12:02:06.781  3694 13519 D NetworkPolicy: 10034 is allowed on unmetered network
04-15 12:02:07.173  5330  5330 I chromium: [5330:5330:INFO:metrics_stat_logger.cc(55)] Metrics stat for the past 60 secs : total=0
04-15 12:02:07.419  3694  4979 D NetworkPolicy: 10034 is allowed on unmetered network
04-15 12:02:07.427  3694  4979 D NetworkPolicy: 10034 is allowed on unmetered network
04-15 12:02:07.544  3694  4979 D NetworkPolicy: 1000 is 7
04-15 12:02:08.420  3694 13519 D NetworkPolicy: 10034 is allowed on unmetered network
04-15 12:02:08.426  3694 13519 D NetworkPolicy: 10034 is allowed on unmetered network
04-15 12:02:08.552  3694 13519 D NetworkPolicy: 1000 is 7
04-15 12:02:08.965  3694  3793 D NetworkStats: TetherStats: iface=wlan0 type=3 entry=iface=null uid=-1 set=ALL tag=0x0 metered=ALL roaming=ALL defaultNetwork=ALL rxBytes=0 rxPackets=0 txBytes=0 txPackets=0 operations=0
04-15 12:02:08.969  3694  3793 D NetworkStats: TetherStats: iface=wlan0 type=1 entry=iface=null uid=-1 set=ALL tag=0x0 metered=ALL roaming=ALL defaultNetwork=ALL rxBytes=0 rxPackets=0 txBytes=0 txPackets=0 operations=0
04-15 12:02:09.000  5330 12976 I chromium: [5330:12976:INFO:ssdp_device.c(101)] SSDP packets sent for 52 seconds = 1
04-15 12:02:09.421  3694  4979 D NetworkPolicy: 10034 is allowed on unmetered network
04-15 12:02:09.428  3694  4979 D NetworkPolicy: 10034 is allowed on unmetered network
04-15 12:02:09.559  3694  4979 D NetworkPolicy: 1000 is 7
04-15 12:02:09.713  3694 13519 D NetworkPolicy: 10038 is allowed on unmetered network
04-15 12:02:09.891  4807 13746 I chatty  : uid=10016(com.verizon.qlv.services) expire 2 lines
04-15 12:02:10.082  3389 13748 I chatty  : uid=0(root) Binder:3389_3 expire 1 line
04-15 12:02:10.423  3694 13519 D NetworkPolicy: 10034 is allowed on unmetered network
04-15 12:02:10.428  3694 13519 D NetworkPolicy: 10034 is allowed on unmetered network
04-15 12:02:10.565  3694 13519 D NetworkPolicy: 1000 is 7
04-15 12:02:11.423  3694  4979 D NetworkPolicy: 10034 is allowed on unmetered network
04-15 12:02:11.431  3694  4979 D NetworkPolicy: 10034 is allowed on unmetered network
04-15 12:02:11.572  3694  4979 D NetworkPolicy: 1000 is 7
04-15 12:02:11.609  5330  6628 I chromium: [5330:6628:INFO:wifi_proximity.cc(177)] Request scan.
04-15 12:02:11.988  3694  3793 D NetworkStats: TetherStats: iface=wlan0 type=3 entry=iface=null uid=-1 set=ALL tag=0x0 metered=ALL roaming=ALL defaultNetwork=ALL rxBytes=0 rxPackets=0 txBytes=0 txPackets=0 operations=0
04-15 12:02:11.991  3694  3793 D NetworkStats: TetherStats: iface=wlan0 type=1 entry=iface=null uid=-1 set=ALL tag=0x0 metered=ALL roaming=ALL defaultNetwork=ALL rxBytes=0 rxPackets=0 txBytes=0 txPackets=0 operations=0
04-15 12:02:12.408  3694  3694 D HDMI    : [R]:<Device Vendor Id> 0F:87:00:E0:91
04-15 12:02:12.423  3694 13519 D NetworkPolicy: 10034 is allowed on unmetered network
04-15 12:02:12.431  3694 13519 D NetworkPolicy: 10034 is allowed on unmetered network
04-15 12:02:12.561  3694  3694 D HDMI    : [R]:<Feature Abort> 04:00
04-15 12:02:12.562  3694  3694 W HDMI    : [2]:Unexpected parameters: <Feature Abort> 04:00
04-15 12:02:12.579  3694 13519 D NetworkPolicy: 1000 is 7
04-15 12:02:12.656  3694  3694 D HDMI    : [R]:<Vendor Command> 04:89:01
04-15 12:02:12.659  3694  3812 D HDMI    : [S]:<Feature Abort> 40:00:89:01
04-15 12:02:12.659  3815  3815 I chatty  : uid=1000(system) cec@1.0-service expire 12 lines
04-15 12:02:12.714  3694 13519 D NetworkPolicy: 10038 is allowed on unmetered network
04-15 12:02:13.424  3694 13519 D NetworkPolicy: 10034 is allowed on unmetered network
04-15 12:02:13.431  3694 13519 D NetworkPolicy: 10034 is allowed on unmetered network
04-15 12:02:13.586  3694 13519 D NetworkPolicy: 1000 is 7
04-15 12:02:14.425  3694  4979 D NetworkPolicy: 10034 is allowed on unmetered network
04-15 12:02:14.431  3694  4979 D NetworkPolicy: 10034 is allowed on unmetered network
04-15 12:02:14.593  3694  4979 D NetworkPolicy: 1000 is 7
04-15 12:02:15.015  3694  3793 D NetworkStats: TetherStats: iface=wlan0 type=3 entry=iface=null uid=-1 set=ALL tag=0x0 metered=ALL roaming=ALL defaultNetwork=ALL rxBytes=0 rxPackets=0 txBytes=0 txPackets=0 operations=0
04-15 12:02:15.019  3694  3793 D NetworkStats: TetherStats: iface=wlan0 type=1 entry=iface=null uid=-1 set=ALL tag=0x0 metered=ALL roaming=ALL defaultNetwork=ALL rxBytes=0 rxPackets=0 txBytes=0 txPackets=0 operations=0
04-15 12:02:15.426  3694 13519 D NetworkPolicy: 10034 is allowed on unmetered network
04-15 12:02:15.433  3694 13519 D NetworkPolicy: 10034 is allowed on unmetered network
04-15 12:02:15.604  3694 13519 D NetworkPolicy: 1000 is 7
04-15 12:02:15.714  3694  4979 D NetworkPolicy: 10038 is allowed on unmetered network
04-15 12:02:16.427  3694  4979 D NetworkPolicy: 10034 is allowed on unmetered network
04-15 12:02:16.434  3694  4979 D NetworkPolicy: 10034 is allowed on unmetered network
04-15 12:02:16.614  3694  4979 D NetworkPolicy: 1000 is 7
04-15 12:02:17.427  3694 13519 D NetworkPolicy: 10034 is allowed on unmetered network
04-15 12:02:17.433  3694 13519 D NetworkPolicy: 10034 is allowed on unmetered network
04-15 12:02:17.620  3694 13519 D NetworkPolicy: 1000 is 7
04-15 12:02:18.040  3694  3793 D NetworkStats: TetherStats: iface=wlan0 type=3 entry=iface=null uid=-1 set=ALL tag=0x0 metered=ALL roaming=ALL defaultNetwork=ALL rxBytes=0 rxPackets=0 txBytes=0 txPackets=0 operations=0
04-15 12:02:18.043  3694  3793 D NetworkStats: TetherStats: iface=wlan0 type=1 entry=iface=null uid=-1 set=ALL tag=0x0 metered=ALL roaming=ALL defaultNetwork=ALL rxBytes=0 rxPackets=0 txBytes=0 txPackets=0 operations=0
04-15 12:02:18.429  3694 13519 D NetworkPolicy: 10034 is allowed on unmetered network
04-15 12:02:18.435  3694 13519 D NetworkPolicy: 10034 is allowed on unmetered network
04-15 12:02:18.627  3694 13519 D NetworkPolicy: 1000 is 7
04-15 12:02:18.714  3694  4979 D NetworkPolicy: 10038 is allowed on unmetered network
04-15 12:02:19.431  3694  4979 D NetworkPolicy: 10034 is allowed on unmetered network
04-15 12:02:19.438  3694  4979 D NetworkPolicy: 10034 is allowed on unmetered network
04-15 12:02:19.634  3694  4979 D NetworkPolicy: 1000 is 7
04-15 12:02:18.036  3694  3793 I chatty  : uid=1000(system) ClientModeImpl expire 10 lines
04-15 12:02:19.858  3694  3694 D HDMI    : [R]:<Vendor Command> 04:89:01
04-15 12:02:19.859  3694  3812 D HDMI    : [S]:<Feature Abort> 40:00:89:01
04-15 12:02:20.431  3694 13519 D NetworkPolicy: 10034 is allowed on unmetered network
04-15 12:02:20.440  3694 13519 D NetworkPolicy: 10034 is allowed on unmetered network
04-15 12:02:20.643  3694 13519 D NetworkPolicy: 1000 is 7
04-15 12:02:21.063  3694  3793 D NetworkStats: TetherStats: iface=wlan0 type=3 entry=iface=null uid=-1 set=ALL tag=0x0 metered=ALL roaming=ALL defaultNetwork=ALL rxBytes=0 rxPackets=0 txBytes=0 txPackets=0 operations=0
04-15 12:02:21.066  3694  3793 D NetworkStats: TetherStats: iface=wlan0 type=1 entry=iface=null uid=-1 set=ALL tag=0x0 metered=ALL roaming=ALL defaultNetwork=ALL rxBytes=0 rxPackets=0 txBytes=0 txPackets=0 operations=0
04-15 12:02:21.432  3694  4979 D NetworkPolicy: 10034 is allowed on unmetered network
04-15 12:02:21.439  3694  4979 D NetworkPolicy: 10034 is allowed on unmetered network
04-15 12:02:21.650  3694  4979 D NetworkPolicy: 1000 is 7
04-15 12:02:21.715  3694 13519 D NetworkPolicy: 10038 is allowed on unmetered network
04-15 12:02:22.433  3694 13519 D NetworkPolicy: 10034 is allowed on unmetered network
04-15 12:02:22.439  3694 13519 D NetworkPolicy: 10034 is allowed on unmetered network
04-15 12:02:22.657  3694 13519 D NetworkPolicy: 1000 is 7
04-15 12:02:23.434  3694 13519 D NetworkPolicy: 10034 is allowed on unmetered network
04-15 12:02:23.524  3443  3443 I chatty  : uid=0(root) tr69@1.0-servic expire 56 lines
04-15 12:02:23.440  3694 13519 D NetworkPolicy: 10034 is allowed on unmetered network
04-15 12:02:23.664  3694 13519 D NetworkPolicy: 1000 is 7
04-15 12:02:24.087  3694  3793 D NetworkStats: TetherStats: iface=wlan0 type=3 entry=iface=null uid=-1 set=ALL tag=0x0 metered=ALL roaming=ALL defaultNetwork=ALL rxBytes=0 rxPackets=0 txBytes=0 txPackets=0 operations=0
04-15 12:02:24.091  3694  3793 D NetworkStats: TetherStats: iface=wlan0 type=1 entry=iface=null uid=-1 set=ALL tag=0x0 metered=ALL roaming=ALL defaultNetwork=ALL rxBytes=0 rxPackets=0 txBytes=0 txPackets=0 operations=0
04-15 12:02:24.435  3694 13519 D NetworkPolicy: 10034 is allowed on unmetered network
04-15 12:02:24.441  3694 13519 D NetworkPolicy: 10034 is allowed on unmetered network
04-15 12:02:24.671  3694 13519 D NetworkPolicy: 1000 is 7
04-15 12:02:24.716  3694  4979 D NetworkPolicy: 10038 is allowed on unmetered network
04-15 12:02:25.437  3694  4979 D NetworkPolicy: 10034 is allowed on unmetered network
04-15 12:02:25.444  3694  4979 D NetworkPolicy: 10034 is allowed on unmetered network
04-15 12:02:25.678  3694  4979 D NetworkPolicy: 1000 is 7
04-15 12:02:26.438  3694  4979 D NetworkPolicy: 10034 is allowed on unmetered network
04-15 12:02:26.445  3694  4979 D NetworkPolicy: 10034 is allowed on unmetered network
04-15 12:02:26.685  3694  4979 D NetworkPolicy: 1000 is 7
04-15 12:02:27.112  3694  3793 D NetworkStats: TetherStats: iface=wlan0 type=3 entry=iface=null uid=-1 set=ALL tag=0x0 metered=ALL roaming=ALL defaultNetwork=ALL rxBytes=0 rxPackets=0 txBytes=0 txPackets=0 operations=0
04-15 12:02:27.114  3694  3793 D NetworkStats: TetherStats: iface=wlan0 type=1 entry=iface=null uid=-1 set=ALL tag=0x0 metered=ALL roaming=ALL defaultNetwork=ALL rxBytes=0 rxPackets=0 txBytes=0 txPackets=0 operations=0
04-15 12:02:27.440  3694  4979 D NetworkPolicy: 10034 is allowed on unmetered network
04-15 12:02:27.446  3694  4979 D NetworkPolicy: 10034 is allowed on unmetered network
04-15 12:02:27.487  3694  3694 D HDMI    : [R]:<Device Vendor Id> 0F:87:00:E0:91
04-15 12:02:27.639  3694  3694 D HDMI    : [R]:<Feature Abort> 04:00
04-15 12:02:27.694  3694  4979 D NetworkPolicy: 1000 is 7
04-15 12:02:27.715  3694  4979 D NetworkPolicy: 10038 is allowed on unmetered network
04-15 12:02:27.733  3694  3694 D HDMI    : [R]:<Vendor Command> 04:89:01
04-15 12:02:27.736  3694  3812 D HDMI    : [S]:<Feature Abort> 40:00:89:01
04-15 12:02:28.441  3694  4979 D NetworkPolicy: 10034 is allowed on unmetered network
04-15 12:02:28.447  3694  4979 D NetworkPolicy: 10034 is allowed on unmetered network
04-15 12:02:28.521  3612  3612 E wificond: NL80211_CMD_TRIGGER_SCAN failed: Try again
04-15 12:02:28.599  3389 13750 I chatty  : uid=0(root) Binder:3389_3 expire 1 line
04-15 12:02:28.707  3694  4979 D NetworkPolicy: 1000 is 7
04-15 12:02:29.215  3694 13519 W ActivityManager: Receiver with filter android.content.IntentFilter@8d92204 already registered for pid 8022, callerPackage is com.arris.chmframework
04-15 12:02:29.217  8022  8047 I chatty  : uid=1000(system) Thread-2 expire 16 lines
04-15 12:02:29.221  3443  8048 I chatty  : uid=0(root) ArrisTr69Thread expire 20 lines
04-15 12:02:29.441  3694 13519 D NetworkPolicy: 10034 is allowed on unmetered network
04-15 12:02:29.448  3694 13519 D NetworkPolicy: 10034 is allowed on unmetered network
04-15 12:02:29.713  3694 13519 D NetworkPolicy: 1000 is 7
04-15 12:02:30.132  3694  3793 D NetworkStats: TetherStats: iface=wlan0 type=3 entry=iface=null uid=-1 set=ALL tag=0x0 metered=ALL roaming=ALL defaultNetwork=ALL rxBytes=0 rxPackets=0 txBytes=0 txPackets=0 operations=0
04-15 12:02:30.136  3694  3793 D NetworkStats: TetherStats: iface=wlan0 type=1 entry=iface=null uid=-1 set=ALL tag=0x0 metered=ALL roaming=ALL defaultNetwork=ALL rxBytes=0 rxPackets=0 txBytes=0 txPackets=0 operations=0
04-15 12:02:30.442  3694  4979 D NetworkPolicy: 10034 is allowed on unmetered network
04-15 12:02:30.451  3694  4979 D NetworkPolicy: 10034 is allowed on unmetered network
04-15 12:02:30.568  3612  3612 E wificond: NL80211_CMD_TRIGGER_SCAN failed: Try again
04-15 12:02:30.715  3694  4979 D NetworkPolicy: 10038 is allowed on unmetered network
04-15 12:02:30.721  3694  4979 D NetworkPolicy: 1000 is 7
04-15 12:02:31.109  8022  8437 I chatty  : uid=1000(system) pool-2-thread-1 expire 119 lines
04-15 12:02:31.443  3694 13519 D NetworkPolicy: 10034 is allowed on unmetered network
04-15 12:02:31.693  3431  3431 I chatty  : uid=1000(system) hal_stat@1.0-se expire 11 lines
04-15 12:02:31.445  3694 13519 D NetworkPolicy: 10034 is allowed on unmetered network
04-15 12:02:31.708  3694 13519 D NetworkPolicy: 1000 is 7
04-15 12:02:31.710  3694 13519 I chatty  : uid=1000(system) Binder:3694_1C identical 2 lines
04-15 12:02:31.710  3694 13519 D NetworkPolicy: 1000 is 7
04-15 12:02:31.711  3694  4979 D NetworkPolicy: 1000 is 7
04-15 12:02:31.982  3832  3926 D bt_btif_config: btif_get_address_type: Device [98:06:3a:00:45:da] address type 0
04-15 12:02:31.982  3832  3926 D bt_btif_config: btif_get_device_type: Device [98:06:3a:00:45:da] type 2
04-15 12:02:31.982  3832  4457 I bt_stack: [INFO:gatt_api.cc(1105)] GATT_Connectgatt_if=6, address=98:06:3a:00:45:da
04-15 12:02:31.982  3832  4457 I bt_stack: [INFO:connection_manager.cc(97)] App id=0x06already doing background connection to 98:06:3a:00:45:da
04-15 12:02:31.985  3832  3926 D bt_btif_config: btif_get_address_type: Device [98:06:3a:00:45:da] address type 0
04-15 12:02:31.985  3832  3926 D bt_btif_config: btif_get_device_type: Device [98:06:3a:00:45:da] type 2
04-15 12:02:31.985  3832  4457 I bt_stack: [INFO:gatt_api.cc(1105)] GATT_Connectgatt_if=6, address=98:06:3a:00:45:da
04-15 12:02:31.985  3832  4457 I bt_stack: [INFO:connection_manager.cc(97)] App id=0x06already doing background connection to 98:06:3a:00:45:da
04-15 12:02:31.988  3832  3926 D bt_btif_config: btif_get_address_type: Device [98:06:3a:00:45:da] address type 0
04-15 12:02:31.988  3832  3926 D bt_btif_config: btif_get_device_type: Device [98:06:3a:00:45:da] type 2
04-15 12:02:31.988  3832  4457 I bt_stack: [INFO:gatt_api.cc(1105)] GATT_Connectgatt_if=6, address=98:06:3a:00:45:da
04-15 12:02:31.988  3832  4457 I bt_stack: [INFO:connection_manager.cc(97)] App id=0x06already doing background connection to 98:06:3a:00:45:da
04-15 12:02:31.993  3832  3926 D bt_btif_config: btif_get_address_type: Device [98:06:3a:00:45:da] address type 0
04-15 12:02:31.994  3832  3926 D bt_btif_config: btif_get_device_type: Device [98:06:3a:00:45:da] type 2
04-15 12:02:31.994  3832  4457 I bt_stack: [INFO:gatt_api.cc(1105)] GATT_Connectgatt_if=6, address=98:06:3a:00:45:da
04-15 12:02:31.994  3832  4457 I bt_stack: [INFO:connection_manager.cc(97)] App id=0x06already doing background connection to 98:06:3a:00:45:da
04-15 12:02:31.996  3832  3926 D bt_btif_config: btif_get_address_type: Device [98:06:3a:00:45:da] address type 0
04-15 12:02:31.996  3832  3926 D bt_btif_config: btif_get_device_type: Device [98:06:3a:00:45:da] type 2
04-15 12:02:31.997  3832  4457 I bt_stack: [INFO:gatt_api.cc(1105)] GATT_Connectgatt_if=6, address=98:06:3a:00:45:da
04-15 12:02:31.997  3832  4457 I bt_stack: [INFO:connection_manager.cc(97)] App id=0x06already doing background connection to 98:06:3a:00:45:da
04-15 12:02:32.000  3832  3926 D bt_btif_config: btif_get_address_type: Device [98:06:3a:00:45:da] address type 0
04-15 12:02:32.000  3832  3926 D bt_btif_config: btif_get_device_type: Device [98:06:3a:00:45:da] type 2
04-15 12:02:32.000  3832  4457 I bt_stack: [INFO:gatt_api.cc(1105)] GATT_Connectgatt_if=6, address=98:06:3a:00:45:da
04-15 12:02:32.000  3832  4457 I bt_stack: [INFO:connection_manager.cc(97)] App id=0x06already doing background connection to 98:06:3a:00:45:da
04-15 12:02:32.002  3832  3926 D bt_btif_config: btif_get_address_type: Device [98:06:3a:00:45:da] address type 0
04-15 12:02:32.003  3832  3926 D bt_btif_config: btif_get_device_type: Device [98:06:3a:00:45:da] type 2
04-15 12:02:32.003  3832  4457 I bt_stack: [INFO:gatt_api.cc(1105)] GATT_Connectgatt_if=6, address=98:06:3a:00:45:da
04-15 12:02:32.003  3832  4457 I bt_stack: [INFO:connection_manager.cc(97)] App id=0x06already doing background connection to 98:06:3a:00:45:da
04-15 12:02:32.092  3694  4979 I chatty  : uid=1000(system) Binder:3694_C identical 45 lines
04-15 12:02:32.092  3694  4979 D NetworkPolicy: 1000 is 7
04-15 12:02:32.443  3694  4979 D NetworkPolicy: 10034 is allowed on unmetered network
04-15 12:02:32.618  4752 11703 E memtrack: Couldn't load memtrack module
04-15 12:02:32.618  4752 11703 W android.os.Debug: failed to get memory consumption info: -1
04-15 12:02:32.446  3694  4979 D NetworkPolicy: 10034 is allowed on unmetered network
04-15 12:02:32.726  3694  4979 D NetworkPolicy: 1000 is 7
04-15 12:02:33.150  3694  3793 D NetworkStats: TetherStats: iface=wlan0 type=3 entry=iface=null uid=-1 set=ALL tag=0x0 metered=ALL roaming=ALL defaultNetwork=ALL rxBytes=0 rxPackets=0 txBytes=0 txPackets=0 operations=0
04-15 12:02:33.153  3694  3793 D NetworkStats: TetherStats: iface=wlan0 type=1 entry=iface=null uid=-1 set=ALL tag=0x0 metered=ALL roaming=ALL defaultNetwork=ALL rxBytes=0 rxPackets=0 txBytes=0 txPackets=0 operations=0
04-15 12:02:33.444  3694  4979 D NetworkPolicy: 10034 is allowed on unmetered network
04-15 12:02:33.451  3694  4979 D NetworkPolicy: 10034 is allowed on unmetered network
04-15 12:02:33.720  3694  4979 D NetworkPolicy: 10038 is allowed on unmetered network
04-15 12:02:33.730  3694  4979 D NetworkPolicy: 1000 is 7
04-15 12:02:34.445  3694 13519 D NetworkPolicy: 10034 is allowed on unmetered network
04-15 12:02:34.453  3694 13519 D NetworkPolicy: 10034 is allowed on unmetered network
04-15 12:02:34.735  3694 13519 D NetworkPolicy: 1000 is 7
04-15 12:02:34.934  3815  3816 I chatty  : uid=1000(system) nx_sched_idle expire 17 lines
04-15 12:02:34.936  3694  3694 D HDMI    : [R]:<Vendor Command> 04:89:01
04-15 12:02:34.937  3694  3812 D HDMI    : [S]:<Feature Abort> 40:00:89:01
04-15 12:02:35.446  3694  4979 D NetworkPolicy: 10034 is allowed on unmetered network
04-15 12:02:35.454  3694  4979 D NetworkPolicy: 10034 is allowed on unmetered network
04-15 12:02:35.624  3612  3612 E wificond: NL80211_CMD_TRIGGER_SCAN failed: Try again
04-15 12:02:35.743  3694  4979 D NetworkPolicy: 1000 is 7
04-15 12:02:36.171  3694  3793 D NetworkStats: TetherStats: iface=wlan0 type=3 entry=iface=null uid=-1 set=ALL tag=0x0 metered=ALL roaming=ALL defaultNetwork=ALL rxBytes=0 rxPackets=0 txBytes=0 txPackets=0 operations=0
04-15 12:02:36.176  3694  3793 D NetworkStats: TetherStats: iface=wlan0 type=1 entry=iface=null uid=-1 set=ALL tag=0x0 metered=ALL roaming=ALL defaultNetwork=ALL rxBytes=0 rxPackets=0 txBytes=0 txPackets=0 operations=0
04-15 12:02:36.448  3694  4979 D NetworkPolicy: 10034 is allowed on unmetered network
04-15 12:02:36.456  3694  4979 D NetworkPolicy: 10034 is allowed on unmetered network
04-15 12:02:36.717  3694  4979 D NetworkPolicy: 10038 is allowed on unmetered network
04-15 12:02:36.752  3694  4979 D NetworkPolicy: 1000 is 7
04-15 12:02:36.777  3694 13519 D NetworkPolicy: 10034 is allowed on unmetered network
04-15 12:02:37.449  3694 13519 I chatty  : uid=1000(system) Binder:3694_1C identical 2 lines
04-15 12:02:37.456  3694 13519 D NetworkPolicy: 10034 is allowed on unmetered network
04-15 12:02:37.758  3694 13519 D NetworkPolicy: 1000 is 7
04-15 12:02:38.449  3694 13519 D NetworkPolicy: 10034 is allowed on unmetered network
04-15 12:02:38.459  3694 13519 D NetworkPolicy: 10034 is allowed on unmetered network
04-15 12:02:38.769  3694 13519 D NetworkPolicy: 1000 is 7
04-15 12:02:39.196  3694  3793 D NetworkStats: TetherStats: iface=wlan0 type=3 entry=iface=null uid=-1 set=ALL tag=0x0 metered=ALL roaming=ALL defaultNetwork=ALL rxBytes=0 rxPackets=0 txBytes=0 txPackets=0 operations=0
04-15 12:02:39.199  3694  3793 D NetworkStats: TetherStats: iface=wlan0 type=1 entry=iface=null uid=-1 set=ALL tag=0x0 metered=ALL roaming=ALL defaultNetwork=ALL rxBytes=0 rxPackets=0 txBytes=0 txPackets=0 operations=0
04-15 12:02:39.450  3694  4979 D NetworkPolicy: 10034 is allowed on unmetered network
04-15 12:02:39.456  3694 13519 D NetworkPolicy: 10034 is allowed on unmetered network
04-15 12:02:39.716  3694  4979 D NetworkPolicy: 10038 is allowed on unmetered network
04-15 12:02:39.776  3694  4979 D NetworkPolicy: 1000 is 7
04-15 12:02:40.451  3694 13519 D NetworkPolicy: 10034 is allowed on unmetered network
04-15 12:02:40.459  3694 13519 D NetworkPolicy: 10034 is allowed on unmetered network
04-15 12:02:40.674  3612  3612 E wificond: NL80211_CMD_TRIGGER_SCAN failed: Try again
04-15 12:02:40.786  3694 13519 D NetworkPolicy: 1000 is 7
04-15 12:02:41.453  3694  4979 D NetworkPolicy: 10034 is allowed on unmetered network
04-15 12:02:41.460  3694  4979 D NetworkPolicy: 10034 is allowed on unmetered network
04-15 12:02:41.793  3694  4979 D NetworkPolicy: 1000 is 7
04-15 12:02:42.220  3694  3793 D NetworkStats: TetherStats: iface=wlan0 type=3 entry=iface=null uid=-1 set=ALL tag=0x0 metered=ALL roaming=ALL defaultNetwork=ALL rxBytes=0 rxPackets=0 txBytes=0 txPackets=0 operations=0
04-15 12:02:42.225  3694  3793 D NetworkStats: TetherStats: iface=wlan0 type=1 entry=iface=null uid=-1 set=ALL tag=0x0 metered=ALL roaming=ALL defaultNetwork=ALL rxBytes=0 rxPackets=0 txBytes=0 txPackets=0 operations=0
04-15 12:02:42.453  3694  4979 D NetworkPolicy: 10034 is allowed on unmetered network
04-15 12:02:42.460  3694  4979 D NetworkPolicy: 10034 is allowed on unmetered network
04-15 12:02:42.562  3694  3694 D HDMI    : [R]:<Device Vendor Id> 0F:87:00:E0:91
04-15 12:02:42.717  3694  4979 D NetworkPolicy: 10038 is allowed on unmetered network
04-15 12:02:42.719  3694  3694 D HDMI    : [R]:<Feature Abort> 04:00
04-15 12:02:42.720  3694  3694 W HDMI    : [2]:Unexpected parameters: <Feature Abort> 04:00
04-15 12:02:42.800  3694  4979 D NetworkPolicy: 1000 is 7
04-15 12:02:42.809  3694  3694 D HDMI    : [R]:<Vendor Command> 04:89:01
04-15 12:02:42.811  3694  3812 D HDMI    : [S]:<Feature Abort> 40:00:89:01
04-15 12:02:43.002  5330 12976 I chromium: [5330:12976:INFO:ssdp_device.c(101)] SSDP packets sent for 34 seconds = 6
04-15 12:02:43.456  3694  4979 D NetworkPolicy: 10034 is allowed on unmetered network
04-15 12:02:43.463  3694 13519 D NetworkPolicy: 10034 is allowed on unmetered network
