04-15 12:08:51.877  3694  3694 D HDMI    : [R]:<Vendor Command> 04:89:01
04-15 12:08:51.878  3694  3812 D HDMI    : [S]:<Feature Abort> 40:00:89:01
04-15 12:08:51.878  3815  3815 I HdmiCec : sendMessage P1->TV <Feature Abort> <Vendor Command> NOT_IN_CORRECT_MODE
04-15 12:08:52.561  3694  4453 D NetworkPolicy: 1000 is 7
04-15 12:08:52.828  3694  4453 D NetworkPolicy: 10034 is allowed on unmetered network
04-15 12:08:52.836  3694 10795 D NetworkPolicy: 10034 is allowed on unmetered network
04-15 12:08:53.568  3694 10795 D NetworkPolicy: 1000 is 7
04-15 12:08:53.757  3694  3793 D NetworkStats: TetherStats: iface=wlan0 type=3 entry=iface=null uid=-1 set=ALL tag=0x0 metered=ALL roaming=ALL defaultNetwork=ALL rxBytes=0 rxPackets=0 txBytes=0 txPackets=0 operations=0
04-15 12:08:53.760  3694  3793 D NetworkStats: TetherStats: iface=wlan0 type=1 entry=iface=null uid=-1 set=ALL tag=0x0 metered=ALL roaming=ALL defaultNetwork=ALL rxBytes=0 rxPackets=0 txBytes=0 txPackets=0 operations=0
04-15 12:08:53.829  3694 10795 D NetworkPolicy: 10034 is allowed on unmetered network
04-15 12:08:53.836  3694 10795 D NetworkPolicy: 10034 is allowed on unmetered network
04-15 12:08:54.575  3694 10795 D NetworkPolicy: 1000 is 7
04-15 12:08:54.753  3694 10795 D NetworkPolicy: 10038 is allowed on unmetered network
04-15 12:08:54.830  3694 10795 D NetworkPolicy: 10034 is allowed on unmetered network
04-15 12:08:54.835  3694 10795 D NetworkPolicy: 10034 is allowed on unmetered network
04-15 12:08:55.584  3694 10795 D NetworkPolicy: 1000 is 7
04-15 12:08:55.832  3694 10795 D NetworkPolicy: 10034 is allowed on unmetered network
04-15 12:08:56.292  5330 12976 I chromium: [5330:12976:INFO:ssdp_device.c(101)] SSDP packets sent for 37 seconds = 5
04-15 12:08:55.837  3694 10795 D NetworkPolicy: 10034 is allowed on unmetered network
04-15 12:08:56.592  3694 10795 D NetworkPolicy: 1000 is 7
04-15 12:08:56.776  3694  3793 D NetworkStats: TetherStats: iface=wlan0 type=3 entry=iface=null uid=-1 set=ALL tag=0x0 metered=ALL roaming=ALL defaultNetwork=ALL rxBytes=0 rxPackets=0 txBytes=0 txPackets=0 operations=0
04-15 12:08:56.779  3694  3793 D NetworkStats: TetherStats: iface=wlan0 type=1 entry=iface=null uid=-1 set=ALL tag=0x0 metered=ALL roaming=ALL defaultNetwork=ALL rxBytes=0 rxPackets=0 txBytes=0 txPackets=0 operations=0
04-15 12:08:56.833  3694 10795 D NetworkPolicy: 10034 is allowed on unmetered network
04-15 12:08:56.838  3694 10795 D NetworkPolicy: 10034 is allowed on unmetered network
04-15 12:08:57.598  3694  4453 D NetworkPolicy: 1000 is 7
04-15 12:08:57.753  3694  4453 D NetworkPolicy: 10038 is allowed on unmetered network
04-15 12:08:57.833  3694  4453 D NetworkPolicy: 10034 is allowed on unmetered network
04-15 12:08:57.839  3694  4453 D NetworkPolicy: 10034 is allowed on unmetered network
04-15 12:08:58.608  3694 10795 D NetworkPolicy: 1000 is 7
04-15 12:08:58.834  3694 10795 D NetworkPolicy: 10034 is allowed on unmetered network
04-15 12:08:59.500  3815  3816 I HdmiCec : onCecMessage TV->** <Device Vendor ID> 00e091
04-15 12:08:58.840  3694 10795 D NetworkPolicy: 10034 is allowed on unmetered network
04-15 12:08:59.502  3694  3694 D HDMI    : [R]:<Device Vendor Id> 0F:87:00:E0:91
04-15 12:08:59.616  3694 10795 D NetworkPolicy: 1000 is 7
04-15 12:08:59.656  3815  3816 I HdmiCec : onCecMessage TV->P1 <Feature Abort>
04-15 12:08:59.657  3694  3694 D HDMI    : [R]:<Feature Abort> 04:00
04-15 12:08:59.748  3815  3816 I HdmiCec : onCecMessage TV->P1 <Vendor Command> (04:89:01)
04-15 12:08:59.752  3694  3694 D HDMI    : [R]:<Vendor Command> 04:89:01
04-15 12:08:59.753  3694  3812 D HDMI    : [S]:<Feature Abort> 40:00:89:01
04-15 12:08:59.754  3815  3815 I HdmiCec : sendMessage P1->TV <Feature Abort> <Vendor Command> NOT_IN_CORRECT_MODE
04-15 12:08:59.799  3694  3793 D NetworkStats: TetherStats: iface=wlan0 type=3 entry=iface=null uid=-1 set=ALL tag=0x0 metered=ALL roaming=ALL defaultNetwork=ALL rxBytes=0 rxPackets=0 txBytes=0 txPackets=0 operations=0
04-15 12:08:59.803  3694  3793 D NetworkStats: TetherStats: iface=wlan0 type=1 entry=iface=null uid=-1 set=ALL tag=0x0 metered=ALL roaming=ALL defaultNetwork=ALL rxBytes=0 rxPackets=0 txBytes=0 txPackets=0 operations=0
04-15 12:08:59.835  3694 10795 D NetworkPolicy: 10034 is allowed on unmetered network
04-15 12:09:00.433  3443  8048 E         : eco-agent : server=https://AAR13500767:NewVOLUser1@cpe-ems0512.verizon.com/cwmpWeb/CPEMgt work=5 - periodic inform
04-15 12:09:00.434  3443  8048 I         : ###ADS :Waiting for client connection.....
04-15 12:08:59.840  3694 10795 D NetworkPolicy: 10034 is allowed on unmetered network
04-15 12:09:00.623  3694 10795 D NetworkPolicy: 1000 is 7
04-15 12:09:00.753  3694 10795 D NetworkPolicy: 10038 is allowed on unmetered network
04-15 12:09:00.835  3694 10795 D NetworkPolicy: 10034 is allowed on unmetered network
04-15 12:09:00.841  3694  4453 D NetworkPolicy: 10034 is allowed on unmetered network
04-15 12:09:01.629  3694  4453 D NetworkPolicy: 1000 is 7
04-15 12:09:01.837  3694  4453 D NetworkPolicy: 10034 is allowed on unmetered network
04-15 12:09:01.842  3694  4453 D NetworkPolicy: 10034 is allowed on unmetered network
04-15 12:09:02.209  3694 10795 W ActivityManager: Receiver with filter android.content.IntentFilter@3c58aef already registered for pid 8022, callerPackage is com.arris.chmframework
04-15 12:09:02.210  8022  8047 I chatty  : uid=1000(system) Thread-2 expire 16 lines
04-15 12:09:02.213  3443  8048 I         : ###ADS :Waiting for client connection.....
04-15 12:09:02.218  3443  8048 I         : ###ADS :Waiting for client connection.....
04-15 12:09:02.225  3443  8048 I         : ###ADS :Waiting for client connection.....
04-15 12:09:02.229  3443  8048 I         : ###ADS :Waiting for client connection.....
04-15 12:09:02.234  3443  8048 I         : ###ADS :Waiting for client connection.....
04-15 12:09:02.239  3443  8048 I         : ###ADS :Waiting for client connection.....
04-15 12:09:02.244  3443  8048 I         : ###ADS :Waiting for client connection.....
04-15 12:09:02.249  3443  8048 I         : ###ADS :Waiting for client connection.....
04-15 12:09:02.254  3443  8048 I         : ###ADS :Waiting for client connection.....
04-15 12:09:02.637  3694 10795 D NetworkPolicy: 1000 is 7
04-15 12:09:02.820  3694  3793 D NetworkStats: TetherStats: iface=wlan0 type=3 entry=iface=null uid=-1 set=ALL tag=0x0 metered=ALL roaming=ALL defaultNetwork=ALL rxBytes=0 rxPackets=0 txBytes=0 txPackets=0 operations=0
04-15 12:09:02.823  3694  3793 D NetworkStats: TetherStats: iface=wlan0 type=1 entry=iface=null uid=-1 set=ALL tag=0x0 metered=ALL roaming=ALL defaultNetwork=ALL rxBytes=0 rxPackets=0 txBytes=0 txPackets=0 operations=0
04-15 12:09:02.838  3694 10795 D NetworkPolicy: 10034 is allowed on unmetered network
04-15 12:09:02.843  3694 10795 D NetworkPolicy: 10034 is allowed on unmetered network
04-15 12:09:03.647  3694 10795 D NetworkPolicy: 1000 is 7
04-15 12:09:03.754  3694 10795 D NetworkPolicy: 10038 is allowed on unmetered network
04-15 12:09:03.839  3694 10795 D NetworkPolicy: 10034 is allowed on unmetered network
04-15 12:09:03.849  3694  4453 D NetworkPolicy: 10034 is allowed on unmetered network
04-15 12:09:04.653  3694  4453 D NetworkPolicy: 1000 is 7
04-15 12:09:04.840  3694  4453 D NetworkPolicy: 10034 is allowed on unmetered network
04-15 12:09:04.847  3694  4453 D NetworkPolicy: 10034 is allowed on unmetered network
04-15 12:09:05.661  3694  4453 D NetworkPolicy: 1000 is 7
04-15 12:09:05.841  3694  4453 D NetworkPolicy: 10034 is allowed on unmetered network
04-15 12:09:05.842  3694  3793 D NetworkStats: TetherStats: iface=wlan0 type=3 entry=iface=null uid=-1 set=ALL tag=0x0 metered=ALL roaming=ALL defaultNetwork=ALL rxBytes=0 rxPackets=0 txBytes=0 txPackets=0 operations=0
04-15 12:09:05.844  3694  3793 D NetworkStats: TetherStats: iface=wlan0 type=1 entry=iface=null uid=-1 set=ALL tag=0x0 metered=ALL roaming=ALL defaultNetwork=ALL rxBytes=0 rxPackets=0 txBytes=0 txPackets=0 operations=0
04-15 12:09:05.852  3694  4453 D NetworkPolicy: 10034 is allowed on unmetered network
04-15 12:09:06.670  3694  4453 D NetworkPolicy: 1000 is 7
04-15 12:09:06.754  3694  4453 D NetworkPolicy: 10038 is allowed on unmetered network
04-15 12:09:06.797  3694  4453 D NetworkPolicy: 10034 is allowed on unmetered network
04-15 12:09:06.951  3815  3816 I HdmiCec : onCecMessage TV->P1 <Vendor Command> (04:89:01)
04-15 12:09:06.842  3694  4453 I chatty  : uid=1000(system) Binder:3694_9 identical 2 lines
04-15 12:09:06.846  3694  4453 D NetworkPolicy: 10034 is allowed on unmetered network
04-15 12:09:06.953  3694  3694 D HDMI    : [R]:<Vendor Command> 04:89:01
04-15 12:09:06.954  3694  3812 D HDMI    : [S]:<Feature Abort> 40:00:89:01
04-15 12:09:06.955  3815  3815 I HdmiCec : sendMessage P1->TV <Feature Abort> <Vendor Command> NOT_IN_CORRECT_MODE
04-15 12:09:07.176  5330  5330 I chromium: [5330:5330:INFO:metrics_stat_logger.cc(55)] Metrics stat for the past 60 secs : total=0
04-15 12:09:07.677  3694  4453 D NetworkPolicy: 1000 is 7
04-15 12:09:07.843  3694  4453 D NetworkPolicy: 10034 is allowed on unmetered network
04-15 12:09:07.850  3694  4453 D NetworkPolicy: 10034 is allowed on unmetered network
04-15 12:09:08.490  3612  3612 E wificond: NL80211_CMD_TRIGGER_SCAN failed: Try again
04-15 12:09:08.490  3694  3795 I chatty  : uid=1000(system) WifiScanningSer expire 2 lines
04-15 12:09:08.685  3694 10795 D NetworkPolicy: 1000 is 7
04-15 12:09:08.844  3694  4453 D NetworkPolicy: 10034 is allowed on unmetered network
04-15 12:09:08.852  3694 10795 D NetworkPolicy: 10034 is allowed on unmetered network
04-15 12:09:08.862  3694  3793 D NetworkStats: TetherStats: iface=wlan0 type=3 entry=iface=null uid=-1 set=ALL tag=0x0 metered=ALL roaming=ALL defaultNetwork=ALL rxBytes=0 rxPackets=0 txBytes=0 txPackets=0 operations=0
04-15 12:09:08.864  3694  3793 D NetworkStats: TetherStats: iface=wlan0 type=1 entry=iface=null uid=-1 set=ALL tag=0x0 metered=ALL roaming=ALL defaultNetwork=ALL rxBytes=0 rxPackets=0 txBytes=0 txPackets=0 operations=0
04-15 12:09:09.693  3694  4453 D NetworkPolicy: 1000 is 7
04-15 12:09:09.754  3694  4453 D NetworkPolicy: 10038 is allowed on unmetered network
04-15 12:09:09.845  3694  4453 D NetworkPolicy: 10034 is allowed on unmetered network
04-15 12:09:09.851  3694 10795 D NetworkPolicy: 10034 is allowed on unmetered network
04-15 12:09:10.569  3612  3612 E wificond: NL80211_CMD_TRIGGER_SCAN failed: Try again
04-15 12:09:10.703  3694 10795 D NetworkPolicy: 1000 is 7
04-15 12:09:10.847  3694  4453 D NetworkPolicy: 10034 is allowed on unmetered network
04-15 12:09:10.852  3694  4453 D NetworkPolicy: 10034 is allowed on unmetered network
04-15 12:09:11.712  3694 10795 D NetworkPolicy: 1000 is 7
04-15 12:09:11.847  3694 10795 D NetworkPolicy: 10034 is allowed on unmetered network
04-15 12:09:11.878  3694  3793 I chatty  : uid=1000(system) ClientModeImpl expire 2 lines
04-15 12:09:11.854  3694 10795 D NetworkPolicy: 10034 is allowed on unmetered network
04-15 12:09:11.880  3694  3793 D NetworkStats: TetherStats: iface=wlan0 type=3 entry=iface=null uid=-1 set=ALL tag=0x0 metered=ALL roaming=ALL defaultNetwork=ALL rxBytes=0 rxPackets=0 txBytes=0 txPackets=0 operations=0
04-15 12:09:11.883  3694  3793 D NetworkStats: TetherStats: iface=wlan0 type=1 entry=iface=null uid=-1 set=ALL tag=0x0 metered=ALL roaming=ALL defaultNetwork=ALL rxBytes=0 rxPackets=0 txBytes=0 txPackets=0 operations=0
04-15 12:09:12.722  3694 10795 D NetworkPolicy: 1000 is 7
04-15 12:09:12.755  3694 10795 D NetworkPolicy: 10038 is allowed on unmetered network
04-15 12:09:12.849  3694 10795 D NetworkPolicy: 10034 is allowed on unmetered network
04-15 12:09:12.854  3694 10795 D NetworkPolicy: 10034 is allowed on unmetered network
04-15 12:09:13.729  3694 10795 D NetworkPolicy: 1000 is 7
04-15 12:09:13.849  3694 10795 D NetworkPolicy: 10034 is allowed on unmetered network
04-15 12:09:13.855  3694  4453 D NetworkPolicy: 10034 is allowed on unmetered network
04-15 12:09:14.578  3815  3816 I HdmiCec : onCecMessage TV->** <Device Vendor ID> 00e091
04-15 12:09:14.580  3694  3694 D HDMI    : [R]:<Device Vendor Id> 0F:87:00:E0:91
04-15 12:09:14.732  3815  3816 I HdmiCec : onCecMessage TV->P1 <Feature Abort>
04-15 12:09:14.734  3694  3694 D HDMI    : [R]:<Feature Abort> 04:00
04-15 12:09:14.734  3694  3694 W HDMI    : [2]:Unexpected parameters: <Feature Abort> 04:00
04-15 12:09:14.738  3694  4453 D NetworkPolicy: 1000 is 7
04-15 12:09:14.826  3815  3816 I HdmiCec : onCecMessage TV->P1 <Vendor Command> (04:89:01)
04-15 12:09:14.828  3694  3694 D HDMI    : [R]:<Vendor Command> 04:89:01
04-15 12:09:14.829  3694  3812 D HDMI    : [S]:<Feature Abort> 40:00:89:01
04-15 12:09:14.830  3815  3815 I HdmiCec : sendMessage P1->TV <Feature Abort> <Vendor Command> NOT_IN_CORRECT_MODE
04-15 12:09:14.850  3694  4453 D NetworkPolicy: 10034 is allowed on unmetered network
04-15 12:09:14.856  3694  4453 D NetworkPolicy: 10034 is allowed on unmetered network
04-15 12:09:14.904  3694  3793 D NetworkStats: TetherStats: iface=wlan0 type=3 entry=iface=null uid=-1 set=ALL tag=0x0 metered=ALL roaming=ALL defaultNetwork=ALL rxBytes=0 rxPackets=0 txBytes=0 txPackets=0 operations=0
04-15 12:09:14.907  3694  3793 D NetworkStats: TetherStats: iface=wlan0 type=1 entry=iface=null uid=-1 set=ALL tag=0x0 metered=ALL roaming=ALL defaultNetwork=ALL rxBytes=0 rxPackets=0 txBytes=0 txPackets=0 operations=0
04-15 12:09:15.648  3612  3612 E wificond: NL80211_CMD_TRIGGER_SCAN failed: Try again
04-15 12:09:15.648  3694  3795 I chatty  : uid=1000(system) WifiScanningSer expire 2 lines
04-15 12:09:15.745  3694  4453 D NetworkPolicy: 1000 is 7
04-15 12:09:15.754  3694  4453 D NetworkPolicy: 10038 is allowed on unmetered network
04-15 12:09:15.852  3694  4453 D NetworkPolicy: 10034 is allowed on unmetered network
04-15 12:09:15.858  3694  4453 D NetworkPolicy: 10034 is allowed on unmetered network
04-15 12:09:16.749  3694  4453 D NetworkPolicy: 1000 is 7
04-15 12:09:16.853  3694  4453 D NetworkPolicy: 10034 is allowed on unmetered network
04-15 12:09:16.860  3694  4453 D NetworkPolicy: 10034 is allowed on unmetered network
04-15 12:09:17.757  3694  4453 D NetworkPolicy: 1000 is 7
04-15 12:09:17.854  3694  4453 D NetworkPolicy: 10034 is allowed on unmetered network
04-15 12:09:17.923  3694  3793 I chatty  : uid=1000(system) ClientModeImpl expire 5 lines
04-15 12:09:17.859  3694  4453 D NetworkPolicy: 10034 is allowed on unmetered network
04-15 12:09:17.926  3694  3793 D NetworkStats: TetherStats: iface=wlan0 type=3 entry=iface=null uid=-1 set=ALL tag=0x0 metered=ALL roaming=ALL defaultNetwork=ALL rxBytes=0 rxPackets=0 txBytes=0 txPackets=0 operations=0
04-15 12:09:17.930  3694  3793 D NetworkStats: TetherStats: iface=wlan0 type=1 entry=iface=null uid=-1 set=ALL tag=0x0 metered=ALL roaming=ALL defaultNetwork=ALL rxBytes=0 rxPackets=0 txBytes=0 txPackets=0 operations=0
04-15 12:09:18.078  8022  8437 I chatty  : uid=1000(system) pool-2-thread-1 expire 137 lines
04-15 12:09:18.088  3443  3443 D         : wld: cmd: /vendor/bin/wl status
04-15 12:09:18.163  3443  3443 D         : wld: status: scannum = 11 SSID = "Fios-NmGr6" Mode = Managed RSSI = -29 SNR = 29 Noise=-83
04-15 12:09:18.164  3443  3443 D         : wld: status: scannum = 11 Band = 5GHz chNo = 155 chWidth = 80MHz chCode = 0xe29b
04-15 12:09:18.164  3443  3443 D         : wld: status: scannum = 11 primaryChannel = 157
04-15 12:09:18.174  3443  3443 D         : wld: cmd: /vendor/bin/wl sta_info B8:F8:53:42:F9:7A
04-15 12:09:18.232  3443  3443 D         : wld: sta_info: scannum = 3 txucastpkts = 76857, rxucastpkts = 101940, rxrate = 1200950 
04-15 12:09:18.235  3443  3443 D         : wld: cmd: /vendor/bin/wl chanim_stats
04-15 12:09:18.272  3443  3443 D         : wld: chanim_stats: scannum = 0 idle = 0
04-15 12:09:18.275  3443  3443 D         : wld: cmd: /vendor/bin/wl counters
04-15 12:09:18.312  3443  3443 D         : wld: counters: scannum = 35 txretrans = 12200
04-15 12:09:18.313  3443  3443 D         : wld: counters: scannum = 35 rxframe = 117610 rxerror = 176
04-15 12:09:18.313  3443  3443 D         : wld: counters: txmcast = 0 rxmcast = 588059
04-15 12:09:18.313  3443  3443 D         : wld: counters: txucast = 81834 rxucast = 313802
04-15 12:09:18.313  3443  3443 D         : wld: counters: txbcast = 0 rxbadproto = 0
04-15 12:09:18.316  3443  3443 D         : wld: cmd: /vendor/bin/wl channels
04-15 12:09:18.345  3443  3443 D         : wld: channels: 1 2 3 4 5 6 7 8 9 10 11 36 40 44 48 52 56 60 64 100 104 108 112 116 120 124 128 132 136 140 144 149 153 157 161 165 
04-15 12:09:18.346  3443  3443 D         : wld: cmd: /vendor/bin/wl chanspec
04-15 12:09:18.365  3443  3443 D         : wld: chanspec: 1 2 3 4 5 6 7 8 9 10 11 36 40 44 48 52 56 60 64 100 104 108 112 116 120 124 128 132 136 140 144 149 153 157 161 165 
04-15 12:09:18.367  3443  3443 D         : wld: cmd: /vendor/bin/wl qtxpower
04-15 12:09:18.387  3443  3443 D         : wld: qtxpower: scannum = 2 qtxpower = 127
04-15 12:09:18.390  3443  3443 D         : wld: cmd: /vendor/bin/wl rate
04-15 12:09:18.410  3443  3443 D         : wld: rate = 1200.5 Mbps
04-15 12:09:18.630  3431  3431 D HAL_STAT: Hal_Stat_GetAudioDecoderStats
04-15 12:09:18.631  3431  3431 I HAL_STAT: Audio decoder [0] not started
04-15 12:09:18.631  3431  3431 I HAL_STAT: Audio decoder [1] not started
04-15 12:09:18.631  3431  3431 I HAL_STAT: Audio decoder [2] not started
04-15 12:09:18.631  3431  3431 D HAL_STAT: Hal_Stat_GetVideoDecoderStats...
04-15 12:09:18.635  3431  3431 D HAL_STAT: Hal_Stat_GetEdidInfo...
04-15 12:09:18.635  3431  3431 W hal_stat@1.0-se: type=1400 audit(0.0:334): avc: denied { ioctl } for path="/dev/nxmw" dev="tmpfs" ino=364 ioctlcmd=0x805 scontext=u:r:hal_arris_hal_stat:s0 tcontext=u:object_r:nexus_device:s0 tclass=chr_file permissive=0
04-15 12:09:18.637  3431  3431 E NEXUS   : !!!Error BERR_OS_ERROR(0x6) at /export/jenkins/workspace/F354_AndroidTv_10_StreamTV-Child01/subjob/verizon/out-bcm/target/product/inuvik/obj/FAKE/refsw/obj.972164/nexus/core/syncthunk/nexus_cec_abiverify_client.h:44
04-15 12:09:18.637  3431  3431 D HAL_STAT: outer hal get: followPreferredFormat: 1 format: 32
04-15 12:09:18.637  3431  3431 D HAL_STAT: Hal_Stat_GetHdmiSettings...HDMI Connected with resolutionMode = 1
04-15 12:09:18.638  3431  3431 D arris_hidl_hal_stat: in hal: get resolutionMode: 1 resolutionValue: 1080p
04-15 12:09:18.645  3694  4453 D NetworkPolicy: 1000 is 7
04-15 12:09:18.653  3443  3443 D         : wld: READ /sys/class/net/wlan0/address = 78:6a:1f:78:a0:c8
04-15 12:09:18.702  3443  3443 D         : wld: READ /sys/class/net/wlan0/address = 78:6a:1f:78:a0:c8
04-15 12:09:18.705  3443  3443 D         : wld: READ /sys/class/net/wlan0/statistics/rx_bytes = 58221446
04-15 12:09:18.708  3443  3443 D         : wld: READ /sys/class/net/wlan0/statistics/rx_packets = 117452
04-15 12:09:18.711  3443  3443 D         : wld: READ /sys/class/net/wlan0/statistics/rx_errors = 0
04-15 12:09:18.714  3443  3443 D         : wld: READ /sys/class/net/wlan0/statistics/tx_bytes = 24805877
04-15 12:09:18.717  3443  3443 D         : wld: READ /sys/class/net/wlan0/statistics/tx_packets = 88959
04-15 12:09:18.720  3443  3443 D         : wld: READ /sys/class/net/wlan0/statistics/tx_errors = 0
04-15 12:09:18.722  3443  3443 D         : wld: READ /sys/class/net/wlan0/statistics/tx_dropped = 0
04-15 12:09:18.725  3443  3443 D         : wld: READ /sys/class/net/wlan0/statistics/rx_dropped = 239
04-15 12:09:18.727  3443  3443 D         : wld:: cmd: /vendor/bin/wl country
04-15 12:09:18.746  3443  3443 D         : wld: rate = US (US/6) UNITED STATES
04-15 12:09:18.749  3443  3443 D         : wld:: cmd: /vendor/bin/wl country
04-15 12:09:18.720  3694  4453 I chatty  : uid=1000(system) Binder:3694_9 identical 21 lines
04-15 12:09:18.723  3694  4453 D NetworkPolicy: 1000 is 7
04-15 12:09:18.754  3694  4453 D NetworkPolicy: 10038 is allowed on unmetered network
04-15 12:09:18.764  3694  4453 D NetworkPolicy: 1000 is 7
04-15 12:09:18.769  3443  3443 D         : wld: rate = US (US/6) UNITED STATES
04-15 12:09:18.773  3443  3443 D         : wld: READ /sys/class/net/wlan0/statistics/rx_bytes = 58221492
04-15 12:09:18.776  3443  3443 D         : wld: READ /sys/class/net/wlan0/statistics/rx_packets = 117453
04-15 12:09:18.779  3443  3443 D         : wld: READ /sys/class/net/wlan0/statistics/rx_errors = 0
04-15 12:09:18.782  3443  3443 D         : wld: READ /sys/class/net/wlan0/statistics/tx_bytes = 24805877
04-15 12:09:18.785  3443  3443 D         : wld: READ /sys/class/net/wlan0/statistics/tx_packets = 88959
04-15 12:09:18.779  3694  4453 I chatty  : uid=1000(system) Binder:3694_9 identical 4 lines
04-15 12:09:18.782  3694  4453 D NetworkPolicy: 1000 is 7
04-15 12:09:18.785  3694 10795 D NetworkPolicy: 1000 is 7
04-15 12:09:18.788  3443  3443 D         : wld: READ /sys/class/net/wlan0/statistics/tx_errors = 0
04-15 12:09:18.791  3443  3443 D         : wld: READ /sys/class/net/wlan0/statistics/tx_dropped = 0
04-15 12:09:18.794  3443  3443 D         : wld: READ /sys/class/net/wlan0/statistics/rx_dropped = 239
04-15 12:09:18.807  3443  3443 D         : wld: cmd: /vendor/bin/wl mfp
04-15 12:09:18.827  3443  3443 D         : wld:MFP_config::0
04-15 12:09:18.830  3443  3443 D         : wld: cmd: /vendor/bin/wl mfp
04-15 12:09:18.850  3443  3443 D         : wld:MFP_config::0
04-15 12:09:18.853  3443  3443 D         : wld: cmd: /vendor/bin/wl mfp
04-15 12:09:18.804  3694 10795 I chatty  : uid=1000(system) Binder:3694_19 identical 4 lines
04-15 12:09:18.805  3694 10795 D NetworkPolicy: 1000 is 7
04-15 12:09:18.854  3694 10795 D NetworkPolicy: 10034 is allowed on unmetered network
04-15 12:09:18.873  3443  3443 D         : wld:MFP_config::0
04-15 12:09:18.857  3694 10795 D NetworkPolicy: 10034 is allowed on unmetered network
04-15 12:09:18.874  3694 10795 D NetworkPolicy: 1000 is 7
04-15 12:09:18.877  3443  3443 D         : wld:: cmd: /vendor/bin/wpa_cli status
04-15 12:09:18.909  3443  3443 D         : wpa: state = wpa_state=COMPLETED
04-15 12:09:18.913  3443  3443 D         : wld:: cmd: /vendor/bin/wpa_cli -v
04-15 12:09:18.943  3443  3443 D         : wpa: version = v2.8-devel-10
04-15 12:09:19.043  3694 10795 I chatty  : uid=1000(system) Binder:3694_19 identical 15 lines
04-15 12:09:19.766  3694 10795 D NetworkPolicy: 1000 is 7
04-15 12:09:19.856  3694 10795 D NetworkPolicy: 10034 is allowed on unmetered network
04-15 12:09:19.864  3694 10795 D NetworkPolicy: 10034 is allowed on unmetered network
04-15 12:09:20.720  3612  3612 E wificond: NL80211_CMD_TRIGGER_SCAN failed: Try again
04-15 12:09:20.770  3694  4453 D NetworkPolicy: 1000 is 7
04-15 12:09:20.857  3694  4453 D NetworkPolicy: 10034 is allowed on unmetered network
04-15 12:09:20.859  3694 10795 D NetworkPolicy: 10034 is allowed on unmetered network
04-15 12:09:20.950  3694  3793 D NetworkStats: TetherStats: iface=wlan0 type=3 entry=iface=null uid=-1 set=ALL tag=0x0 metered=ALL roaming=ALL defaultNetwork=ALL rxBytes=0 rxPackets=0 txBytes=0 txPackets=0 operations=0
04-15 12:09:20.953  3694  3793 D NetworkStats: TetherStats: iface=wlan0 type=1 entry=iface=null uid=-1 set=ALL tag=0x0 metered=ALL roaming=ALL defaultNetwork=ALL rxBytes=0 rxPackets=0 txBytes=0 txPackets=0 operations=0
04-15 12:09:21.755  3694  4453 D NetworkPolicy: 10038 is allowed on unmetered network
04-15 12:09:21.776  3694  4453 D NetworkPolicy: 1000 is 7
04-15 12:09:21.859  3694  4453 D NetworkPolicy: 10034 is allowed on unmetered network
04-15 12:09:22.029  3815  3816 I HdmiCec : onCecMessage TV->P1 <Vendor Command> (04:89:01)
04-15 12:09:21.865  3694  4453 D NetworkPolicy: 10034 is allowed on unmetered network
04-15 12:09:22.032  3694  3694 D HDMI    : [R]:<Vendor Command> 04:89:01
04-15 12:09:22.033  3694  3812 D HDMI    : [S]:<Feature Abort> 40:00:89:01
04-15 12:09:22.034  3815  3815 I HdmiCec : sendMessage P1->TV <Feature Abort> <Vendor Command> NOT_IN_CORRECT_MODE
04-15 12:09:22.783  3694  4453 D NetworkPolicy: 1000 is 7
04-15 12:09:22.860  3694  4453 D NetworkPolicy: 10034 is allowed on unmetered network
04-15 12:09:22.866  3694 10795 D NetworkPolicy: 10034 is allowed on unmetered network
04-15 12:09:23.793  3694 10795 D NetworkPolicy: 1000 is 7
04-15 12:09:23.860  3694 10795 D NetworkPolicy: 10034 is allowed on unmetered network
04-15 12:09:23.866  3694 10795 D NetworkPolicy: 10034 is allowed on unmetered network
04-15 12:09:23.971  3694  3793 D NetworkStats: TetherStats: iface=wlan0 type=3 entry=iface=null uid=-1 set=ALL tag=0x0 metered=ALL roaming=ALL defaultNetwork=ALL rxBytes=0 rxPackets=0 txBytes=0 txPackets=0 operations=0
04-15 12:09:23.974  3694  3793 D NetworkStats: TetherStats: iface=wlan0 type=1 entry=iface=null uid=-1 set=ALL tag=0x0 metered=ALL roaming=ALL defaultNetwork=ALL rxBytes=0 rxPackets=0 txBytes=0 txPackets=0 operations=0
04-15 12:09:24.079  3443  3443 D         : wld: READ /sys/class/net/wlan0/statistics/rx_packets = 117480
04-15 12:09:24.089  3443  3443 D         : wld: READ /sys/class/net/wlan0/statistics/rx_errors = 0
04-15 12:09:24.755  3694 10795 D NetworkPolicy: 10038 is allowed on unmetered network
04-15 12:09:24.806  3694 10795 D NetworkPolicy: 1000 is 7
04-15 12:09:24.861  3694 10795 D NetworkPolicy: 10034 is allowed on unmetered network
04-15 12:09:24.867  3694  4453 D NetworkPolicy: 10034 is allowed on unmetered network
04-15 12:09:25.790  3612  3612 E wificond: NL80211_CMD_TRIGGER_SCAN failed: Try again
04-15 12:09:25.790  3694  3795 I chatty  : uid=1000(system) WifiScanningSer expire 2 lines
04-15 12:09:25.812  3694  4453 D NetworkPolicy: 1000 is 7
04-15 12:09:25.861  3694 10795 D NetworkPolicy: 10034 is allowed on unmetered network
04-15 12:09:25.947  6743  7499 E memtrack: Couldn't load memtrack module
04-15 12:09:25.947  6743  7499 W android.os.Debug: failed to get memory consumption info: -1
04-15 12:09:26.764  6302  6302 D UpgradeService: InstallRequestReceiver intent action: arris.intent.action.ACS_ONBOOT_STATE
04-15 12:09:26.765  6302  6302 D UpgradeService: sendUpgradesAvailable = Bundle[{utcTimestamp=1650042566, upgradesAvailable=false}]
04-15 12:09:26.765  3443  8048 I         : ###ADS :Waiting for client connection.....
04-15 12:09:25.864  3694 10795 D NetworkPolicy: 10034 is allowed on unmetered network
04-15 12:09:26.816  3694 10795 D NetworkPolicy: 1000 is 7
04-15 12:09:26.863  3694 10795 D NetworkPolicy: 10034 is allowed on unmetered network
04-15 12:09:26.868  3694  4453 D NetworkPolicy: 10034 is allowed on unmetered network
04-15 12:09:26.990  3694  3793 D NetworkStats: TetherStats: iface=wlan0 type=3 entry=iface=null uid=-1 set=ALL tag=0x0 metered=ALL roaming=ALL defaultNetwork=ALL rxBytes=0 rxPackets=0 txBytes=0 txPackets=0 operations=0
04-15 12:09:26.995  3694  3793 D NetworkStats: TetherStats: iface=wlan0 type=1 entry=iface=null uid=-1 set=ALL tag=0x0 metered=ALL roaming=ALL defaultNetwork=ALL rxBytes=0 rxPackets=0 txBytes=0 txPackets=0 operations=0
04-15 12:09:27.756  3694  4453 D NetworkPolicy: 10038 is allowed on unmetered network
04-15 12:09:27.825  3694  4453 D NetworkPolicy: 1000 is 7
04-15 12:09:27.863  3694  4453 D NetworkPolicy: 10034 is allowed on unmetered network
04-15 12:09:27.869  3694  4453 D NetworkPolicy: 10034 is allowed on unmetered network
04-15 12:09:28.831  3694  4453 D NetworkPolicy: 1000 is 7
04-15 12:09:28.864  3694 10795 D NetworkPolicy: 10034 is allowed on unmetered network
04-15 12:09:28.869  3694  4453 D NetworkPolicy: 10034 is allowed on unmetered network
04-15 12:09:29.655  3815  3816 I HdmiCec : onCecMessage TV->** <Device Vendor ID> 00e091
04-15 12:09:29.658  3694  3694 D HDMI    : [R]:<Device Vendor Id> 0F:87:00:E0:91
04-15 12:09:29.811  3815  3816 I HdmiCec : onCecMessage TV->P1 <Feature Abort>
04-15 12:09:29.813  3694  3694 D HDMI    : [R]:<Feature Abort> 04:00
04-15 12:09:29.839  3694 10795 D NetworkPolicy: 1000 is 7
04-15 12:09:29.864  3694 10795 D NetworkPolicy: 10034 is allowed on unmetered network
04-15 12:09:29.870  3694  4453 D NetworkPolicy: 10034 is allowed on unmetered network
04-15 12:09:29.904  3815  3816 I HdmiCec : onCecMessage TV->P1 <Vendor Command> (04:89:01)
04-15 12:09:29.908  3694  3694 D HDMI    : [R]:<Vendor Command> 04:89:01
04-15 12:09:29.910  3694  3812 D HDMI    : [S]:<Feature Abort> 40:00:89:01
04-15 12:09:29.911  3815  3815 I HdmiCec : sendMessage P1->TV <Feature Abort> <Vendor Command> NOT_IN_CORRECT_MODE
04-15 12:09:30.017  3694  3793 D NetworkStats: TetherStats: iface=wlan0 type=3 entry=iface=null uid=-1 set=ALL tag=0x0 metered=ALL roaming=ALL defaultNetwork=ALL rxBytes=0 rxPackets=0 txBytes=0 txPackets=0 operations=0
04-15 12:09:30.019  3694  3793 D NetworkStats: TetherStats: iface=wlan0 type=1 entry=iface=null uid=-1 set=ALL tag=0x0 metered=ALL roaming=ALL defaultNetwork=ALL rxBytes=0 rxPackets=0 txBytes=0 txPackets=0 operations=0
04-15 12:09:30.757  3694  4453 D NetworkPolicy: 10038 is allowed on unmetered network
04-15 12:09:30.846  3694  4453 D NetworkPolicy: 1000 is 7
04-15 12:09:30.865  3694  4453 D NetworkPolicy: 10034 is allowed on unmetered network
04-15 12:09:30.875  3612  3612 E wificond: NL80211_CMD_TRIGGER_SCAN failed: Try again
04-15 12:09:30.881  3694  4453 D NetworkPolicy: 10034 is allowed on unmetered network
04-15 12:09:31.851  3694  4453 D NetworkPolicy: 1000 is 7
04-15 12:09:31.865  3694  4453 D NetworkPolicy: 10034 is allowed on unmetered network
04-15 12:09:32.424  8022  8035 I chatty  : uid=1000(system) HeapTaskDaemon expire 1 line
04-15 12:09:31.872  3694  4453 D NetworkPolicy: 10034 is allowed on unmetered network
04-15 12:09:32.458  3694  4453 W ActivityManager: Receiver with filter android.content.IntentFilter@50e7732 already registered for pid 8022, callerPackage is com.arris.chmframework
04-15 12:09:32.459  8022  8047 I chatty  : uid=1000(system) Thread-2 expire 464 lines
04-15 12:09:32.462  3443  8048 I         : ###ADS :Waiting for client connection.....
04-15 12:09:32.468  3443  8048 I         : ###ADS :Waiting for client connection.....
04-15 12:09:32.472  3443  8048 I         : ###ADS :Waiting for client connection.....
04-15 12:09:32.477  3443  8048 I         : ###ADS :Waiting for client connection.....
04-15 12:09:32.482  3443  8048 I         : ###ADS :Waiting for client connection.....
04-15 12:09:32.487  3443  8048 I         : ###ADS :Waiting for client connection.....
04-15 12:09:32.493  3443  8048 I         : ###ADS :Waiting for client connection.....
04-15 12:09:32.499  3443  8048 I         : ###ADS :Waiting for client connection.....
04-15 12:09:32.505  3443  8048 I         : ###ADS :Waiting for client connection.....
04-15 12:09:32.859  3694  4453 D NetworkPolicy: 1000 is 7
04-15 12:09:32.866  3694  4453 D NetworkPolicy: 10034 is allowed on unmetered network
04-15 12:09:33.000  5330 12976 I chromium: [5330:12976:INFO:ssdp_device.c(101)] SSDP packets sent for 37 seconds = 5
04-15 12:09:33.034  3694  3793 I chatty  : uid=1000(system) ClientModeImpl expire 2 lines
04-15 12:09:32.872  3694  4453 D NetworkPolicy: 10034 is allowed on unmetered network
04-15 12:09:33.037  3694  3793 D NetworkStats: TetherStats: iface=wlan0 type=3 entry=iface=null uid=-1 set=ALL tag=0x0 metered=ALL roaming=ALL defaultNetwork=ALL rxBytes=0 rxPackets=0 txBytes=0 txPackets=0 operations=0
04-15 12:09:33.039  3694  3793 D NetworkStats: TetherStats: iface=wlan0 type=1 entry=iface=null uid=-1 set=ALL tag=0x0 metered=ALL roaming=ALL defaultNetwork=ALL rxBytes=0 rxPackets=0 txBytes=0 txPackets=0 operations=0
04-15 12:09:33.756  3694  4453 D NetworkPolicy: 10038 is allowed on unmetered network
04-15 12:09:33.866  3694  4453 D NetworkPolicy: 1000 is 7
04-15 12:09:33.869  3694 10795 D NetworkPolicy: 10034 is allowed on unmetered network
04-15 12:09:33.877  3694  4453 D NetworkPolicy: 10034 is allowed on unmetered network
04-15 12:09:34.870  3694  4453 D NetworkPolicy: 10034 is allowed on unmetered network
04-15 12:09:34.875  3694  4453 D NetworkPolicy: 1000 is 7
04-15 12:09:34.875  3694 10795 D NetworkPolicy: 10034 is allowed on unmetered network
04-15 12:09:35.871  3694  4453 D NetworkPolicy: 10034 is allowed on unmetered network
04-15 12:09:35.878  3694  4453 D NetworkPolicy: 10034 is allowed on unmetered network
04-15 12:09:35.881  3694 13519 D NetworkPolicy: 1000 is 7
04-15 12:09:36.029  3694 13519 W ActivityManager: Receiver with filter android.content.IntentFilter@c230e00 already registered for pid 8022, callerPackage is com.arris.chmframework
04-15 12:09:36.032  3443  8048 I         : ###ADS :Waiting for client connection.....
04-15 12:09:36.037  3443  8048 I         : ###ADS :Waiting for client connection.....
04-15 12:09:36.041  3443  8048 I         : ###ADS :Waiting for client connection.....
04-15 12:09:36.045  3443  8048 I         : ###ADS :Waiting for client connection.....
04-15 12:09:36.050  3443  8048 I         : ###ADS :Waiting for client connection.....
04-15 12:09:36.051  3694  3793 D NetworkStats: TetherStats: iface=wlan0 type=3 entry=iface=null uid=-1 set=ALL tag=0x0 metered=ALL roaming=ALL defaultNetwork=ALL rxBytes=0 rxPackets=0 txBytes=0 txPackets=0 operations=0
04-15 12:09:36.054  3443  8048 I         : ###ADS :Waiting for client connection.....
04-15 12:09:36.055  3694  3793 D NetworkStats: TetherStats: iface=wlan0 type=1 entry=iface=null uid=-1 set=ALL tag=0x0 metered=ALL roaming=ALL defaultNetwork=ALL rxBytes=0 rxPackets=0 txBytes=0 txPackets=0 operations=0
04-15 12:09:36.059  3443  8048 I         : ###ADS :Waiting for client connection.....
04-15 12:09:36.063  3443  8048 I         : ###ADS :Waiting for client connection.....
04-15 12:09:36.067  3443  8048 I         : ###ADS :Waiting for client connection.....
04-15 12:09:36.121  3443  8048 I         : eco-agent : cwmd_sync_mgmt_map: Successful in removing params not found in mgmtif map
04-15 12:09:36.121  3443  8048 I         : ###ADS :Waiting for client connection.....
04-15 12:09:36.130  3443  8048 I         : ###ADS :Waiting for client connection.....
04-15 12:09:36.135  3443  8048 I         : ###ADS :Waiting for client connection.....
04-15 12:09:36.140  3443  8048 I         : ###ADS :Waiting for client connection.....
04-15 12:09:36.145  3443  8048 I         : ###ADS :Waiting for client connection.....
04-15 12:09:36.150  3443  8048 I         : ###ADS :Waiting for client connection.....
04-15 12:09:36.154  3443  8048 I         : ###ADS :Waiting for client connection.....
04-15 12:09:36.159  3443  8048 I         : ###ADS :Waiting for client connection.....
04-15 12:09:36.164  3443  8048 I         : ###ADS :Waiting for client connection.....
04-15 12:09:36.169  3443  8048 I         : ###ADS :Waiting for client connection.....
04-15 12:09:36.174  3443  8048 I         : ###ADS :Waiting for client connection.....
04-15 12:09:36.179  3443  8048 I         : ###ADS :Waiting for client connection.....
04-15 12:09:36.184  3443  8048 I         : ###ADS :Waiting for client connection.....
04-15 12:09:36.188  3443  8048 I         : ###ADS :Waiting for client connection.....
04-15 12:09:36.193  3443  8048 I         : ###ADS :Waiting for client connection.....
04-15 12:09:36.199  3443  8048 I         : ###ADS :Waiting for client connection.....
04-15 12:09:36.204  3443  8048 I         : ###ADS :Waiting for client connection.....
04-15 12:09:36.211  3443  8048 I         : ###ADS :Waiting for client connection.....
04-15 12:09:36.217  3443  8048 I         : ###ADS :Waiting for client connection.....
04-15 12:09:36.222  3443  8048 I         : ###ADS :Waiting for client connection.....
04-15 12:09:36.227  3443  8048 I         : ###ADS :Waiting for client connection.....
04-15 12:09:36.232  3443  8048 I         : ###ADS :Waiting for client connection.....
04-15 12:09:36.237  3443  8048 I         : ###ADS :Waiting for client connection.....
04-15 12:09:36.243  3443  8048 I         : ###ADS :Waiting for client connection.....
04-15 12:09:36.248  3443  8048 I         : ###ADS :Waiting for client connection.....
04-15 12:09:36.253  3443  8048 I         : ###ADS :Waiting for client connection.....
04-15 12:09:36.258  3443  8048 I         : ###ADS :Waiting for client connection.....
04-15 12:09:36.260  3443  8048 I         : ###ADS :Waiting for client connection.....
04-15 12:09:36.265  3443  8048 I         : ###ADS :Waiting for client connection.....
04-15 12:09:36.269  3443  8048 I         : ###ADS :Waiting for client connection.....
04-15 12:09:36.274  3443  8048 I         : ###ADS :Waiting for client connection.....
04-15 12:09:36.279  3443  8048 I         : ###ADS :Waiting for client connection.....
04-15 12:09:36.283  3443  8048 I         : ###ADS :Waiting for client connection.....
04-15 12:09:36.288  3443  8048 I         : ###ADS :Waiting for client connection.....
04-15 12:09:36.292  3443  8048 I         : ###ADS :Waiting for client connection.....
04-15 12:09:36.297  3443  8048 I         : ###ADS :Waiting for client connection.....
04-15 12:09:36.303  3443  8048 I         : ###ADS :Waiting for client connection.....
04-15 12:09:36.307  3443  8048 I         : ###ADS :Waiting for client connection.....
04-15 12:09:36.309  3694 13519 D NetworkPolicy: 1000 is 7
04-15 12:09:36.310  3443  8048 I         : ###ADS :Waiting for client connection.....
04-15 12:09:36.313  3443  8048 I         : ###ADS :Waiting for client connection.....
04-15 12:09:36.315  3443  8048 I         : ###ADS :Waiting for client connection.....
04-15 12:09:36.320  3443  8048 I         : ###ADS :Waiting for client connection.....
04-15 12:09:36.325  3443  8048 I         : ###ADS :Waiting for client connection.....
04-15 12:09:36.330  3443  8048 I         : ###ADS :Waiting for client connection.....
04-15 12:09:36.334  3443  8048 I         : ###ADS :Waiting for client connection.....
04-15 12:09:36.339  3443  8048 I         : ###ADS :Waiting for client connection.....
04-15 12:09:36.343  3443  8048 I         : ###ADS :Waiting for client connection.....
04-15 12:09:36.348  3443  8048 I         : ###ADS :Waiting for client connection.....
04-15 12:09:36.354  3443  8048 I         : ###ADS :Waiting for client connection.....
04-15 12:09:36.358  3443  8048 I         : ###ADS :Waiting for client connection.....
04-15 12:09:36.363  3443  8048 I         : ###ADS :Waiting for client connection.....
04-15 12:09:36.368  3443  8048 I         : ###ADS :Waiting for client connection.....
04-15 12:09:36.373  3443  8048 I         : ###ADS :Waiting for client connection.....
04-15 12:09:36.376  3443  8048 I         : ###ADS :Waiting for client connection.....
04-15 12:09:36.380  3443  8048 I         : ###ADS :Waiting for client connection.....
04-15 12:09:36.385  3443  8048 I         : ###ADS :Waiting for client connection.....
04-15 12:09:36.390  3443  8048 I         : ###ADS :Waiting for client connection.....
04-15 12:09:36.395  3443  8048 I         : ###ADS :Waiting for client connection.....
04-15 12:09:36.399  3443  8048 I         : ###ADS :Waiting for client connection.....
04-15 12:09:36.405  3443  8048 I         : ###ADS :Waiting for client connection.....
04-15 12:09:36.409  3443  8048 I         : ###ADS :Waiting for client connection.....
04-15 12:09:36.414  3443  8048 I         : ###ADS :Waiting for client connection.....
04-15 12:09:36.419  3443  8048 I         : ###ADS :Waiting for client connection.....
04-15 12:09:36.424  3443  8048 I         : ###ADS :Waiting for client connection.....
04-15 12:09:36.428  3443  8048 I         : ###ADS :Waiting for client connection.....
04-15 12:09:36.433  3443  8048 I         : ###ADS :Waiting for client connection.....
04-15 12:09:36.437  3443  8048 I         : ###ADS :Waiting for client connection.....
04-15 12:09:36.441  3443  8048 I         : ###ADS :Waiting for client connection.....
04-15 12:09:36.447  3443  8048 I         : ###ADS :Waiting for client connection.....
04-15 12:09:36.450  3443  8048 I         : ###ADS :Waiting for client connection.....
04-15 12:09:36.452  3443  8048 I         : ###ADS :Waiting for client connection.....
04-15 12:09:36.455  3443  8048 I         : ###ADS :Waiting for client connection.....
04-15 12:09:36.461  3443  8048 I         : ###ADS :Waiting for client connection.....
04-15 12:09:36.463  3443  8048 I         : ###ADS :Waiting for client connection.....
04-15 12:09:36.470  6302  6323 I ArusContentProvider: ###Arus: query()
04-15 12:09:36.470  6302  6323 D SQLiteQueryBuilder: SELECT _id, paramname, paramvalue, iswritable, notificationmode FROM ArusUpdatertable WHERE (paramname='LastOTAversion')
04-15 12:09:36.472  6302  6323 D SQLiteCursor: received count(*) from native_fill_window: 1
04-15 12:09:36.476  3443  8048 I         : ###ADS :Waiting for client connection.....
04-15 12:09:36.481  3443  8048 I         : ###ADS :Waiting for client connection.....
04-15 12:09:36.486  3443  8048 I         : ###ADS :Waiting for client connection.....
04-15 12:09:36.491  3443  8048 I         : ###ADS :Waiting for client connection.....
04-15 12:09:36.495  3443  8048 I         : ###ADS :Waiting for client connection.....
04-15 12:09:36.501  3443  8048 I         : ###ADS :Waiting for client connection.....
04-15 12:09:36.506  3443  8048 I         : ###ADS :Waiting for client connection.....
04-15 12:09:36.511  3443  8048 I         : ###ADS :Waiting for client connection.....
04-15 12:09:36.515  3443  8048 I         : ###ADS :Waiting for client connection.....
04-15 12:09:36.521  3443  8048 I         : ###ADS :Waiting for client connection.....
04-15 12:09:36.523  3443  8048 I         : ###ADS :Waiting for client connection.....
04-15 12:09:36.528  3443  8048 I         : ###ADS :Waiting for client connection.....
04-15 12:09:36.534  3443  8048 I         : ###ADS :Waiting for client connection.....
04-15 12:09:36.538  3443  8048 I         : ###ADS :Waiting for client connection.....
04-15 12:09:36.543  3443  8048 I         : ###ADS :Waiting for client connection.....
04-15 12:09:36.548  3443  8048 I         : ###ADS :Waiting for client connection.....
04-15 12:09:36.553  3443  8048 I         : ###ADS :Waiting for client connection.....
04-15 12:09:36.557  3443  8048 I         : ###ADS :Waiting for client connection.....
04-15 12:09:36.562  3443  8048 I         : ###ADS :Waiting for client connection.....
04-15 12:09:36.566  3443  8048 I         : ###ADS :Waiting for client connection.....
04-15 12:09:36.571  3443  8048 I         : ###ADS :Waiting for client connection.....
04-15 12:09:36.574  3443  8048 I         : ###ADS :Waiting for client connection.....
04-15 12:09:36.576  3443  8048 I         : ###ADS :Waiting for client connection.....
04-15 12:09:36.581  3443  8048 I         : ###ADS :Waiting for client connection.....
04-15 12:09:36.586  3443  8048 I         : ###ADS :Waiting for client connection.....
04-15 12:09:36.590  3443  8048 I         : ###ADS :Waiting for client connection.....
04-15 12:09:36.595  3443  8048 I         : ###ADS :Waiting for client connection.....
04-15 12:09:36.600  3443  8048 I         : ###ADS :Waiting for client connection.....
04-15 12:09:36.605  3443  8048 I         : ###ADS :Waiting for client connection.....
04-15 12:09:36.610  3443  8048 I         : ###ADS :Waiting for client connection.....
04-15 12:09:36.617  3443  8048 I         : ###ADS :Waiting for client connection.....
04-15 12:09:36.622  3443  8048 I         : ###ADS :Waiting for client connection.....
04-15 12:09:36.626  3443  8048 I         : ###ADS :Waiting for client connection.....
04-15 12:09:36.631  3443  8048 I         : ###ADS :Waiting for client connection.....
04-15 12:09:36.636  3443  8048 I         : ###ADS :Waiting for client connection.....
04-15 12:09:36.641  3443  8048 I         : ###ADS :Waiting for client connection.....
04-15 12:09:36.647  3443  8048 I         : ###ADS :Waiting for client connection.....
04-15 12:09:36.653  3443  8048 I         : ###ADS :Waiting for client connection.....
04-15 12:09:36.657  3443  8048 I         : ###ADS :Waiting for client connection.....
04-15 12:09:36.662  3443  8048 I         : ###ADS :Waiting for client connection.....
04-15 12:09:36.573  3694 13519 I chatty  : uid=1000(system) Binder:3694_1C identical 7 lines
04-15 12:09:36.576  3694 13519 D NetworkPolicy: 1000 is 7
04-15 12:09:36.756  3694 13519 D NetworkPolicy: 10038 is allowed on unmetered network
04-15 12:09:36.797  3694 13519 D NetworkPolicy: 10034 is allowed on unmetered network
04-15 12:09:36.806  3443  8048 I         : ###ADS :Waiting for client connection.....
04-15 12:09:36.810  3443  8048 I         : ###ADS :Waiting for client connection.....
04-15 12:09:36.814  3443  8048 I         : ###ADS :Waiting for client connection.....
04-15 12:09:36.818  3443  8048 I         : ###ADS :Waiting for client connection.....
04-15 12:09:36.821  3443  8048 I         : ###ADS :Waiting for client connection.....
04-15 12:09:36.824  3443  8048 I         : ###ADS :Waiting for client connection.....
04-15 12:09:36.827  3443  8048 I         : ###ADS :Waiting for client connection.....
04-15 12:09:36.831  3443  8048 I         : ###ADS :Waiting for client connection.....
04-15 12:09:36.834  3443  8048 I         : ###ADS :Waiting for client connection.....
04-15 12:09:36.838  3443  8048 I         : ###ADS :Waiting for client connection.....
04-15 12:09:36.841  3443  8048 I         : ###ADS :Waiting for client connection.....
04-15 12:09:36.844  3443  8048 I         : ###ADS :Waiting for client connection.....
04-15 12:09:36.847  3443  8048 I         : ###ADS :Waiting for client connection.....
04-15 12:09:36.850  3443  8048 I         : ###ADS :Waiting for client connection.....
04-15 12:09:36.853  3443  8048 I         : ###ADS :Waiting for client connection.....
04-15 12:09:36.856  3443  8048 I         : ###ADS :Waiting for client connection.....
04-15 12:09:36.859  3443  8048 I         : ###ADS :Waiting for client connection.....
04-15 12:09:36.863  3443  8048 I         : ###ADS :Waiting for client connection.....
04-15 12:09:36.866  3443  8048 I         : ###ADS :Waiting for client connection.....
04-15 12:09:36.869  3443  8048 I         : ###ADS :Waiting for client connection.....
04-15 12:09:36.872  3443  8048 I         : ###ADS :Waiting for client connection.....
04-15 12:09:36.876  3443  8048 I         : ###ADS :Waiting for client connection.....
04-15 12:09:36.880  3443  8048 I         : ###ADS :Waiting for client connection.....
04-15 12:09:36.883  3443  8048 I         : ###ADS :Waiting for client connection.....
04-15 12:09:36.886  3443  8048 I         : ###ADS :Waiting for client connection.....
04-15 12:09:36.871  3694 13519 I chatty  : uid=1000(system) Binder:3694_1C identical 2 lines
04-15 12:09:36.874  3694 13519 D NetworkPolicy: 10034 is allowed on unmetered network
04-15 12:09:36.888  3694 13519 D NetworkPolicy: 1000 is 7
04-15 12:09:36.890  3443  8048 I         : ###ADS :Waiting for client connection.....
04-15 12:09:36.893  3443  8048 I         : ###ADS :Waiting for client connection.....
04-15 12:09:36.896  3443  8048 I         : ###ADS :Waiting for client connection.....
04-15 12:09:36.900  3443  8048 I         : ###ADS :Waiting for client connection.....
04-15 12:09:36.903  3443  8048 I         : ###ADS :Waiting for client connection.....
04-15 12:09:36.904  3443  8048 I         : ###ADS :Waiting for client connection.....
04-15 12:09:36.907  3443  8048 I         : ###ADS :Waiting for client connection.....
04-15 12:09:36.911  3443  8048 I         : ###ADS :Waiting for client connection.....
04-15 12:09:36.914  3443  8048 I         : ###ADS :Waiting for client connection.....
04-15 12:09:36.917  3443  8048 I         : ###ADS :Waiting for client connection.....
04-15 12:09:36.920  3443  8048 I         : ###ADS :Waiting for client connection.....
04-15 12:09:36.923  3443  8048 I         : ###ADS :Waiting for client connection.....
04-15 12:09:36.926  3443  8048 I         : ###ADS :Waiting for client connection.....
04-15 12:09:36.930  3443  8048 I         : ###ADS :Waiting for client connection.....
04-15 12:09:36.933  3443  8048 I         : ###ADS :Waiting for client connection.....
04-15 12:09:36.936  3443  8048 I         : ###ADS :Waiting for client connection.....
04-15 12:09:36.940  3443  8048 I         : ###ADS :Waiting for client connection.....
04-15 12:09:36.941  3443  8048 I         : ###ADS :Waiting for client connection.....
04-15 12:09:36.943  3443  8048 I         : ###ADS :Waiting for client connection.....
04-15 12:09:36.945  3443  8048 I         : ###ADS :Waiting for client connection.....
04-15 12:09:36.948  3443  8048 I         : ###ADS :Waiting for client connection.....
04-15 12:09:36.951  3443  8048 I         : ###ADS :Waiting for client connection.....
04-15 12:09:36.954  3443  8048 I         : ###ADS :Waiting for client connection.....
04-15 12:09:36.957  3443  8048 I         : ###ADS :Waiting for client connection.....
04-15 12:09:36.961  3443  8048 I         : ###ADS :Waiting for client connection.....
04-15 12:09:36.964  3443  8048 I         : ###ADS :Waiting for client connection.....
04-15 12:09:36.968  3443  8048 I         : ###ADS :Waiting for client connection.....
04-15 12:09:36.971  3443  8048 I         : ###ADS :Waiting for client connection.....
04-15 12:09:36.974  3443  8048 I         : ###ADS :Waiting for client connection.....
04-15 12:09:36.977  3443  8048 I         : ###ADS :Waiting for client connection.....
04-15 12:09:36.981  3443  8048 I         : ###ADS :Waiting for client connection.....
04-15 12:09:36.984  3443  8048 I         : ###ADS :Waiting for client connection.....
04-15 12:09:36.987  3443  8048 I         : ###ADS :Waiting for client connection.....
04-15 12:09:36.989  3443  8048 I         : ###ADS :Waiting for client connection.....
04-15 12:09:36.992  3443  8048 I         : ###ADS :Waiting for client connection.....
04-15 12:09:36.995  3443  8048 I         : ###ADS :Waiting for client connection.....
04-15 12:09:36.999  3443  8048 I         : ###ADS :Waiting for client connection.....
04-15 12:09:37.002  3443  8048 I         : ###ADS :Waiting for client connection.....
