04-15 12:07:47.307  3694  3793 D NetworkStats: TetherStats: iface=wlan0 type=3 entry=iface=null uid=-1 set=ALL tag=0x0 metered=ALL roaming=ALL defaultNetwork=ALL rxBytes=0 rxPackets=0 txBytes=0 txPackets=0 operations=0
04-15 12:07:47.309  3694  3793 D NetworkStats: TetherStats: iface=wlan0 type=1 entry=iface=null uid=-1 set=ALL tag=0x0 metered=ALL roaming=ALL defaultNetwork=ALL rxBytes=0 rxPackets=0 txBytes=0 txPackets=0 operations=0
04-15 12:07:47.760  3694 10795 D NetworkPolicy: 10034 is allowed on unmetered network
04-15 12:07:47.766  3694 10795 D NetworkPolicy: 10034 is allowed on unmetered network
04-15 12:07:48.077  3694 10795 D NetworkPolicy: 1000 is 7
04-15 12:07:48.745  3694  4453 D NetworkPolicy: 10038 is allowed on unmetered network
04-15 12:07:48.761  3694  4453 D NetworkPolicy: 10034 is allowed on unmetered network
04-15 12:07:48.768  3694 10795 D NetworkPolicy: 10034 is allowed on unmetered network
04-15 12:07:49.085  3694  4453 D NetworkPolicy: 1000 is 7
04-15 12:07:49.762  3694 10795 D NetworkPolicy: 10034 is allowed on unmetered network
04-15 12:07:49.771  3694 10795 D NetworkPolicy: 10034 is allowed on unmetered network
04-15 12:07:50.093  3694 10795 D NetworkPolicy: 1000 is 7
04-15 12:07:50.326  3694  3793 D NetworkStats: TetherStats: iface=wlan0 type=3 entry=iface=null uid=-1 set=ALL tag=0x0 metered=ALL roaming=ALL defaultNetwork=ALL rxBytes=0 rxPackets=0 txBytes=0 txPackets=0 operations=0
04-15 12:07:50.329  3694  3793 D NetworkStats: TetherStats: iface=wlan0 type=1 entry=iface=null uid=-1 set=ALL tag=0x0 metered=ALL roaming=ALL defaultNetwork=ALL rxBytes=0 rxPackets=0 txBytes=0 txPackets=0 operations=0
04-15 12:07:50.762  3694  4453 D NetworkPolicy: 10034 is allowed on unmetered network
04-15 12:07:50.769  3694  4453 D NetworkPolicy: 10034 is allowed on unmetered network
04-15 12:07:51.102  3694  4453 D NetworkPolicy: 1000 is 7
04-15 12:07:51.564  3815  3816 I HdmiCec : onCecMessage TV->P1 <Vendor Command> (04:89:01)
04-15 12:07:51.565  3694  3694 D HDMI    : [R]:<Vendor Command> 04:89:01
04-15 12:07:51.567  3694  3812 D HDMI    : [S]:<Feature Abort> 40:00:89:01
04-15 12:07:51.569  3815  3815 I HdmiCec : sendMessage P1->TV <Feature Abort> <Vendor Command> NOT_IN_CORRECT_MODE
04-15 12:07:51.745  3694  4453 D NetworkPolicy: 10038 is allowed on unmetered network
04-15 12:07:51.763  3694  4453 D NetworkPolicy: 10034 is allowed on unmetered network
04-15 12:07:51.770  3694  4453 D NetworkPolicy: 10034 is allowed on unmetered network
04-15 12:07:52.112  3694  4453 D NetworkPolicy: 1000 is 7
04-15 12:07:52.764  3694 10795 D NetworkPolicy: 10034 is allowed on unmetered network
04-15 12:07:52.771  3694 10795 D NetworkPolicy: 10034 is allowed on unmetered network
04-15 12:07:53.118  3694 10795 D NetworkPolicy: 1000 is 7
04-15 12:07:53.345  3694  3793 D NetworkStats: TetherStats: iface=wlan0 type=3 entry=iface=null uid=-1 set=ALL tag=0x0 metered=ALL roaming=ALL defaultNetwork=ALL rxBytes=0 rxPackets=0 txBytes=0 txPackets=0 operations=0
04-15 12:07:53.347  3694  3793 D NetworkStats: TetherStats: iface=wlan0 type=1 entry=iface=null uid=-1 set=ALL tag=0x0 metered=ALL roaming=ALL defaultNetwork=ALL rxBytes=0 rxPackets=0 txBytes=0 txPackets=0 operations=0
04-15 12:07:53.765  3694  4453 D NetworkPolicy: 10034 is allowed on unmetered network
04-15 12:07:53.771  3694  4453 D NetworkPolicy: 10034 is allowed on unmetered network
04-15 12:07:54.125  3694  4453 D NetworkPolicy: 1000 is 7
04-15 12:07:54.746  3694 10795 D NetworkPolicy: 10038 is allowed on unmetered network
04-15 12:07:54.765  3694 10795 D NetworkPolicy: 10034 is allowed on unmetered network
04-15 12:07:54.771  3694 10795 D NetworkPolicy: 10034 is allowed on unmetered network
04-15 12:07:55.134  3694 10795 D NetworkPolicy: 1000 is 7
04-15 12:07:55.767  3694 10795 D NetworkPolicy: 10034 is allowed on unmetered network
04-15 12:07:55.773  3694 10795 D NetworkPolicy: 10034 is allowed on unmetered network
04-15 12:07:56.143  3694 10795 D NetworkPolicy: 1000 is 7
04-15 12:07:56.364  3694  3793 D NetworkStats: TetherStats: iface=wlan0 type=3 entry=iface=null uid=-1 set=ALL tag=0x0 metered=ALL roaming=ALL defaultNetwork=ALL rxBytes=0 rxPackets=0 txBytes=0 txPackets=0 operations=0
04-15 12:07:56.367  3694  3793 D NetworkStats: TetherStats: iface=wlan0 type=1 entry=iface=null uid=-1 set=ALL tag=0x0 metered=ALL roaming=ALL defaultNetwork=ALL rxBytes=0 rxPackets=0 txBytes=0 txPackets=0 operations=0
04-15 12:07:56.767  3694 10795 D NetworkPolicy: 10034 is allowed on unmetered network
04-15 12:07:56.775  3694 10795 D NetworkPolicy: 10034 is allowed on unmetered network
04-15 12:07:57.152  3694 10795 D NetworkPolicy: 1000 is 7
04-15 12:07:57.747  3694 10795 D NetworkPolicy: 10038 is allowed on unmetered network
04-15 12:07:57.768  3694 10795 D NetworkPolicy: 10034 is allowed on unmetered network
04-15 12:07:57.773  3694 10795 D NetworkPolicy: 10034 is allowed on unmetered network
04-15 12:07:58.158  3694 10795 D NetworkPolicy: 1000 is 7
04-15 12:07:58.769  3694  4453 D NetworkPolicy: 10034 is allowed on unmetered network
04-15 12:07:58.775  3694  4453 D NetworkPolicy: 10034 is allowed on unmetered network
04-15 12:07:59.166  3694  4453 D NetworkPolicy: 1000 is 7
04-15 12:07:59.190  3815  3816 I HdmiCec : onCecMessage TV->** <Device Vendor ID> 00e091
04-15 12:07:59.192  3694  3694 D HDMI    : [R]:<Device Vendor Id> 0F:87:00:E0:91
04-15 12:07:59.344  3815  3816 I HdmiCec : onCecMessage TV->P1 <Feature Abort>
04-15 12:07:59.346  3694  3694 D HDMI    : [R]:<Feature Abort> 04:00
04-15 12:07:59.381  3694  3793 D NetworkStats: TetherStats: iface=wlan0 type=3 entry=iface=null uid=-1 set=ALL tag=0x0 metered=ALL roaming=ALL defaultNetwork=ALL rxBytes=0 rxPackets=0 txBytes=0 txPackets=0 operations=0
04-15 12:07:59.386  3694  3793 D NetworkStats: TetherStats: iface=wlan0 type=1 entry=iface=null uid=-1 set=ALL tag=0x0 metered=ALL roaming=ALL defaultNetwork=ALL rxBytes=0 rxPackets=0 txBytes=0 txPackets=0 operations=0
04-15 12:07:59.439  3815  3816 I HdmiCec : onCecMessage TV->P1 <Vendor Command> (04:89:01)
04-15 12:07:59.440  3694  3694 D HDMI    : [R]:<Vendor Command> 04:89:01
04-15 12:07:59.441  3694  3812 D HDMI    : [S]:<Feature Abort> 40:00:89:01
04-15 12:07:59.442  3815  3815 I HdmiCec : sendMessage P1->TV <Feature Abort> <Vendor Command> NOT_IN_CORRECT_MODE
04-15 12:07:59.770  3694 10795 D NetworkPolicy: 10034 is allowed on unmetered network
04-15 12:07:59.776  3694 10795 D NetworkPolicy: 10034 is allowed on unmetered network
04-15 12:08:00.174  3694 10795 D NetworkPolicy: 1000 is 7
04-15 12:08:00.429  3443  8048 I chatty  : uid=0(root) ArrisTr69Thread expire 11 lines
04-15 12:08:00.747  3694  4453 D NetworkPolicy: 10038 is allowed on unmetered network
04-15 12:08:00.771  3694  4453 D NetworkPolicy: 10034 is allowed on unmetered network
04-15 12:08:00.777  3694  4453 D NetworkPolicy: 10034 is allowed on unmetered network
04-15 12:08:01.181  3694  4453 D NetworkPolicy: 1000 is 7
04-15 12:08:01.669  8022  8035 I chatty  : uid=1000(system) HeapTaskDaemon expire 1 line
04-15 12:08:01.681  3694  4453 W ActivityManager: Receiver with filter android.content.IntentFilter@95578c9 already registered for pid 8022, callerPackage is com.arris.chmframework
04-15 12:08:01.684  8022  8047 I chatty  : uid=1000(system) Thread-2 expire 16 lines
04-15 12:08:01.771  3694  4453 D NetworkPolicy: 10034 is allowed on unmetered network
04-15 12:08:01.773  3694  4453 D NetworkPolicy: 10034 is allowed on unmetered network
04-15 12:08:02.186  3694  4453 D NetworkPolicy: 1000 is 7
04-15 12:08:02.406  3694  3793 D NetworkStats: TetherStats: iface=wlan0 type=3 entry=iface=null uid=-1 set=ALL tag=0x0 metered=ALL roaming=ALL defaultNetwork=ALL rxBytes=0 rxPackets=0 txBytes=0 txPackets=0 operations=0
04-15 12:08:02.410  3694  3793 D NetworkStats: TetherStats: iface=wlan0 type=1 entry=iface=null uid=-1 set=ALL tag=0x0 metered=ALL roaming=ALL defaultNetwork=ALL rxBytes=0 rxPackets=0 txBytes=0 txPackets=0 operations=0
04-15 12:08:02.772  3694  4453 D NetworkPolicy: 10034 is allowed on unmetered network
04-15 12:08:02.778  3694  4453 D NetworkPolicy: 10034 is allowed on unmetered network
04-15 12:08:03.194  3694  4453 D NetworkPolicy: 1000 is 7
04-15 12:08:03.747  3694 10795 D NetworkPolicy: 10038 is allowed on unmetered network
04-15 12:08:03.773  3694 10795 D NetworkPolicy: 10034 is allowed on unmetered network
04-15 12:08:03.778  3694 10795 D NetworkPolicy: 10034 is allowed on unmetered network
04-15 12:08:04.200  3694 10795 D NetworkPolicy: 1000 is 7
04-15 12:08:04.774  3694 10795 D NetworkPolicy: 10034 is allowed on unmetered network
04-15 12:08:04.780  3694 10795 D NetworkPolicy: 10034 is allowed on unmetered network
04-15 12:08:05.210  3694  4453 D NetworkPolicy: 1000 is 7
04-15 12:08:05.431  3694  3793 D NetworkStats: TetherStats: iface=wlan0 type=3 entry=iface=null uid=-1 set=ALL tag=0x0 metered=ALL roaming=ALL defaultNetwork=ALL rxBytes=0 rxPackets=0 txBytes=0 txPackets=0 operations=0
04-15 12:08:05.434  3694  3793 D NetworkStats: TetherStats: iface=wlan0 type=1 entry=iface=null uid=-1 set=ALL tag=0x0 metered=ALL roaming=ALL defaultNetwork=ALL rxBytes=0 rxPackets=0 txBytes=0 txPackets=0 operations=0
04-15 12:08:05.775  3694  4453 D NetworkPolicy: 10034 is allowed on unmetered network
04-15 12:08:05.781  3694  4453 D NetworkPolicy: 10034 is allowed on unmetered network
04-15 12:08:06.216  3694  4453 D NetworkPolicy: 1000 is 7
04-15 12:08:06.641  3815  3816 I HdmiCec : onCecMessage TV->P1 <Vendor Command> (04:89:01)
04-15 12:08:06.643  3694  3694 D HDMI    : [R]:<Vendor Command> 04:89:01
04-15 12:08:06.644  3694  3812 D HDMI    : [S]:<Feature Abort> 40:00:89:01
04-15 12:08:06.645  3815  3815 I HdmiCec : sendMessage P1->TV <Feature Abort> <Vendor Command> NOT_IN_CORRECT_MODE
04-15 12:08:06.746  3694 10795 D NetworkPolicy: 10034 is allowed on unmetered network
04-15 12:08:06.748  3694  4453 D NetworkPolicy: 10038 is allowed on unmetered network
04-15 12:08:06.763  5330  6597 I chromium: [5330:6597:INFO:wifi_frame_histogram_capturer.cc(405)] No histogram or IOCTL data
04-15 12:08:06.764  3694 10795 D NetworkPolicy: 10034 is allowed on unmetered network
04-15 12:08:06.775  5330  6597 I chromium: [5330:6597:INFO:wifi_util.cc(197)] Current wifi TDLS peers:
04-15 12:08:06.776  5330  6597 I chromium: [5330:6597:INFO:wifi_util.cc(199)] 	No peers:
04-15 12:08:07.148  5330  5330 I chromium: [5330:5330:INFO:metrics_recorder.cc(188)] Record action: Cast.CecHdmiInputState.Unknown
04-15 12:08:07.149  5330  5330 I chromium: [5330:5330:INFO:metrics_recorder.cc(188)] Record action: Cast.CecStandby.Unknown
04-15 12:08:07.176  5330  5330 I chromium: [5330:5330:INFO:metrics_stat_logger.cc(55)] Metrics stat for the past 60 secs : total=5
04-15 12:08:07.176  5330  5330 I chromium: [metrics_stat_logger] AppRunning=1
04-15 12:08:07.176  5330  5330 I chromium: [metrics_stat_logger] Cast.CecHdmiInputState.Unknown=1
04-15 12:08:07.176  5330  5330 I chromium: [metrics_stat_logger] Cast.CecStandby.Unknown=1
04-15 12:08:07.176  5330  5330 I chromium: [metrics_stat_logger] Cast.ConnectionType.Wifi=1
04-15 12:08:07.176  5330  5330 I chromium: [metrics_stat_logger] Cast.Network.CheckIn=1
04-15 12:08:06.794  3694 10795 I chatty  : uid=1000(system) Binder:3694_19 identical 3 lines
04-15 12:08:06.798  3694 10795 D NetworkPolicy: 10034 is allowed on unmetered network
04-15 12:08:07.225  3694 10795 D NetworkPolicy: 1000 is 7
04-15 12:08:07.778  3694 10795 D NetworkPolicy: 10034 is allowed on unmetered network
04-15 12:08:07.784  3694 10795 D NetworkPolicy: 10034 is allowed on unmetered network
04-15 12:08:08.232  3694 10795 D NetworkPolicy: 1000 is 7
04-15 12:08:08.452  3694  3793 D NetworkStats: TetherStats: iface=wlan0 type=3 entry=iface=null uid=-1 set=ALL tag=0x0 metered=ALL roaming=ALL defaultNetwork=ALL rxBytes=0 rxPackets=0 txBytes=0 txPackets=0 operations=0
04-15 12:08:08.456  3694  3793 D NetworkStats: TetherStats: iface=wlan0 type=1 entry=iface=null uid=-1 set=ALL tag=0x0 metered=ALL roaming=ALL defaultNetwork=ALL rxBytes=0 rxPackets=0 txBytes=0 txPackets=0 operations=0
04-15 12:08:08.779  3694  4453 D NetworkPolicy: 10034 is allowed on unmetered network
04-15 12:08:08.785  3694  4453 D NetworkPolicy: 10034 is allowed on unmetered network
04-15 12:08:09.238  3694  4453 D NetworkPolicy: 1000 is 7
04-15 12:08:09.748  3694  4453 D NetworkPolicy: 10038 is allowed on unmetered network
04-15 12:08:09.780  3694  4453 D NetworkPolicy: 10034 is allowed on unmetered network
04-15 12:08:09.786  3694  4453 D NetworkPolicy: 10034 is allowed on unmetered network
04-15 12:08:10.245  3694  4453 D NetworkPolicy: 1000 is 7
04-15 12:08:10.781  3694 10795 D NetworkPolicy: 10034 is allowed on unmetered network
04-15 12:08:10.788  3694 10795 D NetworkPolicy: 10034 is allowed on unmetered network
04-15 12:08:11.251  3694 10795 D NetworkPolicy: 1000 is 7
04-15 12:08:11.473  3694  3793 D NetworkStats: TetherStats: iface=wlan0 type=3 entry=iface=null uid=-1 set=ALL tag=0x0 metered=ALL roaming=ALL defaultNetwork=ALL rxBytes=0 rxPackets=0 txBytes=0 txPackets=0 operations=0
04-15 12:08:11.475  3694  3793 D NetworkStats: TetherStats: iface=wlan0 type=1 entry=iface=null uid=-1 set=ALL tag=0x0 metered=ALL roaming=ALL defaultNetwork=ALL rxBytes=0 rxPackets=0 txBytes=0 txPackets=0 operations=0
04-15 12:08:11.781  3694 10795 D NetworkPolicy: 10034 is allowed on unmetered network
04-15 12:08:11.471  3694  3793 I chatty  : uid=1000(system) ClientModeImpl expire 11 lines
04-15 12:08:11.908  5330  6628 I chromium: [5330:6628:INFO:wifi_proximity.cc(177)] Request scan.
04-15 12:08:11.787  3694 10795 D NetworkPolicy: 10034 is allowed on unmetered network
04-15 12:08:12.258  3694 10795 D NetworkPolicy: 1000 is 7
04-15 12:08:12.749  3694  4453 D NetworkPolicy: 10038 is allowed on unmetered network
04-15 12:08:12.782  3694  4453 D NetworkPolicy: 10034 is allowed on unmetered network
04-15 12:08:12.788  3694  4453 D NetworkPolicy: 10034 is allowed on unmetered network
04-15 12:08:13.265  3694  4453 D NetworkPolicy: 1000 is 7
04-15 12:08:13.784  3694 10795 D NetworkPolicy: 10034 is allowed on unmetered network
04-15 12:08:14.267  3815  3816 I HdmiCec : onCecMessage TV->** <Device Vendor ID> 00e091
04-15 12:08:13.791  3694 10795 D NetworkPolicy: 10034 is allowed on unmetered network
04-15 12:08:14.270  3694  3694 D HDMI    : [R]:<Device Vendor Id> 0F:87:00:E0:91
04-15 12:08:14.272  3694 10795 D NetworkPolicy: 1000 is 7
04-15 12:08:14.422  3815  3816 I HdmiCec : onCecMessage TV->P1 <Feature Abort>
04-15 12:08:14.424  3694  3694 D HDMI    : [R]:<Feature Abort> 04:00
04-15 12:08:14.424  3694  3694 W HDMI    : [2]:Unexpected parameters: <Feature Abort> 04:00
04-15 12:08:14.491  3694  3793 D NetworkStats: TetherStats: iface=wlan0 type=3 entry=iface=null uid=-1 set=ALL tag=0x0 metered=ALL roaming=ALL defaultNetwork=ALL rxBytes=0 rxPackets=0 txBytes=0 txPackets=0 operations=0
04-15 12:08:14.493  3694  3793 D NetworkStats: TetherStats: iface=wlan0 type=1 entry=iface=null uid=-1 set=ALL tag=0x0 metered=ALL roaming=ALL defaultNetwork=ALL rxBytes=0 rxPackets=0 txBytes=0 txPackets=0 operations=0
04-15 12:08:14.515  3815  3816 I HdmiCec : onCecMessage TV->P1 <Vendor Command> (04:89:01)
04-15 12:08:14.517  3694  3694 D HDMI    : [R]:<Vendor Command> 04:89:01
04-15 12:08:14.520  3694  3812 D HDMI    : [S]:<Feature Abort> 40:00:89:01
04-15 12:08:14.521  3815  3815 I HdmiCec : sendMessage P1->TV <Feature Abort> <Vendor Command> NOT_IN_CORRECT_MODE
04-15 12:08:14.784  3694 10795 D NetworkPolicy: 10034 is allowed on unmetered network
04-15 12:08:14.790  3694 10795 D NetworkPolicy: 10034 is allowed on unmetered network
04-15 12:08:15.279  3694 10795 D NetworkPolicy: 1000 is 7
04-15 12:08:15.416  8022  8437 I chatty  : uid=1000(system) pool-2-thread-1 expire 137 lines
04-15 12:08:15.425  3443  3443 I chatty  : uid=0(root) tr69@1.0-servic expire 56 lines
04-15 12:08:15.748  3694  4453 D NetworkPolicy: 10038 is allowed on unmetered network
04-15 12:08:15.785  3694  4453 D NetworkPolicy: 10034 is allowed on unmetered network
04-15 12:08:16.011  3431  3431 D HAL_STAT: Hal_Stat_GetAudioDecoderStats
04-15 12:08:16.012  3431  3431 I HAL_STAT: Audio decoder [0] not started
04-15 12:08:16.012  3431  3431 I HAL_STAT: Audio decoder [1] not started
04-15 12:08:16.012  3431  3431 I HAL_STAT: Audio decoder [2] not started
04-15 12:08:16.012  3431  3431 D HAL_STAT: Hal_Stat_GetVideoDecoderStats...
04-15 12:08:16.017  3431  3431 D HAL_STAT: Hal_Stat_GetEdidInfo...
04-15 12:08:16.015  3431  3431 W hal_stat@1.0-se: type=1400 audit(0.0:332): avc: denied { ioctl } for path="/dev/nxmw" dev="tmpfs" ino=364 ioctlcmd=0x805 scontext=u:r:hal_arris_hal_stat:s0 tcontext=u:object_r:nexus_device:s0 tclass=chr_file permissive=0
04-15 12:08:16.017  3431  3431 E NEXUS   : !!!Error BERR_OS_ERROR(0x6) at /export/jenkins/workspace/F354_AndroidTv_10_StreamTV-Child01/subjob/verizon/out-bcm/target/product/inuvik/obj/FAKE/refsw/obj.972164/nexus/core/syncthunk/nexus_cec_abiverify_client.h:44
04-15 12:08:16.018  3431  3431 D HAL_STAT: outer hal get: followPreferredFormat: 1 format: 32
04-15 12:08:16.018  3431  3431 D HAL_STAT: Hal_Stat_GetHdmiSettings...HDMI Connected with resolutionMode = 1
04-15 12:08:16.018  3431  3431 D arris_hidl_hal_stat: in hal: get resolutionMode: 1 resolutionValue: 1080p
04-15 12:08:15.787  3694  4453 D NetworkPolicy: 10034 is allowed on unmetered network
04-15 12:08:16.024  3694  4453 D NetworkPolicy: 1000 is 7
04-15 12:08:16.413  3694  4453 I chatty  : uid=1000(system) Binder:3694_9 identical 49 lines
04-15 12:08:16.413  3694  4453 D NetworkPolicy: 1000 is 7
04-15 12:08:16.785  3694  4453 D NetworkPolicy: 10034 is allowed on unmetered network
04-15 12:08:16.787  3694  4453 D NetworkPolicy: 10034 is allowed on unmetered network
04-15 12:08:17.289  3694  4453 D NetworkPolicy: 1000 is 7
04-15 12:08:17.514  3694  3793 D NetworkStats: TetherStats: iface=wlan0 type=3 entry=iface=null uid=-1 set=ALL tag=0x0 metered=ALL roaming=ALL defaultNetwork=ALL rxBytes=0 rxPackets=0 txBytes=0 txPackets=0 operations=0
04-15 12:08:17.516  3694  3793 D NetworkStats: TetherStats: iface=wlan0 type=1 entry=iface=null uid=-1 set=ALL tag=0x0 metered=ALL roaming=ALL defaultNetwork=ALL rxBytes=0 rxPackets=0 txBytes=0 txPackets=0 operations=0
04-15 12:08:17.787  3694  4453 D NetworkPolicy: 10034 is allowed on unmetered network
04-15 12:08:17.794  3694  4453 D NetworkPolicy: 10034 is allowed on unmetered network
04-15 12:08:18.299  3694  4453 D NetworkPolicy: 1000 is 7
04-15 12:08:18.749  3694 10795 D NetworkPolicy: 10038 is allowed on unmetered network
04-15 12:08:18.788  3694 10795 D NetworkPolicy: 10034 is allowed on unmetered network
04-15 12:08:19.003  5330 12976 I chromium: [5330:12976:INFO:ssdp_device.c(101)] SSDP packets sent for 48 seconds = 1
04-15 12:08:18.796  3694 10795 D NetworkPolicy: 10034 is allowed on unmetered network
04-15 12:08:19.307  3694  4453 D NetworkPolicy: 1000 is 7
04-15 12:08:19.790  3694  4453 D NetworkPolicy: 10034 is allowed on unmetered network
04-15 12:08:19.796  3694  4453 D NetworkPolicy: 10034 is allowed on unmetered network
04-15 12:08:20.315  3694  4453 D NetworkPolicy: 1000 is 7
04-15 12:08:20.535  3694  3793 D NetworkStats: TetherStats: iface=wlan0 type=3 entry=iface=null uid=-1 set=ALL tag=0x0 metered=ALL roaming=ALL defaultNetwork=ALL rxBytes=0 rxPackets=0 txBytes=0 txPackets=0 operations=0
04-15 12:08:20.539  3694  3793 D NetworkStats: TetherStats: iface=wlan0 type=1 entry=iface=null uid=-1 set=ALL tag=0x0 metered=ALL roaming=ALL defaultNetwork=ALL rxBytes=0 rxPackets=0 txBytes=0 txPackets=0 operations=0
04-15 12:08:20.791  3694  4453 D NetworkPolicy: 10034 is allowed on unmetered network
04-15 12:08:20.799  3694  4453 D NetworkPolicy: 10034 is allowed on unmetered network
04-15 12:08:21.325  3694  4453 D NetworkPolicy: 1000 is 7
04-15 12:08:21.719  3815  3816 I HdmiCec : onCecMessage TV->P1 <Vendor Command> (04:89:01)
04-15 12:08:21.721  3694  3694 D HDMI    : [R]:<Vendor Command> 04:89:01
04-15 12:08:21.722  3694  3812 D HDMI    : [S]:<Feature Abort> 40:00:89:01
04-15 12:08:21.723  3815  3815 I HdmiCec : sendMessage P1->TV <Feature Abort> <Vendor Command> NOT_IN_CORRECT_MODE
04-15 12:08:21.749  3694 10795 D NetworkPolicy: 10038 is allowed on unmetered network
04-15 12:08:21.792  3694 10795 D NetworkPolicy: 10034 is allowed on unmetered network
04-15 12:08:21.801  3694 10795 D NetworkPolicy: 10034 is allowed on unmetered network
04-15 12:08:22.334  3694 10795 D NetworkPolicy: 1000 is 7
04-15 12:08:22.793  3694  4453 D NetworkPolicy: 10034 is allowed on unmetered network
04-15 12:08:22.801  3694  4453 D NetworkPolicy: 10034 is allowed on unmetered network
04-15 12:08:23.341  3694  4453 D NetworkPolicy: 1000 is 7
04-15 12:08:23.555  3694  3793 D NetworkStats: TetherStats: iface=wlan0 type=3 entry=iface=null uid=-1 set=ALL tag=0x0 metered=ALL roaming=ALL defaultNetwork=ALL rxBytes=0 rxPackets=0 txBytes=0 txPackets=0 operations=0
04-15 12:08:23.559  3694  3793 D NetworkStats: TetherStats: iface=wlan0 type=1 entry=iface=null uid=-1 set=ALL tag=0x0 metered=ALL roaming=ALL defaultNetwork=ALL rxBytes=0 rxPackets=0 txBytes=0 txPackets=0 operations=0
04-15 12:08:23.794  3694  4453 D NetworkPolicy: 10034 is allowed on unmetered network
04-15 12:08:23.804  3694  4453 D NetworkPolicy: 10034 is allowed on unmetered network
04-15 12:08:24.348  3694  4453 D NetworkPolicy: 1000 is 7
04-15 12:08:24.750  3694 10795 D NetworkPolicy: 10038 is allowed on unmetered network
04-15 12:08:24.794  3694 10795 D NetworkPolicy: 10034 is allowed on unmetered network
04-15 12:08:24.803  3694 10795 D NetworkPolicy: 10034 is allowed on unmetered network
04-15 12:08:25.356  3694 10795 D NetworkPolicy: 1000 is 7
04-15 12:08:25.795  3694 10795 D NetworkPolicy: 10034 is allowed on unmetered network
04-15 12:08:25.804  3694 10795 D NetworkPolicy: 10034 is allowed on unmetered network
04-15 12:08:26.363  3694 10795 D NetworkPolicy: 1000 is 7
04-15 12:08:26.577  3694  3793 D NetworkStats: TetherStats: iface=wlan0 type=3 entry=iface=null uid=-1 set=ALL tag=0x0 metered=ALL roaming=ALL defaultNetwork=ALL rxBytes=0 rxPackets=0 txBytes=0 txPackets=0 operations=0
04-15 12:08:26.580  3694  3793 D NetworkStats: TetherStats: iface=wlan0 type=1 entry=iface=null uid=-1 set=ALL tag=0x0 metered=ALL roaming=ALL defaultNetwork=ALL rxBytes=0 rxPackets=0 txBytes=0 txPackets=0 operations=0
04-15 12:08:26.796  3694 10795 D NetworkPolicy: 10034 is allowed on unmetered network
04-15 12:08:26.804  3694 10795 D NetworkPolicy: 10034 is allowed on unmetered network
04-15 12:08:27.369  3694 10795 D NetworkPolicy: 1000 is 7
04-15 12:08:27.750  3694  4453 D NetworkPolicy: 10038 is allowed on unmetered network
04-15 12:08:27.797  3694  4453 D NetworkPolicy: 10034 is allowed on unmetered network
04-15 12:08:27.805  3694  4453 D NetworkPolicy: 10034 is allowed on unmetered network
04-15 12:08:28.376  3694  4453 D NetworkPolicy: 1000 is 7
04-15 12:08:28.798  3694 10795 D NetworkPolicy: 10034 is allowed on unmetered network
04-15 12:08:29.345  3815  3816 I HdmiCec : onCecMessage TV->** <Device Vendor ID> 00e091
04-15 12:08:28.810  3694 10795 D NetworkPolicy: 10034 is allowed on unmetered network
04-15 12:08:29.347  3694  3694 D HDMI    : [R]:<Device Vendor Id> 0F:87:00:E0:91
04-15 12:08:29.383  3694 10795 D NetworkPolicy: 1000 is 7
04-15 12:08:29.500  3815  3816 I HdmiCec : onCecMessage TV->P1 <Feature Abort>
04-15 12:08:29.504  3694  3694 D HDMI    : [R]:<Feature Abort> 04:00
04-15 12:08:29.593  3815  3816 I HdmiCec : onCecMessage TV->P1 <Vendor Command> (04:89:01)
04-15 12:08:29.595  3694  3694 D HDMI    : [R]:<Vendor Command> 04:89:01
04-15 12:08:29.596  3694  3812 D HDMI    : [S]:<Feature Abort> 40:00:89:01
04-15 12:08:29.597  3815  3815 I HdmiCec : sendMessage P1->TV <Feature Abort> <Vendor Command> NOT_IN_CORRECT_MODE
04-15 12:08:29.598  3694  3793 D NetworkStats: TetherStats: iface=wlan0 type=3 entry=iface=null uid=-1 set=ALL tag=0x0 metered=ALL roaming=ALL defaultNetwork=ALL rxBytes=0 rxPackets=0 txBytes=0 txPackets=0 operations=0
04-15 12:08:29.605  3694  3793 D NetworkStats: TetherStats: iface=wlan0 type=1 entry=iface=null uid=-1 set=ALL tag=0x0 metered=ALL roaming=ALL defaultNetwork=ALL rxBytes=0 rxPackets=0 txBytes=0 txPackets=0 operations=0
04-15 12:08:29.800  3694 10795 D NetworkPolicy: 10034 is allowed on unmetered network
04-15 12:08:29.807  3694 10795 D NetworkPolicy: 10034 is allowed on unmetered network
04-15 12:08:30.392  3694 10795 D NetworkPolicy: 1000 is 7
04-15 12:08:30.751  3694  4453 D NetworkPolicy: 10038 is allowed on unmetered network
04-15 12:08:30.802  3694  4453 D NetworkPolicy: 10034 is allowed on unmetered network
04-15 12:08:30.812  3694  4453 D NetworkPolicy: 10034 is allowed on unmetered network
04-15 12:08:31.404  3694  4453 D NetworkPolicy: 1000 is 7
04-15 12:08:31.802  3694 10795 D NetworkPolicy: 10034 is allowed on unmetered network
04-15 12:08:31.809  3694 10795 D NetworkPolicy: 10034 is allowed on unmetered network
04-15 12:08:31.942  3694 10795 W ActivityManager: Receiver with filter android.content.IntentFilter@8a7dbce already registered for pid 8022, callerPackage is com.arris.chmframework
04-15 12:08:31.943  8022  8047 I chatty  : uid=1000(system) Thread-2 expire 16 lines
04-15 12:08:31.946  3443  8048 I chatty  : uid=0(root) ArrisTr69Thread expire 9 lines
04-15 12:08:32.412  3694 10795 D NetworkPolicy: 1000 is 7
04-15 12:08:32.624  3694  3793 D NetworkStats: TetherStats: iface=wlan0 type=3 entry=iface=null uid=-1 set=ALL tag=0x0 metered=ALL roaming=ALL defaultNetwork=ALL rxBytes=0 rxPackets=0 txBytes=0 txPackets=0 operations=0
04-15 12:08:32.627  3694  3793 D NetworkStats: TetherStats: iface=wlan0 type=1 entry=iface=null uid=-1 set=ALL tag=0x0 metered=ALL roaming=ALL defaultNetwork=ALL rxBytes=0 rxPackets=0 txBytes=0 txPackets=0 operations=0
04-15 12:08:32.803  3694 10795 D NetworkPolicy: 10034 is allowed on unmetered network
04-15 12:08:32.809  3694 10795 D NetworkPolicy: 10034 is allowed on unmetered network
04-15 12:08:33.424  3694 10795 D NetworkPolicy: 1000 is 7
04-15 12:08:33.751  3694  4453 D NetworkPolicy: 10038 is allowed on unmetered network
04-15 12:08:33.804  3694  4453 D NetworkPolicy: 10034 is allowed on unmetered network
04-15 12:08:33.811  3694  4453 D NetworkPolicy: 10034 is allowed on unmetered network
04-15 12:08:34.431  3694  4453 D NetworkPolicy: 1000 is 7
04-15 12:08:34.806  3694  4453 D NetworkPolicy: 10034 is allowed on unmetered network
04-15 12:08:34.812  3694  4453 D NetworkPolicy: 10034 is allowed on unmetered network
04-15 12:08:35.439  3694 10795 D NetworkPolicy: 1000 is 7
04-15 12:08:35.644  3694  3793 D NetworkStats: TetherStats: iface=wlan0 type=3 entry=iface=null uid=-1 set=ALL tag=0x0 metered=ALL roaming=ALL defaultNetwork=ALL rxBytes=0 rxPackets=0 txBytes=0 txPackets=0 operations=0
04-15 12:08:35.646  3694  3793 D NetworkStats: TetherStats: iface=wlan0 type=1 entry=iface=null uid=-1 set=ALL tag=0x0 metered=ALL roaming=ALL defaultNetwork=ALL rxBytes=0 rxPackets=0 txBytes=0 txPackets=0 operations=0
04-15 12:08:35.807  3694 10795 D NetworkPolicy: 10034 is allowed on unmetered network
04-15 12:08:35.928  5330  5344 I apps.mediashel: Background concurrent copying GC freed 52187(1408KB) AllocSpace objects, 0(0B) LOS objects, 50% free, 1494KB/3030KB, paused 927us total 111.717ms
04-15 12:08:35.812  3694 10795 D NetworkPolicy: 10034 is allowed on unmetered network
04-15 12:08:36.446  3694 10795 D NetworkPolicy: 1000 is 7
04-15 12:08:36.752  3694 10795 D NetworkPolicy: 10038 is allowed on unmetered network
04-15 12:08:36.795  3694 10795 D NetworkPolicy: 10034 is allowed on unmetered network
04-15 12:08:36.797  3815  3816 I HdmiCec : onCecMessage TV->P1 <Vendor Command> (04:89:01)
04-15 12:08:36.800  3694  3694 D HDMI    : [R]:<Vendor Command> 04:89:01
04-15 12:08:36.802  3694  3812 D HDMI    : [S]:<Feature Abort> 40:00:89:01
04-15 12:08:36.802  3815  3815 I HdmiCec : sendMessage P1->TV <Feature Abort> <Vendor Command> NOT_IN_CORRECT_MODE
04-15 12:08:36.803  3694  4453 D NetworkPolicy: 10034 is allowed on unmetered network
04-15 12:08:36.815  3694  4453 I chatty  : uid=1000(system) Binder:3694_9 identical 1 line
04-15 12:08:36.822  3694  4453 D NetworkPolicy: 10034 is allowed on unmetered network
04-15 12:08:37.453  3694  4453 D NetworkPolicy: 1000 is 7
04-15 12:08:37.816  3694  4453 D NetworkPolicy: 10034 is allowed on unmetered network
04-15 12:08:37.825  3694 10795 D NetworkPolicy: 10034 is allowed on unmetered network
04-15 12:08:38.460  3694 10795 D NetworkPolicy: 1000 is 7
04-15 12:08:38.663  3694  3793 D NetworkStats: TetherStats: iface=wlan0 type=3 entry=iface=null uid=-1 set=ALL tag=0x0 metered=ALL roaming=ALL defaultNetwork=ALL rxBytes=0 rxPackets=0 txBytes=0 txPackets=0 operations=0
04-15 12:08:38.667  3694  3793 D NetworkStats: TetherStats: iface=wlan0 type=1 entry=iface=null uid=-1 set=ALL tag=0x0 metered=ALL roaming=ALL defaultNetwork=ALL rxBytes=0 rxPackets=0 txBytes=0 txPackets=0 operations=0
04-15 12:08:38.816  3694 10795 D NetworkPolicy: 10034 is allowed on unmetered network
04-15 12:08:38.825  3694 10795 D NetworkPolicy: 10034 is allowed on unmetered network
04-15 12:08:39.468  3694 10795 D NetworkPolicy: 1000 is 7
04-15 12:08:39.752  3694 10795 D NetworkPolicy: 10038 is allowed on unmetered network
04-15 12:08:39.818  3694 10795 D NetworkPolicy: 10034 is allowed on unmetered network
04-15 12:08:39.825  3694 10795 D NetworkPolicy: 10034 is allowed on unmetered network
04-15 12:08:40.477  3694 10795 D NetworkPolicy: 1000 is 7
04-15 12:08:40.819  3694 10795 D NetworkPolicy: 10034 is allowed on unmetered network
04-15 12:08:40.825  3694 10795 D NetworkPolicy: 10034 is allowed on unmetered network
04-15 12:08:41.484  3694 10795 D NetworkPolicy: 1000 is 7
04-15 12:08:41.683  3694  3793 D NetworkStats: TetherStats: iface=wlan0 type=3 entry=iface=null uid=-1 set=ALL tag=0x0 metered=ALL roaming=ALL defaultNetwork=ALL rxBytes=0 rxPackets=0 txBytes=0 txPackets=0 operations=0
04-15 12:08:41.687  3694  3793 D NetworkStats: TetherStats: iface=wlan0 type=1 entry=iface=null uid=-1 set=ALL tag=0x0 metered=ALL roaming=ALL defaultNetwork=ALL rxBytes=0 rxPackets=0 txBytes=0 txPackets=0 operations=0
04-15 12:08:41.820  3694 10795 D NetworkPolicy: 10034 is allowed on unmetered network
04-15 12:08:41.826  3694 10795 D NetworkPolicy: 10034 is allowed on unmetered network
04-15 12:08:42.492  3694 10795 D NetworkPolicy: 1000 is 7
04-15 12:08:42.752  3694  4453 D NetworkPolicy: 10038 is allowed on unmetered network
04-15 12:08:42.821  3694  4453 D NetworkPolicy: 10034 is allowed on unmetered network
04-15 12:08:42.828  3694  4453 D NetworkPolicy: 10034 is allowed on unmetered network
04-15 12:08:43.499  3694  4453 D NetworkPolicy: 1000 is 7
04-15 12:08:43.821  3694  4453 D NetworkPolicy: 10034 is allowed on unmetered network
04-15 12:08:44.422  3815  3816 I HdmiCec : onCecMessage TV->** <Device Vendor ID> 00e091
04-15 12:08:43.827  3694  4453 D NetworkPolicy: 10034 is allowed on unmetered network
04-15 12:08:44.426  3694  3694 D HDMI    : [R]:<Device Vendor Id> 0F:87:00:E0:91
04-15 12:08:44.508  3694  4453 D NetworkPolicy: 1000 is 7
04-15 12:08:44.577  3815  3816 I HdmiCec : onCecMessage TV->P1 <Feature Abort>
04-15 12:08:44.579  3694  3694 D HDMI    : [R]:<Feature Abort> 04:00
04-15 12:08:44.580  3694  3694 W HDMI    : [2]:Unexpected parameters: <Feature Abort> 04:00
04-15 12:08:44.671  3815  3816 I HdmiCec : onCecMessage TV->P1 <Vendor Command> (04:89:01)
04-15 12:08:44.672  3694  3694 D HDMI    : [R]:<Vendor Command> 04:89:01
04-15 12:08:44.673  3694  3812 D HDMI    : [S]:<Feature Abort> 40:00:89:01
04-15 12:08:44.674  3815  3815 I HdmiCec : sendMessage P1->TV <Feature Abort> <Vendor Command> NOT_IN_CORRECT_MODE
04-15 12:08:44.702  3694  3793 I chatty  : uid=1000(system) ClientModeImpl expire 9 lines
04-15 12:08:44.705  3694  3793 D NetworkStats: TetherStats: iface=wlan0 type=3 entry=iface=null uid=-1 set=ALL tag=0x0 metered=ALL roaming=ALL defaultNetwork=ALL rxBytes=0 rxPackets=0 txBytes=0 txPackets=0 operations=0
04-15 12:08:44.708  3694  3793 D NetworkStats: TetherStats: iface=wlan0 type=1 entry=iface=null uid=-1 set=ALL tag=0x0 metered=ALL roaming=ALL defaultNetwork=ALL rxBytes=0 rxPackets=0 txBytes=0 txPackets=0 operations=0
04-15 12:08:44.823  3694  4453 D NetworkPolicy: 10034 is allowed on unmetered network
04-15 12:08:44.830  3694  4453 D NetworkPolicy: 10034 is allowed on unmetered network
04-15 12:08:45.517  3694  4453 D NetworkPolicy: 1000 is 7
04-15 12:08:45.753  3694  4453 D NetworkPolicy: 10038 is allowed on unmetered network
04-15 12:08:45.823  3694  4453 D NetworkPolicy: 10034 is allowed on unmetered network
04-15 12:08:45.831  3694  4453 D NetworkPolicy: 10034 is allowed on unmetered network
04-15 12:08:46.525  3694  4453 D NetworkPolicy: 1000 is 7
04-15 12:08:46.710  8022  8437 I chatty  : uid=1000(system) pool-2-thread-1 expire 119 lines
04-15 12:08:46.717  3443  3443 I chatty  : uid=0(root) tr69@1.0-servic expire 54 lines
04-15 12:08:46.824  3694 10795 D NetworkPolicy: 10034 is allowed on unmetered network
04-15 12:08:46.995  5330  5330 I chromium: [5330:5330:INFO:debug_endpoint_manager_grpc_client.cc(365)] gRPC client channel state changed to GRPC_CHANNEL_TRANSIENT_FAILURE
04-15 12:08:47.292  3431  3431 D HAL_STAT: Hal_Stat_GetAudioDecoderStats
04-15 12:08:47.292  3431  3431 I HAL_STAT: Audio decoder [0] not started
04-15 12:08:47.292  3431  3431 I HAL_STAT: Audio decoder [1] not started
04-15 12:08:47.292  3431  3431 I HAL_STAT: Audio decoder [2] not started
04-15 12:08:47.293  3431  3431 D HAL_STAT: Hal_Stat_GetVideoDecoderStats...
04-15 12:08:47.297  3431  3431 D HAL_STAT: Hal_Stat_GetEdidInfo...
04-15 12:08:47.296  3431  3431 W hal_stat@1.0-se: type=1400 audit(0.0:333): avc: denied { ioctl } for path="/dev/nxmw" dev="tmpfs" ino=364 ioctlcmd=0x805 scontext=u:r:hal_arris_hal_stat:s0 tcontext=u:object_r:nexus_device:s0 tclass=chr_file permissive=0
04-15 12:08:47.298  3431  3431 E NEXUS   : !!!Error BERR_OS_ERROR(0x6) at /export/jenkins/workspace/F354_AndroidTv_10_StreamTV-Child01/subjob/verizon/out-bcm/target/product/inuvik/obj/FAKE/refsw/obj.972164/nexus/core/syncthunk/nexus_cec_abiverify_client.h:44
04-15 12:08:47.298  3431  3431 D HAL_STAT: outer hal get: followPreferredFormat: 1 format: 32
04-15 12:08:47.298  3431  3431 D HAL_STAT: Hal_Stat_GetHdmiSettings...HDMI Connected with resolutionMode = 1
04-15 12:08:47.298  3431  3431 D arris_hidl_hal_stat: in hal: get resolutionMode: 1 resolutionValue: 1080p
04-15 12:08:46.832  3694 10795 D NetworkPolicy: 10034 is allowed on unmetered network
04-15 12:08:47.305  3694 10795 D NetworkPolicy: 1000 is 7
04-15 12:08:47.436  3694 10795 I chatty  : uid=1000(system) Binder:3694_19 identical 27 lines
04-15 12:08:47.439  3694 10795 D NetworkPolicy: 1000 is 7
04-15 12:08:47.442  3694  4453 D NetworkPolicy: 1000 is 7
04-15 12:08:47.605  3832  3926 D bt_btif_config: btif_get_address_type: Device [98:06:3a:00:45:da] address type 0
04-15 12:08:47.605  3832  3926 D bt_btif_config: btif_get_device_type: Device [98:06:3a:00:45:da] type 2
04-15 12:08:47.605  3832  4457 I bt_stack: [INFO:gatt_api.cc(1105)] GATT_Connectgatt_if=6, address=98:06:3a:00:45:da
04-15 12:08:47.605  3832  4457 I bt_stack: [INFO:connection_manager.cc(97)] App id=0x06already doing background connection to 98:06:3a:00:45:da
04-15 12:08:47.608  3832  3926 D bt_btif_config: btif_get_address_type: Device [98:06:3a:00:45:da] address type 0
04-15 12:08:47.608  3832  3926 D bt_btif_config: btif_get_device_type: Device [98:06:3a:00:45:da] type 2
04-15 12:08:47.608  3832  4457 I bt_stack: [INFO:gatt_api.cc(1105)] GATT_Connectgatt_if=6, address=98:06:3a:00:45:da
04-15 12:08:47.608  3832  4457 I bt_stack: [INFO:connection_manager.cc(97)] App id=0x06already doing background connection to 98:06:3a:00:45:da
04-15 12:08:47.611  3832  3926 D bt_btif_config: btif_get_address_type: Device [98:06:3a:00:45:da] address type 0
04-15 12:08:47.611  3832  3926 D bt_btif_config: btif_get_device_type: Device [98:06:3a:00:45:da] type 2
04-15 12:08:47.612  3832  4457 I bt_stack: [INFO:gatt_api.cc(1105)] GATT_Connectgatt_if=6, address=98:06:3a:00:45:da
04-15 12:08:47.612  3832  4457 I bt_stack: [INFO:connection_manager.cc(97)] App id=0x06already doing background connection to 98:06:3a:00:45:da
04-15 12:08:47.617  3832  3926 D bt_btif_config: btif_get_address_type: Device [98:06:3a:00:45:da] address type 0
04-15 12:08:47.618  3832  3926 D bt_btif_config: btif_get_device_type: Device [98:06:3a:00:45:da] type 2
04-15 12:08:47.618  3832  4457 I bt_stack: [INFO:gatt_api.cc(1105)] GATT_Connectgatt_if=6, address=98:06:3a:00:45:da
04-15 12:08:47.618  3832  4457 I bt_stack: [INFO:connection_manager.cc(97)] App id=0x06already doing background connection to 98:06:3a:00:45:da
04-15 12:08:47.621  3832  3926 D bt_btif_config: btif_get_address_type: Device [98:06:3a:00:45:da] address type 0
04-15 12:08:47.621  3832  3926 D bt_btif_config: btif_get_device_type: Device [98:06:3a:00:45:da] type 2
04-15 12:08:47.621  3832  4457 I bt_stack: [INFO:gatt_api.cc(1105)] GATT_Connectgatt_if=6, address=98:06:3a:00:45:da
04-15 12:08:47.621  3832  4457 I bt_stack: [INFO:connection_manager.cc(97)] App id=0x06already doing background connection to 98:06:3a:00:45:da
04-15 12:08:47.624  3832  3926 D bt_btif_config: btif_get_address_type: Device [98:06:3a:00:45:da] address type 0
04-15 12:08:47.624  3832  3926 D bt_btif_config: btif_get_device_type: Device [98:06:3a:00:45:da] type 2
04-15 12:08:47.625  3832  4457 I bt_stack: [INFO:gatt_api.cc(1105)] GATT_Connectgatt_if=6, address=98:06:3a:00:45:da
04-15 12:08:47.625  3832  4457 I bt_stack: [INFO:connection_manager.cc(97)] App id=0x06already doing background connection to 98:06:3a:00:45:da
04-15 12:08:47.627  3832  3926 D bt_btif_config: btif_get_address_type: Device [98:06:3a:00:45:da] address type 0
04-15 12:08:47.627  3832  3926 D bt_btif_config: btif_get_device_type: Device [98:06:3a:00:45:da] type 2
04-15 12:08:47.628  3832  4457 I bt_stack: [INFO:gatt_api.cc(1105)] GATT_Connectgatt_if=6, address=98:06:3a:00:45:da
04-15 12:08:47.628  3832  4457 I bt_stack: [INFO:connection_manager.cc(97)] App id=0x06already doing background connection to 98:06:3a:00:45:da
04-15 12:08:47.528  3694  4453 I chatty  : uid=1000(system) Binder:3694_9 identical 5 lines
04-15 12:08:47.533  3694  4453 D NetworkPolicy: 1000 is 7
04-15 12:08:47.724  3694  3793 D NetworkStats: TetherStats: iface=wlan0 type=3 entry=iface=null uid=-1 set=ALL tag=0x0 metered=ALL roaming=ALL defaultNetwork=ALL rxBytes=0 rxPackets=0 txBytes=0 txPackets=0 operations=0
04-15 12:08:47.724  3694  3793 D NetworkStats: TetherStats: iface=wlan0 type=1 entry=iface=null uid=-1 set=ALL tag=0x0 metered=ALL roaming=ALL defaultNetwork=ALL rxBytes=0 rxPackets=0 txBytes=0 txPackets=0 operations=0
04-15 12:08:47.725  3694  4453 D NetworkPolicy: 1000 is 7
04-15 12:08:47.732  3694  4453 I chatty  : uid=1000(system) Binder:3694_9 identical 13 lines
04-15 12:08:47.732  3694  4453 D NetworkPolicy: 1000 is 7
04-15 12:08:47.824  3694  4453 D NetworkPolicy: 10034 is allowed on unmetered network
04-15 12:08:47.827  3694  4453 D NetworkPolicy: 10034 is allowed on unmetered network
04-15 12:08:48.536  3694  4453 D NetworkPolicy: 1000 is 7
04-15 12:08:48.752  3694  4453 D NetworkPolicy: 10038 is allowed on unmetered network
04-15 12:08:48.826  3694  4453 D NetworkPolicy: 10034 is allowed on unmetered network
04-15 12:08:48.830  3694 10795 D NetworkPolicy: 10034 is allowed on unmetered network
04-15 12:08:49.539  3694 10795 D NetworkPolicy: 1000 is 7
04-15 12:08:49.826  3694 10795 D NetworkPolicy: 10034 is allowed on unmetered network
04-15 12:08:49.833  3694 10795 D NetworkPolicy: 10034 is allowed on unmetered network
04-15 12:08:50.546  3694 10795 D NetworkPolicy: 1000 is 7
04-15 12:08:50.736  3694  3793 D NetworkStats: TetherStats: iface=wlan0 type=3 entry=iface=null uid=-1 set=ALL tag=0x0 metered=ALL roaming=ALL defaultNetwork=ALL rxBytes=0 rxPackets=0 txBytes=0 txPackets=0 operations=0
04-15 12:08:50.739  3694  3793 D NetworkStats: TetherStats: iface=wlan0 type=1 entry=iface=null uid=-1 set=ALL tag=0x0 metered=ALL roaming=ALL defaultNetwork=ALL rxBytes=0 rxPackets=0 txBytes=0 txPackets=0 operations=0
04-15 12:08:50.827  3694 10795 D NetworkPolicy: 10034 is allowed on unmetered network
04-15 12:08:50.834  3694 10795 D NetworkPolicy: 10034 is allowed on unmetered network
04-15 12:08:51.554  3694 10795 D NetworkPolicy: 1000 is 7
04-15 12:08:51.753  3694  4453 D NetworkPolicy: 10038 is allowed on unmetered network
04-15 12:08:51.827  3694  4453 D NetworkPolicy: 10034 is allowed on unmetered network
04-15 12:08:51.874  3815  3816 I HdmiCec : onCecMessage TV->P1 <Vendor Command> (04:89:01)
04-15 12:08:51.835  3694  4453 D NetworkPolicy: 10034 is allowed on unmetered network
04-15 12:08:51.877  3694  3694 D HDMI    : [R]:<Vendor Command> 04:89:01
04-15 12:08:51.878  3694  3812 D HDMI    : [S]:<Feature Abort> 40:00:89:01
04-15 12:08:51.878  3815  3815 I HdmiCec : sendMessage P1->TV <Feature Abort> <Vendor Command> NOT_IN_CORRECT_MODE
04-15 12:08:52.561  3694  4453 D NetworkPolicy: 1000 is 7
04-15 12:08:52.828  3694  4453 D NetworkPolicy: 10034 is allowed on unmetered network
04-15 12:08:52.836  3694 10795 D NetworkPolicy: 10034 is allowed on unmetered network
04-15 12:08:53.568  3694 10795 D NetworkPolicy: 1000 is 7
04-15 12:08:53.757  3694  3793 D NetworkStats: TetherStats: iface=wlan0 type=3 entry=iface=null uid=-1 set=ALL tag=0x0 metered=ALL roaming=ALL defaultNetwork=ALL rxBytes=0 rxPackets=0 txBytes=0 txPackets=0 operations=0
04-15 12:08:53.760  3694  3793 D NetworkStats: TetherStats: iface=wlan0 type=1 entry=iface=null uid=-1 set=ALL tag=0x0 metered=ALL roaming=ALL defaultNetwork=ALL rxBytes=0 rxPackets=0 txBytes=0 txPackets=0 operations=0
04-15 12:08:53.829  3694 10795 D NetworkPolicy: 10034 is allowed on unmetered network
04-15 12:08:53.836  3694 10795 D NetworkPolicy: 10034 is allowed on unmetered network
04-15 12:08:54.575  3694 10795 D NetworkPolicy: 1000 is 7
04-15 12:08:54.753  3694 10795 D NetworkPolicy: 10038 is allowed on unmetered network
04-15 12:08:54.830  3694 10795 D NetworkPolicy: 10034 is allowed on unmetered network
04-15 12:08:54.835  3694 10795 D NetworkPolicy: 10034 is allowed on unmetered network
04-15 12:08:55.584  3694 10795 D NetworkPolicy: 1000 is 7
04-15 12:08:55.832  3694 10795 D NetworkPolicy: 10034 is allowed on unmetered network
04-15 12:08:56.292  5330 12976 I chromium: [5330:12976:INFO:ssdp_device.c(101)] SSDP packets sent for 37 seconds = 5
04-15 12:08:55.837  3694 10795 D NetworkPolicy: 10034 is allowed on unmetered network
04-15 12:08:56.592  3694 10795 D NetworkPolicy: 1000 is 7
04-15 12:08:56.776  3694  3793 D NetworkStats: TetherStats: iface=wlan0 type=3 entry=iface=null uid=-1 set=ALL tag=0x0 metered=ALL roaming=ALL defaultNetwork=ALL rxBytes=0 rxPackets=0 txBytes=0 txPackets=0 operations=0
04-15 12:08:56.779  3694  3793 D NetworkStats: TetherStats: iface=wlan0 type=1 entry=iface=null uid=-1 set=ALL tag=0x0 metered=ALL roaming=ALL defaultNetwork=ALL rxBytes=0 rxPackets=0 txBytes=0 txPackets=0 operations=0
04-15 12:08:56.833  3694 10795 D NetworkPolicy: 10034 is allowed on unmetered network
04-15 12:08:56.838  3694 10795 D NetworkPolicy: 10034 is allowed on unmetered network
04-15 12:08:57.598  3694  4453 D NetworkPolicy: 1000 is 7
04-15 12:08:57.753  3694  4453 D NetworkPolicy: 10038 is allowed on unmetered network
04-15 12:08:57.833  3694  4453 D NetworkPolicy: 10034 is allowed on unmetered network
04-15 12:08:57.839  3694  4453 D NetworkPolicy: 10034 is allowed on unmetered network
04-15 12:08:58.608  3694 10795 D NetworkPolicy: 1000 is 7
04-15 12:08:58.834  3694 10795 D NetworkPolicy: 10034 is allowed on unmetered network
04-15 12:08:59.500  3815  3816 I HdmiCec : onCecMessage TV->** <Device Vendor ID> 00e091
04-15 12:08:58.840  3694 10795 D NetworkPolicy: 10034 is allowed on unmetered network
04-15 12:08:59.502  3694  3694 D HDMI    : [R]:<Device Vendor Id> 0F:87:00:E0:91
04-15 12:08:59.616  3694 10795 D NetworkPolicy: 1000 is 7
04-15 12:08:59.656  3815  3816 I HdmiCec : onCecMessage TV->P1 <Feature Abort>
04-15 12:08:59.657  3694  3694 D HDMI    : [R]:<Feature Abort> 04:00
04-15 12:08:59.748  3815  3816 I HdmiCec : onCecMessage TV->P1 <Vendor Command> (04:89:01)
04-15 12:08:59.752  3694  3694 D HDMI    : [R]:<Vendor Command> 04:89:01
04-15 12:08:59.753  3694  3812 D HDMI    : [S]:<Feature Abort> 40:00:89:01
04-15 12:08:59.754  3815  3815 I HdmiCec : sendMessage P1->TV <Feature Abort> <Vendor Command> NOT_IN_CORRECT_MODE
04-15 12:08:59.799  3694  3793 D NetworkStats: TetherStats: iface=wlan0 type=3 entry=iface=null uid=-1 set=ALL tag=0x0 metered=ALL roaming=ALL defaultNetwork=ALL rxBytes=0 rxPackets=0 txBytes=0 txPackets=0 operations=0
04-15 12:08:59.803  3694  3793 D NetworkStats: TetherStats: iface=wlan0 type=1 entry=iface=null uid=-1 set=ALL tag=0x0 metered=ALL roaming=ALL defaultNetwork=ALL rxBytes=0 rxPackets=0 txBytes=0 txPackets=0 operations=0
04-15 12:08:59.835  3694 10795 D NetworkPolicy: 10034 is allowed on unmetered network
04-15 12:09:00.433  3443  8048 I chatty  : uid=0(root) ArrisTr69Thread expire 11 lines
04-15 12:08:59.840  3694 10795 D NetworkPolicy: 10034 is allowed on unmetered network
04-15 12:09:00.623  3694 10795 D NetworkPolicy: 1000 is 7
04-15 12:09:00.753  3694 10795 D NetworkPolicy: 10038 is allowed on unmetered network
04-15 12:09:00.835  3694 10795 D NetworkPolicy: 10034 is allowed on unmetered network
04-15 12:09:00.841  3694  4453 D NetworkPolicy: 10034 is allowed on unmetered network
04-15 12:09:01.629  3694  4453 D NetworkPolicy: 1000 is 7
04-15 12:09:01.837  3694  4453 D NetworkPolicy: 10034 is allowed on unmetered network
04-15 12:09:01.842  3694  4453 D NetworkPolicy: 10034 is allowed on unmetered network
04-15 12:09:02.209  3694 10795 W ActivityManager: Receiver with filter android.content.IntentFilter@3c58aef already registered for pid 8022, callerPackage is com.arris.chmframework
04-15 12:09:02.210  8022  8047 I chatty  : uid=1000(system) Thread-2 expire 16 lines
04-15 12:09:02.637  3694 10795 D NetworkPolicy: 1000 is 7
04-15 12:09:02.820  3694  3793 D NetworkStats: TetherStats: iface=wlan0 type=3 entry=iface=null uid=-1 set=ALL tag=0x0 metered=ALL roaming=ALL defaultNetwork=ALL rxBytes=0 rxPackets=0 txBytes=0 txPackets=0 operations=0
04-15 12:09:02.823  3694  3793 D NetworkStats: TetherStats: iface=wlan0 type=1 entry=iface=null uid=-1 set=ALL tag=0x0 metered=ALL roaming=ALL defaultNetwork=ALL rxBytes=0 rxPackets=0 txBytes=0 txPackets=0 operations=0
04-15 12:09:02.838  3694 10795 D NetworkPolicy: 10034 is allowed on unmetered network
04-15 12:09:02.843  3694 10795 D NetworkPolicy: 10034 is allowed on unmetered network
04-15 12:09:03.647  3694 10795 D NetworkPolicy: 1000 is 7
04-15 12:09:03.754  3694 10795 D NetworkPolicy: 10038 is allowed on unmetered network
04-15 12:09:03.839  3694 10795 D NetworkPolicy: 10034 is allowed on unmetered network
04-15 12:09:03.849  3694  4453 D NetworkPolicy: 10034 is allowed on unmetered network
04-15 12:09:04.653  3694  4453 D NetworkPolicy: 1000 is 7
04-15 12:09:04.840  3694  4453 D NetworkPolicy: 10034 is allowed on unmetered network
04-15 12:09:04.847  3694  4453 D NetworkPolicy: 10034 is allowed on unmetered network
04-15 12:09:05.661  3694  4453 D NetworkPolicy: 1000 is 7
04-15 12:09:05.841  3694  4453 D NetworkPolicy: 10034 is allowed on unmetered network
04-15 12:09:05.842  3694  3793 D NetworkStats: TetherStats: iface=wlan0 type=3 entry=iface=null uid=-1 set=ALL tag=0x0 metered=ALL roaming=ALL defaultNetwork=ALL rxBytes=0 rxPackets=0 txBytes=0 txPackets=0 operations=0
04-15 12:09:05.844  3694  3793 D NetworkStats: TetherStats: iface=wlan0 type=1 entry=iface=null uid=-1 set=ALL tag=0x0 metered=ALL roaming=ALL defaultNetwork=ALL rxBytes=0 rxPackets=0 txBytes=0 txPackets=0 operations=0
04-15 12:09:05.852  3694  4453 D NetworkPolicy: 10034 is allowed on unmetered network
04-15 12:09:06.670  3694  4453 D NetworkPolicy: 1000 is 7
04-15 12:09:06.754  3694  4453 D NetworkPolicy: 10038 is allowed on unmetered network
04-15 12:09:06.797  3694  4453 D NetworkPolicy: 10034 is allowed on unmetered network
04-15 12:09:06.951  3815  3816 I HdmiCec : onCecMessage TV->P1 <Vendor Command> (04:89:01)
04-15 12:09:06.842  3694  4453 I chatty  : uid=1000(system) Binder:3694_9 identical 2 lines
04-15 12:09:06.846  3694  4453 D NetworkPolicy: 10034 is allowed on unmetered network
04-15 12:09:06.953  3694  3694 D HDMI    : [R]:<Vendor Command> 04:89:01
04-15 12:09:06.954  3694  3812 D HDMI    : [S]:<Feature Abort> 40:00:89:01
04-15 12:09:06.955  3815  3815 I HdmiCec : sendMessage P1->TV <Feature Abort> <Vendor Command> NOT_IN_CORRECT_MODE
04-15 12:09:07.176  5330  5330 I chromium: [5330:5330:INFO:metrics_stat_logger.cc(55)] Metrics stat for the past 60 secs : total=0
04-15 12:09:07.677  3694  4453 D NetworkPolicy: 1000 is 7
04-15 12:09:07.843  3694  4453 D NetworkPolicy: 10034 is allowed on unmetered network
04-15 12:09:07.850  3694  4453 D NetworkPolicy: 10034 is allowed on unmetered network
04-15 12:09:08.490  3612  3612 E wificond: NL80211_CMD_TRIGGER_SCAN failed: Try again
04-15 12:09:08.490  3694  3795 I chatty  : uid=1000(system) WifiScanningSer expire 4 lines
04-15 12:09:08.685  3694 10795 D NetworkPolicy: 1000 is 7
04-15 12:09:08.844  3694  4453 D NetworkPolicy: 10034 is allowed on unmetered network
04-15 12:09:08.852  3694 10795 D NetworkPolicy: 10034 is allowed on unmetered network
04-15 12:09:08.862  3694  3793 D NetworkStats: TetherStats: iface=wlan0 type=3 entry=iface=null uid=-1 set=ALL tag=0x0 metered=ALL roaming=ALL defaultNetwork=ALL rxBytes=0 rxPackets=0 txBytes=0 txPackets=0 operations=0
04-15 12:09:08.864  3694  3793 D NetworkStats: TetherStats: iface=wlan0 type=1 entry=iface=null uid=-1 set=ALL tag=0x0 metered=ALL roaming=ALL defaultNetwork=ALL rxBytes=0 rxPackets=0 txBytes=0 txPackets=0 operations=0
