04-15 12:10:00.225  3694  3793 D NetworkStats: TetherStats: iface=wlan0 type=1 entry=iface=null uid=-1 set=ALL tag=0x0 metered=ALL roaming=ALL defaultNetwork=ALL rxBytes=0 rxPackets=0 txBytes=0 txPackets=0 operations=0
04-15 12:10:00.437  3443  8048 E         : eco-agent : server=https://AAR13500767:NewVOLUser1@cpe-ems0512.verizon.com/cwmpWeb/CPEMgt work=5 - periodic inform
04-15 12:10:00.437  3443  8048 I         : ###ADS :Waiting for client connection.....
04-15 12:10:00.759  3694 13519 D NetworkPolicy: 10038 is allowed on unmetered network
04-15 12:10:00.898  3694 13519 D NetworkPolicy: 10034 is allowed on unmetered network
04-15 12:10:00.970  4807  5169 I ennor   : 
04-15 12:10:00.970  4807  5169 I ennor   : [CRTD:4] GetContentByComponentAsyncRequestImpl::setHandlerInternal [this: 0xc0ef3490 handler: 0xf21fff2c]
04-15 12:10:00.972  4807 14035 I ennor   : 
04-15 12:10:00.972  4807 14035 I ennor   : [CURL:5] curl "https://fclcontentcomponent-stg.mediasearch.verizon.com/ContentByComponent/v1?componentIds=CMP873&pi=0&ps=20&viewmore=false&" --cacert /data/user/0/com.verizon.qlv.services/files/Hydra_CA.pem --compressed --connect-timeout 30 --max-time 120 -H 'portalId: PRT292' -H 'pid: FCL' -H 'status: 0' -H 'dt: CS' -H 'pt: FCL_QLS' -H 'sn: AAR13500767' -H 'rv: 1.0' -H 'authorization: AAEP9jLDrynsvT5rIwZHfhffiMMOLmlKhmbtQFS7+TBX9QJ2wv19TulB3zLPhA8Ub8G2CDMoFygq0ZsW4xFZdUy0OzabBALfiKgrxmsjWMcHOaibfQ1Uo4+kS2aYgRWu62HJpxhqnxn50cAd5J2OQUzuVjCtvI50sCf6bXKs5SMU7UxxszFw15P3rDmrObqFvAP2wFjB+X/T+eb7vu+86mC6YiO19AQWTpwLYng/KwXw/oDWOFAxCnWg3pU5ygHpesF/90OV6+6neUAf5NBqPA+BrAg6HI0o1Ssgf9BKdCOOSQCkasD6ds8sZlq9UDNeysc2PUZ1WPUOS8M5dLr5Vmd2SHpb1/1sIPMUlAixDSkfrFXY4igg8AfV4VXeBy4w+KqEeU7LPZLRmCbM9XT5PlViD1mZ1vBdtWJGlxnqhamkyRrlvpcbuaTVvJpKLBdJ4ZelPPdzTIVXFmZ1UzOBwnKwMJNRS0CO6fyTrlFXLtA3dR74N81+GFE6Com8b5gB77e8t0bxUTepLy5oCJhrJwJLJnXPJvaM1ZUf4HA49D4p3eAdN9tFLzO80P385i4nK2rppJUpyU9WtVeIV/xfS5ql9e0tNbYAJXsPlyDMWZ0Vh0luZ2/NWZWRu
04-15 12:10:00.905  3694 13519 D NetworkPolicy: 10034 is allowed on unmetered network
04-15 12:10:01.054  3694 13519 D NetworkPolicy: 1000 is 7
04-15 12:10:01.170  3389 14037 E ResolverController: No valid NAT64 prefix (100, <unspecified>/0)
04-15 12:10:01.183  3694  4806 I chatty  : uid=1000(system) NetworkMonitor/ expire 2 lines
04-15 12:10:01.522  4807 14035 I ennor   : [CURL:5] curl_easy_perform() result = 0 (No error); response code = 200
04-15 12:10:01.523  4807 14035 I ennor   : 
04-15 12:10:01.523  4807 14035 I ennor   : [SWTB:4] Http RequestURL: https://fclcontentcomponent-stg.mediasearch.verizon.com/ContentByComponent/v1?componentIds=CMP873&pi=0&ps=20&viewmore=false& & ResponseCode: 200 & Transaction-ID: 5834cda4-4db9-498b-8b33-b002ecf28720
04-15 12:10:01.540  4807 14035 I ennor   : 
04-15 12:10:01.540  4807 14035 I ennor   : [CRTD:4] ContentByComponentModel :: ResultData [{"componentsInfo":[{"totalRecords":9,"componentID":"CMP873","cacheExpiresIn":300000,"content":[{"id":"EP021899251037","api":{"webServiceUrl":"https://fclpitvshows-stg.mediasearch.verizon.com/EpisodeMiniPi/v1?id=SH021899250000&idtype=TMS&qualifiedid=TMS-EP021899251037"},"title":"Cavuto: Coast to Coast","posterId":"SH021899250000.jpg","description":"Neil Cavuto covers breaking news and updates viewers on market status.","webRouteText":"Cavuto-Coast-to-Coast","objectType":"Episode","data":{"id":"EP021899251037","rating":"NR","duration":7200,"idType":"TMS","airDate":1650024000,"noOfSeasons":8,"bgPosterId":"EP021899251037.jpg","seasonNumber":0,"genre":["Bus./financial"],"releaseYear":"2015","qualifiedId":"TMS-EP021899251037","episodeNumber":75,"episodeDescription":"Neil Cavuto covers breaking news and updates viewers on market status.","airingInfo":{"channelId":58718,"endTime":"2022-04-15T18:00Z","startTime":"2022-04-15T16:00Z","channelNumber":617},"titleTreatmentD
04-15 12:10:01.551  4807 14035 I ennor   : [CRTD:4] +GetContentByComponentAsync onComplete :: [handler 0xf21fff2c] [param https://fclcontentcomponent-stg.mediasearch.verizon.com/ContentByComponent/v1?componentIds=CMP873&pi=0&ps=20&viewmore=false&]
04-15 12:10:01.551  4807 14035 I ennor   : 
04-15 12:10:01.553  4807 14035 I ennor   : [CRTD:4]  !##### Data expired 
04-15 12:10:01.553  4807 14035 I ennor   : [CRTD:4]  !##### bExpirationTrackerStatus 1  refresh =1 
04-15 12:10:01.554  4807  5107 I ennor   : 
04-15 12:10:01.554  4807  5107 I ennor   : [BITK:5]  trackApiError urlEnum=31:<content_by_component_url>
04-15 12:10:01.555  4807  5107 I ennor   : [BITK:5]  trackApiError eventDefines<ContentFailure,RAIL_CONT>
04-15 12:10:01.555  4807  5107 I ennor   : 
04-15 12:10:01.555  4807  5107 I ennor   : [DENA:4]  +buildParametersSimplified configureJson valid=1
04-15 12:10:01.555  4807  5107 I ennor   : 
04-15 12:10:01.555  4807 14035 I ennor   : 
04-15 12:10:01.555  4807 14035 I ennor   : [CRTD:4]   GetContentByComponentAsync onComplete :: onSuccess/onRefreshed  [handler 0xf21fff2c] 
04-15 12:10:01.555  4807  5107 I ennor   : 
04-15 12:10:01.555  4807  5107 I ennor   : [DENA:4]  -buildParametersSimplified configureJson valid=1
04-15 12:10:01.555  4807  5107 I ennor   : 
04-15 12:10:01.557  4807  5106 I ennor   : 
04-15 12:10:01.557  4807  5106 I ennor   : [HSPL:5]  onGenericEventReceived common=<{"ac":"RAIL_CONT","tid":"5834cda4-4db9-498b-8b33-b002ecf28720","ec":"200","errorMsg":"API response exceeded latency threshold","ra":"ennor","lms":583}>
04-15 12:10:01.557  4807  5106 I ennor   : [HSPL:5]  onGenericEventReceived payloadData=<{"totalTime":"0.000000","startTransferTime":"0.000000","nameLookupTime":"0.000000","portalId":"PRT292","appConnectTime":"0.000000","ennorTime":"0.583000","preTransferTime":"0.000000","redirectTime":"0.000000","connectTime":"0.000000","url":"https://fclcontentcomponent-stg.mediasearch.verizon.com/ContentByComponent/v1?componentIds=CMP873&pi=0&ps=20&viewmore=false&","pageId":""}>
04-15 12:10:01.558  4807  5105 I ennor   : [HSPL:5]  onGenericEventReceived act=ContentFailure type=0
04-15 12:10:01.558  4807  5105 I ennor   : [HSPL:5]  onGenericEventReceived commonData=<{"ac":"RAIL_CONT","tid":"5834cda4-4db9-498b-8b33-b002ecf28720","ec":"200","errorMsg":"API response exceeded latency threshold","ra":"ennor","lms":583}>
04-15 12:10:01.558  4807  5105 I ennor   : [HSPL:5]  onGenericEventReceived payload=<{"totalTime":"0.000000","startTransferTime":"0.000000","nameLookupTime":"0.000000","portalId":"PRT292","appConnectTime":"0.000000","ennorTime":"0.583000","preTransferTime":"0.000000","redirectTime":"0.000000","connectTime":"0.000000","url":"https://fclcontentcomponent-stg.mediasearch.verizon.com/ContentByComponent/v1?componentIds=CMP873&pi=0&ps=20&viewmore=false&","pageId":""}>
04-15 12:10:01.559  4807 14035 I ennor   : 
04-15 12:10:01.559  4807 14035 I ennor   : [CRTD:4]  getContentDataWithSortFilter bIAR 0  m_componentId = CMP873 
04-15 12:10:01.568  4807 14035 I ennor   : 
04-15 12:10:01.568  4807 14035 I ennor   : [APPSRVS:5]  RailsRepository: getRailDataWithCb :: Data Expired -> onRefresh called from ennor for :: Breaking news :size: 9 ::hasViewMore:: false
04-15 12:10:01.569  4807 14035 I isContentLocked: contentInfo.episodeData.ratings NR
04-15 12:10:01.569  4807 14035 I isContentLocked: Channel 617
04-15 12:10:01.570  4807 14035 I isContentLocked: contentInfo.episodeData.ratings NR
04-15 12:10:01.570  4807 14035 I isContentLocked: Channel 603
04-15 12:10:01.571  4807 14035 I isContentLocked: contentInfo.movieData.ratings NR
04-15 12:10:01.571  4807 14035 I isContentLocked: Channel 574
04-15 12:10:01.572  4807 14035 I isContentLocked: contentInfo.movieData.ratings NR
04-15 12:10:01.572  4807 14035 I isContentLocked: Channel 105
04-15 12:10:01.573  4807 14035 I isContentLocked: contentInfo.episodeData.ratings NR
04-15 12:10:01.573  4807 14035 I isContentLocked: Channel 600
04-15 12:10:01.574  4807 14035 I isContentLocked: contentInfo.movieData.ratings NR
04-15 12:10:01.574  4807 14035 I isContentLocked: Channel 570
04-15 12:10:01.576  4807 14035 I isContentLocked: contentInfo.movieData.ratings NR
04-15 12:10:01.576  4807 14035 I isContentLocked: Channel 612
04-15 12:10:01.577  4807 14035 I isContentLocked: contentInfo.episodeData.ratings NR
04-15 12:10:01.577  4807 14035 I isContentLocked: Channel 508
04-15 12:10:01.579  4807 14035 I isContentLocked: contentInfo.episodeData.ratings NR
04-15 12:10:01.579  4807 14035 I isContentLocked: Channel 618
04-15 12:10:01.587  4807  5105 I ennor   : 
04-15 12:10:01.587  4807  5105 I ennor   : [BENG:5]  Auth:EventEngine: event added to persistent queue: {"schema":"1.0","bv":"1.0.350","dt":"CS","hid":"AAR13500767","fmwv":"","ennorVer":"17.39","didh":"290e96459cfc55be3f1aa9ddce03a7279543182c487ecbec0c8201941dda6bd1","uidh":"6c6b6976ff78e1e2c11fc96cc38c87806644b1874f72d7c642d25ae36f6af10b","rid":91906,"prd":"FCL_QLS","tz":"0","logTime":"Fri Apr 15 2022 17:10:01 GMT+0000 (GMT)","sid":"00156c65-4dae-49d2-976a-d436ef5acfd7","scn":"Home","type":"ERR","act":"ContentFailure","ac":"RAIL_CONT","tid":"5834cda4-4db9-498b-8b33-b002ecf28720","ec":"200","errorMsg":"API response exceeded latency threshold","ra":"ennor","lms":583,"data":{"totalTime":"0.000000","startTransferTime":"0.000000","nameLookupTime":"0.000000","portalId":"PRT292","appConnectTime":"0.000000","ennorTime":"0.583000","preTransferTime":"0.000000","redirectTime":"0.000000","connectTime":"0.000000","url":"https://fclcontentcomponent-stg.mediasearch.verizon.com/ContentByComponent/v1?componentIds=CMP873&pi=0&ps=20&viewmore=false&","pageId":""}}
04-15 12:10:01.589  4807  5217 I ennor   : [BENG:5]  exceeded batch limit 
04-15 12:10:01.589  4807  5217 I ennor   : [BENG:5]  Auth:EventEngine: Send Queued Events 
04-15 12:10:01.594  4807 14035 I ennor   : 
04-15 12:10:01.594  4807 14035 I ennor   : [CRTD:4] -GetContentByComponentAsync onComplete :: [handler 0xf21fff2c] [param https://fclcontentcomponent-stg.mediasearch.verizon.com/ContentByComponent/v1?componentIds=CMP873&pi=0&ps=20&viewmore=false&]
04-15 12:10:01.594  4807 14035 I ennor   : 
04-15 12:10:01.599  4807 14038 I ennor   : 
04-15 12:10:01.599  4807 14038 I ennor   : [CURL:5] curl "https://fclrevolver-stg.mediasearch.verizon.com/Logger/metrics/v2" --compressed --data '{"action":"Device","event":"Info","loggerData":[{"schema":"1.0","bv":"1.0.350","dt":"CS","hid":"AAR13500767","fmwv":"","ennorVer":"17.39","didh":"290e96459cfc55be3f1aa9ddce03a7279543182c487ecbec0c8201941dda6bd1","uidh":"6c6b6976ff78e1e2c11fc96cc38c87806644b1874f72d7c642d25ae36f6af10b","rid":91906,"prd":"FCL_QLS","tz":"0","logTime":"Fri Apr 15 2022 17:10:01 GMT+0000 (GMT)","sid":"00156c65-4dae-49d2-976a-d436ef5acfd7","scn":"Home","type":"ERR","act":"ContentFailure","ac":"RAIL_CONT","tid":"5834cda4-4db9-498b-8b33-b002ecf28720","ec":"200","errorMsg":"API response exceeded latency threshold","ra":"ennor","lms":583,"data":{"totalTime":"0.000000","startTransferTime":"0.000000","nameLookupTime":"0.000000","portalId":"PRT292","appConnectTime":"0.000000","ennorTime":"0.583000","preTransferTime":"0.000000","redirectTime":"0.000000","connectTime":"0.000000","url":"https://fclcontentcomponent-stg.mediasearch.verizon.c
04-15 12:10:01.600  4807  4871 I ennor   : 
04-15 12:10:01.600  4807  4871 I ennor   : [APPLNCR:5] 12:10:01.593 RailRepositoryImpl: getRailData :: response success  for rail: Breaking news :totalRecords:9 :viewmore:false 
04-15 12:10:01.603  4807  7336 I ennor   : [APPLNCR:5] 12:10:01.594 RailFactory: mapContentItemToRailItem :: Breaking news :: Cavuto: Coast to Coast :: EPISODE 
04-15 12:10:01.612  4807  7336 I ennor   : [APPLNCR:6] 12:10:01.608 MOVIE_PI_PERF: Deeplink generation time: : 13 
04-15 12:10:01.622  4807  7336 I ennor   : [APPLNCR:5] 12:10:01.619 RailFactory: mapContentItemToRailItem :: Breaking news :: MTP Daily :: EPISODE 
04-15 12:10:01.624  4807  7336 I ennor   : [APPLNCR:6] 12:10:01.619 MOVIE_PI_PERF: Deeplink generation time: : 3 
04-15 12:10:01.628  4807  7336 I ennor   : [APPLNCR:6] 12:10:01.626 MOVIE_PI_PERF: Deeplink generation time: : 2 
04-15 12:10:01.632  4807  7336 I ennor   : [APPLNCR:6] 12:10:01.631 MOVIE_PI_PERF: Deeplink generation time: : 2 
04-15 12:10:01.633  4807  4871 I ennor   : [APPLNCR:5] 12:10:01.632 RailFactory: mapContentItemToRailItem :: Breaking news :: First Take :: MOVIE 
04-15 12:10:01.635  4807  4871 I ennor   : [APPLNCR:6] 12:10:01.634 MOVIE_PI_PERF: Deeplink generation time: : 2 
04-15 12:10:01.638  4807  4871 I ennor   : [APPLNCR:6] 12:10:01.637 MOVIE_PI_PERF: Deeplink generation time: : 1 
04-15 12:10:01.639  4807  7336 I ennor   : [APPLNCR:5] 12:10:01.637 RailFactory: mapContentItemToRailItem :: Breaking news :: Amanpour :: MOVIE 
04-15 12:10:01.643  4807  7336 I ennor   : [APPLNCR:6] 12:10:01.642 MOVIE_PI_PERF: Deeplink generation time: : 2 
04-15 12:10:01.646  4807  7336 I ennor   : [APPLNCR:6] 12:10:01.645 MOVIE_PI_PERF: Deeplink generation time: : 2 
04-15 12:10:01.647  4807  7336 I ennor   : [APPLNCR:5] 12:10:01.645 RailFactory: mapContentItemToRailItem :: Breaking news :: CNN Newsroom With Ana Cabrera :: EPISODE 
04-15 12:10:01.650  4807  7336 I ennor   : [APPLNCR:6] 12:10:01.648 MOVIE_PI_PERF: Deeplink generation time: : 1 
04-15 12:10:01.652  4807  4871 I ennor   : [APPLNCR:5] 12:10:01.651 RailFactory: mapContentItemToRailItem :: Breaking news :: SportsCenter :: MOVIE 
04-15 12:10:01.653  4807  7336 I ennor   : [APPLNCR:6] 12:10:01.651 MOVIE_PI_PERF: Deeplink generation time: : 2 
04-15 12:10:01.655  4807  7336 I ennor   : [APPLNCR:6] 12:10:01.653 MOVIE_PI_PERF: Deeplink generation time: : 1 
04-15 12:10:01.658  4807  7336 I ennor   : [APPLNCR:5] 12:10:01.657 RailFactory: mapContentItemToRailItem :: Breaking news :: BNC Live :: MOVIE 
04-15 12:10:01.659  4807  7336 I ennor   : [APPLNCR:6] 12:10:01.656 MOVIE_PI_PERF: Deeplink generation time: : 2 
04-15 12:10:01.660  4807  7336 I ennor   : [APPLNCR:6] 12:10:01.659 MOVIE_PI_PERF: Deeplink generation time: : 2 
04-15 12:10:01.663  4807  7336 I ennor   : [APPLNCR:6] 12:10:01.662 MOVIE_PI_PERF: Deeplink generation time: : 2 
04-15 12:10:01.663  4807  4871 I ennor   : [APPLNCR:5] 12:10:01.662 RailFactory: mapContentItemToRailItem :: Breaking news :: GMA3: What You Need to Know :: EPISODE 
04-15 12:10:01.666  4807  4871 I ennor   : [APPLNCR:6] 12:10:01.664 MOVIE_PI_PERF: Deeplink generation time: : 1 
04-15 12:10:01.671  4807  4871 I ennor   : [APPLNCR:5] 12:10:01.669 RailFactory: mapContentItemToRailItem :: Breaking news :: America Reports With John Roberts & Sandra Smith :: EPISODE 
04-15 12:10:01.673  4807  4871 I ennor   : [APPLNCR:6] 12:10:01.672 MOVIE_PI_PERF: Deeplink generation time: : 2 
04-15 12:10:01.673  4807  7336 I ennor   : [APPLNCR:6] 12:10:01.669 MOVIE_PI_PERF: Deeplink generation time: : 4 
04-15 12:10:01.677  4807  7336 I ennor   : [APPLNCR:6] 12:10:01.675 MOVIE_PI_PERF: Deeplink generation time: : 2 
04-15 12:10:01.678  4807  4871 I ennor   : [APPLNCR:5] 12:10:01.675 RailFactory: managerow:: isCustomizable :: false :isPinned: false 
04-15 12:10:01.678  4807  4868 I ennor   : [APPLNCR:5] 12:10:01.676 com.verizon.qlv.launcher.viewmodel.RailViewModel: fetchRailData collect success for CMP873 Breaking news 9 
04-15 12:10:01.688  3389 14042 E ResolverController: No valid NAT64 prefix (100, <unspecified>/0)
04-15 12:10:01.772  4807 14038 I ennor   : 
04-15 12:10:01.772  4807 14038 I ennor   : [CURL:5] curl_easy_perform() result = 0 (No error); response code = 200
04-15 12:10:01.772  4807 14038 I ennor   : 
04-15 12:10:01.772  4807 14038 I ennor   : [BENG:5] Auth:EventEngine: event sent = 1
04-15 12:10:01.780  4807 14038 I ennor   : [BENG:5] Auth:EventEngine: persistent queue size after sending =0 m_batchLimit=1 m_numberToCheck=0
04-15 12:10:01.898  3694 10795 D NetworkPolicy: 10034 is allowed on unmetered network
04-15 12:10:01.901  3694 13519 D NetworkPolicy: 10034 is allowed on unmetered network
04-15 12:10:02.060  3694 10795 D NetworkPolicy: 1000 is 7
04-15 12:10:02.438  8022  8035 I chatty  : uid=1000(system) HeapTaskDaemon expire 1 line
04-15 12:10:02.459  3694 13519 W ActivityManager: Receiver with filter android.content.IntentFilter@d312639 already registered for pid 8022, callerPackage is com.arris.chmframework
04-15 12:10:02.461  8022  8047 I chatty  : uid=1000(system) Thread-2 expire 16 lines
04-15 12:10:02.464  3443  8048 I         : ###ADS :Waiting for client connection.....
04-15 12:10:02.469  3443  8048 I         : ###ADS :Waiting for client connection.....
04-15 12:10:02.475  3443  8048 I         : ###ADS :Waiting for client connection.....
04-15 12:10:02.480  3443  8048 I         : ###ADS :Waiting for client connection.....
04-15 12:10:02.485  3443  8048 I         : ###ADS :Waiting for client connection.....
04-15 12:10:02.490  3443  8048 I         : ###ADS :Waiting for client connection.....
04-15 12:10:02.495  3443  8048 I         : ###ADS :Waiting for client connection.....
04-15 12:10:02.504  3443  8048 I         : ###ADS :Waiting for client connection.....
04-15 12:10:02.510  3443  8048 I         : ###ADS :Waiting for client connection.....
04-15 12:10:02.902  3694 13519 D NetworkPolicy: 10034 is allowed on unmetered network
04-15 12:10:02.911  3694 13519 D NetworkPolicy: 10034 is allowed on unmetered network
04-15 12:10:03.067  3694 13519 D NetworkPolicy: 1000 is 7
04-15 12:10:03.237  3694  3793 I chatty  : uid=1000(system) ClientModeImpl expire 8 lines
04-15 12:10:03.239  3694  3793 D NetworkStats: TetherStats: iface=wlan0 type=3 entry=iface=null uid=-1 set=ALL tag=0x0 metered=ALL roaming=ALL defaultNetwork=ALL rxBytes=0 rxPackets=0 txBytes=0 txPackets=0 operations=0
04-15 12:10:03.242  3694  3793 D NetworkStats: TetherStats: iface=wlan0 type=1 entry=iface=null uid=-1 set=ALL tag=0x0 metered=ALL roaming=ALL defaultNetwork=ALL rxBytes=0 rxPackets=0 txBytes=0 txPackets=0 operations=0
04-15 12:10:03.759  3694 10795 D NetworkPolicy: 10038 is allowed on unmetered network
04-15 12:10:03.900  3694 10795 D NetworkPolicy: 10034 is allowed on unmetered network
04-15 12:10:03.911  3694 10795 D NetworkPolicy: 10034 is allowed on unmetered network
04-15 12:10:04.074  3694 10795 D NetworkPolicy: 1000 is 7
04-15 12:10:04.902  3694 10795 D NetworkPolicy: 10034 is allowed on unmetered network
04-15 12:10:04.911  3694 10795 D NetworkPolicy: 10034 is allowed on unmetered network
04-15 12:10:05.084  3694 10795 D NetworkPolicy: 1000 is 7
04-15 12:10:05.906  3694 13519 D NetworkPolicy: 10034 is allowed on unmetered network
04-15 12:10:05.913  3694 13519 D NetworkPolicy: 10034 is allowed on unmetered network
04-15 12:10:06.091  3694 13519 D NetworkPolicy: 1000 is 7
04-15 12:10:06.261  3694  3793 D NetworkStats: TetherStats: iface=wlan0 type=3 entry=iface=null uid=-1 set=ALL tag=0x0 metered=ALL roaming=ALL defaultNetwork=ALL rxBytes=0 rxPackets=0 txBytes=0 txPackets=0 operations=0
04-15 12:10:06.264  3694  3793 D NetworkStats: TetherStats: iface=wlan0 type=1 entry=iface=null uid=-1 set=ALL tag=0x0 metered=ALL roaming=ALL defaultNetwork=ALL rxBytes=0 rxPackets=0 txBytes=0 txPackets=0 operations=0
04-15 12:10:06.552  5330  5330 I chromium: [5330:5330:INFO:grpc_manager_impl.cc(818)] GRPC[uri=]: num_pending_calls=0, num_active_handlers=0, num_free_handlers=0
04-15 12:10:06.554  5330  5330 I chromium: [5330:5330:INFO:grpc_manager_impl.cc(818)] GRPC[uri=[::]:0]: num_pending_calls=0, num_active_handlers=3, num_free_handlers=0
04-15 12:10:06.580  5330  6629 I chromium: [5330:6629:INFO:grpc_manager_impl.cc(818)] GRPC[uri=binder:com.google.android.apps.mediashell:usonia-ipc-socket]: num_pending_calls=0, num_active_handlers=0, num_free_handlers=0
04-15 12:10:06.581  5330  5330 I chromium: [5330:5330:INFO:grpc_manager_impl.cc(818)] GRPC[uri=]: num_pending_calls=0, num_active_handlers=0, num_free_handlers=0
04-15 12:10:06.759  3694 10795 D NetworkPolicy: 10038 is allowed on unmetered network
04-15 12:10:06.801  3694 10795 D NetworkPolicy: 10034 is allowed on unmetered network
04-15 12:10:06.808  3694 10795 I chatty  : uid=1000(system) Binder:3694_19 identical 1 line
04-15 12:10:06.908  3694 10795 D NetworkPolicy: 10034 is allowed on unmetered network
04-15 12:10:06.919  3694 13519 D NetworkPolicy: 10034 is allowed on unmetered network
04-15 12:10:07.098  3694 13519 D NetworkPolicy: 1000 is 7
04-15 12:10:06.582  5330  5330 I chatty  : uid=10034(com.google.android.apps.mediashell) identical 1 line
04-15 12:10:06.585  5330  5330 I chromium: [5330:5330:INFO:grpc_manager_impl.cc(818)] GRPC[uri=]: num_pending_calls=0, num_active_handlers=0, num_free_handlers=0
04-15 12:10:07.176  5330  5330 I chromium: [5330:5330:INFO:metrics_stat_logger.cc(55)] Metrics stat for the past 60 secs : total=4
04-15 12:10:07.176  5330  5330 I chromium: [metrics_stat_logger] Cast.Discovery.Mdns.Request.In=3
04-15 12:10:07.176  5330  5330 I chromium: [metrics_stat_logger] Cast.Discovery.Mdns.Request.Namespace.In=3
04-15 12:10:07.176  5330  5330 I chromium: [metrics_stat_logger] Cast.Discovery.Mdns.Response.Error.NamespaceNotSupported=3
04-15 12:10:07.176  5330  5330 I chromium: [metrics_stat_logger] Cast.Discovery.Mdns.Response.Out=3
04-15 12:10:07.263  3815  3816 I HdmiCec : onCecMessage TV->P1 <Vendor Command> (04:89:01)
04-15 12:10:07.265  3694  3694 D HDMI    : [R]:<Vendor Command> 04:89:01
04-15 12:10:07.266  3694  3812 D HDMI    : [S]:<Feature Abort> 40:00:89:01
04-15 12:10:07.267  3815  3815 I HdmiCec : sendMessage P1->TV <Feature Abort> <Vendor Command> NOT_IN_CORRECT_MODE
04-15 12:10:07.273  5330  6629 I chromium: [5330:6629:INFO:grpc_manager_impl.cc(818)] GRPC[uri=[::]:8012]: num_pending_calls=0, num_active_handlers=0, num_free_handlers=0
04-15 12:10:07.908  3694 13519 D NetworkPolicy: 10034 is allowed on unmetered network
04-15 12:10:07.915  3694 13519 D NetworkPolicy: 10034 is allowed on unmetered network
04-15 12:10:08.106  3694 13519 D NetworkPolicy: 1000 is 7
04-15 12:10:08.909  3694 10795 D NetworkPolicy: 10034 is allowed on unmetered network
04-15 12:10:08.914  3694 10795 D NetworkPolicy: 10034 is allowed on unmetered network
04-15 12:10:09.117  3694 10795 D NetworkPolicy: 1000 is 7
04-15 12:10:09.280  3694  3793 D NetworkStats: TetherStats: iface=wlan0 type=3 entry=iface=null uid=-1 set=ALL tag=0x0 metered=ALL roaming=ALL defaultNetwork=ALL rxBytes=0 rxPackets=0 txBytes=0 txPackets=0 operations=0
04-15 12:10:09.283  3694  3793 D NetworkStats: TetherStats: iface=wlan0 type=1 entry=iface=null uid=-1 set=ALL tag=0x0 metered=ALL roaming=ALL defaultNetwork=ALL rxBytes=0 rxPackets=0 txBytes=0 txPackets=0 operations=0
04-15 12:10:09.760  3694 10795 D NetworkPolicy: 10038 is allowed on unmetered network
04-15 12:10:09.910  3694 10795 D NetworkPolicy: 10034 is allowed on unmetered network
04-15 12:10:09.918  3694 10795 D NetworkPolicy: 10034 is allowed on unmetered network
04-15 12:10:10.124  3694 10795 D NetworkPolicy: 1000 is 7
04-15 12:10:10.911  3694 13519 D NetworkPolicy: 10034 is allowed on unmetered network
04-15 12:10:10.920  3694 13519 D NetworkPolicy: 10034 is allowed on unmetered network
04-15 12:10:11.131  3694 13519 D NetworkPolicy: 1000 is 7
04-15 12:10:11.913  3694 13519 D NetworkPolicy: 10034 is allowed on unmetered network
04-15 12:10:11.920  3694 10795 D NetworkPolicy: 10034 is allowed on unmetered network
04-15 12:10:12.008  5330  6628 I chromium: [5330:6628:INFO:wifi_proximity.cc(177)] Request scan.
04-15 12:10:12.139  3694 10795 D NetworkPolicy: 1000 is 7
04-15 12:10:12.302  3694  3793 D NetworkStats: TetherStats: iface=wlan0 type=3 entry=iface=null uid=-1 set=ALL tag=0x0 metered=ALL roaming=ALL defaultNetwork=ALL rxBytes=0 rxPackets=0 txBytes=0 txPackets=0 operations=0
04-15 12:10:12.305  3694  3793 D NetworkStats: TetherStats: iface=wlan0 type=1 entry=iface=null uid=-1 set=ALL tag=0x0 metered=ALL roaming=ALL defaultNetwork=ALL rxBytes=0 rxPackets=0 txBytes=0 txPackets=0 operations=0
04-15 12:10:12.760  3694 10795 D NetworkPolicy: 10038 is allowed on unmetered network
04-15 12:10:12.914  3694 10795 D NetworkPolicy: 10034 is allowed on unmetered network
04-15 12:10:12.920  3694 10795 D NetworkPolicy: 10034 is allowed on unmetered network
04-15 12:10:13.147  3694 10795 D NetworkPolicy: 1000 is 7
04-15 12:10:13.915  3694 10795 D NetworkPolicy: 10034 is allowed on unmetered network
04-15 12:10:13.922  3694 10795 D NetworkPolicy: 10034 is allowed on unmetered network
04-15 12:10:14.156  3694 10795 D NetworkPolicy: 1000 is 7
04-15 12:10:14.888  3815  3816 I HdmiCec : onCecMessage TV->** <Device Vendor ID> 00e091
04-15 12:10:14.890  3694  3694 D HDMI    : [R]:<Device Vendor Id> 0F:87:00:E0:91
04-15 12:10:14.916  3694 13519 D NetworkPolicy: 10034 is allowed on unmetered network
04-15 12:10:15.043  3815  3816 I HdmiCec : onCecMessage TV->P1 <Feature Abort>
04-15 12:10:14.923  3694 13519 D NetworkPolicy: 10034 is allowed on unmetered network
04-15 12:10:15.045  3694  3694 D HDMI    : [R]:<Feature Abort> 04:00
04-15 12:10:15.045  3694  3694 W HDMI    : [2]:Unexpected parameters: <Feature Abort> 04:00
04-15 12:10:15.136  3815  3816 I HdmiCec : onCecMessage TV->P1 <Vendor Command> (04:89:01)
04-15 12:10:15.138  3694  3694 D HDMI    : [R]:<Vendor Command> 04:89:01
04-15 12:10:15.139  3694  3812 D HDMI    : [S]:<Feature Abort> 40:00:89:01
04-15 12:10:15.140  3815  3815 I HdmiCec : sendMessage P1->TV <Feature Abort> <Vendor Command> NOT_IN_CORRECT_MODE
04-15 12:10:15.164  3694 13519 D NetworkPolicy: 1000 is 7
04-15 12:10:15.324  3694  3793 D NetworkStats: TetherStats: iface=wlan0 type=3 entry=iface=null uid=-1 set=ALL tag=0x0 metered=ALL roaming=ALL defaultNetwork=ALL rxBytes=0 rxPackets=0 txBytes=0 txPackets=0 operations=0
04-15 12:10:15.327  3694  3793 D NetworkStats: TetherStats: iface=wlan0 type=1 entry=iface=null uid=-1 set=ALL tag=0x0 metered=ALL roaming=ALL defaultNetwork=ALL rxBytes=0 rxPackets=0 txBytes=0 txPackets=0 operations=0
04-15 12:10:15.760  3694 13519 D NetworkPolicy: 10038 is allowed on unmetered network
04-15 12:10:15.916  3694 13519 D NetworkPolicy: 10034 is allowed on unmetered network
04-15 12:10:15.922  3694 13519 D NetworkPolicy: 10034 is allowed on unmetered network
04-15 12:10:16.172  3694 13519 D NetworkPolicy: 1000 is 7
04-15 12:10:16.917  3694 10795 D NetworkPolicy: 10034 is allowed on unmetered network
04-15 12:10:16.922  3694 10795 D NetworkPolicy: 10034 is allowed on unmetered network
04-15 12:10:17.178  3694 10795 D NetworkPolicy: 1000 is 7
04-15 12:10:17.919  3694 13519 D NetworkPolicy: 10034 is allowed on unmetered network
04-15 12:10:17.927  3694 13519 D NetworkPolicy: 10034 is allowed on unmetered network
04-15 12:10:18.185  3694 13519 D NetworkPolicy: 1000 is 7
04-15 12:10:18.346  3694  3793 D NetworkStats: TetherStats: iface=wlan0 type=3 entry=iface=null uid=-1 set=ALL tag=0x0 metered=ALL roaming=ALL defaultNetwork=ALL rxBytes=0 rxPackets=0 txBytes=0 txPackets=0 operations=0
04-15 12:10:18.349  3694  3793 D NetworkStats: TetherStats: iface=wlan0 type=1 entry=iface=null uid=-1 set=ALL tag=0x0 metered=ALL roaming=ALL defaultNetwork=ALL rxBytes=0 rxPackets=0 txBytes=0 txPackets=0 operations=0
04-15 12:10:18.761  3694 13519 D NetworkPolicy: 10038 is allowed on unmetered network
04-15 12:10:18.920  3694 13519 D NetworkPolicy: 10034 is allowed on unmetered network
04-15 12:10:18.927  3694 13519 D NetworkPolicy: 10034 is allowed on unmetered network
04-15 12:10:19.192  3694 13519 D NetworkPolicy: 1000 is 7
04-15 12:10:19.921  3694 13519 D NetworkPolicy: 10034 is allowed on unmetered network
04-15 12:10:19.926  3694 13519 D NetworkPolicy: 10034 is allowed on unmetered network
04-15 12:10:20.200  3694 13519 D NetworkPolicy: 1000 is 7
04-15 12:10:20.620  8022  8437 I chatty  : uid=1000(system) pool-2-thread-1 expire 137 lines
04-15 12:10:20.627  3443  3443 D         : wld: cmd: /vendor/bin/wl status
04-15 12:10:20.703  3443  3443 D         : wld: status: scannum = 11 SSID = "Fios-NmGr6" Mode = Managed RSSI = -29 SNR = 27 Noise=-84
04-15 12:10:20.703  3443  3443 D         : wld: status: scannum = 11 Band = 5GHz chNo = 155 chWidth = 80MHz chCode = 0xe29b
04-15 12:10:20.703  3443  3443 D         : wld: status: scannum = 11 primaryChannel = 157
04-15 12:10:20.713  3443  3443 D         : wld: cmd: /vendor/bin/wl sta_info B8:F8:53:42:F9:7A
04-15 12:10:20.757  3443  3443 D         : wld: sta_info: scannum = 3 txucastpkts = 77116, rxucastpkts = 102225, rxrate = 1134230 
04-15 12:10:20.762  3443  3443 D         : wld: cmd: /vendor/bin/wl chanim_stats
04-15 12:10:20.799  3443  3443 D         : wld: chanim_stats: scannum = 0 idle = 0
04-15 12:10:20.804  3443  3443 D         : wld: cmd: /vendor/bin/wl counters
04-15 12:10:20.842  3443  3443 D         : wld: counters: scannum = 35 txretrans = 12226
04-15 12:10:20.842  3443  3443 D         : wld: counters: scannum = 35 rxframe = 118053 rxerror = 176
04-15 12:10:20.842  3443  3443 D         : wld: counters: txmcast = 0 rxmcast = 593640
04-15 12:10:20.842  3443  3443 D         : wld: counters: txucast = 82121 rxucast = 314903
04-15 12:10:20.842  3443  3443 D         : wld: counters: txbcast = 0 rxbadproto = 0
04-15 12:10:20.847  3443  3443 D         : wld: cmd: /vendor/bin/wl channels
04-15 12:10:20.881  3443  3443 D         : wld: channels: 1 2 3 4 5 6 7 8 9 10 11 36 40 44 48 52 56 60 64 100 104 108 112 116 120 124 128 132 136 140 144 149 153 157 161 165 
04-15 12:10:20.882  3443  3443 D         : wld: cmd: /vendor/bin/wl chanspec
04-15 12:10:20.916  3443  3443 D         : wld: chanspec: 1 2 3 4 5 6 7 8 9 10 11 36 40 44 48 52 56 60 64 100 104 108 112 116 120 124 128 132 136 140 144 149 153 157 161 165 
04-15 12:10:20.920  3443  3443 D         : wld: cmd: /vendor/bin/wl qtxpower
04-15 12:10:20.921  3694 10795 D NetworkPolicy: 10034 is allowed on unmetered network
04-15 12:10:20.947  3443  3443 D         : wld: qtxpower: scannum = 2 qtxpower = 127
04-15 12:10:20.949  3443  3443 D         : wld: cmd: /vendor/bin/wl rate
04-15 12:10:20.969  3443  3443 D         : wld: rate = 1200.5 Mbps
04-15 12:10:21.187  3431  3431 D HAL_STAT: Hal_Stat_GetAudioDecoderStats
04-15 12:10:21.188  3431  3431 I HAL_STAT: Audio decoder [0] not started
04-15 12:10:21.188  3431  3431 I HAL_STAT: Audio decoder [1] not started
04-15 12:10:21.188  3431  3431 I HAL_STAT: Audio decoder [2] not started
04-15 12:10:21.188  3431  3431 D HAL_STAT: Hal_Stat_GetVideoDecoderStats...
04-15 12:10:21.192  3431  3431 D HAL_STAT: Hal_Stat_GetEdidInfo...
04-15 12:10:21.192  3431  3431 W hal_stat@1.0-se: type=1400 audit(0.0:337): avc: denied { ioctl } for path="/dev/nxmw" dev="tmpfs" ino=364 ioctlcmd=0x805 scontext=u:r:hal_arris_hal_stat:s0 tcontext=u:object_r:nexus_device:s0 tclass=chr_file permissive=0
04-15 12:10:21.194  3431  3431 E NEXUS   : !!!Error BERR_OS_ERROR(0x6) at /export/jenkins/workspace/F354_AndroidTv_10_StreamTV-Child01/subjob/verizon/out-bcm/target/product/inuvik/obj/FAKE/refsw/obj.972164/nexus/core/syncthunk/nexus_cec_abiverify_client.h:44
04-15 12:10:21.195  3431  3431 D HAL_STAT: outer hal get: followPreferredFormat: 1 format: 32
04-15 12:10:21.195  3431  3431 D HAL_STAT: Hal_Stat_GetHdmiSettings...HDMI Connected with resolutionMode = 1
04-15 12:10:21.195  3431  3431 D arris_hidl_hal_stat: in hal: get resolutionMode: 1 resolutionValue: 1080p
04-15 12:10:20.924  3694 10795 D NetworkPolicy: 10034 is allowed on unmetered network
04-15 12:10:21.201  3694 10795 D NetworkPolicy: 1000 is 7
04-15 12:10:21.209  3443  3443 D         : wld: READ /sys/class/net/wlan0/address = 78:6a:1f:78:a0:c8
04-15 12:10:21.253  3443  3443 D         : wld: READ /sys/class/net/wlan0/address = 78:6a:1f:78:a0:c8
04-15 12:10:21.256  3443  3443 D         : wld: READ /sys/class/net/wlan0/statistics/rx_bytes = 58314231
04-15 12:10:21.259  3443  3443 D         : wld: READ /sys/class/net/wlan0/statistics/rx_packets = 117893
04-15 12:10:21.261  3443  3443 D         : wld: READ /sys/class/net/wlan0/statistics/rx_errors = 0
04-15 12:10:21.264  3443  3443 D         : wld: READ /sys/class/net/wlan0/statistics/tx_bytes = 24838790
04-15 12:10:21.267  3443  3443 D         : wld: READ /sys/class/net/wlan0/statistics/tx_packets = 89224
04-15 12:10:21.269  3443  3443 D         : wld: READ /sys/class/net/wlan0/statistics/tx_errors = 0
04-15 12:10:21.272  3443  3443 D         : wld: READ /sys/class/net/wlan0/statistics/tx_dropped = 0
04-15 12:10:21.275  3443  3443 D         : wld: READ /sys/class/net/wlan0/statistics/rx_dropped = 239
04-15 12:10:21.277  3443  3443 D         : wld:: cmd: /vendor/bin/wl country
04-15 12:10:21.297  3443  3443 D         : wld: rate = US (US/6) UNITED STATES
04-15 12:10:21.300  3443  3443 D         : wld:: cmd: /vendor/bin/wl country
04-15 12:10:21.320  3443  3443 D         : wld: rate = US (US/6) UNITED STATES
04-15 12:10:21.324  3443  3443 D         : wld: READ /sys/class/net/wlan0/statistics/rx_bytes = 58314231
04-15 12:10:21.327  3443  3443 D         : wld: READ /sys/class/net/wlan0/statistics/rx_packets = 117893
04-15 12:10:21.330  3443  3443 D         : wld: READ /sys/class/net/wlan0/statistics/rx_errors = 0
04-15 12:10:21.333  3443  3443 D         : wld: READ /sys/class/net/wlan0/statistics/tx_bytes = 24838790
04-15 12:10:21.336  3443  3443 D         : wld: READ /sys/class/net/wlan0/statistics/tx_packets = 89224
04-15 12:10:21.339  3443  3443 D         : wld: READ /sys/class/net/wlan0/statistics/tx_errors = 0
04-15 12:10:21.342  3443  3443 D         : wld: READ /sys/class/net/wlan0/statistics/tx_dropped = 0
04-15 12:10:21.345  3443  3443 D         : wld: READ /sys/class/net/wlan0/statistics/rx_dropped = 239
04-15 12:10:21.356  3694 10795 I chatty  : uid=1000(system) Binder:3694_19 identical 33 lines
04-15 12:10:21.357  3694 10795 D NetworkPolicy: 1000 is 7
04-15 12:10:21.360  3694  3793 D NetworkStats: TetherStats: iface=wlan0 type=3 entry=iface=null uid=-1 set=ALL tag=0x0 metered=ALL roaming=ALL defaultNetwork=ALL rxBytes=0 rxPackets=0 txBytes=0 txPackets=0 operations=0
04-15 12:10:21.360  3694  3793 D NetworkStats: TetherStats: iface=wlan0 type=1 entry=iface=null uid=-1 set=ALL tag=0x0 metered=ALL roaming=ALL defaultNetwork=ALL rxBytes=0 rxPackets=0 txBytes=0 txPackets=0 operations=0
04-15 12:10:21.362  3443  3443 D         : wld: cmd: /vendor/bin/wl mfp
04-15 12:10:21.382  3443  3443 D         : wld:MFP_config::0
04-15 12:10:21.385  5330 12976 I chromium: [5330:12976:INFO:ssdp_device.c(101)] SSDP packets sent for 48 seconds = 2
04-15 12:10:21.385  3443  3443 D         : wld: cmd: /vendor/bin/wl mfp
04-15 12:10:21.405  3443  3443 D         : wld:MFP_config::0
04-15 12:10:21.407  3443  3443 D         : wld: cmd: /vendor/bin/wl mfp
04-15 12:10:21.427  3443  3443 D         : wld:MFP_config::0
04-15 12:10:21.428  3694 10795 D NetworkPolicy: 1000 is 7
04-15 12:10:21.431  3443  3443 D         : wld:: cmd: /vendor/bin/wpa_cli status
04-15 12:10:21.463  3443  3443 D         : wpa: state = wpa_state=COMPLETED
04-15 12:10:21.466  3443  3443 D         : wld:: cmd: /vendor/bin/wpa_cli -v
04-15 12:10:21.497  3443  3443 D         : wpa: version = v2.8-devel-10
04-15 12:10:21.618  3694 10795 D NetworkPolicy: 1000 is 7
04-15 12:10:21.619  3694 13519 D NetworkPolicy: 1000 is 7
04-15 12:10:21.624  3694 13519 I chatty  : uid=1000(system) Binder:3694_1C identical 10 lines
04-15 12:10:21.625  3694 13519 D NetworkPolicy: 1000 is 7
04-15 12:10:21.625  3694 10795 D NetworkPolicy: 1000 is 7
04-15 12:10:21.626  3694 10795 D NetworkPolicy: 1000 is 7
04-15 12:10:21.761  3694 10795 D NetworkPolicy: 10038 is allowed on unmetered network
04-15 12:10:21.922  3694 10795 D NetworkPolicy: 10034 is allowed on unmetered network
04-15 12:10:21.923  3694 10795 D NetworkPolicy: 10034 is allowed on unmetered network
04-15 12:10:22.212  3694 10795 D NetworkPolicy: 1000 is 7
04-15 12:10:22.340  3815  3816 I HdmiCec : onCecMessage TV->P1 <Vendor Command> (04:89:01)
04-15 12:10:22.341  3694  3694 D HDMI    : [R]:<Vendor Command> 04:89:01
04-15 12:10:22.343  3694  3812 D HDMI    : [S]:<Feature Abort> 40:00:89:01
04-15 12:10:22.343  3815  3815 I HdmiCec : sendMessage P1->TV <Feature Abort> <Vendor Command> NOT_IN_CORRECT_MODE
04-15 12:10:22.924  3694 10795 D NetworkPolicy: 10034 is allowed on unmetered network
04-15 12:10:22.930  3694 10795 D NetworkPolicy: 10034 is allowed on unmetered network
04-15 12:10:23.215  3694 10795 D NetworkPolicy: 1000 is 7
04-15 12:10:23.604  5330  5330 I chromium: [5330:5330:INFO:debug_endpoint_manager_grpc_client.cc(365)] gRPC client channel state changed to GRPC_CHANNEL_TRANSIENT_FAILURE
04-15 12:10:23.925  3694 13519 D NetworkPolicy: 10034 is allowed on unmetered network
04-15 12:10:24.143  3443  3443 D         : wld: READ /sys/class/net/wlan0/statistics/rx_packets = 117906
04-15 12:10:24.152  3443  3443 D         : wld: READ /sys/class/net/wlan0/statistics/rx_errors = 0
04-15 12:10:23.931  3694 13519 D NetworkPolicy: 10034 is allowed on unmetered network
04-15 12:10:24.222  3694 13519 D NetworkPolicy: 1000 is 7
04-15 12:10:24.372  3694  3793 D NetworkStats: TetherStats: iface=wlan0 type=3 entry=iface=null uid=-1 set=ALL tag=0x0 metered=ALL roaming=ALL defaultNetwork=ALL rxBytes=0 rxPackets=0 txBytes=0 txPackets=0 operations=0
04-15 12:10:24.375  3694  3793 D NetworkStats: TetherStats: iface=wlan0 type=1 entry=iface=null uid=-1 set=ALL tag=0x0 metered=ALL roaming=ALL defaultNetwork=ALL rxBytes=0 rxPackets=0 txBytes=0 txPackets=0 operations=0
04-15 12:10:24.762  3694 13519 D NetworkPolicy: 10038 is allowed on unmetered network
04-15 12:10:24.926  3694 13519 D NetworkPolicy: 10034 is allowed on unmetered network
04-15 12:10:24.932  3694 13519 D NetworkPolicy: 10034 is allowed on unmetered network
04-15 12:10:25.229  3694 13519 D NetworkPolicy: 1000 is 7
04-15 12:10:25.927  3694 13519 D NetworkPolicy: 10034 is allowed on unmetered network
04-15 12:10:25.934  3694 13519 D NetworkPolicy: 10034 is allowed on unmetered network
04-15 12:10:26.235  3694 13519 D NetworkPolicy: 1000 is 7
04-15 12:10:26.661  3694  4806 I chatty  : uid=1000(system) NetworkMonitor/ expire 1 line
04-15 12:10:26.928  3694 10795 D NetworkPolicy: 10034 is allowed on unmetered network
04-15 12:10:26.936  3694 10795 D NetworkPolicy: 10034 is allowed on unmetered network
04-15 12:10:27.244  3694 10795 D NetworkPolicy: 1000 is 7
04-15 12:10:27.388  3694  3793 I chatty  : uid=1000(system) ClientModeImpl expire 3 lines
04-15 12:10:27.391  3694  3793 D NetworkStats: TetherStats: iface=wlan0 type=3 entry=iface=null uid=-1 set=ALL tag=0x0 metered=ALL roaming=ALL defaultNetwork=ALL rxBytes=0 rxPackets=0 txBytes=0 txPackets=0 operations=0
04-15 12:10:27.394  3694  3793 D NetworkStats: TetherStats: iface=wlan0 type=1 entry=iface=null uid=-1 set=ALL tag=0x0 metered=ALL roaming=ALL defaultNetwork=ALL rxBytes=0 rxPackets=0 txBytes=0 txPackets=0 operations=0
04-15 12:10:27.762  3694 13519 D NetworkPolicy: 10038 is allowed on unmetered network
04-15 12:10:27.929  3694 13519 D NetworkPolicy: 10034 is allowed on unmetered network
04-15 12:10:27.935  3694 13519 D NetworkPolicy: 10034 is allowed on unmetered network
04-15 12:10:28.251  3694 13519 D NetworkPolicy: 1000 is 7
04-15 12:10:28.766  5330  6649 I chromium: [5330:6649:INFO:mdns_app_filter.cc(3116)] MdnsAppFilter: responses sent in 42 seconds: 4
04-15 12:10:28.930  3694 13519 D NetworkPolicy: 10034 is allowed on unmetered network
04-15 12:10:28.939  3694 13519 D NetworkPolicy: 10034 is allowed on unmetered network
04-15 12:10:29.259  3694 13519 D NetworkPolicy: 1000 is 7
04-15 12:10:29.931  3694 10795 D NetworkPolicy: 10034 is allowed on unmetered network
04-15 12:10:29.966  3815  3816 I HdmiCec : onCecMessage TV->** <Device Vendor ID> 00e091
04-15 12:10:29.939  3694 10795 D NetworkPolicy: 10034 is allowed on unmetered network
04-15 12:10:29.968  3694  3694 D HDMI    : [R]:<Device Vendor Id> 0F:87:00:E0:91
04-15 12:10:30.120  3815  3816 I HdmiCec : onCecMessage TV->P1 <Feature Abort>
04-15 12:10:30.123  3694  3694 D HDMI    : [R]:<Feature Abort> 04:00
04-15 12:10:30.214  3815  3816 I HdmiCec : onCecMessage TV->P1 <Vendor Command> (04:89:01)
04-15 12:10:30.216  3694  3694 D HDMI    : [R]:<Vendor Command> 04:89:01
04-15 12:10:30.217  3694  3812 D HDMI    : [S]:<Feature Abort> 40:00:89:01
04-15 12:10:30.218  3815  3815 I HdmiCec : sendMessage P1->TV <Feature Abort> <Vendor Command> NOT_IN_CORRECT_MODE
04-15 12:10:30.266  3694 10795 D NetworkPolicy: 1000 is 7
04-15 12:10:30.417  3694  3793 D NetworkStats: TetherStats: iface=wlan0 type=3 entry=iface=null uid=-1 set=ALL tag=0x0 metered=ALL roaming=ALL defaultNetwork=ALL rxBytes=0 rxPackets=0 txBytes=0 txPackets=0 operations=0
04-15 12:10:30.419  3694  3793 D NetworkStats: TetherStats: iface=wlan0 type=1 entry=iface=null uid=-1 set=ALL tag=0x0 metered=ALL roaming=ALL defaultNetwork=ALL rxBytes=0 rxPackets=0 txBytes=0 txPackets=0 operations=0
04-15 12:10:30.762  3694 10795 D NetworkPolicy: 10038 is allowed on unmetered network
04-15 12:10:30.932  3694 10795 D NetworkPolicy: 10034 is allowed on unmetered network
04-15 12:10:30.938  3694 10795 D NetworkPolicy: 10034 is allowed on unmetered network
04-15 12:10:31.272  3694 10795 D NetworkPolicy: 1000 is 7
04-15 12:10:31.933  3694 13519 D NetworkPolicy: 10034 is allowed on unmetered network
04-15 12:10:31.939  3694 13519 D NetworkPolicy: 10034 is allowed on unmetered network
04-15 12:10:32.278  3694 13519 D NetworkPolicy: 1000 is 7
04-15 12:10:32.713  3694 10795 W ActivityManager: Receiver with filter android.content.IntentFilter@150ddf already registered for pid 8022, callerPackage is com.arris.chmframework
04-15 12:10:32.715  8022  8047 I chatty  : uid=1000(system) Thread-2 expire 16 lines
04-15 12:10:32.718  8022  8035 I chatty  : uid=1000(system) HeapTaskDaemon expire 1 line
04-15 12:10:32.718  3443  8048 I         : ###ADS :Waiting for client connection.....
04-15 12:10:32.726  3443  8048 I         : ###ADS :Waiting for client connection.....
04-15 12:10:32.731  3443  8048 I         : ###ADS :Waiting for client connection.....
04-15 12:10:32.737  3443  8048 I         : ###ADS :Waiting for client connection.....
04-15 12:10:32.743  3443  8048 I         : ###ADS :Waiting for client connection.....
04-15 12:10:32.749  3443  8048 I         : ###ADS :Waiting for client connection.....
04-15 12:10:32.754  3443  8048 I         : ###ADS :Waiting for client connection.....
04-15 12:10:32.759  3443  8048 I         : ###ADS :Waiting for client connection.....
04-15 12:10:32.764  3443  8048 I         : ###ADS :Waiting for client connection.....
04-15 12:10:32.933  3694 10795 D NetworkPolicy: 10034 is allowed on unmetered network
04-15 12:10:32.934  3694 10795 D NetworkPolicy: 10034 is allowed on unmetered network
04-15 12:10:33.287  3694 10795 D NetworkPolicy: 1000 is 7
04-15 12:10:33.436  3694  3793 D NetworkStats: TetherStats: iface=wlan0 type=3 entry=iface=null uid=-1 set=ALL tag=0x0 metered=ALL roaming=ALL defaultNetwork=ALL rxBytes=0 rxPackets=0 txBytes=0 txPackets=0 operations=0
04-15 12:10:33.438  3694  3793 D NetworkStats: TetherStats: iface=wlan0 type=1 entry=iface=null uid=-1 set=ALL tag=0x0 metered=ALL roaming=ALL defaultNetwork=ALL rxBytes=0 rxPackets=0 txBytes=0 txPackets=0 operations=0
04-15 12:10:33.615  4134  8375 E memtrack: Couldn't load memtrack module
04-15 12:10:33.615  4134  8375 W android.os.Debug: failed to get memory consumption info: -1
04-15 12:10:33.762  3694 10795 D NetworkPolicy: 10038 is allowed on unmetered network
04-15 12:10:33.935  3694 10795 D NetworkPolicy: 10034 is allowed on unmetered network
04-15 12:10:33.991  4807  5169 I ennor   : 
04-15 12:10:33.991  4807  5169 I ennor   : [CRTD:4] GetContentByComponentAsyncRequestImpl::setHandlerInternal [this: 0xc0f1a610 handler: 0xc0dba96c]
04-15 12:10:33.993  4807 14061 I ennor   : 
04-15 12:10:33.993  4807 14061 I ennor   : [CURL:5] curl "https://fclcontentcomponent-stg.mediasearch.verizon.com/ContentByComponent/v1?componentIds=CMP2375&pi=0&ps=20&viewmore=false&" --cacert /data/user/0/com.verizon.qlv.services/files/Hydra_CA.pem --compressed --connect-timeout 30 --max-time 120 -H 'portalId: PRT292' -H 'pid: FCL' -H 'status: 0' -H 'dt: CS' -H 'pt: FCL_QLS' -H 'sn: AAR13500767' -H 'rv: 1.0' -H 'authorization: AAEP9jLDrynsvT5rIwZHfhffiMMOLmlKhmbtQFS7+TBX9QJ2wv19TulB3zLPhA8Ub8G2CDMoFygq0ZsW4xFZdUy0OzabBALfiKgrxmsjWMcHOaibfQ1Uo4+kS2aYgRWu62HJpxhqnxn50cAd5J2OQUzuVjCtvI50sCf6bXKs5SMU7UxxszFw15P3rDmrObqFvAP2wFjB+X/T+eb7vu+86mC6YiO19AQWTpwLYng/KwXw/oDWOFAxCnWg3pU5ygHpesF/90OV6+6neUAf5NBqPA+BrAg6HI0o1Ssgf9BKdCOOSQCkasD6ds8sZlq9UDNeysc2PUZ1WPUOS8M5dLr5Vmd2SHpb1/1sIPMUlAixDSkfrFXY4igg8AfV4VXeBy4w+KqEeU7LPZLRmCbM9XT5PlViD1mZ1vBdtWJGlxnqhamkyRrlvpcbuaTVvJpKLBdJ4ZelPPdzTIVXFmZ1UzOBwnKwMJNRS0CO6fyTrlFXLtA3dR74N81+GFE6Com8b5gB77e8t0bxUTepLy5oCJhrJwJLJnXPJvaM1ZUf4HA49D4p3eAdN9tFLzO80P385i4nK2rppJUpyU9WtVeIV/xfS5ql9e0tNbYAJXsPlyDMWZ0Vh0luZ2/NWZWR
04-15 12:10:34.001  3389 14063 E ResolverController: No valid NAT64 prefix (100, <unspecified>/0)
04-15 12:10:34.009  3694  4806 I chatty  : uid=1000(system) NetworkMonitor/ expire 3 lines
04-15 12:10:33.940  3694 10795 D NetworkPolicy: 10034 is allowed on unmetered network
04-15 12:10:34.295  3694 13519 D NetworkPolicy: 1000 is 7
04-15 12:10:34.377  4807 14061 I ennor   : [CURL:5] curl_easy_perform() result = 0 (No error); response code = 200
04-15 12:10:34.377  4807 14061 I ennor   : 
04-15 12:10:34.377  4807 14061 I ennor   : [SWTB:4] Http RequestURL: https://fclcontentcomponent-stg.mediasearch.verizon.com/ContentByComponent/v1?componentIds=CMP2375&pi=0&ps=20&viewmore=false& & ResponseCode: 200 & Transaction-ID: 1cb31f63-8233-439b-b75c-5a5c74eafac1
04-15 12:10:34.380  4807 14061 I ennor   : 
04-15 12:10:34.380  4807 14061 I ennor   : [CRTD:4] ContentByComponentModel :: ResultData [{"componentsInfo":[{"totalRecords":0,"componentID":"CMP2375","cacheExpiresIn":1080000,"content":[]}]}]
04-15 12:10:34.381  4807 14061 I ennor   : [CRTD:4] +GetContentByComponentAsync onComplete :: [handler 0xc0dba96c] [param https://fclcontentcomponent-stg.mediasearch.verizon.com/ContentByComponent/v1?componentIds=CMP2375&pi=0&ps=20&viewmore=false&]
04-15 12:10:34.381  4807 14061 I ennor   : 
04-15 12:10:34.383  4807 14061 I ennor   : [CRTD:4]  !##### Data expired 
04-15 12:10:34.383  4807 14061 I ennor   : [CRTD:4]  !##### bExpirationTrackerStatus 1  refresh =1 
04-15 12:10:34.384  4807 14061 I ennor   : [CRTD:4]  GetContentByComponentAsync onComplete :: onSuccess/onRefreshed  [handler 0xc0dba96c] 
04-15 12:10:34.385  4807 14061 I ennor   : [CRTD:4]  getContentDataWithSortFilter bIAR 0  m_componentId = CMP2375 
04-15 12:10:34.385  4807 14061 I ennor   : 
04-15 12:10:34.385  4807 14061 I ennor   : [APPSRVS:5]  RailsRepository: getRailDataWithCb :: Data Expired -> onRefresh called from ennor for :: New & popular :size: 0 ::hasViewMore:: false
04-15 12:10:34.388  4807 14061 I ennor   : 
04-15 12:10:34.388  4807 14061 I ennor   : [CRTD:4] -GetContentByComponentAsync onComplete :: [handler 0xc0dba96c] [param https://fclcontentcomponent-stg.mediasearch.verizon.com/ContentByComponent/v1?componentIds=CMP2375&pi=0&ps=20&viewmore=false&]
04-15 12:10:34.388  4807 14061 I ennor   : 
04-15 12:10:34.782  4807  5169 I ennor   : [CRTD:4] GetContentByComponentAsyncRequestImpl::setHandlerInternal [this: 0xbd5a4990 handler: 0xc76807ec]
04-15 12:10:34.784  4807 14061 I ennor   : 
04-15 12:10:34.784  4807 14061 I ennor   : [CURL:5] curl "https://fclcontentcomponent-stg.mediasearch.verizon.com/ContentByComponent/v1?componentIds=CMP825&pi=0&ps=20&viewmore=false&" --cacert /data/user/0/com.verizon.qlv.services/files/Hydra_CA.pem --compressed --connect-timeout 30 --max-time 120 -H 'portalId: PRT292' -H 'pid: FCL' -H 'status: 0' -H 'dt: CS' -H 'pt: FCL_QLS' -H 'sn: AAR13500767' -H 'rv: 1.0' -H 'authorization: AAEP9jLDrynsvT5rIwZHfhffiMMOLmlKhmbtQFS7+TBX9QJ2wv19TulB3zLPhA8Ub8G2CDMoFygq0ZsW4xFZdUy0OzabBALfiKgrxmsjWMcHOaibfQ1Uo4+kS2aYgRWu62HJpxhqnxn50cAd5J2OQUzuVjCtvI50sCf6bXKs5SMU7UxxszFw15P3rDmrObqFvAP2wFjB+X/T+eb7vu+86mC6YiO19AQWTpwLYng/KwXw/oDWOFAxCnWg3pU5ygHpesF/90OV6+6neUAf5NBqPA+BrAg6HI0o1Ssgf9BKdCOOSQCkasD6ds8sZlq9UDNeysc2PUZ1WPUOS8M5dLr5Vmd2SHpb1/1sIPMUlAixDSkfrFXY4igg8AfV4VXeBy4w+KqEeU7LPZLRmCbM9XT5PlViD1mZ1vBdtWJGlxnqhamkyRrlvpcbuaTVvJpKLBdJ4ZelPPdzTIVXFmZ1UzOBwnKwMJNRS0CO6fyTrlFXLtA3dR74N81+GFE6Com8b5gB77e8t0bxUTepLy5oCJhrJwJLJnXPJvaM1ZUf4HA49D4p3eAdN9tFLzO80P385i4nK2rppJUpyU9WtVeIV/xfS5ql9e0tNbYAJXsPlyDMWZ0Vh0luZ2/NWZWRu
04-15 12:10:34.789  3389 14065 E ResolverController: No valid NAT64 prefix (100, <unspecified>/0)
04-15 12:10:34.935  3694 13519 D NetworkPolicy: 10034 is allowed on unmetered network
04-15 12:10:35.274  4807 14061 I ennor   : [CURL:5] curl_easy_perform() result = 0 (No error); response code = 200
04-15 12:10:35.275  4807 14061 I ennor   : 
04-15 12:10:35.275  4807 14061 I ennor   : [SWTB:4] Http RequestURL: https://fclcontentcomponent-stg.mediasearch.verizon.com/ContentByComponent/v1?componentIds=CMP825&pi=0&ps=20&viewmore=false& & ResponseCode: 200 & Transaction-ID: be95b566-4f5c-4a0f-8480-87da215c38b6
04-15 12:10:34.940  3694 13519 D NetworkPolicy: 10034 is allowed on unmetered network
04-15 12:10:35.305  3694 13519 D NetworkPolicy: 1000 is 7
04-15 12:10:35.306  4807 14061 I ennor   : 
04-15 12:10:35.306  4807 14061 I ennor   : [CRTD:4] ContentByComponentModel :: ResultData [{"componentsInfo":[{"totalRecords":20,"componentID":"CMP825","cacheExpiresIn":300000,"componentContext":"LiveTV","content":[{"id":"EP021899251037","api":{"webServiceUrl":"https://fclpitvshows-stg.mediasearch.verizon.com/EpisodeMiniPi/v1?id=SH021899250000&idtype=TMS&qualifiedid=TMS-EP021899251037"},"title":"Cavuto: Coast to Coast","posterId":"SH021899250000.jpg","description":"Neil Cavuto covers breaking news and updates viewers on market status.","webRouteText":"Cavuto-Coast-to-Coast","objectType":"Episode","data":{"id":"EP021899251037","rating":"NR","duration":7200,"idType":"TMS","airDate":1650024000,"noOfSeasons":8,"bgPosterId":"EP021899251037.jpg","seasonNumber":0,"genre":["Bus./financial"],"releaseYear":"2015","qualifiedId":"TMS-EP021899251037","episodeNumber":75,"episodeDescription":"Neil Cavuto covers breaking news and updates viewers on market status.","airingInfo":{"channelId":58718,"endTime":"2022-04-15T18:00Z","startTime":"2022-04-15T16:00Z","channel
