04-15 12:11:24.222  3443  3443 D         : wld: READ /sys/class/net/wlan0/statistics/rx_errors = 0
04-15 12:11:24.230  3443  3443 D         : wld: READ /sys/class/net/wlan0/statistics/tx_dropped = 0
04-15 12:11:24.234  3443  3443 D         : wld: READ /sys/class/net/wlan0/statistics/rx_dropped = 239
04-15 12:11:24.242  3443  3443 D         : wld:: cmd: /vendor/bin/wl country
04-15 12:11:24.264  3443  3443 D         : wld: rate = US (US/6) UNITED STATES
04-15 12:11:24.279  3443  3443 D         : wld:: cmd: /vendor/bin/wl country
04-15 12:11:24.326  4807 13245 I ennor   : 
04-15 12:11:24.326  4807 13245 I ennor   : [APPSRVS:5] ContentRepository: ------------------- [START] Trigger BI: RailActivity ------------------------
04-15 12:11:24.326  4807 13245 I ennor   : [APPSRVS:5] ContentRepository: triggerBIEvents: eventname : RailActivity
04-15 12:11:24.326  4807 13245 I ennor   : [APPSRVS:5] ContentRepository: triggerBIEvents: hashmap : {itemType=EPISODE, rail=On my last watched channels, type=null, folderId=PGE845, viewMoreAvailable=false, itemId=EP015679150167, railPosition=0, name=RailActivity, genre=Drama, autoPlayedCount=0, action=Select, folderName=Home, itemPosition=0, railId=LastWatched}
04-15 12:11:24.326  4807 13245 I ennor   : [APPSRVS:5] ContentRepository: triggerBIEvents: causativeRemoteKey : null
04-15 12:11:24.327  3443  3443 D         : wld: rate = US (US/6) UNITED STATES
04-15 12:11:24.332  4807 13245 I ennor   : [APPSRVS:5] ContentRepository: triggerBIEvents: timeStamp : Fri Apr 15 12:11:22 CDT 2022
04-15 12:11:24.333  4807 13245 I ennor   : [APPSRVS:5] ContentRepository: ------------------- [EMD] Trigger BI: RailActivity ------------------------
04-15 12:11:24.333  4807  5106 I ennor   : 
04-15 12:11:24.333  4807  5106 I ennor   : [BCNF:5]  BIConfig event find RailActivity
04-15 12:11:24.334  4807  5116 I ennor   : 
04-15 12:11:24.334  4807  5116 I ennor   : [BIDA:5] UIEventReceivedEvent event=RailActivity
04-15 12:11:24.334  4807  5116 I ennor   : 
04-15 12:11:24.334  4807  5116 I ennor   : [PFMT:5] PFMT BIEventReadyToSendEvent event=RailActivity
04-15 12:11:24.335  4807  5108 I ennor   : 
04-15 12:11:24.335  4807  5108 I ennor   : [DENA:4] +buildParametersSimplified configureJson valid=1
04-15 12:11:24.335  4807  5108 I ennor   : 
04-15 12:11:24.336  4807  5108 I ennor   : [DENA:4] -buildParametersSimplified configureJson valid=1
04-15 12:11:24.336  4807  5108 I ennor   : 
04-15 12:11:24.336  4807  5108 I ennor   : [DENA:5] 
04-15 12:11:24.336  4807  5108 I ennor   : ====Dena notifyEvent RailActivity :<{"common":{"sessionId":"00156c65-4dae-49d2-976a-d436ef5acfd7","deviceIdHash":"290e96459cfc55be3f1aa9ddce03a7279543182c487ecbec0c8201941dda6bd1","accountIdHash":"6c6b6976ff78e1e2c11fc96cc38c87806644b1874f72d7c642d25ae36f6af10b","regionId":91906,"deviceTimestamp":1650042682673,"ctrlName":"null"},"detail":{"rail":"On my last watched channels","type":"null","action":"Select","itemType":"EPISODE","viewMoreAvailable":false,"autoPlayedCount":0,"railPosition":0,"railId":"LastWatched","itemId":"EP015679150167"},"namespace":"fcl.video","version":1,"name":"RailActivity"}>
04-15 12:11:24.350  3443  3443 D         : wld: READ /sys/class/net/wlan0/statistics/rx_bytes = 58587655
04-15 12:11:24.231  3694  4453 I chatty  : uid=1000(system) Binder:3694_9 identical 13 lines
04-15 12:11:24.329  3694  4453 D NetworkPolicy: 1000 is 7
04-15 12:11:24.351  3694 13519 D NetworkPolicy: 1000 is 7
04-15 12:11:24.353  4807  5108 I ennor   : 
04-15 12:11:24.353  4807  5108 I ennor   : [BENG:5] Dena:EventEngine: event added to persistent queue: {"common":{"sessionId":"00156c65-4dae-49d2-976a-d436ef5acfd7","deviceIdHash":"290e96459cfc55be3f1aa9ddce03a7279543182c487ecbec0c8201941dda6bd1","accountIdHash":"6c6b6976ff78e1e2c11fc96cc38c87806644b1874f72d7c642d25ae36f6af10b","regionId":91906,"deviceTimestamp":1650042682673,"ctrlName":"null"},"detail":{"rail":"On my last watched channels","type":"null","action":"Select","itemType":"EPISODE","viewMoreAvailable":false,"autoPlayedCount":0,"railPosition":0,"railId":"LastWatched","itemId":"EP015679150167"},"namespace":"fcl.video","version":1,"name":"RailActivity"}
04-15 12:11:24.355  4807  5299 I ennor   : [BENG:5] exceeded batch limit 
04-15 12:11:24.355  4807  5299 I ennor   : [BENG:5] Dena:EventEngine: Send Queued Events 
04-15 12:11:24.359  3443  3443 D         : wld: READ /sys/class/net/wlan0/statistics/rx_packets = 118503
04-15 12:11:24.359  4807 14217 I ennor   : 
04-15 12:11:24.359  4807 14217 I ennor   : [CURL:5] Putting post data in to function for PUT: '{"events":[{"common":{"sessionId":"00156c65-4dae-49d2-976a-d436ef5acfd7","deviceIdHash":"290e96459cfc55be3f1aa9ddce03a7279543182c487ecbec0c8201941dda6bd1","accountIdHash":"6c6b6976ff78e1e2c11fc96cc38c87806644b1874f72d7c642d25ae36f6af10b","regionId":91906,"deviceTimestamp":1650042682673,"ctrlName":"null"},"detail":{"rail":"On my last watched channels","type":"null","action":"Select","itemType":"EPISODE","viewMoreAvailable":false,"autoPlayedCount":0,"railPosition":0,"railId":"LastWatched","itemId":"EP015679150167"},"namespace":"fcl.video","version":1,"name":"RailActivity"}]}'
04-15 12:11:24.359  4807 14217 I ennor   : [CURL:5] curl "https://datacollector-stg.mediasearch.verizon.com/fcl/v1/events" --compressed --data '{"events":[{"common":{"sessionId":"00156c65-4dae-49d2-976a-d436ef5acfd7","deviceIdHash":"290e96459cfc55be3f1aa9ddce03a7279543182c487ecbec0c8201941dda6bd1","accountIdHash":"6c6b6976ff78e1e2c11fc96cc38c87806644b1874f72d7c642d25ae36f6af10b","regionId":91906,"deviceTimestamp":1650042682673,"ctrlName":"null"},"detail":{"rail":"On my last watched channels","type":"null","action":"Select","itemType":"EPISODE","viewMoreAvailable":false,"autoPlayedCount":0,"railPosition":0,"railId":"LastWatched","itemId":"EP015679150167"},"namespace":"fcl.video","version":1,"name":"RailActivity"}]}' --insecure --request PUT -H 'X-SESSION-ID: 00156c65-4dae-49d2-976a-d436ef5acfd7' -H 'prdid: FCL' -H 'Authorization: AAEP9jLDrynsvT5rIwZHfhffiMMOLmlKhmbtQFS7+TBX9QJ2wv19TulB3zLPhA8Ub8G2CDMoFygq0ZsW4xFZdUy0OzabBALfiKgrxmsjWMcHOaibfQ1Uo4+kS2aYgRWu62HJpxhqnxn50cAd5J2OQUzuVjCtvI50sCf6bXKs5SMU7UxxszFw15P3rDmrObqFvAP2wFjB+X/T+eb7vu+86mC6YiO19AQWT
04-15 12:11:24.360  3694  4453 D NetworkPolicy: 1000 is 7
04-15 12:11:24.366  3443  3443 D         : wld: READ /sys/class/net/wlan0/statistics/rx_errors = 0
04-15 12:11:24.367  3694 13519 D NetworkPolicy: 1000 is 7
04-15 12:11:24.373  3443  3443 D         : wld: READ /sys/class/net/wlan0/statistics/tx_bytes = 24910989
04-15 12:11:24.374  3694  4453 D NetworkPolicy: 1000 is 7
04-15 12:11:24.385  3443  3443 D         : wld: READ /sys/class/net/wlan0/statistics/tx_packets = 89629
04-15 12:11:24.397  3443  3443 D         : wld: READ /sys/class/net/wlan0/statistics/tx_errors = 0
04-15 12:11:24.416  3443  3443 D         : wld: READ /sys/class/net/wlan0/statistics/tx_dropped = 0
04-15 12:11:24.427  3443  3443 D         : wld: READ /sys/class/net/wlan0/statistics/rx_dropped = 239
04-15 12:11:24.467  3443  3443 D         : wld: cmd: /vendor/bin/wl mfp
04-15 12:11:24.488  3389 14219 E ResolverController: No valid NAT64 prefix (100, <unspecified>/0)
04-15 12:11:24.490  3694  4806 D NetworkMonitor/100: isDataStall: result=false, consecutive dns timeout count=0
04-15 12:11:24.507  3443  3443 D         : wld:MFP_config::0
04-15 12:11:24.514  3443  3443 D         : wld: cmd: /vendor/bin/wl mfp
04-15 12:11:24.537  3694  4806 D NetworkMonitor/100: isDataStall: result=false, consecutive dns timeout count=0
04-15 12:11:24.565  3443  3443 D         : wld:MFP_config::0
04-15 12:11:24.574  3443  3443 D         : wld: cmd: /vendor/bin/wl mfp
04-15 12:11:24.603  3443  3443 D         : wld:MFP_config::0
04-15 12:11:24.609  3443  3443 D         : wld:: cmd: /vendor/bin/wpa_cli status
04-15 12:11:24.644  4807 14217 I ennor   : [CURL:5] curl_easy_perform() result = 0 (No error); response code = 202
04-15 12:11:24.644  4807 14217 I ennor   : 
04-15 12:11:24.644  4807 14217 I ennor   : [BENG:5] Dena:EventEngine: event sent = 1
04-15 12:11:24.658  4807 14217 I ennor   : [BENG:5] Dena:EventEngine: persistent queue size after sending =0 m_batchLimit=1 m_numberToCheck=0
04-15 12:11:24.660  3443  3443 D         : wpa: state = wpa_state=COMPLETED
04-15 12:11:24.673  3443  3443 D         : wld:: cmd: /vendor/bin/wpa_cli -v
04-15 12:11:24.722  3443  3443 D         : wpa: version = v2.8-devel-10
04-15 12:11:24.605  3694  4453 I chatty  : uid=1000(system) Binder:3694_9 identical 7 lines
04-15 12:11:24.656  3694  4453 D NetworkPolicy: 1000 is 7
04-15 12:11:24.767  3694  4453 D NetworkPolicy: 10038 is allowed on unmetered network
04-15 12:11:24.781  3694  3793 E WifiVendorHal: getWifiLinkLayerStats_internal(l.903) failed {.code = ERROR_NOT_AVAILABLE, .description = }
04-15 12:11:24.782  3694  3793 D NetworkStats: TetherStats: iface=wlan0 type=3 entry=iface=null uid=-1 set=ALL tag=0x0 metered=ALL roaming=ALL defaultNetwork=ALL rxBytes=0 rxPackets=0 txBytes=0 txPackets=0 operations=0
04-15 12:11:24.783  3694  3793 D NetworkStats: TetherStats: iface=wlan0 type=1 entry=iface=null uid=-1 set=ALL tag=0x0 metered=ALL roaming=ALL defaultNetwork=ALL rxBytes=0 rxPackets=0 txBytes=0 txPackets=0 operations=0
04-15 12:11:24.956  3694  4453 D NetworkPolicy: 1000 is 7
04-15 12:11:24.972  3694  4453 I chatty  : uid=1000(system) Binder:3694_9 identical 12 lines
04-15 12:11:24.973  3694  4453 D NetworkPolicy: 1000 is 7
04-15 12:11:24.974  3694 13519 D NetworkPolicy: 1000 is 7
04-15 12:11:24.987  3694 13519 D NetworkPolicy: 10034 is allowed on unmetered network
04-15 12:11:25.234  5330  5330 I chromium: [5330:5330:INFO:application_message_handler.cc(691)] Cast V2 IPC connected: app_id=E8C28D3C
04-15 12:11:25.300  5330  5330 I chromium: [5330:5330:INFO:application_message_handler.cc(872)] Received READY message from app
04-15 12:11:25.300  5330  5330 I chromium: [5330:5330:INFO:application_message_handler.cc(885)] SDK capabilities: {
04-15 12:11:25.300  5330  5330 I chromium:    "group_capabilities_supported": true,
04-15 12:11:25.300  5330  5330 I chromium:    "playback_device_status_supported": true,
04-15 12:11:25.300  5330  5330 I chromium:    "show_media_controls_supported": true
04-15 12:11:25.300  5330  5330 I chromium: }
04-15 12:11:25.300  5330  5330 I chromium: 
04-15 12:11:25.302  5330  5330 I chromium: [5330:5330:INFO:application_message_handler.cc(537)] Invisible connection connected: conn=ee0ec80f-ac86-458f-9e09-3e938e7ebd34:local-client.21:mediacontrol-0, app=ee0ec80f-ac86-458f-9e09-3e938e7ebd34
04-15 12:11:25.302  5330  5330 I chromium: [5330:5330:INFO:application_message_handler.cc(537)] Invisible connection connected: conn=ee0ec80f-ac86-458f-9e09-3e938e7ebd34:local-client.22:mediacontrol-0, app=ee0ec80f-ac86-458f-9e09-3e938e7ebd34
04-15 12:11:25.302  5330  5330 I chromium: [5330:5330:INFO:application_message_handler.cc(537)] Invisible connection connected: conn=ee0ec80f-ac86-458f-9e09-3e938e7ebd34:local-client.23:mediacontrol-0, app=ee0ec80f-ac86-458f-9e09-3e938e7ebd34
04-15 12:11:25.308  5330  6650 I chromium: [5330:6650:INFO:v2_transport.cc(1246)] Heartbeat for V2TransportImpl started: max_inactivity=10000000, heartbeat_interval_=5000000
04-15 12:11:25.378  3694  4806 D NetworkMonitor/100: isDataStall: result=false, consecutive dns timeout count=0
04-15 12:11:25.000  3694 13519 D NetworkPolicy: 10034 is allowed on unmetered network
04-15 12:11:25.659  3694 13519 D NetworkPolicy: 1000 is 7
04-15 12:11:25.987  3694 13519 D NetworkPolicy: 10034 is allowed on unmetered network
04-15 12:11:25.996  3694 13519 D NetworkPolicy: 10034 is allowed on unmetered network
04-15 12:11:26.663  3694 13519 D NetworkPolicy: 1000 is 7
04-15 12:11:26.987  3694 13519 D NetworkPolicy: 10034 is allowed on unmetered network
04-15 12:11:26.990  3694 13519 D NetworkPolicy: 10034 is allowed on unmetered network
04-15 12:11:27.665  3694 13519 D NetworkPolicy: 1000 is 7
04-15 12:11:27.767  3694 13519 D NetworkPolicy: 10038 is allowed on unmetered network
04-15 12:11:27.802  3694  3793 E WifiVendorHal: getWifiLinkLayerStats_internal(l.903) failed {.code = ERROR_NOT_AVAILABLE, .description = }
04-15 12:11:27.804  3694  3793 D NetworkStats: TetherStats: iface=wlan0 type=3 entry=iface=null uid=-1 set=ALL tag=0x0 metered=ALL roaming=ALL defaultNetwork=ALL rxBytes=0 rxPackets=0 txBytes=0 txPackets=0 operations=0
04-15 12:11:27.808  3694  3793 D NetworkStats: TetherStats: iface=wlan0 type=1 entry=iface=null uid=-1 set=ALL tag=0x0 metered=ALL roaming=ALL defaultNetwork=ALL rxBytes=0 rxPackets=0 txBytes=0 txPackets=0 operations=0
04-15 12:11:27.871  4839  4846 W zon.qlv.conten: Reducing the number of considered missed Gc histogram windows from 426 to 100
04-15 12:11:27.918  9949  9961 W webview_servic: Reducing the number of considered missed Gc histogram windows from 535 to 100
04-15 12:11:27.987  3694 13519 D NetworkPolicy: 10034 is allowed on unmetered network
04-15 12:11:27.989  3694 13519 D NetworkPolicy: 10034 is allowed on unmetered network
04-15 12:11:28.668  3694 13519 D NetworkPolicy: 1000 is 7
04-15 12:11:28.990  3694 13519 D NetworkPolicy: 10034 is allowed on unmetered network
04-15 12:11:28.996  3694 13519 D NetworkPolicy: 10034 is allowed on unmetered network
04-15 12:11:29.671  3694 13519 D NetworkPolicy: 1000 is 7
04-15 12:11:29.990  3694 13519 D NetworkPolicy: 10034 is allowed on unmetered network
04-15 12:11:30.277  3815  3816 I HdmiCec : onCecMessage TV->** <Device Vendor ID> 00e091
04-15 12:11:29.996  3694 13519 D NetworkPolicy: 10034 is allowed on unmetered network
04-15 12:11:30.278  3694  3694 D HDMI    : [R]:<Device Vendor Id> 0F:87:00:E0:91
04-15 12:11:30.431  3815  3816 I HdmiCec : onCecMessage TV->P1 <Feature Abort>
04-15 12:11:30.432  3694  3694 D HDMI    : [R]:<Feature Abort> 04:00
04-15 12:11:30.524  3815  3816 I HdmiCec : onCecMessage TV->P1 <Vendor Command> (04:89:01)
04-15 12:11:30.526  3694  3694 D HDMI    : [R]:<Vendor Command> 04:89:01
04-15 12:11:30.528  3694  3812 D HDMI    : [S]:<Feature Abort> 40:00:89:01
04-15 12:11:30.528  3815  3815 I HdmiCec : sendMessage P1->TV <Feature Abort> <Vendor Command> NOT_IN_CORRECT_MODE
04-15 12:11:30.681  3694 13519 D NetworkPolicy: 1000 is 7
04-15 12:11:30.768  3694  4453 D NetworkPolicy: 10038 is allowed on unmetered network
04-15 12:11:30.823  3694  3793 E WifiVendorHal: getWifiLinkLayerStats_internal(l.903) failed {.code = ERROR_NOT_AVAILABLE, .description = }
04-15 12:11:30.829  3694  3793 D NetworkStats: TetherStats: iface=wlan0 type=3 entry=iface=null uid=-1 set=ALL tag=0x0 metered=ALL roaming=ALL defaultNetwork=ALL rxBytes=0 rxPackets=0 txBytes=0 txPackets=0 operations=0
04-15 12:11:30.832  3694  3793 D NetworkStats: TetherStats: iface=wlan0 type=1 entry=iface=null uid=-1 set=ALL tag=0x0 metered=ALL roaming=ALL defaultNetwork=ALL rxBytes=0 rxPackets=0 txBytes=0 txPackets=0 operations=0
04-15 12:11:30.991  3694  4453 D NetworkPolicy: 10034 is allowed on unmetered network
04-15 12:11:31.001  3694  4453 D NetworkPolicy: 10034 is allowed on unmetered network
04-15 12:11:31.689  3694  4453 D NetworkPolicy: 1000 is 7
04-15 12:11:31.992  3694  4453 D NetworkPolicy: 10034 is allowed on unmetered network
04-15 12:11:31.997  3694 13519 D NetworkPolicy: 10034 is allowed on unmetered network
04-15 12:11:32.698  3694 13519 D NetworkPolicy: 1000 is 7
04-15 12:11:32.994  3694 13519 D NetworkPolicy: 10034 is allowed on unmetered network
04-15 12:11:33.003  3694 13519 D NetworkPolicy: 10034 is allowed on unmetered network
04-15 12:11:33.134  3694 13519 W ActivityManager: Receiver with filter android.content.IntentFilter@efdc26 already registered for pid 8022, callerPackage is com.arris.chmframework
04-15 12:11:33.136  8022  8047 I chatty  : uid=1000(system) Thread-2 expire 16 lines
04-15 12:11:33.139  3443  8048 I         : ###ADS :Waiting for client connection.....
04-15 12:11:33.145  3443  8048 I         : ###ADS :Waiting for client connection.....
04-15 12:11:33.150  3443  8048 I         : ###ADS :Waiting for client connection.....
04-15 12:11:33.150  8022  8035 I chatty  : uid=1000(system) HeapTaskDaemon expire 1 line
04-15 12:11:33.153  3443  8048 I         : ###ADS :Waiting for client connection.....
04-15 12:11:33.157  3443  8048 I         : ###ADS :Waiting for client connection.....
04-15 12:11:33.161  3443  8048 I         : ###ADS :Waiting for client connection.....
04-15 12:11:33.164  3443  8048 I         : ###ADS :Waiting for client connection.....
04-15 12:11:33.168  3443  8048 I         : ###ADS :Waiting for client connection.....
04-15 12:11:33.172  3443  8048 I         : ###ADS :Waiting for client connection.....
04-15 12:11:33.456  4807  5383 I wd.g    : Removed APPLNCR, current - 
04-15 12:11:33.456  4807  5383 I ennor   : 
04-15 12:11:33.456  4807  5383 I ennor   : [APPSRVS:5] wd.g: Removed APPLNCR, current - 
04-15 12:11:33.456  4807  5383 I wd.g    : onEndSession
04-15 12:11:33.456  4807  5383 I ennor   : [APPSRVS:5] wd.g: onEndSession
04-15 12:11:33.457  4807  5383 I ennor   : 
04-15 12:11:33.457  4807  5383 I ennor   : [ENOR:4] appLifecycleStateChanged [2]
04-15 12:11:33.457  4807  5383 I ennor   : 
04-15 12:11:33.457  4807  5383 I ennor   : [STMR:4] appLifecycleStateChanged [2]
04-15 12:11:33.457  4807  5107 I ennor   : [STMR:4] APP Life Cycle State :: PAUSE
04-15 12:11:33.457  4807  5107 I ennor   : [STMR:4] onAppPausedEvent
04-15 12:11:33.457  4807  5107 I ennor   : 
04-15 12:11:33.457  4807  5107 I ennor   : [ENST:7] Exiting EnnorReady state 
04-15 12:11:33.458  4807  5107 I ennor   : [ENST:7] Entering AppPaused state 
04-15 12:11:33.458  4807  5105 I ennor   : 
04-15 12:11:33.458  4807  5105 I ennor   : [PAL_NETWORK:2] removeListener called calling thread = Thread[Thread-687,10,main] :: Version Name = 5 :: Version Code = 23
04-15 12:11:33.458  4807  5383 I EnnorStateHandler: [SessionEnded] =  S:[Ready] + E:[OnSessionStop]
04-15 12:11:33.459  4807  5105 I ennor   : 
04-15 12:11:33.459  4807  5105 I ennor   : [CRTD:4] CuratedDataImpl Received App State [2] 
04-15 12:11:33.459  4807  5105 I ennor   : 
04-15 12:11:33.459  4807  5105 I ennor   : [RCMG:7] removeListener() state: 0
04-15 12:11:33.459  4807  5105 I ennor   : 
04-15 12:11:33.459  4807  5105 I ennor   : [MOBL:4] Received App State [PAUSE] 
04-15 12:11:33.459  4807  5105 I ennor   : [MOBL:4] +clearMobilitySession
04-15 12:11:33.459  4807  5105 I ennor   : [MOBL:4] -clearMobilitySession
04-15 12:11:33.461  4807  5108 I ennor   : 
04-15 12:11:33.461  4807  5108 I ennor   : [DENA:5] 
04-15 12:11:33.461  4807  5108 I ennor   : ====Dena notifyEvent Session action=END;:<{"common":{"sessionId":"00156c65-4dae-49d2-976a-d436ef5acfd7","deviceIdHash":"290e96459cfc55be3f1aa9ddce03a7279543182c487ecbec0c8201941dda6bd1","accountIdHash":"6c6b6976ff78e1e2c11fc96cc38c87806644b1874f72d7c642d25ae36f6af10b","regionId":91906,"deviceTimestamp":1650042693460},"detail":{"action":"END","circuitIdHash":"d588fb06505b20f657dcc7e22f1018310977e06c43be269b72c62e4fc2e2a3c5","deviceType":"CS","platform":"FCL","timeZone":"0","OS":"Android","OSVer":"10","releaseVer":"1.0-dev","buildNumber":"350","make":"ARRIS","model":"Stream TV","isQAM":false,"vhoid":"","endType":"Sleep","timeSpent":960},"namespace":"fcl.video","version":1,"name":"Session"}>
04-15 12:11:33.461  4807 13245 I ennor   : 
04-15 12:11:33.461  4807 13245 I ennor   : [APPSRVS:5] PLAYER_UI: PLUIMGR Ennor state a@7db68f6
04-15 12:11:33.462  4807 13245 I ennor   : [APPSRVS:6] PLAYER_UI: State a@7db68f6, ennor liveData false
04-15 12:11:33.475  4807  5299 I ennor   : 
04-15 12:11:33.475  4807  5299 I ennor   : [BENG:5] exceeded batch limit 
04-15 12:11:33.475  4807  5299 I ennor   : [BENG:5] Dena:EventEngine: Send Queued Events 
04-15 12:11:33.477  4807 14217 I ennor   : 
04-15 12:11:33.477  4807 14217 I ennor   : [CURL:5] Putting post data in to function for PUT: '{"events":[{"common":{"sessionId":"00156c65-4dae-49d2-976a-d436ef5acfd7","deviceIdHash":"290e96459cfc55be3f1aa9ddce03a7279543182c487ecbec0c8201941dda6bd1","accountIdHash":"6c6b6976ff78e1e2c11fc96cc38c87806644b1874f72d7c642d25ae36f6af10b","regionId":91906,"deviceTimestamp":1650042693460},"detail":{"action":"END","circuitIdHash":"d588fb06505b20f657dcc7e22f1018310977e06c43be269b72c62e4fc2e2a3c5","deviceType":"CS","platform":"FCL","timeZone":"0","OS":"Android","OSVer":"10","releaseVer":"1.0-dev","buildNumber":"350","make":"ARRIS","model":"Stream TV","isQAM":false,"vhoid":"","endType":"Sleep","timeSpent":960},"namespace":"fcl.video","version":1,"name":"Session"}]}'
04-15 12:11:33.477  4807 14217 I ennor   : [CURL:5] curl "https://datacollector-stg.mediasearch.verizon.com/fcl/v1/events" --compressed --data '{"events":[{"common":{"sessionId":"00156c65-4dae-49d2-976a-d436ef5acfd7","deviceIdHash":"290e96459cfc55be3f1aa9ddce03a7279543182c487ecbec0c8201941dda6bd1","accountIdHash":"6c6b6976ff78e1e2c11fc96cc38c87806644b1874f72d7c642d25ae36f6af10b","regionId":91906,"deviceTimestamp":1650042693460},"detail":{"action":"END","circuitIdHash":"d588fb06505b20f657dcc7e22f1018310977e06c43be269b72c62e4fc2e2a3c5","deviceType":"CS","platform":"FCL","timeZone":"0","OS":"Android","OSVer":"10","releaseVer":"1.0-dev","buildNumber":"350","make":"ARRIS","model":"Stream TV","isQAM":false,"vhoid":"","endType":"Sleep","timeSpent":960},"namespace":"fcl.video","version":1,"name":"Session"}]}' --insecure --request PUT -H 'X-SESSION-ID: 00156c65-4dae-49d2-976a-d436ef5acfd7' -H 'prdid: FCL' -H 'Authorization: AAEP9jLDrynsvT5rIwZHfhffiMMOLmlKhmbtQFS7+TBX9QJ2wv19TulB3zLPhA8Ub8G2CDMoFygq0ZsW4xFZdUy0OzabBALfiKgrxmsjWMcHOaibfQ1Uo4+kS2aYgRWu62HJpxhqn
04-15 12:11:33.478  4807  5108 I ennor   : 
04-15 12:11:33.478  4807  5108 I ennor   : [BENG:5] Dena:EventEngine: event added to persistent queue: {"common":{"sessionId":"00156c65-4dae-49d2-976a-d436ef5acfd7","deviceIdHash":"290e96459cfc55be3f1aa9ddce03a7279543182c487ecbec0c8201941dda6bd1","accountIdHash":"6c6b6976ff78e1e2c11fc96cc38c87806644b1874f72d7c642d25ae36f6af10b","regionId":91906,"deviceTimestamp":1650042693460},"detail":{"action":"END","circuitIdHash":"d588fb06505b20f657dcc7e22f1018310977e06c43be269b72c62e4fc2e2a3c5","deviceType":"CS","platform":"FCL","timeZone":"0","OS":"Android","OSVer":"10","releaseVer":"1.0-dev","buildNumber":"350","make":"ARRIS","model":"Stream TV","isQAM":false,"vhoid":"","endType":"Sleep","timeSpent":960},"namespace":"fcl.video","version":1,"name":"Session"}
04-15 12:11:33.478  4807  5108 I ennor   : 
04-15 12:11:33.478  4807  5108 I ennor   : [DENA:4] clearSessionData called
04-15 12:11:33.479  3389 14234 E ResolverController: No valid NAT64 prefix (100, <unspecified>/0)
04-15 12:11:33.480  3694  4806 D NetworkMonitor/100: isDataStall: result=false, consecutive dns timeout count=0
04-15 12:11:33.669  4807 14217 I ennor   : 
04-15 12:11:33.669  4807 14217 I ennor   : [CURL:5] curl_easy_perform() result = 0 (No error); response code = 202
04-15 12:11:33.669  4807 14217 I ennor   : 
04-15 12:11:33.669  4807 14217 I ennor   : [BENG:5] Dena:EventEngine: event sent = 1
04-15 12:11:33.680  4807 14217 I ennor   : [BENG:5] Dena:EventEngine: persistent queue size after sending =0 m_batchLimit=1 m_numberToCheck=0
04-15 12:11:33.706  3694 13519 D NetworkPolicy: 1000 is 7
04-15 12:11:33.768  3694 13519 D NetworkPolicy: 10038 is allowed on unmetered network
04-15 12:11:33.846  3694  3793 E WifiVendorHal: getWifiLinkLayerStats_internal(l.903) failed {.code = ERROR_NOT_AVAILABLE, .description = }
04-15 12:11:33.849  3694  3793 D NetworkStats: TetherStats: iface=wlan0 type=3 entry=iface=null uid=-1 set=ALL tag=0x0 metered=ALL roaming=ALL defaultNetwork=ALL rxBytes=0 rxPackets=0 txBytes=0 txPackets=0 operations=0
04-15 12:11:33.852  3694  3793 D NetworkStats: TetherStats: iface=wlan0 type=1 entry=iface=null uid=-1 set=ALL tag=0x0 metered=ALL roaming=ALL defaultNetwork=ALL rxBytes=0 rxPackets=0 txBytes=0 txPackets=0 operations=0
04-15 12:11:33.994  3694 13519 D NetworkPolicy: 10034 is allowed on unmetered network
04-15 12:11:34.001  3694 13519 D NetworkPolicy: 10034 is allowed on unmetered network
04-15 12:11:34.709  3694 13519 D NetworkPolicy: 1000 is 7
04-15 12:11:34.995  3694 13519 D NetworkPolicy: 10034 is allowed on unmetered network
04-15 12:11:35.002  3694 13519 D NetworkPolicy: 10034 is allowed on unmetered network
04-15 12:11:35.717  3694 13519 D NetworkPolicy: 1000 is 7
04-15 12:11:35.996  3694 13519 D NetworkPolicy: 10034 is allowed on unmetered network
04-15 12:11:36.006  3694 13519 D NetworkPolicy: 10034 is allowed on unmetered network
04-15 12:11:36.725  3694 13519 D NetworkPolicy: 1000 is 7
04-15 12:11:36.768  3694 13519 D NetworkPolicy: 10038 is allowed on unmetered network
04-15 12:11:36.806  3694 13519 D NetworkPolicy: 10034 is allowed on unmetered network
04-15 12:11:36.812  3694  4453 D NetworkPolicy: 10034 is allowed on unmetered network
04-15 12:11:36.866  3694  3793 D NetworkStats: TetherStats: iface=wlan0 type=3 entry=iface=null uid=-1 set=ALL tag=0x0 metered=ALL roaming=ALL defaultNetwork=ALL rxBytes=0 rxPackets=0 txBytes=0 txPackets=0 operations=0
04-15 12:11:36.868  3694  3793 D NetworkStats: TetherStats: iface=wlan0 type=1 entry=iface=null uid=-1 set=ALL tag=0x0 metered=ALL roaming=ALL defaultNetwork=ALL rxBytes=0 rxPackets=0 txBytes=0 txPackets=0 operations=0
04-15 12:11:36.997  3694  4453 D NetworkPolicy: 10034 is allowed on unmetered network
04-15 12:11:36.864  3694  3793 E WifiVendorHal: getWifiLinkLayerStats_internal(l.903) failed {.code = ERROR_NOT_AVAILABLE, .description = }
04-15 12:11:37.728  3815  3816 I HdmiCec : onCecMessage TV->P1 <Vendor Command> (04:89:01)
04-15 12:11:37.005  3694  4453 D NetworkPolicy: 10034 is allowed on unmetered network
04-15 12:11:37.730  3694  3694 D HDMI    : [R]:<Vendor Command> 04:89:01
04-15 12:11:37.732  3694  3812 D HDMI    : [S]:<Feature Abort> 40:00:89:01
04-15 12:11:37.732  3694  4453 D NetworkPolicy: 1000 is 7
04-15 12:11:37.733  3815  3815 I HdmiCec : sendMessage P1->TV <Feature Abort> <Vendor Command> NOT_IN_CORRECT_MODE
04-15 12:11:37.997  3694  4453 D NetworkPolicy: 10034 is allowed on unmetered network
04-15 12:11:38.001  5330 12976 I chromium: [5330:12976:INFO:ssdp_device.c(101)] SSDP packets sent for 42 seconds = 5
04-15 12:11:38.008  3694  4453 D NetworkPolicy: 10034 is allowed on unmetered network
04-15 12:11:38.034  3694  4453 W ProcessStats: Tracking association SourceState{dffcf3b com.verizon.qlv.services/10016 Top #5864} whose proc state 1 is better than process ProcessState{9b16658 com.arris.chmframework/1000 pkg=com.arris.chmframework} proc state 2 (14 skipped)
04-15 12:11:38.740  3694  4453 D NetworkPolicy: 1000 is 7
04-15 12:11:38.998  3694  4453 D NetworkPolicy: 10034 is allowed on unmetered network
04-15 12:11:39.008  3694  4453 D NetworkPolicy: 10034 is allowed on unmetered network
04-15 12:11:39.747  3694  4453 D NetworkPolicy: 1000 is 7
04-15 12:11:39.769  3694  4453 D NetworkPolicy: 10038 is allowed on unmetered network
04-15 12:11:39.881  3694  3793 E WifiVendorHal: getWifiLinkLayerStats_internal(l.903) failed {.code = ERROR_NOT_AVAILABLE, .description = }
04-15 12:11:39.883  3694  3793 D NetworkStats: TetherStats: iface=wlan0 type=3 entry=iface=null uid=-1 set=ALL tag=0x0 metered=ALL roaming=ALL defaultNetwork=ALL rxBytes=0 rxPackets=0 txBytes=0 txPackets=0 operations=0
04-15 12:11:39.886  3694  3793 D NetworkStats: TetherStats: iface=wlan0 type=1 entry=iface=null uid=-1 set=ALL tag=0x0 metered=ALL roaming=ALL defaultNetwork=ALL rxBytes=0 rxPackets=0 txBytes=0 txPackets=0 operations=0
04-15 12:11:39.999  3694  4453 D NetworkPolicy: 10034 is allowed on unmetered network
04-15 12:11:40.009  3694  4453 D NetworkPolicy: 10034 is allowed on unmetered network
04-15 12:11:40.756  3694  4453 D NetworkPolicy: 1000 is 7
04-15 12:11:41.000  3694  4453 D NetworkPolicy: 10034 is allowed on unmetered network
04-15 12:11:41.010  3694  4453 D NetworkPolicy: 10034 is allowed on unmetered network
04-15 12:11:41.764  3694 13519 D NetworkPolicy: 1000 is 7
04-15 12:11:42.002  3694 13519 D NetworkPolicy: 10034 is allowed on unmetered network
04-15 12:11:42.010  3694 13519 D NetworkPolicy: 10034 is allowed on unmetered network
04-15 12:11:42.769  3694 13519 D NetworkPolicy: 10038 is allowed on unmetered network
04-15 12:11:42.772  3694 13519 D NetworkPolicy: 1000 is 7
04-15 12:11:42.905  3694  3793 D NetworkStats: TetherStats: iface=wlan0 type=3 entry=iface=null uid=-1 set=ALL tag=0x0 metered=ALL roaming=ALL defaultNetwork=ALL rxBytes=0 rxPackets=0 txBytes=0 txPackets=0 operations=0
04-15 12:11:42.908  3694  3793 D NetworkStats: TetherStats: iface=wlan0 type=1 entry=iface=null uid=-1 set=ALL tag=0x0 metered=ALL roaming=ALL defaultNetwork=ALL rxBytes=0 rxPackets=0 txBytes=0 txPackets=0 operations=0
04-15 12:11:43.003  3694  4453 D NetworkPolicy: 10034 is allowed on unmetered network
04-15 12:11:43.012  3694  4453 D NetworkPolicy: 10034 is allowed on unmetered network
04-15 12:11:43.778  3694  4453 D NetworkPolicy: 1000 is 7
04-15 12:11:44.004  3694  4453 D NetworkPolicy: 10034 is allowed on unmetered network
04-15 12:11:44.010  3694  4453 D NetworkPolicy: 10034 is allowed on unmetered network
04-15 12:11:44.789  3694  4453 D NetworkPolicy: 1000 is 7
04-15 12:11:45.005  3694  4453 D NetworkPolicy: 10034 is allowed on unmetered network
04-15 12:11:45.011  3694 13519 D NetworkPolicy: 10034 is allowed on unmetered network
04-15 12:11:42.901  3694  3793 E WifiVendorHal: getWifiLinkLayerStats_internal(l.903) failed {.code = ERROR_NOT_AVAILABLE, .description = }
04-15 12:11:45.354  3815  3816 I HdmiCec : onCecMessage TV->** <Device Vendor ID> 00e091
04-15 12:11:45.357  3694  3694 D HDMI    : [R]:<Device Vendor Id> 0F:87:00:E0:91
04-15 12:11:45.508  3815  3816 I HdmiCec : onCecMessage TV->P1 <Feature Abort>
04-15 12:11:45.511  3694  3694 D HDMI    : [R]:<Feature Abort> 04:00
04-15 12:11:45.511  3694  3694 W HDMI    : [2]:Unexpected parameters: <Feature Abort> 04:00
04-15 12:11:45.603  3815  3816 I HdmiCec : onCecMessage TV->P1 <Vendor Command> (04:89:01)
04-15 12:11:45.604  3694  3694 D HDMI    : [R]:<Vendor Command> 04:89:01
04-15 12:11:45.605  3694  3812 D HDMI    : [S]:<Feature Abort> 40:00:89:01
04-15 12:11:45.607  3815  3815 I HdmiCec : sendMessage P1->TV <Feature Abort> <Vendor Command> NOT_IN_CORRECT_MODE
04-15 12:11:45.769  3694 13519 D NetworkPolicy: 10038 is allowed on unmetered network
04-15 12:11:45.795  3694 13519 D NetworkPolicy: 1000 is 7
04-15 12:11:45.838  3694  4806 D NetworkMonitor/100: isDataStall: result=false, consecutive dns timeout count=0
04-15 12:11:45.922  3694  3793 E WifiVendorHal: getWifiLinkLayerStats_internal(l.903) failed {.code = ERROR_NOT_AVAILABLE, .description = }
04-15 12:11:45.924  3694  3793 D NetworkStats: TetherStats: iface=wlan0 type=3 entry=iface=null uid=-1 set=ALL tag=0x0 metered=ALL roaming=ALL defaultNetwork=ALL rxBytes=0 rxPackets=0 txBytes=0 txPackets=0 operations=0
04-15 12:11:45.928  3694  3793 D NetworkStats: TetherStats: iface=wlan0 type=1 entry=iface=null uid=-1 set=ALL tag=0x0 metered=ALL roaming=ALL defaultNetwork=ALL rxBytes=0 rxPackets=0 txBytes=0 txPackets=0 operations=0
04-15 12:11:46.004  3694 13519 D NetworkPolicy: 10034 is allowed on unmetered network
04-15 12:11:46.006  3694 13519 D NetworkPolicy: 10034 is allowed on unmetered network
04-15 12:11:46.802  3694 13519 D NetworkPolicy: 1000 is 7
04-15 12:11:47.004  3694 13519 D NetworkPolicy: 10034 is allowed on unmetered network
04-15 12:11:47.006  3694 13519 D NetworkPolicy: 10034 is allowed on unmetered network
04-15 12:11:47.805  3694 13519 D NetworkPolicy: 1000 is 7
04-15 12:11:48.006  3694 13519 D NetworkPolicy: 10034 is allowed on unmetered network
04-15 12:11:48.012  3694 13519 D NetworkPolicy: 10034 is allowed on unmetered network
04-15 12:11:48.422  3694  3694 W ProcessStats: Tracking association SourceState{dffcf3b com.verizon.qlv.services/10016 Top #5866} whose proc state 1 is better than process ProcessState{9b16658 com.arris.chmframework/1000 pkg=com.arris.chmframework} proc state 2 (0 skipped)
04-15 12:11:48.470  3612  3612 E wificond: NL80211_CMD_TRIGGER_SCAN failed: Try again
04-15 12:11:48.470  3694  3795 E WificondScannerImpl: Failed to start scan, freqs=null
04-15 12:11:48.770  3694 13519 D NetworkPolicy: 10038 is allowed on unmetered network
04-15 12:11:48.813  3694 13519 D NetworkPolicy: 1000 is 7
04-15 12:11:48.940  3694  3793 E WifiVendorHal: getWifiLinkLayerStats_internal(l.903) failed {.code = ERROR_NOT_AVAILABLE, .description = }
04-15 12:11:48.943  3694  3793 D NetworkStats: TetherStats: iface=wlan0 type=3 entry=iface=null uid=-1 set=ALL tag=0x0 metered=ALL roaming=ALL defaultNetwork=ALL rxBytes=0 rxPackets=0 txBytes=0 txPackets=0 operations=0
04-15 12:11:48.945  3694  3793 D NetworkStats: TetherStats: iface=wlan0 type=1 entry=iface=null uid=-1 set=ALL tag=0x0 metered=ALL roaming=ALL defaultNetwork=ALL rxBytes=0 rxPackets=0 txBytes=0 txPackets=0 operations=0
04-15 12:11:49.008  3694 13519 D NetworkPolicy: 10034 is allowed on unmetered network
04-15 12:11:49.015  3694 13519 D NetworkPolicy: 10034 is allowed on unmetered network
04-15 12:11:49.820  3694  4453 D NetworkPolicy: 1000 is 7
04-15 12:11:50.008  3694  4453 D NetworkPolicy: 10034 is allowed on unmetered network
04-15 12:11:50.014  3694  4453 D NetworkPolicy: 10034 is allowed on unmetered network
04-15 12:11:50.826  3694  4453 D NetworkPolicy: 1000 is 7
04-15 12:11:51.009  3694  4453 D NetworkPolicy: 10034 is allowed on unmetered network
04-15 12:11:51.015  3694  4453 D NetworkPolicy: 10034 is allowed on unmetered network
04-15 12:11:51.770  3694  4453 D NetworkPolicy: 10038 is allowed on unmetered network
04-15 12:11:51.834  3694  4453 D NetworkPolicy: 1000 is 7
04-15 12:11:51.962  3694  3793 D NetworkStats: TetherStats: iface=wlan0 type=3 entry=iface=null uid=-1 set=ALL tag=0x0 metered=ALL roaming=ALL defaultNetwork=ALL rxBytes=0 rxPackets=0 txBytes=0 txPackets=0 operations=0
04-15 12:11:51.964  3694  3793 D NetworkStats: TetherStats: iface=wlan0 type=1 entry=iface=null uid=-1 set=ALL tag=0x0 metered=ALL roaming=ALL defaultNetwork=ALL rxBytes=0 rxPackets=0 txBytes=0 txPackets=0 operations=0
04-15 12:11:52.010  3694  4453 D NetworkPolicy: 10034 is allowed on unmetered network
04-15 12:11:51.959  3694  3793 E WifiVendorHal: getWifiLinkLayerStats_internal(l.903) failed {.code = ERROR_NOT_AVAILABLE, .description = }
04-15 12:11:52.806  3815  3816 I HdmiCec : onCecMessage TV->P1 <Vendor Command> (04:89:01)
04-15 12:11:52.016  3694  4453 D NetworkPolicy: 10034 is allowed on unmetered network
04-15 12:11:52.807  3694  3694 D HDMI    : [R]:<Vendor Command> 04:89:01
04-15 12:11:52.808  3694  3812 D HDMI    : [S]:<Feature Abort> 40:00:89:01
04-15 12:11:52.809  3815  3815 I HdmiCec : sendMessage P1->TV <Feature Abort> <Vendor Command> NOT_IN_CORRECT_MODE
04-15 12:11:52.841  3694  4453 D NetworkPolicy: 1000 is 7
04-15 12:11:53.010  3694  4453 D NetworkPolicy: 10034 is allowed on unmetered network
04-15 12:11:53.016  3694  4453 D NetworkPolicy: 10034 is allowed on unmetered network
04-15 12:11:53.546  3612  3612 E wificond: NL80211_CMD_TRIGGER_SCAN failed: Try again
04-15 12:11:53.546  3694  3795 E WificondScannerImpl: Failed to start scan, freqs=null
04-15 12:11:53.849  3694  4453 D NetworkPolicy: 1000 is 7
04-15 12:11:54.011  3694  4453 D NetworkPolicy: 10034 is allowed on unmetered network
04-15 12:11:54.018  3694  4453 D NetworkPolicy: 10034 is allowed on unmetered network
04-15 12:11:54.770  3694 13519 D NetworkPolicy: 10038 is allowed on unmetered network
04-15 12:11:54.859  3694 13519 D NetworkPolicy: 1000 is 7
04-15 12:11:54.978  3694  3793 E WifiVendorHal: getWifiLinkLayerStats_internal(l.903) failed {.code = ERROR_NOT_AVAILABLE, .description = }
04-15 12:11:54.981  3694  3793 D NetworkStats: TetherStats: iface=wlan0 type=3 entry=iface=null uid=-1 set=ALL tag=0x0 metered=ALL roaming=ALL defaultNetwork=ALL rxBytes=0 rxPackets=0 txBytes=0 txPackets=0 operations=0
04-15 12:11:54.985  3694  3793 D NetworkStats: TetherStats: iface=wlan0 type=1 entry=iface=null uid=-1 set=ALL tag=0x0 metered=ALL roaming=ALL defaultNetwork=ALL rxBytes=0 rxPackets=0 txBytes=0 txPackets=0 operations=0
04-15 12:11:55.012  3694 13519 D NetworkPolicy: 10034 is allowed on unmetered network
04-15 12:11:55.457  8022  8437 I chatty  : uid=1000(system) pool-2-thread-1 expire 119 lines
04-15 12:11:55.465  3443  3443 D         : wld: cmd: /vendor/bin/wl status
04-15 12:11:55.545  3443  3443 D         : wld: status: scannum = 11 SSID = "Fios-NmGr6" Mode = Managed RSSI = -28 SNR = 26 Noise=-84
04-15 12:11:55.545  3443  3443 D         : wld: status: scannum = 11 Band = 5GHz chNo = 155 chWidth = 80MHz chCode = 0xe29b
04-15 12:11:55.545  3443  3443 D         : wld: status: scannum = 11 primaryChannel = 157
04-15 12:11:55.586  3443  3443 D         : wld: cmd: /vendor/bin/wl sta_info B8:F8:53:42:F9:7A
04-15 12:11:55.623  3443  3443 D         : wld: sta_info: scannum = 3 txucastpkts = 77633, rxucastpkts = 103402, rxrate = 1200950 
04-15 12:11:55.627  3443  3443 D         : wld: cmd: /vendor/bin/wl chanim_stats
04-15 12:11:55.663  3443  3443 D         : wld: chanim_stats: scannum = 0 idle = 0
04-15 12:11:55.667  3443  3443 D         : wld: cmd: /vendor/bin/wl counters
04-15 12:11:55.705  3443  3443 D         : wld: counters: scannum = 35 txretrans = 12288
04-15 12:11:55.705  3443  3443 D         : wld: counters: scannum = 35 rxframe = 119467 rxerror = 180
04-15 12:11:55.705  3443  3443 D         : wld: counters: txmcast = 0 rxmcast = 601781
04-15 12:11:55.705  3443  3443 D         : wld: counters: txucast = 82671 rxucast = 317706
04-15 12:11:55.705  3443  3443 D         : wld: counters: txbcast = 0 rxbadproto = 0
04-15 12:11:55.709  3443  3443 D         : wld: cmd: /vendor/bin/wl channels
04-15 12:11:55.743  3443  3443 D         : wld: channels: 1 2 3 4 5 6 7 8 9 10 11 36 40 44 48 52 56 60 64 100 104 108 112 116 120 124 128 132 136 140 144 149 153 157 161 165 
04-15 12:11:55.744  3443  3443 D         : wld: cmd: /vendor/bin/wl chanspec
04-15 12:11:55.778  3443  3443 D         : wld: chanspec: 1 2 3 4 5 6 7 8 9 10 11 36 40 44 48 52 56 60 64 100 104 108 112 116 120 124 128 132 136 140 144 149 153 157 161 165 
04-15 12:11:55.782  3443  3443 D         : wld: cmd: /vendor/bin/wl qtxpower
04-15 12:11:55.814  3443  3443 D         : wld: qtxpower: scannum = 2 qtxpower = 127
04-15 12:11:55.817  3443  3443 D         : wld: cmd: /vendor/bin/wl rate
04-15 12:11:55.837  3443  3443 D         : wld: rate = 1200.5 Mbps
04-15 12:11:55.019  3694 13519 D NetworkPolicy: 10034 is allowed on unmetered network
04-15 12:11:55.867  3694  4453 D NetworkPolicy: 1000 is 7
04-15 12:11:56.012  3694 13519 D NetworkPolicy: 10034 is allowed on unmetered network
04-15 12:11:56.013  3694  4453 D NetworkPolicy: 10034 is allowed on unmetered network
04-15 12:11:56.057  3431  3431 D HAL_STAT: Hal_Stat_GetAudioDecoderStats
04-15 12:11:56.057  3431  3431 I HAL_STAT: Audio decoder [0] not started
04-15 12:11:56.057  3431  3431 I HAL_STAT: Audio decoder [1] not started
04-15 12:11:56.057  3431  3431 I HAL_STAT: Audio decoder [2] not started
04-15 12:11:56.058  3431  3431 D HAL_STAT: Hal_Stat_GetVideoDecoderStats...
04-15 12:11:56.062  3431  3431 D HAL_STAT: Hal_Stat_GetEdidInfo...
04-15 12:11:56.064  3431  3431 E NEXUS   : !!!Error BERR_OS_ERROR(0x6) at /export/jenkins/workspace/F354_AndroidTv_10_StreamTV-Child01/subjob/verizon/out-bcm/target/product/inuvik/obj/FAKE/refsw/obj.972164/nexus/core/syncthunk/nexus_cec_abiverify_client.h:44
04-15 12:11:56.062  3431  3431 W hal_stat@1.0-se: type=1400 audit(0.0:340): avc: denied { ioctl } for path="/dev/nxmw" dev="tmpfs" ino=364 ioctlcmd=0x805 scontext=u:r:hal_arris_hal_stat:s0 tcontext=u:object_r:nexus_device:s0 tclass=chr_file permissive=0
04-15 12:11:56.064  3431  3431 D HAL_STAT: outer hal get: followPreferredFormat: 1 format: 32
04-15 12:11:56.064  3431  3431 D HAL_STAT: Hal_Stat_GetHdmiSettings...HDMI Connected with resolutionMode = 1
04-15 12:11:56.064  3431  3431 D arris_hidl_hal_stat: in hal: get resolutionMode: 1 resolutionValue: 1080p
04-15 12:11:56.071  3694 13519 D NetworkPolicy: 1000 is 7
04-15 12:11:56.078  3443  3443 D         : wld: READ /sys/class/net/wlan0/address = 78:6a:1f:78:a0:c8
04-15 12:11:56.115  3694 13519 I chatty  : uid=1000(system) Binder:3694_1C identical 12 lines
04-15 12:11:56.116  3694 13519 D NetworkPolicy: 1000 is 7
04-15 12:11:56.117  3694  4453 D NetworkPolicy: 1000 is 7
04-15 12:11:56.120  3443  3443 D         : wld: READ /sys/class/net/wlan0/address = 78:6a:1f:78:a0:c8
04-15 12:11:56.122  3443  3443 D         : wld: READ /sys/class/net/wlan0/statistics/rx_bytes = 59447815
04-15 12:11:56.125  3443  3443 D         : wld: READ /sys/class/net/wlan0/statistics/rx_packets = 119305
04-15 12:11:56.129  3443  3443 D         : wld: READ /sys/class/net/wlan0/statistics/rx_errors = 0
04-15 12:11:56.131  3443  3443 D         : wld: READ /sys/class/net/wlan0/statistics/tx_bytes = 24952147
04-15 12:11:56.134  3443  3443 D         : wld: READ /sys/class/net/wlan0/statistics/tx_packets = 89980
04-15 12:11:56.137  3443  3443 D         : wld: READ /sys/class/net/wlan0/statistics/tx_errors = 0
04-15 12:11:56.140  3443  3443 D         : wld: READ /sys/class/net/wlan0/statistics/tx_dropped = 0
04-15 12:11:56.143  3443  3443 D         : wld: READ /sys/class/net/wlan0/statistics/rx_dropped = 239
04-15 12:11:56.145  3443  3443 D         : wld:: cmd: /vendor/bin/wl country
04-15 12:11:56.164  3443  3443 D         : wld: rate = US (US/6) UNITED STATES
04-15 12:11:56.167  3443  3443 D         : wld:: cmd: /vendor/bin/wl country
04-15 12:11:56.186  3443  3443 D         : wld: rate = US (US/6) UNITED STATES
04-15 12:11:56.190  3443  3443 D         : wld: READ /sys/class/net/wlan0/statistics/rx_bytes = 59447893
04-15 12:11:56.193  3443  3443 D         : wld: READ /sys/class/net/wlan0/statistics/rx_packets = 119306
04-15 12:11:56.196  3443  3443 D         : wld: READ /sys/class/net/wlan0/statistics/rx_errors = 0
04-15 12:11:56.199  3443  3443 D         : wld: READ /sys/class/net/wlan0/statistics/tx_bytes = 24952147
04-15 12:11:56.202  3443  3443 D         : wld: READ /sys/class/net/wlan0/statistics/tx_packets = 89980
04-15 12:11:56.205  3443  3443 D         : wld: READ /sys/class/net/wlan0/statistics/tx_errors = 0
04-15 12:11:56.208  3443  3443 D         : wld: READ /sys/class/net/wlan0/statistics/tx_dropped = 0
04-15 12:11:56.211  3443  3443 D         : wld: READ /sys/class/net/wlan0/statistics/rx_dropped = 239
04-15 12:11:56.206  3694  4453 I chatty  : uid=1000(system) Binder:3694_9 identical 15 lines
04-15 12:11:56.209  3694  4453 D NetworkPolicy: 1000 is 7
04-15 12:11:56.221  3694 13519 D NetworkPolicy: 1000 is 7
04-15 12:11:56.225  3443  3443 D         : wld: cmd: /vendor/bin/wl mfp
04-15 12:11:56.244  3443  3443 D         : wld:MFP_config::0
04-15 12:11:56.248  3443  3443 D         : wld: cmd: /vendor/bin/wl mfp
04-15 12:11:56.268  3443  3443 D         : wld:MFP_config::0
04-15 12:11:56.270  3443  3443 D         : wld: cmd: /vendor/bin/wl mfp
04-15 12:11:56.290  3443  3443 D         : wld:MFP_config::0
04-15 12:11:56.294  3443  3443 D         : wld:: cmd: /vendor/bin/wpa_cli status
04-15 12:11:56.325  3443  3443 D         : wpa: state = wpa_state=COMPLETED
04-15 12:11:56.328  3443  3443 D         : wld:: cmd: /vendor/bin/wpa_cli -v
04-15 12:11:56.351  3443  3443 D         : wpa: version = v2.8-devel-10
04-15 12:11:56.357  3832  3926 D bt_btif_config: btif_get_address_type: Device [98:06:3a:00:45:da] address type 0
04-15 12:11:56.357  3832  3926 D bt_btif_config: btif_get_device_type: Device [98:06:3a:00:45:da] type 2
04-15 12:11:56.357  3832  4457 I bt_stack: [INFO:gatt_api.cc(1105)] GATT_Connectgatt_if=6, address=98:06:3a:00:45:da
04-15 12:11:56.357  3832  4457 I bt_stack: [INFO:connection_manager.cc(97)] App id=0x06already doing background connection to 98:06:3a:00:45:da
04-15 12:11:56.360  3832  3926 D bt_btif_config: btif_get_address_type: Device [98:06:3a:00:45:da] address type 0
04-15 12:11:56.360  3832  3926 D bt_btif_config: btif_get_device_type: Device [98:06:3a:00:45:da] type 2
04-15 12:11:56.360  3832  4457 I bt_stack: [INFO:gatt_api.cc(1105)] GATT_Connectgatt_if=6, address=98:06:3a:00:45:da
04-15 12:11:56.360  3832  4457 I bt_stack: [INFO:connection_manager.cc(97)] App id=0x06already doing background connection to 98:06:3a:00:45:da
04-15 12:11:56.362  3832  3926 D bt_btif_config: btif_get_address_type: Device [98:06:3a:00:45:da] address type 0
04-15 12:11:56.362  3832  3926 D bt_btif_config: btif_get_device_type: Device [98:06:3a:00:45:da] type 2
04-15 12:11:56.362  3832  4457 I bt_stack: [INFO:gatt_api.cc(1105)] GATT_Connectgatt_if=6, address=98:06:3a:00:45:da
04-15 12:11:56.362  3832  4457 I bt_stack: [INFO:connection_manager.cc(97)] App id=0x06already doing background connection to 98:06:3a:00:45:da
04-15 12:11:56.366  3832  3926 D bt_btif_config: btif_get_address_type: Device [98:06:3a:00:45:da] address type 0
04-15 12:11:56.366  3832  3926 D bt_btif_config: btif_get_device_type: Device [98:06:3a:00:45:da] type 2
04-15 12:11:56.366  3832  4457 I bt_stack: [INFO:gatt_api.cc(1105)] GATT_Connectgatt_if=6, address=98:06:3a:00:45:da
04-15 12:11:56.366  3832  4457 I bt_stack: [INFO:connection_manager.cc(97)] App id=0x06already doing background connection to 98:06:3a:00:45:da
04-15 12:11:56.368  3832  3926 D bt_btif_config: btif_get_address_type: Device [98:06:3a:00:45:da] address type 0
04-15 12:11:56.368  3832  3926 D bt_btif_config: btif_get_device_type: Device [98:06:3a:00:45:da] type 2
04-15 12:11:56.368  3832  4457 I bt_stack: [INFO:gatt_api.cc(1105)] GATT_Connectgatt_if=6, address=98:06:3a:00:45:da
04-15 12:11:56.369  3832  4457 I bt_stack: [INFO:connection_manager.cc(97)] App id=0x06already doing background connection to 98:06:3a:00:45:da
04-15 12:11:56.371  3832  3926 D bt_btif_config: btif_get_address_type: Device [98:06:3a:00:45:da] address type 0
04-15 12:11:56.371  3832  3926 D bt_btif_config: btif_get_device_type: Device [98:06:3a:00:45:da] type 2
04-15 12:11:56.371  3832  4457 I bt_stack: [INFO:gatt_api.cc(1105)] GATT_Connectgatt_if=6, address=98:06:3a:00:45:da
04-15 12:11:56.371  3832  4457 I bt_stack: [INFO:connection_manager.cc(97)] App id=0x06already doing background connection to 98:06:3a:00:45:da
04-15 12:11:56.373  3832  3926 D bt_btif_config: btif_get_address_type: Device [98:06:3a:00:45:da] address type 0
04-15 12:11:56.373  3832  3926 D bt_btif_config: btif_get_device_type: Device [98:06:3a:00:45:da] type 2
04-15 12:11:56.373  3832  4457 I bt_stack: [INFO:gatt_api.cc(1105)] GATT_Connectgatt_if=6, address=98:06:3a:00:45:da
04-15 12:11:56.373  3832  4457 I bt_stack: [INFO:connection_manager.cc(97)] App id=0x06already doing background connection to 98:06:3a:00:45:da
04-15 12:11:56.450  3694 13519 I chatty  : uid=1000(system) Binder:3694_1C identical 18 lines
04-15 12:11:56.869  3694 13519 D NetworkPolicy: 1000 is 7
04-15 12:11:57.012  3694 13519 D NetworkPolicy: 10034 is allowed on unmetered network
04-15 12:11:57.014  3694 13519 D NetworkPolicy: 10034 is allowed on unmetered network
04-15 12:11:57.770  3694 13519 D NetworkPolicy: 10038 is allowed on unmetered network
04-15 12:11:57.872  3694 13519 D NetworkPolicy: 1000 is 7
04-15 12:11:58.001  3694  3793 E WifiVendorHal: getWifiLinkLayerStats_internal(l.903) failed {.code = ERROR_NOT_AVAILABLE, .description = }
04-15 12:11:58.007  3694  3793 D NetworkStats: TetherStats: iface=wlan0 type=3 entry=iface=null uid=-1 set=ALL tag=0x0 metered=ALL roaming=ALL defaultNetwork=ALL rxBytes=0 rxPackets=0 txBytes=0 txPackets=0 operations=0
04-15 12:11:58.010  3694  3793 D NetworkStats: TetherStats: iface=wlan0 type=1 entry=iface=null uid=-1 set=ALL tag=0x0 metered=ALL roaming=ALL defaultNetwork=ALL rxBytes=0 rxPackets=0 txBytes=0 txPackets=0 operations=0
04-15 12:11:58.014  3694 13519 D NetworkPolicy: 10034 is allowed on unmetered network
04-15 12:11:58.022  3694 13519 D NetworkPolicy: 10034 is allowed on unmetered network
04-15 12:11:58.632  3612  3612 E wificond: NL80211_CMD_TRIGGER_SCAN failed: Try again
04-15 12:11:58.633  3694  3795 E WificondScannerImpl: Failed to start scan, freqs=null
04-15 12:11:58.881  3694  4453 D NetworkPolicy: 1000 is 7
04-15 12:11:59.015  3694  4453 D NetworkPolicy: 10034 is allowed on unmetered network
04-15 12:11:59.017  3694 13519 D NetworkPolicy: 10034 is allowed on unmetered network
04-15 12:11:59.097  4752 11703 E memtrack: Couldn't load memtrack module
04-15 12:11:59.097  4752 11703 W android.os.Debug: failed to get memory consumption info: -1
04-15 12:11:59.888  3694  4453 D NetworkPolicy: 1000 is 7
04-15 12:12:00.016  3694 13519 D NetworkPolicy: 10034 is allowed on unmetered network
04-15 12:12:00.431  3815  3816 I HdmiCec : onCecMessage TV->** <Device Vendor ID> 00e091
04-15 12:12:00.024  3694 13519 D NetworkPolicy: 10034 is allowed on unmetered network
04-15 12:12:00.433  3694  3694 D HDMI    : [R]:<Device Vendor Id> 0F:87:00:E0:91
04-15 12:12:00.444  3443  8048 E         : eco-agent : server=https://AAR13500767:NewVOLUser1@cpe-ems0512.verizon.com/cwmpWeb/CPEMgt work=5 - periodic inform
04-15 12:12:00.444  3443  8048 I         : ###ADS :Waiting for client connection.....
04-15 12:12:00.586  3815  3816 I HdmiCec : onCecMessage TV->P1 <Feature Abort>
04-15 12:12:00.588  3694  3694 D HDMI    : [R]:<Feature Abort> 04:00
04-15 12:12:00.681  3815  3816 I HdmiCec : onCecMessage TV->P1 <Vendor Command> (04:89:01)
04-15 12:12:00.682  3694  3694 D HDMI    : [R]:<Vendor Command> 04:89:01
04-15 12:12:00.683  3694  3812 D HDMI    : [S]:<Feature Abort> 40:00:89:01
04-15 12:12:00.684  3815  3815 I HdmiCec : sendMessage P1->TV <Feature Abort> <Vendor Command> NOT_IN_CORRECT_MODE
04-15 12:12:00.770  3694 13519 D NetworkPolicy: 10038 is allowed on unmetered network
04-15 12:12:00.898  3694 13519 D NetworkPolicy: 1000 is 7
04-15 12:12:01.016  3694 13519 D NetworkPolicy: 10034 is allowed on unmetered network
04-15 12:12:01.025  3694  3793 E WifiVendorHal: getWifiLinkLayerStats_internal(l.903) failed {.code = ERROR_NOT_AVAILABLE, .description = }
