04-15 12:12:01.025  3694 13519 D NetworkPolicy: 10034 is allowed on unmetered network
04-15 12:12:01.028  3694  3793 D NetworkStats: TetherStats: iface=wlan0 type=3 entry=iface=null uid=-1 set=ALL tag=0x0 metered=ALL roaming=ALL defaultNetwork=ALL rxBytes=0 rxPackets=0 txBytes=0 txPackets=0 operations=0
04-15 12:12:01.031  3694  3793 D NetworkStats: TetherStats: iface=wlan0 type=1 entry=iface=null uid=-1 set=ALL tag=0x0 metered=ALL roaming=ALL defaultNetwork=ALL rxBytes=0 rxPackets=0 txBytes=0 txPackets=0 operations=0
04-15 12:12:01.906  3694  4453 D NetworkPolicy: 1000 is 7
04-15 12:12:02.018  3694  4453 D NetworkPolicy: 10034 is allowed on unmetered network
04-15 12:12:02.024  3694  4453 D NetworkPolicy: 10034 is allowed on unmetered network
04-15 12:12:02.915  3694  4453 D NetworkPolicy: 1000 is 7
04-15 12:12:03.018  3694  4453 D NetworkPolicy: 10034 is allowed on unmetered network
04-15 12:12:03.025  3694  4453 D NetworkPolicy: 10034 is allowed on unmetered network
04-15 12:12:03.367  3694 13519 W ActivityManager: Receiver with filter android.content.IntentFilter@2a2bc03 already registered for pid 8022, callerPackage is com.arris.chmframework
04-15 12:12:03.368  8022  8047 I chatty  : uid=1000(system) Thread-2 expire 16 lines
04-15 12:12:03.371  3443  8048 I         : ###ADS :Waiting for client connection.....
04-15 12:12:03.376  3443  8048 I         : ###ADS :Waiting for client connection.....
04-15 12:12:03.381  3443  8048 I         : ###ADS :Waiting for client connection.....
04-15 12:12:03.386  3443  8048 I         : ###ADS :Waiting for client connection.....
04-15 12:12:03.390  3443  8048 I         : ###ADS :Waiting for client connection.....
04-15 12:12:03.395  3443  8048 I         : ###ADS :Waiting for client connection.....
04-15 12:12:03.400  3443  8048 I         : ###ADS :Waiting for client connection.....
04-15 12:12:03.405  3443  8048 I         : ###ADS :Waiting for client connection.....
04-15 12:12:03.410  3443  8048 I         : ###ADS :Waiting for client connection.....
04-15 12:12:03.710  3612  3612 E wificond: NL80211_CMD_TRIGGER_SCAN failed: Try again
04-15 12:12:03.711  3694  3795 E WificondScannerImpl: Failed to start scan, freqs=null
04-15 12:12:03.771  3694 13519 D NetworkPolicy: 10038 is allowed on unmetered network
04-15 12:12:03.925  3694 13519 D NetworkPolicy: 1000 is 7
04-15 12:12:04.019  3694 13519 D NetworkPolicy: 10034 is allowed on unmetered network
04-15 12:12:04.026  3694  4453 D NetworkPolicy: 10034 is allowed on unmetered network
04-15 12:12:04.048  3694  3793 E WifiVendorHal: getWifiLinkLayerStats_internal(l.903) failed {.code = ERROR_NOT_AVAILABLE, .description = }
04-15 12:12:04.051  3694  3793 D NetworkStats: TetherStats: iface=wlan0 type=3 entry=iface=null uid=-1 set=ALL tag=0x0 metered=ALL roaming=ALL defaultNetwork=ALL rxBytes=0 rxPackets=0 txBytes=0 txPackets=0 operations=0
04-15 12:12:04.054  3694  3793 D NetworkStats: TetherStats: iface=wlan0 type=1 entry=iface=null uid=-1 set=ALL tag=0x0 metered=ALL roaming=ALL defaultNetwork=ALL rxBytes=0 rxPackets=0 txBytes=0 txPackets=0 operations=0
04-15 12:12:04.932  3694  4453 D NetworkPolicy: 1000 is 7
04-15 12:12:05.019  3694  4453 D NetworkPolicy: 10034 is allowed on unmetered network
04-15 12:12:05.026  3694 13519 D NetworkPolicy: 10034 is allowed on unmetered network
04-15 12:12:05.335  5330  5330 I chromium: [5330:5330:INFO:debug_endpoint_manager_grpc_client.cc(365)] gRPC client channel state changed to GRPC_CHANNEL_TRANSIENT_FAILURE
04-15 12:12:05.938  3694 13519 D NetworkPolicy: 1000 is 7
04-15 12:12:06.021  3694 13519 D NetworkPolicy: 10034 is allowed on unmetered network
04-15 12:12:06.028  3694 13519 D NetworkPolicy: 10034 is allowed on unmetered network
04-15 12:12:06.771  3694 13519 D NetworkPolicy: 10038 is allowed on unmetered network
04-15 12:12:06.804  3694 13519 D NetworkPolicy: 10034 is allowed on unmetered network
04-15 12:12:06.811  3694  4453 D NetworkPolicy: 10034 is allowed on unmetered network
04-15 12:12:06.946  3694  4453 D NetworkPolicy: 1000 is 7
04-15 12:12:07.022  3694  4453 D NetworkPolicy: 10034 is allowed on unmetered network
04-15 12:12:07.068  3694  3793 E WifiVendorHal: getWifiLinkLayerStats_internal(l.903) failed {.code = ERROR_NOT_AVAILABLE, .description = }
04-15 12:12:07.027  3694  4453 D NetworkPolicy: 10034 is allowed on unmetered network
04-15 12:12:07.070  3694  3793 D NetworkStats: TetherStats: iface=wlan0 type=3 entry=iface=null uid=-1 set=ALL tag=0x0 metered=ALL roaming=ALL defaultNetwork=ALL rxBytes=0 rxPackets=0 txBytes=0 txPackets=0 operations=0
04-15 12:12:07.073  3694  3793 D NetworkStats: TetherStats: iface=wlan0 type=1 entry=iface=null uid=-1 set=ALL tag=0x0 metered=ALL roaming=ALL defaultNetwork=ALL rxBytes=0 rxPackets=0 txBytes=0 txPackets=0 operations=0
04-15 12:12:07.177  5330  5330 I chromium: [5330:5330:INFO:metrics_stat_logger.cc(55)] Metrics stat for the past 60 secs : total=6
04-15 12:12:07.177  5330  5330 I chromium: [metrics_stat_logger] CastV2.Ipc.System.In.Internal=7
04-15 12:12:07.177  5330  5330 I chromium: [metrics_stat_logger] CastV2.Ipc.System.Out.Internal=2
04-15 12:12:07.177  5330  5330 I chromium: [metrics_stat_logger] Setup.eureka_info.Local=1
04-15 12:12:07.177  5330  5330 I chromium: [metrics_stat_logger] Setup.eureka_info.Local.200=1
04-15 12:12:07.177  5330  5330 I chromium: [metrics_stat_logger] Setup.get_app_device_id.Local=1
04-15 12:12:07.177  5330  5330 I chromium: [metrics_stat_logger] Setup.get_app_device_id.Local.200=1
04-15 12:12:07.883  3815  3816 I HdmiCec : onCecMessage TV->P1 <Vendor Command> (04:89:01)
04-15 12:12:07.885  3694  3694 D HDMI    : [R]:<Vendor Command> 04:89:01
04-15 12:12:07.887  3694  3812 D HDMI    : [S]:<Feature Abort> 40:00:89:01
04-15 12:12:07.887  3815  3815 I HdmiCec : sendMessage P1->TV <Feature Abort> <Vendor Command> NOT_IN_CORRECT_MODE
04-15 12:12:07.954  3694  4453 D NetworkPolicy: 1000 is 7
04-15 12:12:08.024  3694  4453 D NetworkPolicy: 10034 is allowed on unmetered network
04-15 12:12:08.030  3694  4453 D NetworkPolicy: 10034 is allowed on unmetered network
04-15 12:12:08.759  3612  3612 E wificond: NL80211_CMD_TRIGGER_SCAN failed: Try again
04-15 12:12:08.760  3694  3795 E WificondScannerImpl: Failed to start scan, freqs=null
04-15 12:12:08.960  3694  4453 D NetworkPolicy: 1000 is 7
04-15 12:12:09.024  3694  4453 D NetworkPolicy: 10034 is allowed on unmetered network
04-15 12:12:09.026  3694  4453 D NetworkPolicy: 10034 is allowed on unmetered network
04-15 12:12:09.771  3694  4453 D NetworkPolicy: 10038 is allowed on unmetered network
04-15 12:12:09.964  3694  4453 D NetworkPolicy: 1000 is 7
04-15 12:12:10.026  3694  4453 D NetworkPolicy: 10034 is allowed on unmetered network
04-15 12:12:10.090  3694  3793 E WifiVendorHal: getWifiLinkLayerStats_internal(l.903) failed {.code = ERROR_NOT_AVAILABLE, .description = }
04-15 12:12:10.032  3694  4453 D NetworkPolicy: 10034 is allowed on unmetered network
04-15 12:12:10.093  3694  3793 D NetworkStats: TetherStats: iface=wlan0 type=3 entry=iface=null uid=-1 set=ALL tag=0x0 metered=ALL roaming=ALL defaultNetwork=ALL rxBytes=0 rxPackets=0 txBytes=0 txPackets=0 operations=0
04-15 12:12:10.096  3694  3793 D NetworkStats: TetherStats: iface=wlan0 type=1 entry=iface=null uid=-1 set=ALL tag=0x0 metered=ALL roaming=ALL defaultNetwork=ALL rxBytes=0 rxPackets=0 txBytes=0 txPackets=0 operations=0
04-15 12:12:10.425  4807 14251 I ennor   : 
04-15 12:12:10.425  4807 14251 I ennor   : [CURL:5] curl "https://gp1.adn.edgecastcdn.net/09206BA/vz-bcn/seed" --compressed --insecure -H '<redacted>'
04-15 12:12:10.535  3389 14253 E ResolverController: No valid NAT64 prefix (100, <unspecified>/0)
04-15 12:12:10.538  3694  4806 D NetworkMonitor/100: isDataStall: result=false, consecutive dns timeout count=0
04-15 12:12:10.586  4807 14251 I ennor   : [CURL:5] curl_easy_perform() result = 0 (No error); response code = 200
04-15 12:12:10.971  3694 13519 D NetworkPolicy: 1000 is 7
04-15 12:12:11.027  3694 13519 D NetworkPolicy: 10034 is allowed on unmetered network
04-15 12:12:11.032  3694  4453 D NetworkPolicy: 10034 is allowed on unmetered network
04-15 12:12:11.979  3694  4453 D NetworkPolicy: 1000 is 7
04-15 12:12:12.027  3694  4453 D NetworkPolicy: 10034 is allowed on unmetered network
04-15 12:12:12.031  3694 13519 D NetworkPolicy: 10034 is allowed on unmetered network
04-15 12:12:12.057  5330  6628 I chromium: [5330:6628:INFO:wifi_proximity.cc(177)] Request scan.
04-15 12:12:12.773  3694 13519 D NetworkPolicy: 10038 is allowed on unmetered network
04-15 12:12:12.984  3694 13519 D NetworkPolicy: 1000 is 7
04-15 12:12:13.028  3694 13519 D NetworkPolicy: 10034 is allowed on unmetered network
04-15 12:12:13.034  3694  4453 D NetworkPolicy: 10034 is allowed on unmetered network
04-15 12:12:13.112  3694  3793 E WifiVendorHal: getWifiLinkLayerStats_internal(l.903) failed {.code = ERROR_NOT_AVAILABLE, .description = }
04-15 12:12:13.115  3694  3793 D NetworkStats: TetherStats: iface=wlan0 type=3 entry=iface=null uid=-1 set=ALL tag=0x0 metered=ALL roaming=ALL defaultNetwork=ALL rxBytes=0 rxPackets=0 txBytes=0 txPackets=0 operations=0
04-15 12:12:13.119  3694  3793 D NetworkStats: TetherStats: iface=wlan0 type=1 entry=iface=null uid=-1 set=ALL tag=0x0 metered=ALL roaming=ALL defaultNetwork=ALL rxBytes=0 rxPackets=0 txBytes=0 txPackets=0 operations=0
04-15 12:12:13.832  3612  3612 E wificond: NL80211_CMD_TRIGGER_SCAN failed: Try again
04-15 12:12:13.833  3694  3795 E WificondScannerImpl: Failed to start scan, freqs=null
04-15 12:12:13.992  3694  4453 D NetworkPolicy: 1000 is 7
04-15 12:12:14.029  3694  4453 D NetworkPolicy: 10034 is allowed on unmetered network
04-15 12:12:14.036  3694 13519 D NetworkPolicy: 10034 is allowed on unmetered network
04-15 12:12:14.999  3694 13519 D NetworkPolicy: 1000 is 7
04-15 12:12:15.030  3694 13519 D NetworkPolicy: 10034 is allowed on unmetered network
04-15 12:12:15.509  3815  3816 I HdmiCec : onCecMessage TV->** <Device Vendor ID> 00e091
04-15 12:12:15.036  3694 13519 D NetworkPolicy: 10034 is allowed on unmetered network
04-15 12:12:15.512  3694  3694 D HDMI    : [R]:<Device Vendor Id> 0F:87:00:E0:91
04-15 12:12:15.664  3815  3816 I HdmiCec : onCecMessage TV->P1 <Feature Abort>
04-15 12:12:15.666  3694  3694 D HDMI    : [R]:<Feature Abort> 04:00
04-15 12:12:15.666  3694  3694 W HDMI    : [2]:Unexpected parameters: <Feature Abort> 04:00
04-15 12:12:15.757  3815  3816 I HdmiCec : onCecMessage TV->P1 <Vendor Command> (04:89:01)
04-15 12:12:15.760  3694  3694 D HDMI    : [R]:<Vendor Command> 04:89:01
04-15 12:12:15.761  3694  3812 D HDMI    : [S]:<Feature Abort> 40:00:89:01
04-15 12:12:15.762  3815  3815 I HdmiCec : sendMessage P1->TV <Feature Abort> <Vendor Command> NOT_IN_CORRECT_MODE
04-15 12:12:15.773  3694  4453 D NetworkPolicy: 10038 is allowed on unmetered network
04-15 12:12:16.009  3694  4453 D NetworkPolicy: 1000 is 7
04-15 12:12:16.032  3694  4453 D NetworkPolicy: 10034 is allowed on unmetered network
04-15 12:12:16.037  3694 13519 D NetworkPolicy: 10034 is allowed on unmetered network
04-15 12:12:16.134  3694  3793 E WifiVendorHal: getWifiLinkLayerStats_internal(l.903) failed {.code = ERROR_NOT_AVAILABLE, .description = }
04-15 12:12:16.136  3694  3793 D NetworkStats: TetherStats: iface=wlan0 type=3 entry=iface=null uid=-1 set=ALL tag=0x0 metered=ALL roaming=ALL defaultNetwork=ALL rxBytes=0 rxPackets=0 txBytes=0 txPackets=0 operations=0
04-15 12:12:16.140  3694  3793 D NetworkStats: TetherStats: iface=wlan0 type=1 entry=iface=null uid=-1 set=ALL tag=0x0 metered=ALL roaming=ALL defaultNetwork=ALL rxBytes=0 rxPackets=0 txBytes=0 txPackets=0 operations=0
04-15 12:12:17.017  3694 13519 D NetworkPolicy: 1000 is 7
04-15 12:12:17.032  3694 13519 D NetworkPolicy: 10034 is allowed on unmetered network
04-15 12:12:17.039  3694 13519 D NetworkPolicy: 10034 is allowed on unmetered network
04-15 12:12:18.024  3694 13519 D NetworkPolicy: 1000 is 7
04-15 12:12:18.033  3694 13519 D NetworkPolicy: 10034 is allowed on unmetered network
04-15 12:12:18.039  3694 13519 D NetworkPolicy: 10034 is allowed on unmetered network
04-15 12:12:18.773  3694 13519 D NetworkPolicy: 10038 is allowed on unmetered network
04-15 12:12:19.032  3694 13519 D NetworkPolicy: 1000 is 7
04-15 12:12:19.035  3694  4453 D NetworkPolicy: 10034 is allowed on unmetered network
04-15 12:12:19.043  3694 13519 D NetworkPolicy: 10034 is allowed on unmetered network
04-15 12:12:19.157  3694  3793 D NetworkStats: TetherStats: iface=wlan0 type=3 entry=iface=null uid=-1 set=ALL tag=0x0 metered=ALL roaming=ALL defaultNetwork=ALL rxBytes=0 rxPackets=0 txBytes=0 txPackets=0 operations=0
04-15 12:12:19.160  3694  3793 D NetworkStats: TetherStats: iface=wlan0 type=1 entry=iface=null uid=-1 set=ALL tag=0x0 metered=ALL roaming=ALL defaultNetwork=ALL rxBytes=0 rxPackets=0 txBytes=0 txPackets=0 operations=0
04-15 12:12:20.035  3694 13519 D NetworkPolicy: 10034 is allowed on unmetered network
04-15 12:12:20.041  3694 13519 D NetworkPolicy: 10034 is allowed on unmetered network
04-15 12:12:20.042  3694  4453 D NetworkPolicy: 1000 is 7
04-15 12:12:21.036  3694  4453 D NetworkPolicy: 10034 is allowed on unmetered network
04-15 12:12:21.042  3694  4453 D NetworkPolicy: 10034 is allowed on unmetered network
04-15 12:12:21.049  3694  4453 D NetworkPolicy: 1000 is 7
04-15 12:12:21.774  3694 13519 D NetworkPolicy: 10038 is allowed on unmetered network
04-15 12:12:22.036  3694 13519 D NetworkPolicy: 10034 is allowed on unmetered network
04-15 12:12:22.044  3694 13519 D NetworkPolicy: 10034 is allowed on unmetered network
04-15 12:12:22.057  3694 13519 D NetworkPolicy: 1000 is 7
04-15 12:12:22.177  3694  3793 D NetworkStats: TetherStats: iface=wlan0 type=3 entry=iface=null uid=-1 set=ALL tag=0x0 metered=ALL roaming=ALL defaultNetwork=ALL rxBytes=0 rxPackets=0 txBytes=0 txPackets=0 operations=0
04-15 12:12:22.180  3694  3793 D NetworkStats: TetherStats: iface=wlan0 type=1 entry=iface=null uid=-1 set=ALL tag=0x0 metered=ALL roaming=ALL defaultNetwork=ALL rxBytes=0 rxPackets=0 txBytes=0 txPackets=0 operations=0
04-15 12:12:22.710  3694  3694 D JobScheduler.DeviceIdle: uid 10021 going inactive
04-15 12:12:22.710  3694  3694 D JobScheduler: pending queue: 0 jobs.
04-15 12:12:22.710  3694  3694 D JobScheduler: Pending queue: 
04-15 12:12:22.710  3694  3694 D JobScheduler: running jobs initial: (-1-1)(-1-1)(-1-1)(-1-1)(-1-1)(-1-1)(-1-1)(-1-1)(-1-1)(-1-1)(-1-1)(-1-1)(-1-1)(-1-1)(-1-1)(-1-1)
04-15 12:12:22.711  3694  3694 D JobScheduler: running jobs final: (-1-1)(-1-1)(-1-1)(-1-1)(-1-1)(-1-1)(-1-1)(-1-1)(-1-1)(-1-1)(-1-1)(-1-1)(-1-1)(-1-1)(-1-1)(-1-1)
04-15 12:12:22.712  3694  3694 D JobScheduler: assignJobsToContexts: Config={tot=8 bg min/max=2/6} Running[FG/BG (total)]: 0 / 0 (0) Pending: 0 / 0 (0) Actual max: 0 / 0 (0) Res BG: 0 Starting: 0 / 0 (0) Total: 0 / 0 (0)
04-15 12:12:22.712  3694  3694 D JobScheduler: pending queue: 0 jobs.
04-15 12:12:22.712  3694  3694 D JobScheduler: Pending queue: 
04-15 12:12:22.713  3694  3694 D JobScheduler: running jobs initial: (-1-1)(-1-1)(-1-1)(-1-1)(-1-1)(-1-1)(-1-1)(-1-1)(-1-1)(-1-1)(-1-1)(-1-1)(-1-1)(-1-1)(-1-1)(-1-1)
04-15 12:12:22.713  3694  3694 D JobScheduler: running jobs final: (-1-1)(-1-1)(-1-1)(-1-1)(-1-1)(-1-1)(-1-1)(-1-1)(-1-1)(-1-1)(-1-1)(-1-1)(-1-1)(-1-1)(-1-1)(-1-1)
04-15 12:12:22.714  3694  3694 D JobScheduler: assignJobsToContexts: Config={tot=8 bg min/max=2/6} Running[FG/BG (total)]: 0 / 0 (0) Pending: 0 / 0 (0) Actual max: 0 / 0 (0) Res BG: 0 Starting: 0 / 0 (0) Total: 0 / 0 (0)
04-15 12:12:22.714  3694  3694 D JobScheduler.DeviceIdle: uid 10016 going inactive
04-15 12:12:22.715  3694  3694 D JobScheduler: pending queue: 0 jobs.
04-15 12:12:22.715  3694  3694 D JobScheduler: Pending queue: 
04-15 12:12:22.716  3694  3694 D JobScheduler: running jobs initial: (-1-1)(-1-1)(-1-1)(-1-1)(-1-1)(-1-1)(-1-1)(-1-1)(-1-1)(-1-1)(-1-1)(-1-1)(-1-1)(-1-1)(-1-1)(-1-1)
04-15 12:12:22.716  3694  3694 D JobScheduler: running jobs final: (-1-1)(-1-1)(-1-1)(-1-1)(-1-1)(-1-1)(-1-1)(-1-1)(-1-1)(-1-1)(-1-1)(-1-1)(-1-1)(-1-1)(-1-1)(-1-1)
04-15 12:12:22.717  3694  3694 D JobScheduler: assignJobsToContexts: Config={tot=8 bg min/max=2/6} Running[FG/BG (total)]: 0 / 0 (0) Pending: 0 / 0 (0) Actual max: 0 / 0 (0) Res BG: 0 Starting: 0 / 0 (0) Total: 0 / 0 (0)
04-15 12:12:22.718  3694  3712 D JobScheduler.Background: Job status updated: 1/1 checked/total jobs, 53 us
04-15 12:12:22.718  3694  3712 D JobScheduler.Background: Job status updated: 1/1 checked/total jobs, 27 us
04-15 12:12:22.720  3694  3712 D JobScheduler.Background: Job status updated: 0/0 checked/total jobs, 12 us
04-15 12:12:22.720  3694  3694 D JobScheduler: pending queue: 0 jobs.
04-15 12:12:22.720  3694  3694 D JobScheduler: Pending queue: 
04-15 12:12:22.721  3694  3694 D JobScheduler: running jobs initial: (-1-1)(-1-1)(-1-1)(-1-1)(-1-1)(-1-1)(-1-1)(-1-1)(-1-1)(-1-1)(-1-1)(-1-1)(-1-1)(-1-1)(-1-1)(-1-1)
04-15 12:12:22.721  3694  3694 D JobScheduler: running jobs final: (-1-1)(-1-1)(-1-1)(-1-1)(-1-1)(-1-1)(-1-1)(-1-1)(-1-1)(-1-1)(-1-1)(-1-1)(-1-1)(-1-1)(-1-1)(-1-1)
04-15 12:12:22.722  3694  3694 D JobScheduler: assignJobsToContexts: Config={tot=8 bg min/max=2/6} Running[FG/BG (total)]: 0 / 0 (0) Pending: 0 / 0 (0) Actual max: 0 / 0 (0) Res BG: 0 Starting: 0 / 0 (0) Total: 0 / 0 (0)
04-15 12:12:22.722  3694  3694 D JobScheduler.DeviceIdle: uid 10011 going inactive
04-15 12:12:22.722  3694  3694 D JobScheduler: pending queue: 0 jobs.
04-15 12:12:22.722  3694  3694 D JobScheduler: Pending queue: 
04-15 12:12:22.722  3694  3694 D JobScheduler: running jobs initial: (-1-1)(-1-1)(-1-1)(-1-1)(-1-1)(-1-1)(-1-1)(-1-1)(-1-1)(-1-1)(-1-1)(-1-1)(-1-1)(-1-1)(-1-1)(-1-1)
04-15 12:12:22.722  3694  3694 D JobScheduler: running jobs final: (-1-1)(-1-1)(-1-1)(-1-1)(-1-1)(-1-1)(-1-1)(-1-1)(-1-1)(-1-1)(-1-1)(-1-1)(-1-1)(-1-1)(-1-1)(-1-1)
04-15 12:12:22.723  3694  3694 D JobScheduler: assignJobsToContexts: Config={tot=8 bg min/max=2/6} Running[FG/BG (total)]: 0 / 0 (0) Pending: 0 / 0 (0) Actual max: 0 / 0 (0) Res BG: 0 Starting: 0 / 0 (0) Total: 0 / 0 (0)
04-15 12:12:22.723  3694  3694 D JobScheduler: pending queue: 0 jobs.
04-15 12:12:22.723  3694  3694 D JobScheduler: Pending queue: 
04-15 12:12:22.724  3694  3694 D JobScheduler: running jobs initial: (-1-1)(-1-1)(-1-1)(-1-1)(-1-1)(-1-1)(-1-1)(-1-1)(-1-1)(-1-1)(-1-1)(-1-1)(-1-1)(-1-1)(-1-1)(-1-1)
04-15 12:12:22.724  3694  3694 D JobScheduler: running jobs final: (-1-1)(-1-1)(-1-1)(-1-1)(-1-1)(-1-1)(-1-1)(-1-1)(-1-1)(-1-1)(-1-1)(-1-1)(-1-1)(-1-1)(-1-1)(-1-1)
04-15 12:12:22.725  3694  3694 D JobScheduler: assignJobsToContexts: Config={tot=8 bg min/max=2/6} Running[FG/BG (total)]: 0 / 0 (0) Pending: 0 / 0 (0) Actual max: 0 / 0 (0) Res BG: 0 Starting: 0 / 0 (0) Total: 0 / 0 (0)
04-15 12:12:22.725  3694  3694 D JobScheduler: MSG_CHECK_JOB
04-15 12:12:22.725  3694  3694 D JobScheduler: Maybe queuing ready jobs...
04-15 12:12:22.727  3694  3694 I JobScheduler.Connectivity: evaluateStateLocked finds job JobStatus{66c49e6 #u0a69/1014 com.bydeluxe.d3.android.program.starz/com.starz.amznfiretv.integration.ChannelJobService u=0 s=10069 TIME=-1h52m31s680ms:+4h7m28s320ms NET PERIODIC} would not be ready.
04-15 12:12:22.728  3694  3694 I JobScheduler.Connectivity: evaluateStateLocked finds job JobStatus{d552462 #u0a68/8465 com.espn.score_center/com.espn.androidtv.recommendation.PeriodicRecommendationCheckService u=0 s=10068 TIME=-1h52m27s894ms:-1h37m27s894ms NET PERIODIC} would not be ready.
04-15 12:12:22.729  3694  3694 I JobScheduler.Connectivity: evaluateStateLocked finds job JobStatus{42289f3 #u0a68/6548 com.espn.score_center/com.espn.androidtv.recommendation.RecommendationService u=0 s=10068 TIME=-1h52m22s876ms:none NET} would not be ready.
04-15 12:12:22.730  3694  3694 I JobScheduler.Connectivity: evaluateStateLocked finds job JobStatus{38f81d2 #u0a66/10 com.tubitv/androidx.work.impl.background.systemjob.SystemJobService u=0 s=10066 TIME=-1h51m37s567ms:none NET} would not be ready.
04-15 12:12:22.731  3694  3694 I JobScheduler.Connectivity: evaluateStateLocked finds job JobStatus{25b2959 #u0a66/11 com.tubitv/androidx.work.impl.background.systemjob.SystemJobService u=0 s=10066 TIME=+3h58m17s689ms:none NET} would not be ready.
04-15 12:12:22.732  3694  3694 I JobScheduler.Connectivity: evaluateStateLocked finds job JobStatus{f6bd5c #u0a65/0 com.hbo.hbonow/com.hbo.max.UpdateLauncherChannelsJobService u=0 s=10065 NET} would not be ready.
04-15 12:12:22.732  3694  3694 I JobScheduler.Connectivity: evaluateStateLocked finds job JobStatus{f373385 #u0a64/1 com.google.android.youtube.tvunplugged/androidx.work.impl.background.systemjob.SystemJobService u=0 s=10064 TIME=+1d18h8m9s424ms:none NET} would not be ready.
04-15 12:12:22.734  3694  3694 I JobScheduler.Connectivity: evaluateStateLocked finds job JobStatus{ec923c9 #u0a64/0 com.google.android.youtube.tvunplugged/androidx.work.impl.background.systemjob.SystemJobService u=0 s=10064 TIME=+22h8m9s14ms:none NET CHARGING} would not be ready.
04-15 12:12:22.734  3694  3694 I JobScheduler.Connectivity: evaluateStateLocked finds job JobStatus{a8ece05 #u0a62/0 tv.pluto.android/androidx.work.impl.background.systemjob.SystemJobService u=0 s=10062 NET} would not be ready.
04-15 12:12:22.735  3694  3694 I JobScheduler.Connectivity: evaluateStateLocked finds job JobStatus{60c102 #u0a62/1 tv.pluto.android/androidx.work.impl.background.systemjob.SystemJobService u=0 s=10062 TIME=+3m22s521ms:none NET} would not be ready.
04-15 12:12:22.736  3694  3694 I JobScheduler.Connectivity: evaluateStateLocked finds job JobStatus{19abd54 #u0a61/2 com.amazon.amazonvideo.livingroom/com.amazon.primevideo.service.UpdateRecommendationsJobService u=0 s=10061 TIME=+1h7m14s539ms:+4h7m14s539ms NET PERIODIC PERSISTED} would not be ready.
04-15 12:12:22.737  3694  3694 I JobScheduler.Connectivity: evaluateStateLocked finds job JobStatus{ef0d8d3 #u0a53/3 com.google.android.videos/androidx.work.impl.background.systemjob.SystemJobService u=0 s=10053 TIME=+6h7m54s840ms:none NET CHARGING} would not be ready.
04-15 12:12:22.738  3694  3694 I JobScheduler.Connectivity: evaluateStateLocked finds job JobStatus{e87e3e6 #u0a53/1003 com.google.android.videos/com.google.android.apps.play.movies.tv.service.channel.SyncChannelJobService u=0 s=10053 TIME=+22h8m30s520ms:+1d22h8m30s520ms NET PERIODIC PERSISTED} would not be ready.
04-15 12:12:22.739  3694  3694 I JobScheduler.Connectivity: evaluateStateLocked finds job JobStatus{85cf204 #u0a53/2003 com.google.android.videos/com.google.android.apps.play.movies.tv.service.channel.SyncWatchNextChannelJobService u=0 s=10053 TIME=+22h8m30s664ms:+1d22h8m30s664ms NET PERIODIC PERSISTED} would not be ready.
04-15 12:12:22.739  3694  3694 I JobScheduler.Connectivity: evaluateStateLocked finds job JobStatus{299f309 #u0a53/7 com.google.android.videos/androidx.work.impl.background.systemjob.SystemJobService u=0 s=10053 TIME=+22h18m39s284ms:none NET} would not be ready.
04-15 12:12:22.741  3694  3694 I JobScheduler.Connectivity: evaluateStateLocked finds job JobStatus{8422cc9 #u0a46/1 com.google.android.youtube.tv/androidx.work.impl.background.systemjob.SystemJobService u=0 s=10046 TIME=+1d18h8m1s388ms:none NET} would not be ready.
04-15 12:12:22.741  3694  3694 I JobScheduler.Connectivity: evaluateStateLocked finds job JobStatus{7b450cd #u0a46/0 com.google.android.youtube.tv/androidx.work.impl.background.systemjob.SystemJobService u=0 s=10046 TIME=+22h8m1s238ms:none NET CHARGING} would not be ready.
04-15 12:12:22.743  3694  3694 I JobScheduler.Connectivity: evaluateStateLocked finds job JobStatus{df130ee #u0a43/9282 com.android.vending/com.google.android.finsky.scheduler.process.mainimpl.PhoneskyJobServiceMain u=0 s=10043 TIME=none:+22h7m52s176ms NET IDLE} would not be ready.
04-15 12:12:22.744  3694  3694 I JobScheduler.Connectivity: evaluateStateLocked finds job JobStatus{8b056aa #u0a43/151530822 com.android.vending/com.google.android.finsky.instantapps.InstantAppHygieneService u=0 s=10043 TIME=-1h42m43s51ms:+22h17m16s949ms NET IDLE PERIODIC PERSISTED} would not be ready.
04-15 12:12:22.746  3694  3694 I JobScheduler.Connectivity: evaluateStateLocked finds job JobStatus{4cdc26f #u0a43/9343 com.android.vending/com.google.android.finsky.scheduler.process.mainimpl.PhoneskyJobServiceMain u=0 s=10043 TIME=none:+22h8m40s4ms NET IDLE} would not be ready.
04-15 12:12:22.747  3694  3694 I JobScheduler.Connectivity: evaluateStateLocked finds job JobStatus{210c277 #u0a43/9364 com.android.vending/com.google.android.finsky.scheduler.process.mainimpl.PhoneskyJobServiceMain u=0 s=10043 TIME=+2h55m48s703ms:+14h55m48s703ms NET} would not be ready.
04-15 12:12:22.748  3694  3694 I JobScheduler.Connectivity: evaluateStateLocked finds job JobStatus{f8d0edf #u0a38/12 com.google.android.katniss/com.google.android.apps.tvsearch.providers.launcher.WidgetInfoUpdateJobService u=0 s=10038 TIME=+8h59m32s710ms:none NET} would not be ready.
04-15 12:12:22.748  3694  3694 I JobScheduler.Connectivity: evaluateStateLocked finds job JobStatus{f2b3c44 #u0a38/-182 com.google.android.katniss/com.google.android.apps.gsa.tasks.BackgroundTasksJobService u=0 s=10038 TIME=+22h17m38s944ms:+1d22h17m38s944ms NET CHARGING PERIODIC PERSISTED} would not be ready.
04-15 12:12:22.749  3694  3694 I JobScheduler.Connectivity: evaluateStateLocked finds job JobStatus{f20225b #u0a38/-110 com.google.android.katniss/com.google.android.apps.gsa.tasks.BackgroundTasksJobService u=0 s=10038 TIME=-1h52m45s474ms:-1h42m21s72ms NET IDLE PERIODIC PERSISTED} would not be ready.
04-15 12:12:22.751  3694  3694 I JobScheduler.Connectivity: evaluateStateLocked finds job JobStatus{e9b42d6 #u0a38/-444 com.google.android.katniss/com.google.android.apps.gsa.tasks.BackgroundTasksJobService u=0 s=10038 TIME=+22h17m38s806ms:+1d22h17m38s806ms NET PERIODIC PERSISTED} would not be ready.
04-15 12:12:22.752  3694  3694 I JobScheduler.Connectivity: evaluateStateLocked finds job JobStatus{e7c8202 #u0a38/-370 com.google.android.katniss/com.google.android.apps.gsa.tasks.BackgroundTasksJobService u=0 s=10038 TIME=+2h7m14s523ms:+6h7m14s523ms NET CHARGING PERIODIC PERSISTED} would not be ready.
04-15 12:12:22.752  3694  3694 I JobScheduler.Connectivity: evaluateStateLocked finds job JobStatus{dfcd957 #u0a38/-358 com.google.android.katniss/com.google.android.apps.gsa.tasks.BackgroundTasksJobService u=0 s=10038 TIME=+22h17m38s687ms:+1d22h17m38s687ms NET CHARGING PERIODIC PERSISTED} would not be ready.
04-15 12:12:22.753  3694  3694 I JobScheduler.Connectivity: evaluateStateLocked finds job JobStatus{9e7bbc0 #u0a38/-446 com.google.android.katniss/com.google.android.apps.gsa.tasks.BackgroundTasksJobService u=0 s=10038 TIME=+10h17m38s863ms:+22h17m38s863ms NET PERIODIC PERSISTED} would not be ready.
04-15 12:12:22.754  3694  3694 I JobScheduler.Connectivity: evaluateStateLocked finds job JobStatus{90df618 #u0a38/-294 com.google.android.katniss/com.google.android.apps.gsa.tasks.BackgroundTasksJobService u=0 s=10038 TIME=+4h7m14s521ms:+10h7m14s521ms NET CHARGING PERIODIC PERSISTED} would not be ready.
04-15 12:12:22.755  3694  3694 I JobScheduler.Connectivity: evaluateStateLocked finds job JobStatus{8805adf #u0a38/-292 com.google.android.katniss/com.google.android.apps.gsa.tasks.BackgroundTasksJobService u=0 s=10038 TIME=+4h7m14s520ms:+10h7m14s520ms NET CHARGING PERIODIC PERSISTED} would not be ready.
04-15 12:12:22.755  3694  3694 I JobScheduler.Connectivity: evaluateStateLocked finds job JobStatus{7bcfb03 #u0a38/-128 com.google.android.katniss/com.google.android.apps.gsa.tasks.BackgroundTasksJobService u=0 s=10038 TIME=+7h37m14s520ms:+17h7m14s520ms NET PERIODIC PERSISTED} would not be ready.
04-15 12:12:22.756  3694  3694 I JobScheduler.Connectivity: evaluateStateLocked finds job JobStatus{6b976f1 #u0a38/-486 com.google.android.katniss/com.google.android.apps.gsa.tasks.BackgroundTasksJobService u=0 s=10038 TIME=+22h17m38s772ms:+1d22h17m38s772ms NET PERIODIC PERSISTED} would not be ready.
04-15 12:12:22.757  3694  3694 I JobScheduler.Connectivity: evaluateStateLocked finds job JobStatus{6375ea4 #u0a38/-48 com.google.android.katniss/com.google.android.apps.gsa.tasks.BackgroundTasksJobService u=0 s=10038 TIME=-1h42m21s323ms:+22h17m38s677ms NET CHARGING IDLE PERIODIC PERSISTED} would not be ready.
04-15 12:12:22.759  3694  3694 I JobScheduler.Connectivity: evaluateStateLocked finds job JobStatus{5ac9305 #u0a38/-484 com.google.android.katniss/com.google.android.apps.gsa.tasks.BackgroundTasksJobService u=0 s=10038 TIME=+7m14s516ms:+2h7m14s516ms NET CHARGING PERIODIC PERSISTED} would not be ready.
04-15 12:12:22.760  3694  3694 I JobScheduler.Connectivity: evaluateStateLocked finds job JobStatus{4cefd29 #u0a38/-380 com.google.android.katniss/com.google.android.apps.gsa.tasks.BackgroundTasksJobService u=0 s=10038 TIME=-1h42m21s88ms:+22h17m38s912ms NET IDLE PERIODIC PERSISTED} would not be ready.
04-15 12:12:22.761  3694  3694 I JobScheduler.Connectivity: evaluateStateLocked finds job JobStatus{25d912d #u0a38/-288 com.google.android.katniss/com.google.android.apps.gsa.tasks.BackgroundTasksJobService u=0 s=10038 TIME=+22h17m38s901ms:+1d22h17m38s901ms NET CHARGING PERIODIC PERSISTED} would not be ready.
04-15 12:12:22.762  3694  3694 I JobScheduler.Connectivity: evaluateStateLocked finds job JobStatus{16002e8 #u0a38/-290 com.google.android.katniss/com.google.android.apps.gsa.tasks.BackgroundTasksJobService u=0 s=10038 TIME=+4h7m14s513ms:+10h7m14s513ms NET CHARGING PERIODIC PERSISTED} would not be ready.
04-15 12:12:22.763  3694  3694 I JobScheduler.Connectivity: evaluateStateLocked finds job JobStatus{145d275 #u0a38/-268 com.google.android.katniss/com.google.android.apps.gsa.tasks.BackgroundTasksJobService u=0 s=10038 TIME=-1h42m21s224ms:+22h17m38s776ms NET CHARGING IDLE PERIODIC PERSISTED} would not be ready.
04-15 12:12:22.764  3694  3694 I JobScheduler.Connectivity: evaluateStateLocked finds job JobStatus{1383f06 #u0a38/20 com.google.android.katniss/com.google.android.apps.tvsearch.setup.partnerliveexperiment.UpdateFeatureIdsJobService u=0 s=10038 TIME=+7m14s511ms:+1h7m14s511ms NET PERIODIC PERSISTED} would not be ready.
04-15 12:12:22.765  3694  3694 I JobScheduler.Connectivity: evaluateStateLocked finds job JobStatus{b48937 #u0a38/17 com.google.android.katniss/com.google.android.apps.tvsearch.setup.fix.FixAssistantSettingsJobService u=0 s=10038 TIME=+8h45m17s693ms:none NET PERSISTED} would not be ready.
04-15 12:12:22.766  3694  3694 I JobScheduler.Connectivity: evaluateStateLocked finds job JobStatus{ae779dd #u0a35/30000 com.google.android.tvrecommendations/.promos.config.PromoSyncJobService u=0 s=10035 TIME=+4h7m14s509ms:+10h7m14s509ms NET PERIODIC PERSISTED} would not be ready.
04-15 12:12:22.767  3694  3694 I JobScheduler.Connectivity: evaluateStateLocked finds job JobStatus{86c7f03 #u0a35/0 com.google.android.tvrecommendations/.analytics.EventLoggerJobService u=0 s=10035 TIME=+12h7m12s668ms:none NET} would not be ready.
04-15 12:12:22.768  3694  3694 I JobScheduler.Connectivity: evaluateStateLocked finds job JobStatus{5cc55cc #u0a35/1 com.google.android.tvrecommendations/.analytics.EventLoggerJobService u=0 s=10035 TIME=+1h12m12s672ms:+4h17m12s672ms NET PERIODIC} would not be ready.
04-15 12:12:22.769  3694  3694 I JobScheduler.Connectivity: evaluateStateLocked finds job JobStatus{3415a90 #u0a16/13 com.verizon.qlv.services/androidx.work.impl.background.systemjob.SystemJobService u=0 s=10016 TIME=+25m12s23ms:none NET} would not be ready.
04-15 12:12:22.770  3694  3694 I JobScheduler.Connectivity: evaluateStateLocked finds job JobStatus{521ecac #1000/52417896 android/com.android.server.backup.KeyValueBackupJob u=0 s=1000 TIME=+2h15m20s471ms:+22h7m8s654ms NET CHARGING} would not be ready.
04-15 12:12:22.771  3694  3694 D JobScheduler: maybeQueueReadyJobsForExecutionLocked: Not running anything.
04-15 12:12:22.771  3694  3694 D JobScheduler: pending queue: 0 jobs.
04-15 12:12:22.771  3694  3694 D JobScheduler: Pending queue: 
04-15 12:12:22.771  3694  3694 D JobScheduler: running jobs initial: (-1-1)(-1-1)(-1-1)(-1-1)(-1-1)(-1-1)(-1-1)(-1-1)(-1-1)(-1-1)(-1-1)(-1-1)(-1-1)(-1-1)(-1-1)(-1-1)
04-15 12:12:22.772  3694  3694 D JobScheduler: running jobs final: (-1-1)(-1-1)(-1-1)(-1-1)(-1-1)(-1-1)(-1-1)(-1-1)(-1-1)(-1-1)(-1-1)(-1-1)(-1-1)(-1-1)(-1-1)(-1-1)
04-15 12:12:22.773  3694  3694 D JobScheduler: assignJobsToContexts: Config={tot=8 bg min/max=2/6} Running[FG/BG (total)]: 0 / 0 (0) Pending: 0 / 0 (0) Actual max: 0 / 0 (0) Res BG: 0 Starting: 0 / 0 (0) Total: 0 / 0 (0)
04-15 12:12:22.902  3694  3694 D JobScheduler.DeviceIdle: uid 10048 going inactive
04-15 12:12:22.902  3694  3694 D JobScheduler: pending queue: 0 jobs.
04-15 12:12:22.903  3694  3694 D JobScheduler: Pending queue: 
04-15 12:12:22.903  3694  3694 D JobScheduler: running jobs initial: (-1-1)(-1-1)(-1-1)(-1-1)(-1-1)(-1-1)(-1-1)(-1-1)(-1-1)(-1-1)(-1-1)(-1-1)(-1-1)(-1-1)(-1-1)(-1-1)
04-15 12:12:22.903  3694  3694 D JobScheduler: running jobs final: (-1-1)(-1-1)(-1-1)(-1-1)(-1-1)(-1-1)(-1-1)(-1-1)(-1-1)(-1-1)(-1-1)(-1-1)(-1-1)(-1-1)(-1-1)(-1-1)
04-15 12:12:22.903  3694  3694 D JobScheduler: assignJobsToContexts: Config={tot=8 bg min/max=2/6} Running[FG/BG (total)]: 0 / 0 (0) Pending: 0 / 0 (0) Actual max: 0 / 0 (0) Res BG: 0 Starting: 0 / 0 (0) Total: 0 / 0 (0)
04-15 12:12:22.903  3694  3712 D JobScheduler.Background: Job status updated: 0/0 checked/total jobs, 8 us
04-15 12:12:22.904  3694  3694 D JobScheduler: pending queue: 0 jobs.
04-15 12:12:22.904  3694  3694 D JobScheduler: Pending queue: 
04-15 12:12:22.904  3694  3694 D JobScheduler: running jobs initial: (-1-1)(-1-1)(-1-1)(-1-1)(-1-1)(-1-1)(-1-1)(-1-1)(-1-1)(-1-1)(-1-1)(-1-1)(-1-1)(-1-1)(-1-1)(-1-1)
04-15 12:12:22.904  3694  3694 D JobScheduler: running jobs final: (-1-1)(-1-1)(-1-1)(-1-1)(-1-1)(-1-1)(-1-1)(-1-1)(-1-1)(-1-1)(-1-1)(-1-1)(-1-1)(-1-1)(-1-1)(-1-1)
04-15 12:12:22.904  3694  3694 D JobScheduler: assignJobsToContexts: Config={tot=8 bg min/max=2/6} Running[FG/BG (total)]: 0 / 0 (0) Pending: 0 / 0 (0) Actual max: 0 / 0 (0) Res BG: 0 Starting: 0 / 0 (0) Total: 0 / 0 (0)
04-15 12:12:19.154  3694  3793 I chatty  : uid=1000(system) ClientModeImpl identical 1 line
04-15 12:12:22.174  3694  3793 E WifiVendorHal: getWifiLinkLayerStats_internal(l.903) failed {.code = ERROR_NOT_AVAILABLE, .description = }
04-15 12:12:22.961  3815  3816 I HdmiCec : onCecMessage TV->P1 <Vendor Command> (04:89:01)
04-15 12:12:22.963  3694  3694 D HDMI    : [R]:<Vendor Command> 04:89:01
04-15 12:12:22.964  3694  3812 D HDMI    : [S]:<Feature Abort> 40:00:89:01
04-15 12:12:22.965  3815  3815 I HdmiCec : sendMessage P1->TV <Feature Abort> <Vendor Command> NOT_IN_CORRECT_MODE
04-15 12:12:23.037  3694  4453 D NetworkPolicy: 10034 is allowed on unmetered network
04-15 12:12:23.045  3694  4453 D NetworkPolicy: 10034 is allowed on unmetered network
04-15 12:12:23.063  3694  4453 D NetworkPolicy: 1000 is 7
04-15 12:12:23.459  4643 14175 W on.qlv.launche: No such thread id for suspend: 27
04-15 12:12:24.038  3694 13519 D NetworkPolicy: 10034 is allowed on unmetered network
04-15 12:12:24.044  3694 13519 D NetworkPolicy: 10034 is allowed on unmetered network
04-15 12:12:24.069  3694 13519 D NetworkPolicy: 1000 is 7
04-15 12:12:24.289  3443  3443 D         : wld: READ /sys/class/net/wlan0/statistics/rx_packets = 119831
04-15 12:12:24.299  3443  3443 D         : wld: READ /sys/class/net/wlan0/statistics/rx_errors = 0
04-15 12:12:24.577  5330 12976 I chromium: [5330:12976:INFO:ssdp_device.c(101)] SSDP packets sent for 46 seconds = 1
04-15 12:12:24.774  3694  4453 D NetworkPolicy: 10038 is allowed on unmetered network
04-15 12:12:25.039  3694  4453 D NetworkPolicy: 10034 is allowed on unmetered network
04-15 12:12:25.044  3694  4453 D NetworkPolicy: 10034 is allowed on unmetered network
04-15 12:12:25.076  3694  4453 D NetworkPolicy: 1000 is 7
04-15 12:12:25.194  3694  3793 E WifiVendorHal: getWifiLinkLayerStats_internal(l.903) failed {.code = ERROR_NOT_AVAILABLE, .description = }
04-15 12:12:25.196  3694  3793 D NetworkStats: TetherStats: iface=wlan0 type=3 entry=iface=null uid=-1 set=ALL tag=0x0 metered=ALL roaming=ALL defaultNetwork=ALL rxBytes=0 rxPackets=0 txBytes=0 txPackets=0 operations=0
04-15 12:12:25.203  3694  3793 D NetworkStats: TetherStats: iface=wlan0 type=1 entry=iface=null uid=-1 set=ALL tag=0x0 metered=ALL roaming=ALL defaultNetwork=ALL rxBytes=0 rxPackets=0 txBytes=0 txPackets=0 operations=0
04-15 12:12:26.039  3694 13519 D NetworkPolicy: 10034 is allowed on unmetered network
04-15 12:12:26.045  3694 13519 D NetworkPolicy: 10034 is allowed on unmetered network
04-15 12:12:26.086  3694 13519 D NetworkPolicy: 1000 is 7
04-15 12:12:26.763  8022  8437 I chatty  : uid=1000(system) pool-2-thread-1 expire 137 lines
04-15 12:12:26.771  3443  3443 D         : wld: cmd: /vendor/bin/wl status
04-15 12:12:26.848  3443  3443 D         : wld: status: scannum = 11 SSID = "Fios-NmGr6" Mode = Managed RSSI = -28 SNR = 26 Noise=-86
04-15 12:12:26.848  3443  3443 D         : wld: status: scannum = 11 Band = 5GHz chNo = 155 chWidth = 80MHz chCode = 0xe29b
04-15 12:12:26.848  3443  3443 D         : wld: status: scannum = 11 primaryChannel = 157
04-15 12:12:26.856  3443  3443 D         : wld: cmd: /vendor/bin/wl sta_info B8:F8:53:42:F9:7A
04-15 12:12:26.917  3443  3443 D         : wld: sta_info: scannum = 3 txucastpkts = 77826, rxucastpkts = 103859, rxrate = 1200950 
04-15 12:12:26.921  3443  3443 D         : wld: cmd: /vendor/bin/wl chanim_stats
04-15 12:12:26.958  3443  3443 D         : wld: chanim_stats: scannum = 0 idle = 0
04-15 12:12:26.961  3443  3443 D         : wld: cmd: /vendor/bin/wl counters
04-15 12:12:26.999  3443  3443 D         : wld: counters: scannum = 35 txretrans = 12299
04-15 12:12:26.999  3443  3443 D         : wld: counters: scannum = 35 rxframe = 120027 rxerror = 185
04-15 12:12:26.999  3443  3443 D         : wld: counters: txmcast = 0 rxmcast = 608158
04-15 12:12:26.999  3443  3443 D         : wld: counters: txucast = 82858 rxucast = 318714
04-15 12:12:26.999  3443  3443 D         : wld: counters: txbcast = 0 rxbadproto = 0
04-15 12:12:27.004  3443  3443 D         : wld: cmd: /vendor/bin/wl channels
04-15 12:12:27.039  3443  3443 D         : wld: channels: 1 2 3 4 5 6 7 8 9 10 11 36 40 44 48 52 56 60 64 100 104 108 112 116 120 124 128 132 136 140 144 149 153 157 161 165 
04-15 12:12:27.040  3443  3443 D         : wld: cmd: /vendor/bin/wl chanspec
04-15 12:12:27.040  3694  4453 D NetworkPolicy: 10034 is allowed on unmetered network
04-15 12:12:27.072  3443  3443 D         : wld: chanspec: 1 2 3 4 5 6 7 8 9 10 11 36 40 44 48 52 56 60 64 100 104 108 112 116 120 124 128 132 136 140 144 149 153 157 161 165 
04-15 12:12:27.075  3443  3443 D         : wld: cmd: /vendor/bin/wl qtxpower
04-15 12:12:27.043  3694  4453 D NetworkPolicy: 10034 is allowed on unmetered network
04-15 12:12:27.092  3694  4453 D NetworkPolicy: 1000 is 7
04-15 12:12:27.095  3443  3443 D         : wld: qtxpower: scannum = 2 qtxpower = 127
04-15 12:12:27.098  3443  3443 D         : wld: cmd: /vendor/bin/wl rate
04-15 12:12:27.118  3443  3443 D         : wld: rate = 1200.5 Mbps
04-15 12:12:27.467  3431  3431 D HAL_STAT: Hal_Stat_GetAudioDecoderStats
04-15 12:12:27.467  3431  3431 I HAL_STAT: Audio decoder [0] not started
04-15 12:12:27.467  3431  3431 I HAL_STAT: Audio decoder [1] not started
04-15 12:12:27.467  3431  3431 I HAL_STAT: Audio decoder [2] not started
04-15 12:12:27.468  3431  3431 D HAL_STAT: Hal_Stat_GetVideoDecoderStats...
04-15 12:12:27.472  3431  3431 D HAL_STAT: Hal_Stat_GetEdidInfo...
04-15 12:12:27.471  3431  3431 W hal_stat@1.0-se: type=1400 audit(0.0:341): avc: denied { ioctl } for path="/dev/nxmw" dev="tmpfs" ino=364 ioctlcmd=0x805 scontext=u:r:hal_arris_hal_stat:s0 tcontext=u:object_r:nexus_device:s0 tclass=chr_file permissive=0
04-15 12:12:27.473  3431  3431 E NEXUS   : !!!Error BERR_OS_ERROR(0x6) at /export/jenkins/workspace/F354_AndroidTv_10_StreamTV-Child01/subjob/verizon/out-bcm/target/product/inuvik/obj/FAKE/refsw/obj.972164/nexus/core/syncthunk/nexus_cec_abiverify_client.h:44
04-15 12:12:27.473  3431  3431 D HAL_STAT: outer hal get: followPreferredFormat: 1 format: 32
04-15 12:12:27.473  3431  3431 D HAL_STAT: Hal_Stat_GetHdmiSettings...HDMI Connected with resolutionMode = 1
04-15 12:12:27.474  3431  3431 D arris_hidl_hal_stat: in hal: get resolutionMode: 1 resolutionValue: 1080p
04-15 12:12:27.482  3694 13519 D NetworkPolicy: 1000 is 7
04-15 12:12:27.491  3443  3443 D         : wld: READ /sys/class/net/wlan0/address = 78:6a:1f:78:a0:c8
04-15 12:12:27.539  3443  3443 D         : wld: READ /sys/class/net/wlan0/address = 78:6a:1f:78:a0:c8
04-15 12:12:27.542  3443  3443 D         : wld: READ /sys/class/net/wlan0/statistics/rx_bytes = 59914281
04-15 12:12:27.545  3443  3443 D         : wld: READ /sys/class/net/wlan0/statistics/rx_packets = 119866
04-15 12:12:27.547  3443  3443 D         : wld: READ /sys/class/net/wlan0/statistics/rx_errors = 0
04-15 12:12:27.551  3443  3443 D         : wld: READ /sys/class/net/wlan0/statistics/tx_bytes = 24972120
04-15 12:12:27.554  3443  3443 D         : wld: READ /sys/class/net/wlan0/statistics/tx_packets = 90177
04-15 12:12:27.556  3443  3443 D         : wld: READ /sys/class/net/wlan0/statistics/tx_errors = 0
04-15 12:12:27.559  3443  3443 D         : wld: READ /sys/class/net/wlan0/statistics/tx_dropped = 0
04-15 12:12:27.562  3443  3443 D         : wld: READ /sys/class/net/wlan0/statistics/rx_dropped = 239
04-15 12:12:27.564  3443  3443 D         : wld:: cmd: /vendor/bin/wl country
04-15 12:12:27.583  3443  3443 D         : wld: rate = US (US/6) UNITED STATES
04-15 12:12:27.586  3443  3443 D         : wld:: cmd: /vendor/bin/wl country
04-15 12:12:27.605  3443  3443 D         : wld: rate = US (US/6) UNITED STATES
04-15 12:12:27.609  3443  3443 D         : wld: READ /sys/class/net/wlan0/statistics/rx_bytes = 59914281
04-15 12:12:27.612  3443  3443 D         : wld: READ /sys/class/net/wlan0/statistics/rx_packets = 119866
04-15 12:12:27.615  3443  3443 D         : wld: READ /sys/class/net/wlan0/statistics/rx_errors = 0
04-15 12:12:27.618  3443  3443 D         : wld: READ /sys/class/net/wlan0/statistics/tx_bytes = 24972120
04-15 12:12:27.621  3443  3443 D         : wld: READ /sys/class/net/wlan0/statistics/tx_packets = 90177
04-15 12:12:27.624  3443  3443 D         : wld: READ /sys/class/net/wlan0/statistics/tx_errors = 0
04-15 12:12:27.619  3694 13519 I chatty  : uid=1000(system) Binder:3694_1C identical 27 lines
04-15 12:12:27.622  3694 13519 D NetworkPolicy: 1000 is 7
04-15 12:12:27.625  3694  4453 D NetworkPolicy: 1000 is 7
04-15 12:12:27.627  3443  3443 D         : wld: READ /sys/class/net/wlan0/statistics/tx_dropped = 0
04-15 12:12:27.630  3443  3443 D         : wld: READ /sys/class/net/wlan0/statistics/rx_dropped = 239
04-15 12:12:27.644  3443  3443 D         : wld: cmd: /vendor/bin/wl mfp
04-15 12:12:27.663  3443  3443 D         : wld:MFP_config::0
04-15 12:12:27.666  3443  3443 D         : wld: cmd: /vendor/bin/wl mfp
04-15 12:12:27.686  3443  3443 D         : wld:MFP_config::0
04-15 12:12:27.688  3443  3443 D         : wld: cmd: /vendor/bin/wl mfp
04-15 12:12:27.706  3443  3443 D         : wld:MFP_config::0
04-15 12:12:27.709  3443  3443 D         : wld:: cmd: /vendor/bin/wpa_cli status
04-15 12:12:27.734  3443  3443 D         : wpa: state = wpa_state=COMPLETED
04-15 12:12:27.736  3443  3443 D         : wld:: cmd: /vendor/bin/wpa_cli -v
04-15 12:12:27.758  3443  3443 D         : wpa: version = v2.8-devel-10
04-15 12:12:27.642  3694  4453 I chatty  : uid=1000(system) Binder:3694_9 identical 4 lines
04-15 12:12:27.707  3694  4453 D NetworkPolicy: 1000 is 7
04-15 12:12:27.774  3694  4453 D NetworkPolicy: 10038 is allowed on unmetered network
04-15 12:12:27.856  3694  4453 D NetworkPolicy: 1000 is 7
04-15 12:12:27.856  3694 13519 D NetworkPolicy: 1000 is 7
04-15 12:12:27.860  3694 13519 I chatty  : uid=1000(system) Binder:3694_1C identical 12 lines
04-15 12:12:27.860  3694 13519 D NetworkPolicy: 1000 is 7
04-15 12:12:27.873  3694  3694 W ProcessStats: Tracking association SourceState{dffcf3b com.verizon.qlv.services/10016 Top #5869} whose proc state 1 is better than process ProcessState{9b16658 com.arris.chmframework/1000 pkg=com.arris.chmframework} proc state 2 (1 skipped)
04-15 12:12:28.041  3694 13519 D NetworkPolicy: 10034 is allowed on unmetered network
04-15 12:12:28.043  3694 13519 D NetworkPolicy: 10034 is allowed on unmetered network
04-15 12:12:28.095  3694 13519 D NetworkPolicy: 1000 is 7
04-15 12:12:28.212  3694  3793 E WifiVendorHal: getWifiLinkLayerStats_internal(l.903) failed {.code = ERROR_NOT_AVAILABLE, .description = }
04-15 12:12:28.213  3694  3793 D NetworkStats: TetherStats: iface=wlan0 type=3 entry=iface=null uid=-1 set=ALL tag=0x0 metered=ALL roaming=ALL defaultNetwork=ALL rxBytes=0 rxPackets=0 txBytes=0 txPackets=0 operations=0
04-15 12:12:28.213  3694  3793 D NetworkStats: TetherStats: iface=wlan0 type=1 entry=iface=null uid=-1 set=ALL tag=0x0 metered=ALL roaming=ALL defaultNetwork=ALL rxBytes=0 rxPackets=0 txBytes=0 txPackets=0 operations=0
04-15 12:12:29.042  3694 13519 D NetworkPolicy: 10034 is allowed on unmetered network
04-15 12:12:29.049  3694 13519 D NetworkPolicy: 10034 is allowed on unmetered network
04-15 12:12:29.100  3694 13519 D NetworkPolicy: 1000 is 7
04-15 12:12:30.043  3694  4453 D NetworkPolicy: 10034 is allowed on unmetered network
04-15 12:12:30.050  3694  4453 D NetworkPolicy: 10034 is allowed on unmetered network
04-15 12:12:30.111  3694  4453 D NetworkPolicy: 1000 is 7
04-15 12:12:30.587  3815  3816 I HdmiCec : onCecMessage TV->** <Device Vendor ID> 00e091
04-15 12:12:30.589  3694  3694 D HDMI    : [R]:<Device Vendor Id> 0F:87:00:E0:91
04-15 12:12:30.742  3815  3816 I HdmiCec : onCecMessage TV->P1 <Feature Abort>
04-15 12:12:30.744  3694  3694 D HDMI    : [R]:<Feature Abort> 04:00
04-15 12:12:30.774  3694 13519 D NetworkPolicy: 10038 is allowed on unmetered network
04-15 12:12:30.835  3815  3816 I HdmiCec : onCecMessage TV->P1 <Vendor Command> (04:89:01)
04-15 12:12:30.837  3694  3694 D HDMI    : [R]:<Vendor Command> 04:89:01
04-15 12:12:30.838  3694  3812 D HDMI    : [S]:<Feature Abort> 40:00:89:01
04-15 12:12:30.839  3815  3815 I HdmiCec : sendMessage P1->TV <Feature Abort> <Vendor Command> NOT_IN_CORRECT_MODE
04-15 12:12:31.045  3694 13519 D NetworkPolicy: 10034 is allowed on unmetered network
04-15 12:12:31.052  3694 13519 D NetworkPolicy: 10034 is allowed on unmetered network
04-15 12:12:31.120  3694 13519 D NetworkPolicy: 1000 is 7
04-15 12:12:31.224  3694  3793 E WifiVendorHal: getWifiLinkLayerStats_internal(l.903) failed {.code = ERROR_NOT_AVAILABLE, .description = }
04-15 12:12:31.228  3694  3793 D NetworkStats: TetherStats: iface=wlan0 type=3 entry=iface=null uid=-1 set=ALL tag=0x0 metered=ALL roaming=ALL defaultNetwork=ALL rxBytes=0 rxPackets=0 txBytes=0 txPackets=0 operations=0
04-15 12:12:31.232  3694  3793 D NetworkStats: TetherStats: iface=wlan0 type=1 entry=iface=null uid=-1 set=ALL tag=0x0 metered=ALL roaming=ALL defaultNetwork=ALL rxBytes=0 rxPackets=0 txBytes=0 txPackets=0 operations=0
04-15 12:12:32.045  3694  4453 D NetworkPolicy: 10034 is allowed on unmetered network
04-15 12:12:32.052  3694  4453 D NetworkPolicy: 10034 is allowed on unmetered network
04-15 12:12:32.127  3694  4453 D NetworkPolicy: 1000 is 7
04-15 12:12:33.045  3694 13519 D NetworkPolicy: 10034 is allowed on unmetered network
04-15 12:12:33.048  3694 13519 D NetworkPolicy: 10034 is allowed on unmetered network
04-15 12:12:33.134  3694 13519 D NetworkPolicy: 1000 is 7
04-15 12:12:33.551  3694 13519 W ActivityManager: Receiver with filter android.content.IntentFilter@8b155f already registered for pid 8022, callerPackage is com.arris.chmframework
04-15 12:12:33.552  8022  8047 I chatty  : uid=1000(system) Thread-2 expire 16 lines
04-15 12:12:33.555  3443  8048 I         : ###ADS :Waiting for client connection.....
04-15 12:12:33.561  3443  8048 I         : ###ADS :Waiting for client connection.....
04-15 12:12:33.566  3443  8048 I         : ###ADS :Waiting for client connection.....
04-15 12:12:33.572  3443  8048 I         : ###ADS :Waiting for client connection.....
04-15 12:12:33.578  3443  8048 I         : ###ADS :Waiting for client connection.....
04-15 12:12:33.583  3443  8048 I         : ###ADS :Waiting for client connection.....
04-15 12:12:33.588  3443  8048 I         : ###ADS :Waiting for client connection.....
04-15 12:12:33.593  3443  8048 I         : ###ADS :Waiting for client connection.....
04-15 12:12:33.601  3443  8048 I         : ###ADS :Waiting for client connection.....
04-15 12:12:33.774  3694 13519 D NetworkPolicy: 10038 is allowed on unmetered network
04-15 12:12:34.047  3694 13519 D NetworkPolicy: 10034 is allowed on unmetered network
04-15 12:12:34.052  3694 13519 D NetworkPolicy: 10034 is allowed on unmetered network
04-15 12:12:34.137  3694 13519 D NetworkPolicy: 1000 is 7
04-15 12:12:34.246  3694  3793 E WifiVendorHal: getWifiLinkLayerStats_internal(l.903) failed {.code = ERROR_NOT_AVAILABLE, .description = }
04-15 12:12:34.248  3694  3793 D NetworkStats: TetherStats: iface=wlan0 type=3 entry=iface=null uid=-1 set=ALL tag=0x0 metered=ALL roaming=ALL defaultNetwork=ALL rxBytes=0 rxPackets=0 txBytes=0 txPackets=0 operations=0
04-15 12:12:34.252  3694  3793 D NetworkStats: TetherStats: iface=wlan0 type=1 entry=iface=null uid=-1 set=ALL tag=0x0 metered=ALL roaming=ALL defaultNetwork=ALL rxBytes=0 rxPackets=0 txBytes=0 txPackets=0 operations=0
04-15 12:12:35.047  3694  4453 D NetworkPolicy: 10034 is allowed on unmetered network
04-15 12:12:35.050  3694  4453 D NetworkPolicy: 10034 is allowed on unmetered network
04-15 12:12:35.142  3694  4453 D NetworkPolicy: 1000 is 7
04-15 12:12:36.048  3694 13519 D NetworkPolicy: 10034 is allowed on unmetered network
04-15 12:12:36.055  3694 13519 D NetworkPolicy: 10034 is allowed on unmetered network
04-15 12:12:36.146  3694 13519 D NetworkPolicy: 1000 is 7
