04-15 11:47:44.623  3694  8596 D NetworkPolicy: 1000 is 7
04-15 11:47:44.779  3694  3793 D NetworkStats: TetherStats: iface=wlan0 type=3 entry=iface=null uid=-1 set=ALL tag=0x0 metered=ALL roaming=ALL defaultNetwork=ALL rxBytes=0 rxPackets=0 txBytes=0 txPackets=0 operations=0
04-15 11:47:44.781  3694  3793 D NetworkStats: TetherStats: iface=wlan0 type=1 entry=iface=null uid=-1 set=ALL tag=0x0 metered=ALL roaming=ALL defaultNetwork=ALL rxBytes=0 rxPackets=0 txBytes=0 txPackets=0 operations=0
04-15 11:47:44.776  3694  3793 E WifiVendorHal: getWifiLinkLayerStats_internal(l.903) failed {.code = ERROR_NOT_AVAILABLE, .description = }
04-15 11:47:45.354  3815  3816 I HdmiCec : onCecMessage TV->P1 <Vendor Command> (04:89:01)
04-15 11:47:45.358  3694  3694 D HDMI    : [R]:<Vendor Command> 04:89:01
04-15 11:47:45.360  3694  3812 D HDMI    : [S]:<Feature Abort> 40:00:89:01
04-15 11:47:45.361  3815  3815 I HdmiCec : sendMessage P1->TV <Feature Abort> <Vendor Command> NOT_IN_CORRECT_MODE
04-15 11:47:45.568  3694  5900 D NetworkPolicy: 10034 is allowed on unmetered network
04-15 11:47:45.575  3694  5900 D NetworkPolicy: 10034 is allowed on unmetered network
04-15 11:47:45.625  3694  5900 D NetworkPolicy: 10038 is allowed on unmetered network
04-15 11:47:45.631  3694  5900 D NetworkPolicy: 1000 is 7
04-15 11:47:45.650  5330  5330 I chromium: [5330:5330:INFO:debug_endpoint_manager_grpc_client.cc(365)] gRPC client channel state changed to GRPC_CHANNEL_TRANSIENT_FAILURE
04-15 11:47:46.569  3694  8596 D NetworkPolicy: 10034 is allowed on unmetered network
04-15 11:47:46.579  3694  8596 D NetworkPolicy: 10034 is allowed on unmetered network
04-15 11:47:46.638  3694  8596 D NetworkPolicy: 1000 is 7
04-15 11:47:47.570  3694  5900 D NetworkPolicy: 10034 is allowed on unmetered network
04-15 11:47:47.578  3694  5900 D NetworkPolicy: 10034 is allowed on unmetered network
04-15 11:47:47.646  3694  5900 D NetworkPolicy: 1000 is 7
04-15 11:47:47.798  3694  3793 E WifiVendorHal: getWifiLinkLayerStats_internal(l.903) failed {.code = ERROR_NOT_AVAILABLE, .description = }
04-15 11:47:47.804  3694  3793 D NetworkStats: TetherStats: iface=wlan0 type=3 entry=iface=null uid=-1 set=ALL tag=0x0 metered=ALL roaming=ALL defaultNetwork=ALL rxBytes=0 rxPackets=0 txBytes=0 txPackets=0 operations=0
04-15 11:47:47.808  3694  3793 D NetworkStats: TetherStats: iface=wlan0 type=1 entry=iface=null uid=-1 set=ALL tag=0x0 metered=ALL roaming=ALL defaultNetwork=ALL rxBytes=0 rxPackets=0 txBytes=0 txPackets=0 operations=0
04-15 11:47:48.572  3694  5900 D NetworkPolicy: 10034 is allowed on unmetered network
04-15 11:47:48.581  3694  5900 D NetworkPolicy: 10034 is allowed on unmetered network
04-15 11:47:48.625  3694  5900 D NetworkPolicy: 10038 is allowed on unmetered network
04-15 11:47:48.653  3694  5900 D NetworkPolicy: 1000 is 7
04-15 11:47:49.572  3694  8596 D NetworkPolicy: 10034 is allowed on unmetered network
04-15 11:47:49.581  3694  8596 D NetworkPolicy: 10034 is allowed on unmetered network
04-15 11:47:49.660  3694  8596 D NetworkPolicy: 1000 is 7
04-15 11:47:50.573  3694  5900 D NetworkPolicy: 10034 is allowed on unmetered network
04-15 11:47:50.578  3694  5900 D NetworkPolicy: 10034 is allowed on unmetered network
04-15 11:47:50.667  3694  5900 D NetworkPolicy: 1000 is 7
04-15 11:47:50.827  3694  3793 D NetworkStats: TetherStats: iface=wlan0 type=3 entry=iface=null uid=-1 set=ALL tag=0x0 metered=ALL roaming=ALL defaultNetwork=ALL rxBytes=0 rxPackets=0 txBytes=0 txPackets=0 operations=0
04-15 11:47:50.830  3694  3793 D NetworkStats: TetherStats: iface=wlan0 type=1 entry=iface=null uid=-1 set=ALL tag=0x0 metered=ALL roaming=ALL defaultNetwork=ALL rxBytes=0 rxPackets=0 txBytes=0 txPackets=0 operations=0
04-15 11:47:51.573  3694  8596 D NetworkPolicy: 10034 is allowed on unmetered network
04-15 11:47:51.580  3694  8596 D NetworkPolicy: 10034 is allowed on unmetered network
04-15 11:47:51.625  3694  8596 D NetworkPolicy: 10038 is allowed on unmetered network
04-15 11:47:51.675  3694  8596 D NetworkPolicy: 1000 is 7
04-15 11:47:52.181  3694  5900 W ActivityManager: Receiver with filter android.content.IntentFilter@8884638 already registered for pid 8022, callerPackage is com.arris.chmframework
04-15 11:47:50.825  3694  3793 E WifiVendorHal: getWifiLinkLayerStats_internal(l.903) failed {.code = ERROR_NOT_AVAILABLE, .description = }
04-15 11:47:52.182  8022  8047 I chatty  : uid=1000(system) Thread-2 expire 16 lines
04-15 11:47:52.186  3443  8048 I         : ###ADS :Waiting for client connection.....
04-15 11:47:52.192  3443  8048 I         : ###ADS :Waiting for client connection.....
04-15 11:47:52.196  3443  8048 I         : ###ADS :Waiting for client connection.....
04-15 11:47:52.203  3443  8048 I         : ###ADS :Waiting for client connection.....
04-15 11:47:52.208  3443  8048 I         : ###ADS :Waiting for client connection.....
04-15 11:47:52.214  3443  8048 I         : ###ADS :Waiting for client connection.....
04-15 11:47:52.219  3443  8048 I         : ###ADS :Waiting for client connection.....
04-15 11:47:52.224  3443  8048 I         : ###ADS :Waiting for client connection.....
04-15 11:47:52.230  3443  8048 I         : ###ADS :Waiting for client connection.....
04-15 11:47:52.574  3694  5900 D NetworkPolicy: 10034 is allowed on unmetered network
04-15 11:47:52.580  3694  5900 D NetworkPolicy: 10034 is allowed on unmetered network
04-15 11:47:52.684  3694  5900 D NetworkPolicy: 1000 is 7
04-15 11:47:52.980  3815  3816 I HdmiCec : onCecMessage TV->** <Device Vendor ID> 00e091
04-15 11:47:52.984  3694  3694 D HDMI    : [R]:<Device Vendor Id> 0F:87:00:E0:91
04-15 11:47:53.135  3815  3816 I HdmiCec : onCecMessage TV->P1 <Feature Abort>
04-15 11:47:53.138  3694  3694 D HDMI    : [R]:<Feature Abort> 04:00
04-15 11:47:53.228  3815  3816 I HdmiCec : onCecMessage TV->P1 <Vendor Command> (04:89:01)
04-15 11:47:53.231  3694  3694 D HDMI    : [R]:<Vendor Command> 04:89:01
04-15 11:47:53.232  3694  3812 D HDMI    : [S]:<Feature Abort> 40:00:89:01
04-15 11:47:53.233  3815  3815 I HdmiCec : sendMessage P1->TV <Feature Abort> <Vendor Command> NOT_IN_CORRECT_MODE
04-15 11:47:53.354  8022  8437 I chatty  : uid=1000(system) pool-2-thread-1 expire 119 lines
04-15 11:47:53.410  3443  3443 D         : wld: cmd: /vendor/bin/wl status
04-15 11:47:53.481  3443  3443 D         : wld: status: scannum = 11 SSID = "Fios-NmGr6" Mode = Managed RSSI = -31 SNR = 31 Noise=-84
04-15 11:47:53.481  3443  3443 D         : wld: status: scannum = 11 Band = 5GHz chNo = 155 chWidth = 80MHz chCode = 0xe29b
04-15 11:47:53.481  3443  3443 D         : wld: status: scannum = 11 primaryChannel = 157
04-15 11:47:53.490  3443  3443 D         : wld: cmd: /vendor/bin/wl sta_info B8:F8:53:42:F9:7A
04-15 11:47:53.557  3443  3443 D         : wld: sta_info: scannum = 3 txucastpkts = 49845, rxucastpkts = 77108, rxrate = 1200950 
04-15 11:47:53.561  3443  3443 D         : wld: cmd: /vendor/bin/wl chanim_stats
04-15 11:47:53.574  3694  5900 D NetworkPolicy: 10034 is allowed on unmetered network
04-15 11:47:53.600  3443  3443 D         : wld: chanim_stats: scannum = 0 idle = 0
04-15 11:47:53.606  3443  3443 D         : wld: cmd: /vendor/bin/wl counters
04-15 11:47:53.644  3443  3443 D         : wld: counters: scannum = 35 txretrans = 8060
04-15 11:47:53.644  3443  3443 D         : wld: counters: scannum = 35 rxframe = 89926 rxerror = 139
04-15 11:47:53.644  3443  3443 D         : wld: counters: txmcast = 0 rxmcast = 470396
04-15 11:47:53.644  3443  3443 D         : wld: counters: txucast = 54229 rxucast = 220984
04-15 11:47:53.644  3443  3443 D         : wld: counters: txbcast = 0 rxbadproto = 0
04-15 11:47:53.649  3443  3443 D         : wld: cmd: /vendor/bin/wl channels
04-15 11:47:53.684  3443  3443 D         : wld: channels: 1 2 3 4 5 6 7 8 9 10 11 36 40 44 48 52 56 60 64 100 104 108 112 116 120 124 128 132 136 140 144 149 153 157 161 165 
04-15 11:47:53.685  3443  3443 D         : wld: cmd: /vendor/bin/wl chanspec
04-15 11:47:53.577  3694  5900 D NetworkPolicy: 10034 is allowed on unmetered network
04-15 11:47:53.690  3694  5900 D NetworkPolicy: 1000 is 7
04-15 11:47:53.721  3443  3443 D         : wld: chanspec: 1 2 3 4 5 6 7 8 9 10 11 36 40 44 48 52 56 60 64 100 104 108 112 116 120 124 128 132 136 140 144 149 153 157 161 165 
04-15 11:47:53.725  3443  3443 D         : wld: cmd: /vendor/bin/wl qtxpower
04-15 11:47:53.756  3443  3443 D         : wld: qtxpower: scannum = 2 qtxpower = 127
04-15 11:47:53.758  3443  3443 D         : wld: cmd: /vendor/bin/wl rate
04-15 11:47:53.780  3443  3443 D         : wld: rate = 1200.5 Mbps
04-15 11:47:53.846  3694  3793 E WifiVendorHal: getWifiLinkLayerStats_internal(l.903) failed {.code = ERROR_NOT_AVAILABLE, .description = }
04-15 11:47:53.847  3694  3793 D NetworkStats: TetherStats: iface=wlan0 type=3 entry=iface=null uid=-1 set=ALL tag=0x0 metered=ALL roaming=ALL defaultNetwork=ALL rxBytes=0 rxPackets=0 txBytes=0 txPackets=0 operations=0
04-15 11:47:53.848  3694  3793 D NetworkStats: TetherStats: iface=wlan0 type=1 entry=iface=null uid=-1 set=ALL tag=0x0 metered=ALL roaming=ALL defaultNetwork=ALL rxBytes=0 rxPackets=0 txBytes=0 txPackets=0 operations=0
04-15 11:47:54.012  3431  3431 D HAL_STAT: Hal_Stat_GetAudioDecoderStats
04-15 11:47:54.013  3431  3431 I HAL_STAT: Audio decoder [0] not started
04-15 11:47:54.013  3431  3431 I HAL_STAT: Audio decoder [1] not started
04-15 11:47:54.013  3431  3431 I HAL_STAT: Audio decoder [2] not started
04-15 11:47:54.013  3431  3431 D HAL_STAT: Hal_Stat_GetVideoDecoderStats...
04-15 11:47:54.018  3431  3431 D HAL_STAT: Hal_Stat_GetEdidInfo...
04-15 11:47:54.018  3431  3431 W hal_stat@1.0-se: type=1400 audit(0.0:289): avc: denied { ioctl } for path="/dev/nxmw" dev="tmpfs" ino=364 ioctlcmd=0x805 scontext=u:r:hal_arris_hal_stat:s0 tcontext=u:object_r:nexus_device:s0 tclass=chr_file permissive=0
04-15 11:47:54.020  3431  3431 E NEXUS   : !!!Error BERR_OS_ERROR(0x6) at /export/jenkins/workspace/F354_AndroidTv_10_StreamTV-Child01/subjob/verizon/out-bcm/target/product/inuvik/obj/FAKE/refsw/obj.972164/nexus/core/syncthunk/nexus_cec_abiverify_client.h:44
04-15 11:47:54.021  3431  3431 D HAL_STAT: outer hal get: followPreferredFormat: 1 format: 32
04-15 11:47:54.021  3431  3431 D HAL_STAT: Hal_Stat_GetHdmiSettings...HDMI Connected with resolutionMode = 1
04-15 11:47:54.021  3431  3431 D arris_hidl_hal_stat: in hal: get resolutionMode: 1 resolutionValue: 1080p
04-15 11:47:54.029  3694  5900 D NetworkPolicy: 1000 is 7
04-15 11:47:54.036  3443  3443 D         : wld: READ /sys/class/net/wlan0/address = 78:6a:1f:78:a0:c8
04-15 11:47:54.086  3443  3443 D         : wld: READ /sys/class/net/wlan0/address = 78:6a:1f:78:a0:c8
04-15 11:47:54.089  3443  3443 D         : wld: READ /sys/class/net/wlan0/statistics/rx_bytes = 54327431
04-15 11:47:54.092  3443  3443 D         : wld: READ /sys/class/net/wlan0/statistics/rx_packets = 89885
04-15 11:47:54.097  3443  3443 D         : wld: READ /sys/class/net/wlan0/statistics/rx_errors = 0
04-15 11:47:54.100  3443  3443 D         : wld: READ /sys/class/net/wlan0/statistics/tx_bytes = 14635113
04-15 11:47:54.104  3443  3443 D         : wld: READ /sys/class/net/wlan0/statistics/tx_packets = 59148
04-15 11:47:54.107  3443  3443 D         : wld: READ /sys/class/net/wlan0/statistics/tx_errors = 0
04-15 11:47:54.110  3443  3443 D         : wld: READ /sys/class/net/wlan0/statistics/tx_dropped = 0
04-15 11:47:54.113  3443  3443 D         : wld: READ /sys/class/net/wlan0/statistics/rx_dropped = 239
04-15 11:47:54.115  3443  3443 D         : wld:: cmd: /vendor/bin/wl country
04-15 11:47:54.136  3443  3443 D         : wld: rate = US (US/6) UNITED STATES
04-15 11:47:54.139  3443  3443 D         : wld:: cmd: /vendor/bin/wl country
04-15 11:47:54.159  3443  3443 D         : wld: rate = US (US/6) UNITED STATES
04-15 11:47:54.163  3443  3443 D         : wld: READ /sys/class/net/wlan0/statistics/rx_bytes = 54328249
04-15 11:47:54.167  3443  3443 D         : wld: READ /sys/class/net/wlan0/statistics/rx_packets = 89902
04-15 11:47:54.170  3443  3443 D         : wld: READ /sys/class/net/wlan0/statistics/rx_errors = 0
04-15 11:47:54.173  3443  3443 D         : wld: READ /sys/class/net/wlan0/statistics/tx_bytes = 14637180
04-15 11:47:54.177  3443  3443 D         : wld: READ /sys/class/net/wlan0/statistics/tx_packets = 59165
04-15 11:47:54.180  3443  3443 D         : wld: READ /sys/class/net/wlan0/statistics/tx_errors = 0
04-15 11:47:54.183  3443  3443 D         : wld: READ /sys/class/net/wlan0/statistics/tx_dropped = 0
04-15 11:47:54.186  3443  3443 D         : wld: READ /sys/class/net/wlan0/statistics/rx_dropped = 239
04-15 11:47:54.201  3443  3443 D         : wld: cmd: /vendor/bin/wl mfp
04-15 11:47:54.222  3443  3443 D         : wld:MFP_config::0
04-15 11:47:54.224  3443  3443 D         : wld: cmd: /vendor/bin/wl mfp
04-15 11:47:54.245  3443  3443 D         : wld:MFP_config::0
04-15 11:47:54.248  3443  3443 D         : wld: cmd: /vendor/bin/wl mfp
04-15 11:47:54.269  3443  3443 D         : wld:MFP_config::0
04-15 11:47:54.273  3443  3443 D         : wld:: cmd: /vendor/bin/wpa_cli status
04-15 11:47:54.299  3443  3443 D         : wpa: state = wpa_state=COMPLETED
04-15 11:47:54.301  3443  3443 D         : wld:: cmd: /vendor/bin/wpa_cli -v
04-15 11:47:54.325  3443  3443 D         : wpa: version = v2.8-devel-10
04-15 11:47:54.333  3832  3926 D bt_btif_config: btif_get_address_type: Device [98:06:3a:00:45:da] address type 0
04-15 11:47:54.333  3832  3926 D bt_btif_config: btif_get_device_type: Device [98:06:3a:00:45:da] type 2
04-15 11:47:54.333  3832  4457 I bt_stack: [INFO:gatt_api.cc(1105)] GATT_Connectgatt_if=6, address=98:06:3a:00:45:da
04-15 11:47:54.333  3832  4457 I bt_stack: [INFO:connection_manager.cc(97)] App id=0x06already doing background connection to 98:06:3a:00:45:da
04-15 11:47:54.336  3832  3926 D bt_btif_config: btif_get_address_type: Device [98:06:3a:00:45:da] address type 0
04-15 11:47:54.336  3832  3926 D bt_btif_config: btif_get_device_type: Device [98:06:3a:00:45:da] type 2
04-15 11:47:54.336  3832  4457 I bt_stack: [INFO:gatt_api.cc(1105)] GATT_Connectgatt_if=6, address=98:06:3a:00:45:da
04-15 11:47:54.336  3832  4457 I bt_stack: [INFO:connection_manager.cc(97)] App id=0x06already doing background connection to 98:06:3a:00:45:da
04-15 11:47:54.339  3832  3926 D bt_btif_config: btif_get_address_type: Device [98:06:3a:00:45:da] address type 0
04-15 11:47:54.339  3832  3926 D bt_btif_config: btif_get_device_type: Device [98:06:3a:00:45:da] type 2
04-15 11:47:54.339  3832  4457 I bt_stack: [INFO:gatt_api.cc(1105)] GATT_Connectgatt_if=6, address=98:06:3a:00:45:da
04-15 11:47:54.339  3832  4457 I bt_stack: [INFO:connection_manager.cc(97)] App id=0x06already doing background connection to 98:06:3a:00:45:da
04-15 11:47:54.344  3832  3926 D bt_btif_config: btif_get_address_type: Device [98:06:3a:00:45:da] address type 0
04-15 11:47:54.344  3832  3926 D bt_btif_config: btif_get_device_type: Device [98:06:3a:00:45:da] type 2
04-15 11:47:54.344  3832  4457 I bt_stack: [INFO:gatt_api.cc(1105)] GATT_Connectgatt_if=6, address=98:06:3a:00:45:da
04-15 11:47:54.344  3832  4457 I bt_stack: [INFO:connection_manager.cc(97)] App id=0x06already doing background connection to 98:06:3a:00:45:da
04-15 11:47:54.347  3832  3926 D bt_btif_config: btif_get_address_type: Device [98:06:3a:00:45:da] address type 0
04-15 11:47:54.347  3832  3926 D bt_btif_config: btif_get_device_type: Device [98:06:3a:00:45:da] type 2
04-15 11:47:54.347  3832  4457 I bt_stack: [INFO:gatt_api.cc(1105)] GATT_Connectgatt_if=6, address=98:06:3a:00:45:da
04-15 11:47:54.347  3832  4457 I bt_stack: [INFO:connection_manager.cc(97)] App id=0x06already doing background connection to 98:06:3a:00:45:da
04-15 11:47:54.350  3832  3926 D bt_btif_config: btif_get_address_type: Device [98:06:3a:00:45:da] address type 0
04-15 11:47:54.350  3832  3926 D bt_btif_config: btif_get_device_type: Device [98:06:3a:00:45:da] type 2
04-15 11:47:54.350  3832  4457 I bt_stack: [INFO:gatt_api.cc(1105)] GATT_Connectgatt_if=6, address=98:06:3a:00:45:da
04-15 11:47:54.350  3832  4457 I bt_stack: [INFO:connection_manager.cc(97)] App id=0x06already doing background connection to 98:06:3a:00:45:da
04-15 11:47:54.352  3832  3926 D bt_btif_config: btif_get_address_type: Device [98:06:3a:00:45:da] address type 0
04-15 11:47:54.352  3832  3926 D bt_btif_config: btif_get_device_type: Device [98:06:3a:00:45:da] type 2
04-15 11:47:54.353  3832  4457 I bt_stack: [INFO:gatt_api.cc(1105)] GATT_Connectgatt_if=6, address=98:06:3a:00:45:da
04-15 11:47:54.353  3832  4457 I bt_stack: [INFO:connection_manager.cc(97)] App id=0x06already doing background connection to 98:06:3a:00:45:da
04-15 11:47:54.438  3694  5900 I chatty  : uid=1000(system) Binder:3694_F identical 48 lines
04-15 11:47:54.438  3694  5900 D NetworkPolicy: 1000 is 7
04-15 11:47:54.575  3694  5900 D NetworkPolicy: 10034 is allowed on unmetered network
04-15 11:47:54.577  3694  5900 D NetworkPolicy: 10034 is allowed on unmetered network
04-15 11:47:54.625  3694  5900 D NetworkPolicy: 10038 is allowed on unmetered network
04-15 11:47:54.694  3694  5900 D NetworkPolicy: 1000 is 7
04-15 11:47:55.576  3694  5900 D NetworkPolicy: 10034 is allowed on unmetered network
04-15 11:47:55.585  3694  8596 D NetworkPolicy: 10034 is allowed on unmetered network
04-15 11:47:55.700  3694  8596 D NetworkPolicy: 1000 is 7
04-15 11:47:56.577  3694  5900 D NetworkPolicy: 10034 is allowed on unmetered network
04-15 11:47:56.584  3694  5900 D NetworkPolicy: 10034 is allowed on unmetered network
04-15 11:47:56.709  3694  5900 D NetworkPolicy: 1000 is 7
04-15 11:47:56.858  3694  3793 E WifiVendorHal: getWifiLinkLayerStats_internal(l.903) failed {.code = ERROR_NOT_AVAILABLE, .description = }
04-15 11:47:56.860  3694  3793 D NetworkStats: TetherStats: iface=wlan0 type=3 entry=iface=null uid=-1 set=ALL tag=0x0 metered=ALL roaming=ALL defaultNetwork=ALL rxBytes=0 rxPackets=0 txBytes=0 txPackets=0 operations=0
04-15 11:47:56.863  3694  3793 D NetworkStats: TetherStats: iface=wlan0 type=1 entry=iface=null uid=-1 set=ALL tag=0x0 metered=ALL roaming=ALL defaultNetwork=ALL rxBytes=0 rxPackets=0 txBytes=0 txPackets=0 operations=0
04-15 11:47:57.579  3694  8596 D NetworkPolicy: 10034 is allowed on unmetered network
04-15 11:47:57.585  3694  8596 D NetworkPolicy: 10034 is allowed on unmetered network
04-15 11:47:57.626  3694  8596 D NetworkPolicy: 10038 is allowed on unmetered network
04-15 11:47:57.716  3694  8596 D NetworkPolicy: 1000 is 7
04-15 11:47:58.580  3694  5900 D NetworkPolicy: 10034 is allowed on unmetered network
04-15 11:47:58.589  3694  5900 D NetworkPolicy: 10034 is allowed on unmetered network
04-15 11:47:58.723  3694  8596 D NetworkPolicy: 1000 is 7
04-15 11:47:59.581  3694  8596 D NetworkPolicy: 10034 is allowed on unmetered network
04-15 11:47:59.589  3694  8596 D NetworkPolicy: 10034 is allowed on unmetered network
04-15 11:47:59.733  3694  8596 D NetworkPolicy: 1000 is 7
04-15 11:47:59.879  3694  3793 D NetworkStats: TetherStats: iface=wlan0 type=3 entry=iface=null uid=-1 set=ALL tag=0x0 metered=ALL roaming=ALL defaultNetwork=ALL rxBytes=0 rxPackets=0 txBytes=0 txPackets=0 operations=0
04-15 11:47:59.882  3694  3793 D NetworkStats: TetherStats: iface=wlan0 type=1 entry=iface=null uid=-1 set=ALL tag=0x0 metered=ALL roaming=ALL defaultNetwork=ALL rxBytes=0 rxPackets=0 txBytes=0 txPackets=0 operations=0
04-15 11:47:59.877  3694  3793 E WifiVendorHal: getWifiLinkLayerStats_internal(l.903) failed {.code = ERROR_NOT_AVAILABLE, .description = }
04-15 11:48:00.432  3815  3816 I HdmiCec : onCecMessage TV->P1 <Vendor Command> (04:89:01)
04-15 11:48:00.434  3694  3694 D HDMI    : [R]:<Vendor Command> 04:89:01
04-15 11:48:00.435  3694  3812 D HDMI    : [S]:<Feature Abort> 40:00:89:01
04-15 11:48:00.436  3815  3815 I HdmiCec : sendMessage P1->TV <Feature Abort> <Vendor Command> NOT_IN_CORRECT_MODE
04-15 11:48:00.469  3443  8048 E         : eco-agent : server=https://AAR13500767:NewVOLUser1@cpe-ems0512.verizon.com/cwmpWeb/CPEMgt work=5 - periodic inform
04-15 11:48:00.470  3443  8048 I         : ###ADS :Waiting for client connection.....
04-15 11:48:00.582  3694  5900 D NetworkPolicy: 10034 is allowed on unmetered network
04-15 11:48:00.588  3694  5900 D NetworkPolicy: 10034 is allowed on unmetered network
04-15 11:48:00.626  3694  5900 D NetworkPolicy: 10038 is allowed on unmetered network
04-15 11:48:00.741  3694  5900 D NetworkPolicy: 1000 is 7
04-15 11:48:01.583  3694  8596 D NetworkPolicy: 10034 is allowed on unmetered network
04-15 11:48:01.592  3694  8596 D NetworkPolicy: 10034 is allowed on unmetered network
04-15 11:48:01.749  3694  8596 D NetworkPolicy: 1000 is 7
04-15 11:48:02.585  3694  8596 D NetworkPolicy: 10034 is allowed on unmetered network
04-15 11:48:02.591  3694  8596 D NetworkPolicy: 10034 is allowed on unmetered network
04-15 11:48:02.758  3694  8596 D NetworkPolicy: 1000 is 7
04-15 11:48:02.897  3694  3793 E WifiVendorHal: getWifiLinkLayerStats_internal(l.903) failed {.code = ERROR_NOT_AVAILABLE, .description = }
04-15 11:48:02.903  3694  3793 D NetworkStats: TetherStats: iface=wlan0 type=3 entry=iface=null uid=-1 set=ALL tag=0x0 metered=ALL roaming=ALL defaultNetwork=ALL rxBytes=0 rxPackets=0 txBytes=0 txPackets=0 operations=0
04-15 11:48:02.908  3694  3793 D NetworkStats: TetherStats: iface=wlan0 type=1 entry=iface=null uid=-1 set=ALL tag=0x0 metered=ALL roaming=ALL defaultNetwork=ALL rxBytes=0 rxPackets=0 txBytes=0 txPackets=0 operations=0
04-15 11:48:03.585  3694  8596 D NetworkPolicy: 10034 is allowed on unmetered network
04-15 11:48:03.594  3694  8596 D NetworkPolicy: 10034 is allowed on unmetered network
04-15 11:48:03.627  3694  8596 D NetworkPolicy: 10038 is allowed on unmetered network
04-15 11:48:03.764  3694  8596 D NetworkPolicy: 1000 is 7
04-15 11:48:04.586  3694  8596 D NetworkPolicy: 10034 is allowed on unmetered network
04-15 11:48:04.594  3694  8596 D NetworkPolicy: 10034 is allowed on unmetered network
04-15 11:48:04.773  3694  8596 D NetworkPolicy: 1000 is 7
04-15 11:48:05.587  3694  5900 D NetworkPolicy: 10034 is allowed on unmetered network
04-15 11:48:05.594  3694  5900 D NetworkPolicy: 10034 is allowed on unmetered network
04-15 11:48:05.780  3694  5900 D NetworkPolicy: 1000 is 7
04-15 11:48:05.926  3694  3793 D NetworkStats: TetherStats: iface=wlan0 type=3 entry=iface=null uid=-1 set=ALL tag=0x0 metered=ALL roaming=ALL defaultNetwork=ALL rxBytes=0 rxPackets=0 txBytes=0 txPackets=0 operations=0
04-15 11:48:05.929  3694  3793 D NetworkStats: TetherStats: iface=wlan0 type=1 entry=iface=null uid=-1 set=ALL tag=0x0 metered=ALL roaming=ALL defaultNetwork=ALL rxBytes=0 rxPackets=0 txBytes=0 txPackets=0 operations=0
04-15 11:48:06.588  3694  5900 D NetworkPolicy: 10034 is allowed on unmetered network
04-15 11:48:06.594  3694  5900 D NetworkPolicy: 10034 is allowed on unmetered network
04-15 11:48:06.627  3694  5900 D NetworkPolicy: 10038 is allowed on unmetered network
04-15 11:48:06.743  3694  5900 D NetworkPolicy: 10034 is allowed on unmetered network
04-15 11:48:06.749  3694  5900 D NetworkPolicy: 10034 is allowed on unmetered network
04-15 11:48:06.788  3694  8596 D NetworkPolicy: 1000 is 7
04-15 11:48:05.922  3694  3793 E WifiVendorHal: getWifiLinkLayerStats_internal(l.903) failed {.code = ERROR_NOT_AVAILABLE, .description = }
04-15 11:48:07.168  5330  5330 I chromium: [5330:5330:INFO:metrics_stat_logger.cc(55)] Metrics stat for the past 60 secs : total=0
04-15 11:48:07.588  3694  8596 D NetworkPolicy: 10034 is allowed on unmetered network
04-15 11:48:07.590  3694  8596 D NetworkPolicy: 10034 is allowed on unmetered network
04-15 11:48:07.795  3694  8596 D NetworkPolicy: 1000 is 7
04-15 11:48:07.806  5330  6678 I chromium: [5330:6678:INFO:ssdp_device.c(101)] SSDP packets sent for 71 seconds = 4
04-15 11:48:08.058  3815  3816 I HdmiCec : onCecMessage TV->** <Device Vendor ID> 00e091
04-15 11:48:08.061  3694  3694 D HDMI    : [R]:<Device Vendor Id> 0F:87:00:E0:91
04-15 11:48:08.213  3815  3816 I HdmiCec : onCecMessage TV->P1 <Feature Abort>
04-15 11:48:08.214  3694  3694 D HDMI    : [R]:<Feature Abort> 04:00
04-15 11:48:08.215  3694  3694 W HDMI    : [2]:Unexpected parameters: <Feature Abort> 04:00
04-15 11:48:08.306  3815  3816 I HdmiCec : onCecMessage TV->P1 <Vendor Command> (04:89:01)
04-15 11:48:08.308  3694  3694 D HDMI    : [R]:<Vendor Command> 04:89:01
04-15 11:48:08.309  3694  3812 D HDMI    : [S]:<Feature Abort> 40:00:89:01
04-15 11:48:08.310  3815  3815 I HdmiCec : sendMessage P1->TV <Feature Abort> <Vendor Command> NOT_IN_CORRECT_MODE
04-15 11:48:08.589  3694  8596 D NetworkPolicy: 10034 is allowed on unmetered network
04-15 11:48:08.598  3694  8596 D NetworkPolicy: 10034 is allowed on unmetered network
04-15 11:48:08.799  3694  8596 D NetworkPolicy: 1000 is 7
04-15 11:48:08.947  3694  3793 E WifiVendorHal: getWifiLinkLayerStats_internal(l.903) failed {.code = ERROR_NOT_AVAILABLE, .description = }
04-15 11:48:08.950  3694  3793 D NetworkStats: TetherStats: iface=wlan0 type=3 entry=iface=null uid=-1 set=ALL tag=0x0 metered=ALL roaming=ALL defaultNetwork=ALL rxBytes=0 rxPackets=0 txBytes=0 txPackets=0 operations=0
04-15 11:48:08.953  3694  3793 D NetworkStats: TetherStats: iface=wlan0 type=1 entry=iface=null uid=-1 set=ALL tag=0x0 metered=ALL roaming=ALL defaultNetwork=ALL rxBytes=0 rxPackets=0 txBytes=0 txPackets=0 operations=0
04-15 11:48:09.590  3694  8596 D NetworkPolicy: 10034 is allowed on unmetered network
04-15 11:48:09.597  3694  8596 D NetworkPolicy: 10034 is allowed on unmetered network
04-15 11:48:09.627  3694  8596 D NetworkPolicy: 10038 is allowed on unmetered network
04-15 11:48:09.809  3694  8596 D NetworkPolicy: 1000 is 7
04-15 11:48:10.591  3694  8596 D NetworkPolicy: 10034 is allowed on unmetered network
04-15 11:48:10.597  3694  8596 D NetworkPolicy: 10034 is allowed on unmetered network
04-15 11:48:10.816  3694  8596 D NetworkPolicy: 1000 is 7
04-15 11:48:10.938  5330  6628 I chromium: [5330:6628:INFO:wifi_proximity.cc(177)] Request scan.
04-15 11:48:11.592  3694  8596 D NetworkPolicy: 10034 is allowed on unmetered network
04-15 11:48:11.604  3694  8596 D NetworkPolicy: 10034 is allowed on unmetered network
04-15 11:48:11.823  3694  8596 D NetworkPolicy: 1000 is 7
04-15 11:48:11.969  3694  3793 E WifiVendorHal: getWifiLinkLayerStats_internal(l.903) failed {.code = ERROR_NOT_AVAILABLE, .description = }
04-15 11:48:11.971  3694  3793 D NetworkStats: TetherStats: iface=wlan0 type=3 entry=iface=null uid=-1 set=ALL tag=0x0 metered=ALL roaming=ALL defaultNetwork=ALL rxBytes=0 rxPackets=0 txBytes=0 txPackets=0 operations=0
04-15 11:48:11.974  3694  3793 D NetworkStats: TetherStats: iface=wlan0 type=1 entry=iface=null uid=-1 set=ALL tag=0x0 metered=ALL roaming=ALL defaultNetwork=ALL rxBytes=0 rxPackets=0 txBytes=0 txPackets=0 operations=0
04-15 11:48:12.593  3694  8596 D NetworkPolicy: 10034 is allowed on unmetered network
04-15 11:48:12.601  3694  8596 D NetworkPolicy: 10034 is allowed on unmetered network
04-15 11:48:12.627  3694  8596 D NetworkPolicy: 10038 is allowed on unmetered network
04-15 11:48:12.829  3694  8596 D NetworkPolicy: 1000 is 7
04-15 11:48:13.594  3694  8596 D NetworkPolicy: 10034 is allowed on unmetered network
04-15 11:48:13.607  3694  8596 D NetworkPolicy: 10034 is allowed on unmetered network
04-15 11:48:13.837  3694  8596 D NetworkPolicy: 1000 is 7
04-15 11:48:14.595  3694  8596 D NetworkPolicy: 10034 is allowed on unmetered network
04-15 11:48:14.605  3694  8596 D NetworkPolicy: 10034 is allowed on unmetered network
04-15 11:48:14.845  3694  8596 D NetworkPolicy: 1000 is 7
04-15 11:48:14.990  3694  3793 D NetworkStats: TetherStats: iface=wlan0 type=3 entry=iface=null uid=-1 set=ALL tag=0x0 metered=ALL roaming=ALL defaultNetwork=ALL rxBytes=0 rxPackets=0 txBytes=0 txPackets=0 operations=0
04-15 11:48:14.992  3694  3793 D NetworkStats: TetherStats: iface=wlan0 type=1 entry=iface=null uid=-1 set=ALL tag=0x0 metered=ALL roaming=ALL defaultNetwork=ALL rxBytes=0 rxPackets=0 txBytes=0 txPackets=0 operations=0
04-15 11:48:14.987  3694  3793 E WifiVendorHal: getWifiLinkLayerStats_internal(l.903) failed {.code = ERROR_NOT_AVAILABLE, .description = }
04-15 11:48:15.510  3815  3816 I HdmiCec : onCecMessage TV->P1 <Vendor Command> (04:89:01)
04-15 11:48:15.513  3694  3694 D HDMI    : [R]:<Vendor Command> 04:89:01
04-15 11:48:15.514  3694  3812 D HDMI    : [S]:<Feature Abort> 40:00:89:01
04-15 11:48:15.515  3815  3815 I HdmiCec : sendMessage P1->TV <Feature Abort> <Vendor Command> NOT_IN_CORRECT_MODE
04-15 11:48:15.596  3694  8596 D NetworkPolicy: 10034 is allowed on unmetered network
04-15 11:48:15.607  3694  8596 D NetworkPolicy: 10034 is allowed on unmetered network
04-15 11:48:15.627  3694  8596 D NetworkPolicy: 10038 is allowed on unmetered network
04-15 11:48:15.856  3694  8596 D NetworkPolicy: 1000 is 7
04-15 11:48:16.597  3694  8596 D NetworkPolicy: 10034 is allowed on unmetered network
04-15 11:48:16.607  3694  8596 D NetworkPolicy: 10034 is allowed on unmetered network
04-15 11:48:16.864  3694  8596 D NetworkPolicy: 1000 is 7
04-15 11:48:17.598  3694  8596 D NetworkPolicy: 10034 is allowed on unmetered network
04-15 11:48:17.607  3694  8596 D NetworkPolicy: 10034 is allowed on unmetered network
04-15 11:48:17.871  3694  8596 D NetworkPolicy: 1000 is 7
04-15 11:48:18.012  3694  3793 E WifiVendorHal: getWifiLinkLayerStats_internal(l.903) failed {.code = ERROR_NOT_AVAILABLE, .description = }
04-15 11:48:18.014  3694  3793 D NetworkStats: TetherStats: iface=wlan0 type=3 entry=iface=null uid=-1 set=ALL tag=0x0 metered=ALL roaming=ALL defaultNetwork=ALL rxBytes=0 rxPackets=0 txBytes=0 txPackets=0 operations=0
04-15 11:48:18.016  3694  3793 D NetworkStats: TetherStats: iface=wlan0 type=1 entry=iface=null uid=-1 set=ALL tag=0x0 metered=ALL roaming=ALL defaultNetwork=ALL rxBytes=0 rxPackets=0 txBytes=0 txPackets=0 operations=0
04-15 11:48:18.600  3694  5900 D NetworkPolicy: 10034 is allowed on unmetered network
04-15 11:48:18.612  3694  5900 D NetworkPolicy: 10034 is allowed on unmetered network
04-15 11:48:18.628  3694  5900 D NetworkPolicy: 10038 is allowed on unmetered network
04-15 11:48:18.878  3694  5900 D NetworkPolicy: 1000 is 7
04-15 11:48:19.599  3694  5900 D NetworkPolicy: 10034 is allowed on unmetered network
04-15 11:48:19.610  3694  5900 D NetworkPolicy: 10034 is allowed on unmetered network
04-15 11:48:19.888  3694  5900 D NetworkPolicy: 1000 is 7
04-15 11:48:20.601  3694  5900 D NetworkPolicy: 10034 is allowed on unmetered network
04-15 11:48:20.610  3694  5900 D NetworkPolicy: 10034 is allowed on unmetered network
04-15 11:48:20.896  3694  5900 D NetworkPolicy: 1000 is 7
04-15 11:48:21.032  3694  3793 D NetworkStats: TetherStats: iface=wlan0 type=3 entry=iface=null uid=-1 set=ALL tag=0x0 metered=ALL roaming=ALL defaultNetwork=ALL rxBytes=0 rxPackets=0 txBytes=0 txPackets=0 operations=0
04-15 11:48:21.035  3694  3793 D NetworkStats: TetherStats: iface=wlan0 type=1 entry=iface=null uid=-1 set=ALL tag=0x0 metered=ALL roaming=ALL defaultNetwork=ALL rxBytes=0 rxPackets=0 txBytes=0 txPackets=0 operations=0
04-15 11:48:21.603  3694  5900 D NetworkPolicy: 10034 is allowed on unmetered network
04-15 11:48:21.611  3694  5900 D NetworkPolicy: 10034 is allowed on unmetered network
04-15 11:48:21.628  3694  5900 D NetworkPolicy: 10038 is allowed on unmetered network
04-15 11:48:21.907  3694  5900 D NetworkPolicy: 1000 is 7
04-15 11:48:22.434  3694  5900 W ActivityManager: Receiver with filter android.content.IntentFilter@ebb2611 already registered for pid 8022, callerPackage is com.arris.chmframework
04-15 11:48:21.029  3694  3793 E WifiVendorHal: getWifiLinkLayerStats_internal(l.903) failed {.code = ERROR_NOT_AVAILABLE, .description = }
04-15 11:48:22.435  8022  8047 I chatty  : uid=1000(system) Thread-2 expire 16 lines
04-15 11:48:22.438  3443  8048 I         : ###ADS :Waiting for client connection.....
04-15 11:48:22.443  3443  8048 I         : ###ADS :Waiting for client connection.....
04-15 11:48:22.448  3443  8048 I         : ###ADS :Waiting for client connection.....
04-15 11:48:22.453  3443  8048 I         : ###ADS :Waiting for client connection.....
04-15 11:48:22.458  3443  8048 I         : ###ADS :Waiting for client connection.....
04-15 11:48:22.463  3443  8048 I         : ###ADS :Waiting for client connection.....
04-15 11:48:22.468  3443  8048 I         : ###ADS :Waiting for client connection.....
04-15 11:48:22.473  3443  8048 I         : ###ADS :Waiting for client connection.....
04-15 11:48:22.478  3443  8048 I         : ###ADS :Waiting for client connection.....
04-15 11:48:22.582  3443  3443 D         : wld: READ /sys/class/net/wlan0/statistics/rx_packets = 90364
04-15 11:48:22.586  3443  3443 D         : wld: READ /sys/class/net/wlan0/statistics/rx_errors = 0
04-15 11:48:22.602  3694  5900 D NetworkPolicy: 10034 is allowed on unmetered network
04-15 11:48:22.605  3694  5900 D NetworkPolicy: 10034 is allowed on unmetered network
04-15 11:48:22.915  3694  5900 D NetworkPolicy: 1000 is 7
04-15 11:48:23.136  3815  3816 I HdmiCec : onCecMessage TV->** <Device Vendor ID> 00e091
04-15 11:48:23.138  3694  3694 D HDMI    : [R]:<Device Vendor Id> 0F:87:00:E0:91
04-15 11:48:23.291  3815  3816 I HdmiCec : onCecMessage TV->P1 <Feature Abort>
04-15 11:48:23.292  3694  3694 D HDMI    : [R]:<Feature Abort> 04:00
04-15 11:48:23.384  3815  3816 I HdmiCec : onCecMessage TV->P1 <Vendor Command> (04:89:01)
04-15 11:48:23.386  3694  3694 D HDMI    : [R]:<Vendor Command> 04:89:01
04-15 11:48:23.387  3694  3812 D HDMI    : [S]:<Feature Abort> 40:00:89:01
04-15 11:48:23.387  3815  3815 I HdmiCec : sendMessage P1->TV <Feature Abort> <Vendor Command> NOT_IN_CORRECT_MODE
04-15 11:48:23.604  3694  5900 D NetworkPolicy: 10034 is allowed on unmetered network
04-15 11:48:23.613  3694  5900 D NetworkPolicy: 10034 is allowed on unmetered network
04-15 11:48:23.922  3694  5900 D NetworkPolicy: 1000 is 7
04-15 11:48:24.053  3694  3793 E WifiVendorHal: getWifiLinkLayerStats_internal(l.903) failed {.code = ERROR_NOT_AVAILABLE, .description = }
04-15 11:48:24.057  3694  3793 D NetworkStats: TetherStats: iface=wlan0 type=3 entry=iface=null uid=-1 set=ALL tag=0x0 metered=ALL roaming=ALL defaultNetwork=ALL rxBytes=0 rxPackets=0 txBytes=0 txPackets=0 operations=0
04-15 11:48:24.063  3694  3793 D NetworkStats: TetherStats: iface=wlan0 type=1 entry=iface=null uid=-1 set=ALL tag=0x0 metered=ALL roaming=ALL defaultNetwork=ALL rxBytes=0 rxPackets=0 txBytes=0 txPackets=0 operations=0
04-15 11:48:24.605  3694  5900 D NetworkPolicy: 10034 is allowed on unmetered network
04-15 11:48:24.613  3694  5900 D NetworkPolicy: 10034 is allowed on unmetered network
04-15 11:48:24.628  3694  8596 D NetworkPolicy: 10038 is allowed on unmetered network
04-15 11:48:24.745  8022  8437 I chatty  : uid=1000(system) pool-2-thread-1 expire 137 lines
04-15 11:48:24.752  3443  3443 D         : wld: cmd: /vendor/bin/wl status
04-15 11:48:24.828  3443  3443 D         : wld: status: scannum = 11 SSID = "Fios-NmGr6" Mode = Managed RSSI = -30 SNR = 29 Noise=-82
04-15 11:48:24.828  3443  3443 D         : wld: status: scannum = 11 Band = 5GHz chNo = 155 chWidth = 80MHz chCode = 0xe29b
04-15 11:48:24.828  3443  3443 D         : wld: status: scannum = 11 primaryChannel = 157
04-15 11:48:24.838  3443  3443 D         : wld: cmd: /vendor/bin/wl sta_info B8:F8:53:42:F9:7A
04-15 11:48:24.879  3443  3443 D         : wld: sta_info: scannum = 3 txucastpkts = 50481, rxucastpkts = 77667, rxrate = 1200950 
04-15 11:48:24.883  3443  3443 D         : wld: cmd: /vendor/bin/wl chanim_stats
04-15 11:48:24.922  3443  3443 D         : wld: chanim_stats: scannum = 0 idle = 0
04-15 11:48:24.926  3443  3443 D         : wld: cmd: /vendor/bin/wl counters
04-15 11:48:24.932  3694  8596 D NetworkPolicy: 1000 is 7
04-15 11:48:24.965  3443  3443 D         : wld: counters: scannum = 35 txretrans = 8112
04-15 11:48:24.966  3443  3443 D         : wld: counters: scannum = 35 rxframe = 90553 rxerror = 140
04-15 11:48:24.966  3443  3443 D         : wld: counters: txmcast = 0 rxmcast = 473211
04-15 11:48:24.966  3443  3443 D         : wld: counters: txucast = 54917 rxucast = 223297
04-15 11:48:24.966  3443  3443 D         : wld: counters: txbcast = 0 rxbadproto = 0
04-15 11:48:24.973  3443  3443 D         : wld: cmd: /vendor/bin/wl channels
04-15 11:48:25.008  3443  3443 D         : wld: channels: 1 2 3 4 5 6 7 8 9 10 11 36 40 44 48 52 56 60 64 100 104 108 112 116 120 124 128 132 136 140 144 149 153 157 161 165 
04-15 11:48:25.010  3443  3443 D         : wld: cmd: /vendor/bin/wl chanspec
04-15 11:48:25.031  3443  3443 D         : wld: chanspec: 1 2 3 4 5 6 7 8 9 10 11 36 40 44 48 52 56 60 64 100 104 108 112 116 120 124 128 132 136 140 144 149 153 157 161 165 
04-15 11:48:25.034  3443  3443 D         : wld: cmd: /vendor/bin/wl qtxpower
04-15 11:48:25.054  3443  3443 D         : wld: qtxpower: scannum = 2 qtxpower = 127
04-15 11:48:25.057  3443  3443 D         : wld: cmd: /vendor/bin/wl rate
04-15 11:48:25.078  3443  3443 D         : wld: rate = 1200.5 Mbps
04-15 11:48:25.300  3431  3431 D HAL_STAT: Hal_Stat_GetAudioDecoderStats
04-15 11:48:25.300  3431  3431 I HAL_STAT: Audio decoder [0] not started
04-15 11:48:25.300  3431  3431 I HAL_STAT: Audio decoder [1] not started
04-15 11:48:25.300  3431  3431 I HAL_STAT: Audio decoder [2] not started
04-15 11:48:25.301  3431  3431 D HAL_STAT: Hal_Stat_GetVideoDecoderStats...
04-15 11:48:25.303  3431  3431 W hal_stat@1.0-se: type=1400 audit(0.0:290): avc: denied { ioctl } for path="/dev/nxmw" dev="tmpfs" ino=364 ioctlcmd=0x805 scontext=u:r:hal_arris_hal_stat:s0 tcontext=u:object_r:nexus_device:s0 tclass=chr_file permissive=0
04-15 11:48:25.304  3431  3431 D HAL_STAT: Hal_Stat_GetEdidInfo...
04-15 11:48:25.305  3431  3431 E NEXUS   : !!!Error BERR_OS_ERROR(0x6) at /export/jenkins/workspace/F354_AndroidTv_10_StreamTV-Child01/subjob/verizon/out-bcm/target/product/inuvik/obj/FAKE/refsw/obj.972164/nexus/core/syncthunk/nexus_cec_abiverify_client.h:44
04-15 11:48:25.305  3431  3431 D HAL_STAT: outer hal get: followPreferredFormat: 1 format: 32
04-15 11:48:25.305  3431  3431 D HAL_STAT: Hal_Stat_GetHdmiSettings...HDMI Connected with resolutionMode = 1
04-15 11:48:25.305  3431  3431 D arris_hidl_hal_stat: in hal: get resolutionMode: 1 resolutionValue: 1080p
04-15 11:48:25.317  3443  3443 D         : wld: READ /sys/class/net/wlan0/address = 78:6a:1f:78:a0:c8
04-15 11:48:25.352  3443  3443 D         : wld: READ /sys/class/net/wlan0/address = 78:6a:1f:78:a0:c8
04-15 11:48:25.355  3443  3443 D         : wld: READ /sys/class/net/wlan0/statistics/rx_bytes = 54389807
04-15 11:48:25.358  3443  3443 D         : wld: READ /sys/class/net/wlan0/statistics/rx_packets = 90492
04-15 11:48:25.360  3443  3443 D         : wld: READ /sys/class/net/wlan0/statistics/rx_errors = 0
04-15 11:48:25.363  3443  3443 D         : wld: READ /sys/class/net/wlan0/statistics/tx_bytes = 14725459
04-15 11:48:25.365  3443  3443 D         : wld: READ /sys/class/net/wlan0/statistics/tx_packets = 59771
04-15 11:48:25.367  3443  3443 D         : wld: READ /sys/class/net/wlan0/statistics/tx_errors = 0
04-15 11:48:25.370  3443  3443 D         : wld: READ /sys/class/net/wlan0/statistics/tx_dropped = 0
04-15 11:48:25.372  3443  3443 D         : wld: READ /sys/class/net/wlan0/statistics/rx_dropped = 239
04-15 11:48:25.374  3443  3443 D         : wld:: cmd: /vendor/bin/wl country
04-15 11:48:25.390  3443  3443 D         : wld: rate = US (US/6) UNITED STATES
04-15 11:48:25.393  3443  3443 D         : wld:: cmd: /vendor/bin/wl country
04-15 11:48:25.408  3443  3443 D         : wld: rate = US (US/6) UNITED STATES
04-15 11:48:25.412  3443  3443 D         : wld: READ /sys/class/net/wlan0/statistics/rx_bytes = 54390421
04-15 11:48:25.415  3443  3443 D         : wld: READ /sys/class/net/wlan0/statistics/rx_packets = 90504
04-15 11:48:25.417  3443  3443 D         : wld: READ /sys/class/net/wlan0/statistics/rx_errors = 0
04-15 11:48:25.420  3443  3443 D         : wld: READ /sys/class/net/wlan0/statistics/tx_bytes = 14727441
04-15 11:48:25.422  3443  3443 D         : wld: READ /sys/class/net/wlan0/statistics/tx_packets = 59783
04-15 11:48:25.425  3443  3443 D         : wld: READ /sys/class/net/wlan0/statistics/tx_errors = 0
04-15 11:48:25.428  3443  3443 D         : wld: READ /sys/class/net/wlan0/statistics/tx_dropped = 0
04-15 11:48:25.431  3443  3443 D         : wld: READ /sys/class/net/wlan0/statistics/rx_dropped = 239
04-15 11:48:25.444  3443  3443 D         : wld: cmd: /vendor/bin/wl mfp
04-15 11:48:25.461  3443  3443 D         : wld:MFP_config::0
04-15 11:48:25.463  3443  3443 D         : wld: cmd: /vendor/bin/wl mfp
04-15 11:48:25.479  3443  3443 D         : wld:MFP_config::0
04-15 11:48:25.481  3443  3443 D         : wld: cmd: /vendor/bin/wl mfp
04-15 11:48:25.496  3443  3443 D         : wld:MFP_config::0
04-15 11:48:25.500  3443  3443 D         : wld:: cmd: /vendor/bin/wpa_cli status
04-15 11:48:25.524  3443  3443 D         : wpa: state = wpa_state=COMPLETED
04-15 11:48:25.527  3443  3443 D         : wld:: cmd: /vendor/bin/wpa_cli -v
04-15 11:48:25.550  3443  3443 D         : wpa: version = v2.8-devel-10
04-15 11:48:25.441  3694  8596 I chatty  : uid=1000(system) Binder:3694_14 identical 34 lines
04-15 11:48:25.497  3694  8596 D NetworkPolicy: 1000 is 7
04-15 11:48:25.606  3694  8596 D NetworkPolicy: 10034 is allowed on unmetered network
04-15 11:48:25.608  3694  8596 D NetworkPolicy: 10034 is allowed on unmetered network
04-15 11:48:25.659  3694  8596 D NetworkPolicy: 1000 is 7
04-15 11:48:25.665  3694  8596 I chatty  : uid=1000(system) Binder:3694_14 identical 14 lines
04-15 11:48:25.936  3694  8596 D NetworkPolicy: 1000 is 7
04-15 11:48:26.607  3694  8596 D NetworkPolicy: 10034 is allowed on unmetered network
04-15 11:48:26.614  3694  8596 D NetworkPolicy: 10034 is allowed on unmetered network
04-15 11:48:26.938  3694  8596 D NetworkPolicy: 1000 is 7
04-15 11:48:27.078  3694  3793 E WifiVendorHal: getWifiLinkLayerStats_internal(l.903) failed {.code = ERROR_NOT_AVAILABLE, .description = }
04-15 11:48:27.081  3694  3793 D NetworkStats: TetherStats: iface=wlan0 type=3 entry=iface=null uid=-1 set=ALL tag=0x0 metered=ALL roaming=ALL defaultNetwork=ALL rxBytes=0 rxPackets=0 txBytes=0 txPackets=0 operations=0
04-15 11:48:27.087  3694  3793 D NetworkStats: TetherStats: iface=wlan0 type=1 entry=iface=null uid=-1 set=ALL tag=0x0 metered=ALL roaming=ALL defaultNetwork=ALL rxBytes=0 rxPackets=0 txBytes=0 txPackets=0 operations=0
04-15 11:48:27.607  3694  8596 D NetworkPolicy: 10034 is allowed on unmetered network
04-15 11:48:27.612  3694  8596 D NetworkPolicy: 10034 is allowed on unmetered network
04-15 11:48:27.629  3694  8596 D NetworkPolicy: 10038 is allowed on unmetered network
04-15 11:48:27.949  3694  8596 D NetworkPolicy: 1000 is 7
04-15 11:48:28.280  3694  8596 W ProcessStats: Tracking association SourceState{dffcf3b com.verizon.qlv.services/10016 Top #5440} whose proc state 1 is better than process ProcessState{9b16658 com.arris.chmframework/1000 pkg=com.arris.chmframework} proc state 2 (1 skipped)
04-15 11:48:28.322  3612  3612 E wificond: NL80211_CMD_TRIGGER_SCAN failed: Try again
04-15 11:48:28.323  3694  3795 E WificondScannerImpl: Failed to start scan, freqs={5785}
04-15 11:48:28.399  3694  3795 E WificondScannerImpl: Failed to start scan, freqs={2412, 2417, 2422, 2427, 2432, 2437, 2442, 2447, 2452, 2457, 2462, 2467, 2472, 2484, 5170, 5180, 5190, 5200, 5210, 5220, 5230, 5240, 5260, 5280, 5300, 5320, 5500, 5520, 5540, 5560, 5580, 5600, 5620, 5640, 5660, 5680, 5700, 5720, 5745, 5765, 5785, 5805, 5825}
04-15 11:48:28.398  3612  3612 E wificond: NL80211_CMD_TRIGGER_SCAN failed: Try again
04-15 11:48:28.608  3694  5900 D NetworkPolicy: 10034 is allowed on unmetered network
04-15 11:48:28.616  3694  5900 D NetworkPolicy: 10034 is allowed on unmetered network
04-15 11:48:28.956  3694  5900 D NetworkPolicy: 1000 is 7
04-15 11:48:29.608  3694  8596 D NetworkPolicy: 10034 is allowed on unmetered network
04-15 11:48:29.614  3694  8596 D NetworkPolicy: 10034 is allowed on unmetered network
04-15 11:48:29.964  3694  8596 D NetworkPolicy: 1000 is 7
04-15 11:48:30.105  3694  3793 E WifiVendorHal: getWifiLinkLayerStats_internal(l.903) failed {.code = ERROR_NOT_AVAILABLE, .description = }
04-15 11:48:30.108  3694  3793 D NetworkStats: TetherStats: iface=wlan0 type=3 entry=iface=null uid=-1 set=ALL tag=0x0 metered=ALL roaming=ALL defaultNetwork=ALL rxBytes=0 rxPackets=0 txBytes=0 txPackets=0 operations=0
04-15 11:48:30.111  3694  3793 D NetworkStats: TetherStats: iface=wlan0 type=1 entry=iface=null uid=-1 set=ALL tag=0x0 metered=ALL roaming=ALL defaultNetwork=ALL rxBytes=0 rxPackets=0 txBytes=0 txPackets=0 operations=0
04-15 11:48:30.377  3612  3612 E wificond: NL80211_CMD_TRIGGER_SCAN failed: Try again
04-15 11:48:30.377  3694  3795 E WificondScannerImpl: Failed to start scan, freqs={5785}
04-15 11:48:30.587  3815  3816 I HdmiCec : onCecMessage TV->P1 <Vendor Command> (04:89:01)
04-15 11:48:30.589  3694  3694 D HDMI    : [R]:<Vendor Command> 04:89:01
04-15 11:48:30.590  3694  3812 D HDMI    : [S]:<Feature Abort> 40:00:89:01
04-15 11:48:30.590  3815  3815 I HdmiCec : sendMessage P1->TV <Feature Abort> <Vendor Command> NOT_IN_CORRECT_MODE
04-15 11:48:30.609  3694  8596 D NetworkPolicy: 10034 is allowed on unmetered network
04-15 11:48:30.614  3694  8596 D NetworkPolicy: 10034 is allowed on unmetered network
04-15 11:48:30.629  3694  8596 D NetworkPolicy: 10038 is allowed on unmetered network
04-15 11:48:30.974  3694  8596 D NetworkPolicy: 1000 is 7
04-15 11:48:31.610  3694  8596 D NetworkPolicy: 10034 is allowed on unmetered network
04-15 11:48:31.618  3694  8596 D NetworkPolicy: 10034 is allowed on unmetered network
04-15 11:48:31.981  3694  8596 D NetworkPolicy: 1000 is 7
04-15 11:48:32.611  3694  8596 D NetworkPolicy: 10034 is allowed on unmetered network
04-15 11:48:32.619  3694  8596 D NetworkPolicy: 10034 is allowed on unmetered network
04-15 11:48:32.992  3694  8596 D NetworkPolicy: 1000 is 7
04-15 11:48:33.127  3694  3793 E WifiVendorHal: getWifiLinkLayerStats_internal(l.903) failed {.code = ERROR_NOT_AVAILABLE, .description = }
04-15 11:48:33.131  3694  3793 D NetworkStats: TetherStats: iface=wlan0 type=3 entry=iface=null uid=-1 set=ALL tag=0x0 metered=ALL roaming=ALL defaultNetwork=ALL rxBytes=0 rxPackets=0 txBytes=0 txPackets=0 operations=0
04-15 11:48:33.133  3694  3793 D NetworkStats: TetherStats: iface=wlan0 type=1 entry=iface=null uid=-1 set=ALL tag=0x0 metered=ALL roaming=ALL defaultNetwork=ALL rxBytes=0 rxPackets=0 txBytes=0 txPackets=0 operations=0
04-15 11:48:33.613  3694  8596 D NetworkPolicy: 10034 is allowed on unmetered network
04-15 11:48:33.621  3694  8596 D NetworkPolicy: 10034 is allowed on unmetered network
04-15 11:48:33.629  3694  8596 D NetworkPolicy: 10038 is allowed on unmetered network
04-15 11:48:34.004  3694  8596 D NetworkPolicy: 1000 is 7
04-15 11:48:34.613  3694  8596 D NetworkPolicy: 10034 is allowed on unmetered network
04-15 11:48:34.623  3694  8596 D NetworkPolicy: 10034 is allowed on unmetered network
04-15 11:48:35.015  3694  5900 D NetworkPolicy: 1000 is 7
04-15 11:48:35.428  3612  3612 E wificond: NL80211_CMD_TRIGGER_SCAN failed: Try again
04-15 11:48:35.429  3694  3795 E WificondScannerImpl: Failed to start scan, freqs={5785}
04-15 11:48:35.616  3694  5900 D NetworkPolicy: 10034 is allowed on unmetered network
04-15 11:48:35.624  3694  5900 D NetworkPolicy: 10034 is allowed on unmetered network
04-15 11:48:36.027  3694  5900 D NetworkPolicy: 1000 is 7
04-15 11:48:36.148  3694  3793 E WifiVendorHal: getWifiLinkLayerStats_internal(l.903) failed {.code = ERROR_NOT_AVAILABLE, .description = }
04-15 11:48:36.149  3694  3793 D NetworkStats: TetherStats: iface=wlan0 type=3 entry=iface=null uid=-1 set=ALL tag=0x0 metered=ALL roaming=ALL defaultNetwork=ALL rxBytes=0 rxPackets=0 txBytes=0 txPackets=0 operations=0
04-15 11:48:36.151  3694  3793 D NetworkStats: TetherStats: iface=wlan0 type=1 entry=iface=null uid=-1 set=ALL tag=0x0 metered=ALL roaming=ALL defaultNetwork=ALL rxBytes=0 rxPackets=0 txBytes=0 txPackets=0 operations=0
04-15 11:48:36.615  3694  5900 D NetworkPolicy: 10034 is allowed on unmetered network
04-15 11:48:36.623  3694  5900 D NetworkPolicy: 10034 is allowed on unmetered network
04-15 11:48:36.629  3694  8596 D NetworkPolicy: 10038 is allowed on unmetered network
04-15 11:48:36.744  3694  8596 D NetworkPolicy: 10034 is allowed on unmetered network
04-15 11:48:36.749  3694  8596 D NetworkPolicy: 10034 is allowed on unmetered network
04-15 11:48:37.031  3694  8596 D NetworkPolicy: 1000 is 7
04-15 11:48:37.615  3694  8596 D NetworkPolicy: 10034 is allowed on unmetered network
04-15 11:48:37.625  3694  8596 D NetworkPolicy: 10034 is allowed on unmetered network
04-15 11:48:38.037  3694  8596 D NetworkPolicy: 1000 is 7
04-15 11:48:38.213  3815  3816 I HdmiCec : onCecMessage TV->** <Device Vendor ID> 00e091
04-15 11:48:38.217  3694  3694 D HDMI    : [R]:<Device Vendor Id> 0F:87:00:E0:91
04-15 11:48:38.368  3815  3816 I HdmiCec : onCecMessage TV->P1 <Feature Abort>
04-15 11:48:38.370  3694  3694 D HDMI    : [R]:<Feature Abort> 04:00
04-15 11:48:38.370  3694  3694 W HDMI    : [2]:Unexpected parameters: <Feature Abort> 04:00
04-15 11:48:38.461  3815  3816 I HdmiCec : onCecMessage TV->P1 <Vendor Command> (04:89:01)
04-15 11:48:38.464  3694  3694 D HDMI    : [R]:<Vendor Command> 04:89:01
04-15 11:48:38.465  3694  3812 D HDMI    : [S]:<Feature Abort> 40:00:89:01
04-15 11:48:38.466  3815  3815 I HdmiCec : sendMessage P1->TV <Feature Abort> <Vendor Command> NOT_IN_CORRECT_MODE
04-15 11:48:38.617  3694  8596 D NetworkPolicy: 10034 is allowed on unmetered network
04-15 11:48:38.622  3694  8596 D NetworkPolicy: 10034 is allowed on unmetered network
04-15 11:48:39.045  3694  8596 D NetworkPolicy: 1000 is 7
