04-15 11:42:41.296  3832  4457 I bt_stack: [INFO:connection_manager.cc(97)] App id=0x06already doing background connection to 98:06:3a:00:45:da
04-15 11:42:41.298  3832  3926 D bt_btif_config: btif_get_address_type: Device [98:06:3a:00:45:da] address type 0
04-15 11:42:41.298  3832  3926 D bt_btif_config: btif_get_device_type: Device [98:06:3a:00:45:da] type 2
04-15 11:42:41.298  3832  4457 I bt_stack: [INFO:gatt_api.cc(1105)] GATT_Connectgatt_if=6, address=98:06:3a:00:45:da
04-15 11:42:41.298  3832  4457 I bt_stack: [INFO:connection_manager.cc(97)] App id=0x06already doing background connection to 98:06:3a:00:45:da
04-15 11:42:41.304  3832  3926 D bt_btif_config: btif_get_address_type: Device [98:06:3a:00:45:da] address type 0
04-15 11:42:41.304  3832  3926 D bt_btif_config: btif_get_device_type: Device [98:06:3a:00:45:da] type 2
04-15 11:42:41.304  3832  4457 I bt_stack: [INFO:gatt_api.cc(1105)] GATT_Connectgatt_if=6, address=98:06:3a:00:45:da
04-15 11:42:41.304  3832  4457 I bt_stack: [INFO:connection_manager.cc(97)] App id=0x06already doing background connection to 98:06:3a:00:45:da
04-15 11:42:41.307  3832  3926 D bt_btif_config: btif_get_address_type: Device [98:06:3a:00:45:da] address type 0
04-15 11:42:41.307  3832  3926 D bt_btif_config: btif_get_device_type: Device [98:06:3a:00:45:da] type 2
04-15 11:42:41.307  3832  4457 I bt_stack: [INFO:gatt_api.cc(1105)] GATT_Connectgatt_if=6, address=98:06:3a:00:45:da
04-15 11:42:41.307  3832  4457 I bt_stack: [INFO:connection_manager.cc(97)] App id=0x06already doing background connection to 98:06:3a:00:45:da
04-15 11:42:41.310  3832  3926 D bt_btif_config: btif_get_address_type: Device [98:06:3a:00:45:da] address type 0
04-15 11:42:41.310  3832  3926 D bt_btif_config: btif_get_device_type: Device [98:06:3a:00:45:da] type 2
04-15 11:42:41.310  3832  4457 I bt_stack: [INFO:gatt_api.cc(1105)] GATT_Connectgatt_if=6, address=98:06:3a:00:45:da
04-15 11:42:41.310  3832  4457 I bt_stack: [INFO:connection_manager.cc(97)] App id=0x06already doing background connection to 98:06:3a:00:45:da
04-15 11:42:41.313  3832  3926 D bt_btif_config: btif_get_address_type: Device [98:06:3a:00:45:da] address type 0
04-15 11:42:41.313  3832  3926 D bt_btif_config: btif_get_device_type: Device [98:06:3a:00:45:da] type 2
04-15 11:42:41.314  3832  4457 I bt_stack: [INFO:gatt_api.cc(1105)] GATT_Connectgatt_if=6, address=98:06:3a:00:45:da
04-15 11:42:41.314  3832  4457 I bt_stack: [INFO:connection_manager.cc(97)] App id=0x06already doing background connection to 98:06:3a:00:45:da
04-15 11:42:42.592  3694  4979 D NetworkPolicy: 10038 is allowed on unmetered network
04-15 11:42:42.641  3694  3793 E WifiVendorHal: getWifiLinkLayerStats_internal(l.903) failed {.code = ERROR_NOT_AVAILABLE, .description = }
04-15 11:42:42.644  3694  3793 D NetworkStats: TetherStats: iface=wlan0 type=3 entry=iface=null uid=-1 set=ALL tag=0x0 metered=ALL roaming=ALL defaultNetwork=ALL rxBytes=0 rxPackets=0 txBytes=0 txPackets=0 operations=0
04-15 11:42:42.648  3694  3793 D NetworkStats: TetherStats: iface=wlan0 type=1 entry=iface=null uid=-1 set=ALL tag=0x0 metered=ALL roaming=ALL defaultNetwork=ALL rxBytes=0 rxPackets=0 txBytes=0 txPackets=0 operations=0
04-15 11:42:43.080  3694  4979 D NetworkPolicy: 1000 is 7
04-15 11:42:43.269  3694  4979 D NetworkPolicy: 10034 is allowed on unmetered network
04-15 11:42:43.802  3815  3816 I HdmiCec : onCecMessage TV->P1 <Vendor Command> (04:89:01)
04-15 11:42:43.276  3694  4979 D NetworkPolicy: 10034 is allowed on unmetered network
04-15 11:42:43.805  3694  3694 D HDMI    : [R]:<Vendor Command> 04:89:01
04-15 11:42:43.806  3694  3812 D HDMI    : [S]:<Feature Abort> 40:00:89:01
04-15 11:42:43.807  3815  3815 I HdmiCec : sendMessage P1->TV <Feature Abort> <Vendor Command> NOT_IN_CORRECT_MODE
04-15 11:42:44.091  3694  4979 D NetworkPolicy: 1000 is 7
04-15 11:42:44.270  3694  4979 D NetworkPolicy: 10034 is allowed on unmetered network
04-15 11:42:44.276  3694  4979 D NetworkPolicy: 10034 is allowed on unmetered network
04-15 11:42:45.099  3694  4979 D NetworkPolicy: 1000 is 7
04-15 11:42:45.271  3694  4979 D NetworkPolicy: 10034 is allowed on unmetered network
04-15 11:42:45.279  3694  4979 D NetworkPolicy: 10034 is allowed on unmetered network
04-15 11:42:45.592  3694  8596 D NetworkPolicy: 10038 is allowed on unmetered network
04-15 11:42:45.664  3694  3793 E WifiVendorHal: getWifiLinkLayerStats_internal(l.903) failed {.code = ERROR_NOT_AVAILABLE, .description = }
04-15 11:42:45.668  3694  3793 D NetworkStats: TetherStats: iface=wlan0 type=3 entry=iface=null uid=-1 set=ALL tag=0x0 metered=ALL roaming=ALL defaultNetwork=ALL rxBytes=0 rxPackets=0 txBytes=0 txPackets=0 operations=0
04-15 11:42:45.672  3694  3793 D NetworkStats: TetherStats: iface=wlan0 type=1 entry=iface=null uid=-1 set=ALL tag=0x0 metered=ALL roaming=ALL defaultNetwork=ALL rxBytes=0 rxPackets=0 txBytes=0 txPackets=0 operations=0
04-15 11:42:46.113  3694  8596 D NetworkPolicy: 1000 is 7
04-15 11:42:46.271  3694  8596 D NetworkPolicy: 10034 is allowed on unmetered network
04-15 11:42:46.278  3694  8596 D NetworkPolicy: 10034 is allowed on unmetered network
04-15 11:42:47.122  3694  8596 D NetworkPolicy: 1000 is 7
04-15 11:42:47.272  3694  8596 D NetworkPolicy: 10034 is allowed on unmetered network
04-15 11:42:47.280  3694  8596 D NetworkPolicy: 10034 is allowed on unmetered network
04-15 11:42:48.131  3694  8596 D NetworkPolicy: 1000 is 7
04-15 11:42:48.273  3694  8596 D NetworkPolicy: 10034 is allowed on unmetered network
04-15 11:42:48.282  3694  4979 D NetworkPolicy: 10034 is allowed on unmetered network
04-15 11:42:48.593  3694  4979 D NetworkPolicy: 10038 is allowed on unmetered network
04-15 11:42:48.690  3694  3793 D NetworkStats: TetherStats: iface=wlan0 type=3 entry=iface=null uid=-1 set=ALL tag=0x0 metered=ALL roaming=ALL defaultNetwork=ALL rxBytes=0 rxPackets=0 txBytes=0 txPackets=0 operations=0
04-15 11:42:48.692  3694  3793 D NetworkStats: TetherStats: iface=wlan0 type=1 entry=iface=null uid=-1 set=ALL tag=0x0 metered=ALL roaming=ALL defaultNetwork=ALL rxBytes=0 rxPackets=0 txBytes=0 txPackets=0 operations=0
04-15 11:42:49.142  3694  4979 D NetworkPolicy: 1000 is 7
04-15 11:42:49.274  3694  4979 D NetworkPolicy: 10034 is allowed on unmetered network
04-15 11:42:49.280  3694  4979 D NetworkPolicy: 10034 is allowed on unmetered network
04-15 11:42:50.014  3694  8596 W ActivityManager: Receiver with filter android.content.IntentFilter@6043b31 already registered for pid 8022, callerPackage is com.arris.chmframework
04-15 11:42:48.685  3694  3793 E WifiVendorHal: getWifiLinkLayerStats_internal(l.903) failed {.code = ERROR_NOT_AVAILABLE, .description = }
04-15 11:42:50.015  8022  8047 I chatty  : uid=1000(system) Thread-2 expire 16 lines
04-15 11:42:50.149  3694  8596 D NetworkPolicy: 1000 is 7
04-15 11:42:50.275  3694  8596 D NetworkPolicy: 10034 is allowed on unmetered network
04-15 11:42:50.282  3694  8596 D NetworkPolicy: 10034 is allowed on unmetered network
04-15 11:42:51.152  3694  8596 D NetworkPolicy: 1000 is 7
04-15 11:42:51.277  3694  8596 D NetworkPolicy: 10034 is allowed on unmetered network
04-15 11:42:51.428  3815  3816 I HdmiCec : onCecMessage TV->** <Device Vendor ID> 00e091
04-15 11:42:51.283  3694  8596 D NetworkPolicy: 10034 is allowed on unmetered network
04-15 11:42:51.431  3694  3694 D HDMI    : [R]:<Device Vendor Id> 0F:87:00:E0:91
04-15 11:42:51.583  3815  3816 I HdmiCec : onCecMessage TV->P1 <Feature Abort>
04-15 11:42:51.584  3694  3694 D HDMI    : [R]:<Feature Abort> 04:00
04-15 11:42:51.593  3694  4979 D NetworkPolicy: 10038 is allowed on unmetered network
04-15 11:42:51.676  3815  3816 I HdmiCec : onCecMessage TV->P1 <Vendor Command> (04:89:01)
04-15 11:42:51.678  3694  3694 D HDMI    : [R]:<Vendor Command> 04:89:01
04-15 11:42:51.680  3694  3812 D HDMI    : [S]:<Feature Abort> 40:00:89:01
04-15 11:42:51.680  3815  3815 I HdmiCec : sendMessage P1->TV <Feature Abort> <Vendor Command> NOT_IN_CORRECT_MODE
04-15 11:42:51.709  3694  3793 E WifiVendorHal: getWifiLinkLayerStats_internal(l.903) failed {.code = ERROR_NOT_AVAILABLE, .description = }
04-15 11:42:51.713  3694  3793 D NetworkStats: TetherStats: iface=wlan0 type=3 entry=iface=null uid=-1 set=ALL tag=0x0 metered=ALL roaming=ALL defaultNetwork=ALL rxBytes=0 rxPackets=0 txBytes=0 txPackets=0 operations=0
04-15 11:42:51.716  3694  3793 D NetworkStats: TetherStats: iface=wlan0 type=1 entry=iface=null uid=-1 set=ALL tag=0x0 metered=ALL roaming=ALL defaultNetwork=ALL rxBytes=0 rxPackets=0 txBytes=0 txPackets=0 operations=0
04-15 11:42:52.163  3694  4979 D NetworkPolicy: 1000 is 7
04-15 11:42:52.278  3694  4979 D NetworkPolicy: 10034 is allowed on unmetered network
04-15 11:42:52.285  3694  4979 D NetworkPolicy: 10034 is allowed on unmetered network
04-15 11:42:53.175  3694  4979 D NetworkPolicy: 1000 is 7
04-15 11:42:53.280  3694  8596 D NetworkPolicy: 10034 is allowed on unmetered network
04-15 11:42:53.285  3694  4979 D NetworkPolicy: 10034 is allowed on unmetered network
04-15 11:42:54.183  3694  4979 D NetworkPolicy: 1000 is 7
04-15 11:42:54.279  3694  4979 D NetworkPolicy: 10034 is allowed on unmetered network
04-15 11:42:54.285  3694  4979 D NetworkPolicy: 10034 is allowed on unmetered network
04-15 11:42:54.593  3694  4979 D NetworkPolicy: 10038 is allowed on unmetered network
04-15 11:42:54.736  3694  3793 D NetworkStats: TetherStats: iface=wlan0 type=3 entry=iface=null uid=-1 set=ALL tag=0x0 metered=ALL roaming=ALL defaultNetwork=ALL rxBytes=0 rxPackets=0 txBytes=0 txPackets=0 operations=0
04-15 11:42:54.739  3694  3793 D NetworkStats: TetherStats: iface=wlan0 type=1 entry=iface=null uid=-1 set=ALL tag=0x0 metered=ALL roaming=ALL defaultNetwork=ALL rxBytes=0 rxPackets=0 txBytes=0 txPackets=0 operations=0
04-15 11:42:55.191  3694  4979 D NetworkPolicy: 1000 is 7
04-15 11:42:55.280  3694  4979 D NetworkPolicy: 10034 is allowed on unmetered network
04-15 11:42:54.733  3694  3793 E WifiVendorHal: getWifiLinkLayerStats_internal(l.903) failed {.code = ERROR_NOT_AVAILABLE, .description = }
04-15 11:42:56.198  5330  6678 I chromium: [5330:6678:INFO:ssdp_device.c(101)] SSDP packets sent for 38 seconds = 5
04-15 11:42:55.286  3694  4979 D NetworkPolicy: 10034 is allowed on unmetered network
04-15 11:42:56.203  3694  4979 D NetworkPolicy: 1000 is 7
04-15 11:42:56.281  3694  4979 D NetworkPolicy: 10034 is allowed on unmetered network
04-15 11:42:56.287  3694  8596 D NetworkPolicy: 10034 is allowed on unmetered network
04-15 11:42:57.213  3694  8596 D NetworkPolicy: 1000 is 7
04-15 11:42:57.282  3694  8596 D NetworkPolicy: 10034 is allowed on unmetered network
04-15 11:42:57.289  3694  8596 D NetworkPolicy: 10034 is allowed on unmetered network
04-15 11:42:57.594  3694  4979 D NetworkPolicy: 10038 is allowed on unmetered network
04-15 11:42:57.753  3694  3793 E WifiVendorHal: getWifiLinkLayerStats_internal(l.903) failed {.code = ERROR_NOT_AVAILABLE, .description = }
04-15 11:42:57.756  3694  3793 D NetworkStats: TetherStats: iface=wlan0 type=3 entry=iface=null uid=-1 set=ALL tag=0x0 metered=ALL roaming=ALL defaultNetwork=ALL rxBytes=0 rxPackets=0 txBytes=0 txPackets=0 operations=0
04-15 11:42:57.759  3694  3793 D NetworkStats: TetherStats: iface=wlan0 type=1 entry=iface=null uid=-1 set=ALL tag=0x0 metered=ALL roaming=ALL defaultNetwork=ALL rxBytes=0 rxPackets=0 txBytes=0 txPackets=0 operations=0
04-15 11:42:58.220  3694  4979 D NetworkPolicy: 1000 is 7
04-15 11:42:58.283  3694  4979 D NetworkPolicy: 10034 is allowed on unmetered network
04-15 11:42:58.880  3815  3816 I HdmiCec : onCecMessage TV->P1 <Vendor Command> (04:89:01)
04-15 11:42:58.290  3694  4979 D NetworkPolicy: 10034 is allowed on unmetered network
04-15 11:42:58.885  3694  3694 D HDMI    : [R]:<Vendor Command> 04:89:01
04-15 11:42:58.886  3694  3812 D HDMI    : [S]:<Feature Abort> 40:00:89:01
04-15 11:42:58.887  3815  3815 I HdmiCec : sendMessage P1->TV <Feature Abort> <Vendor Command> NOT_IN_CORRECT_MODE
04-15 11:42:59.230  3694  8596 D NetworkPolicy: 1000 is 7
04-15 11:42:59.284  3694  4979 D NetworkPolicy: 10034 is allowed on unmetered network
04-15 11:42:59.291  3694  8596 D NetworkPolicy: 10034 is allowed on unmetered network
04-15 11:43:00.238  3694  8596 D NetworkPolicy: 1000 is 7
04-15 11:43:00.285  3694  8596 D NetworkPolicy: 10034 is allowed on unmetered network
04-15 11:43:00.291  3694  8596 D NetworkPolicy: 10034 is allowed on unmetered network
04-15 11:43:00.594  3694  8596 D NetworkPolicy: 10038 is allowed on unmetered network
04-15 11:43:00.773  3694  3793 E WifiVendorHal: getWifiLinkLayerStats_internal(l.903) failed {.code = ERROR_NOT_AVAILABLE, .description = }
04-15 11:43:00.776  3694  3793 D NetworkStats: TetherStats: iface=wlan0 type=3 entry=iface=null uid=-1 set=ALL tag=0x0 metered=ALL roaming=ALL defaultNetwork=ALL rxBytes=0 rxPackets=0 txBytes=0 txPackets=0 operations=0
04-15 11:43:00.778  3694  3793 D NetworkStats: TetherStats: iface=wlan0 type=1 entry=iface=null uid=-1 set=ALL tag=0x0 metered=ALL roaming=ALL defaultNetwork=ALL rxBytes=0 rxPackets=0 txBytes=0 txPackets=0 operations=0
04-15 11:43:01.247  3694  8596 D NetworkPolicy: 1000 is 7
04-15 11:43:01.286  3694  8596 D NetworkPolicy: 10034 is allowed on unmetered network
04-15 11:43:01.292  3694  4979 D NetworkPolicy: 10034 is allowed on unmetered network
04-15 11:43:02.258  3694  4979 D NetworkPolicy: 1000 is 7
04-15 11:43:02.286  3694  4979 D NetworkPolicy: 10034 is allowed on unmetered network
04-15 11:43:02.295  3694  4979 D NetworkPolicy: 10034 is allowed on unmetered network
04-15 11:43:03.266  3694  4979 D NetworkPolicy: 1000 is 7
04-15 11:43:03.288  3694  4979 D NetworkPolicy: 10034 is allowed on unmetered network
04-15 11:43:03.293  3694  8596 D NetworkPolicy: 10034 is allowed on unmetered network
04-15 11:43:03.594  3694  8596 D NetworkPolicy: 10038 is allowed on unmetered network
04-15 11:43:03.801  3694  3793 D NetworkStats: TetherStats: iface=wlan0 type=3 entry=iface=null uid=-1 set=ALL tag=0x0 metered=ALL roaming=ALL defaultNetwork=ALL rxBytes=0 rxPackets=0 txBytes=0 txPackets=0 operations=0
04-15 11:43:03.806  3694  3793 D NetworkStats: TetherStats: iface=wlan0 type=1 entry=iface=null uid=-1 set=ALL tag=0x0 metered=ALL roaming=ALL defaultNetwork=ALL rxBytes=0 rxPackets=0 txBytes=0 txPackets=0 operations=0
04-15 11:43:04.276  3694  8596 D NetworkPolicy: 1000 is 7
04-15 11:43:04.289  3694  8596 D NetworkPolicy: 10034 is allowed on unmetered network
04-15 11:43:04.295  3694  8596 D NetworkPolicy: 10034 is allowed on unmetered network
04-15 11:43:05.286  3694  8596 D NetworkPolicy: 1000 is 7
04-15 11:43:05.290  3694  4979 D NetworkPolicy: 10034 is allowed on unmetered network
04-15 11:43:05.299  3694  8596 D NetworkPolicy: 10034 is allowed on unmetered network
04-15 11:43:06.292  3694  8596 D NetworkPolicy: 10034 is allowed on unmetered network
04-15 11:43:06.298  3694  4979 D NetworkPolicy: 10034 is allowed on unmetered network
04-15 11:43:06.300  3694  8596 D NetworkPolicy: 1000 is 7
04-15 11:43:03.794  3694  3793 E WifiVendorHal: getWifiLinkLayerStats_internal(l.903) failed {.code = ERROR_NOT_AVAILABLE, .description = }
04-15 11:43:06.441  3694  3706 I system_server: Background young concurrent copying GC freed 181085(6421KB) AllocSpace objects, 1(20KB) LOS objects, 34% free, 12MB/18MB, paused 732us total 141.161ms
04-15 11:43:06.505  3815  3816 I HdmiCec : onCecMessage TV->** <Device Vendor ID> 00e091
04-15 11:43:06.506  3694  3694 D HDMI    : [R]:<Device Vendor Id> 0F:87:00:E0:91
04-15 11:43:06.594  3694  4979 D NetworkPolicy: 10038 is allowed on unmetered network
04-15 11:43:06.661  3815  3816 I HdmiCec : onCecMessage TV->P1 <Feature Abort>
04-15 11:43:06.663  3694  3694 D HDMI    : [R]:<Feature Abort> 04:00
04-15 11:43:06.664  3694  3694 W HDMI    : [2]:Unexpected parameters: <Feature Abort> 04:00
04-15 11:43:06.732  3694  4979 D NetworkPolicy: 10034 is allowed on unmetered network
04-15 11:43:06.754  3815  3816 I HdmiCec : onCecMessage TV->P1 <Vendor Command> (04:89:01)
04-15 11:43:06.737  3694  4979 D NetworkPolicy: 10034 is allowed on unmetered network
04-15 11:43:06.756  3694  3694 D HDMI    : [R]:<Vendor Command> 04:89:01
04-15 11:43:06.757  3694  3812 D HDMI    : [S]:<Feature Abort> 40:00:89:01
04-15 11:43:06.758  3815  3815 I HdmiCec : sendMessage P1->TV <Feature Abort> <Vendor Command> NOT_IN_CORRECT_MODE
04-15 11:43:06.821  3694  3793 E WifiVendorHal: getWifiLinkLayerStats_internal(l.903) failed {.code = ERROR_NOT_AVAILABLE, .description = }
04-15 11:43:06.824  3694  3793 D NetworkStats: TetherStats: iface=wlan0 type=3 entry=iface=null uid=-1 set=ALL tag=0x0 metered=ALL roaming=ALL defaultNetwork=ALL rxBytes=0 rxPackets=0 txBytes=0 txPackets=0 operations=0
04-15 11:43:06.827  3694  3793 D NetworkStats: TetherStats: iface=wlan0 type=1 entry=iface=null uid=-1 set=ALL tag=0x0 metered=ALL roaming=ALL defaultNetwork=ALL rxBytes=0 rxPackets=0 txBytes=0 txPackets=0 operations=0
04-15 11:43:07.167  5330  5330 I chromium: [5330:5330:INFO:metrics_stat_logger.cc(55)] Metrics stat for the past 60 secs : total=0
04-15 11:43:07.293  3694  4979 D NetworkPolicy: 10034 is allowed on unmetered network
04-15 11:43:07.299  3694  4979 D NetworkPolicy: 10034 is allowed on unmetered network
04-15 11:43:07.313  3694  4979 D NetworkPolicy: 1000 is 7
04-15 11:43:08.224  3694  3694 W ProcessStats: Tracking association SourceState{dffcf3b com.verizon.qlv.services/10016 Top #5416} whose proc state 1 is better than process ProcessState{9b16658 com.arris.chmframework/1000 pkg=com.arris.chmframework} proc state 2 (1 skipped)
04-15 11:43:08.288  3612  3612 E wificond: NL80211_CMD_TRIGGER_SCAN failed: Try again
04-15 11:43:08.288  3694  3795 E WificondScannerImpl: Failed to start scan, freqs={5785}
04-15 11:43:08.293  3694  4979 D NetworkPolicy: 10034 is allowed on unmetered network
04-15 11:43:08.300  3694  4979 D NetworkPolicy: 10034 is allowed on unmetered network
04-15 11:43:08.321  3694  4979 D NetworkPolicy: 1000 is 7
04-15 11:43:08.370  3612  3612 E wificond: NL80211_CMD_TRIGGER_SCAN failed: Try again
04-15 11:43:08.370  3694  3795 E WificondScannerImpl: Failed to start scan, freqs={2412, 2417, 2422, 2427, 2432, 2437, 2442, 2447, 2452, 2457, 2462, 2467, 2472, 2484, 5170, 5180, 5190, 5200, 5210, 5220, 5230, 5240, 5260, 5280, 5300, 5320, 5500, 5520, 5540, 5560, 5580, 5600, 5620, 5640, 5660, 5680, 5700, 5720, 5745, 5765, 5785, 5805, 5825}
04-15 11:43:09.295  3694  4979 D NetworkPolicy: 10034 is allowed on unmetered network
04-15 11:43:09.303  3694  4979 D NetworkPolicy: 10034 is allowed on unmetered network
04-15 11:43:09.327  3694  4979 D NetworkPolicy: 1000 is 7
04-15 11:43:09.595  3694  8596 D NetworkPolicy: 10038 is allowed on unmetered network
04-15 11:43:09.843  3694  3793 E WifiVendorHal: getWifiLinkLayerStats_internal(l.903) failed {.code = ERROR_NOT_AVAILABLE, .description = }
04-15 11:43:09.849  3694  3793 D NetworkStats: TetherStats: iface=wlan0 type=3 entry=iface=null uid=-1 set=ALL tag=0x0 metered=ALL roaming=ALL defaultNetwork=ALL rxBytes=0 rxPackets=0 txBytes=0 txPackets=0 operations=0
04-15 11:43:09.851  3694  3793 D NetworkStats: TetherStats: iface=wlan0 type=1 entry=iface=null uid=-1 set=ALL tag=0x0 metered=ALL roaming=ALL defaultNetwork=ALL rxBytes=0 rxPackets=0 txBytes=0 txPackets=0 operations=0
04-15 11:43:10.296  3694  8596 D NetworkPolicy: 10034 is allowed on unmetered network
04-15 11:43:10.306  3694  4979 D NetworkPolicy: 10034 is allowed on unmetered network
04-15 11:43:10.334  3694  4979 D NetworkPolicy: 1000 is 7
04-15 11:43:10.353  3612  3612 E wificond: NL80211_CMD_TRIGGER_SCAN failed: Try again
04-15 11:43:10.354  3694  3795 E WificondScannerImpl: Failed to start scan, freqs={5785}
04-15 11:43:11.295  3694  4979 D NetworkPolicy: 10034 is allowed on unmetered network
04-15 11:43:11.304  3694  4979 D NetworkPolicy: 10034 is allowed on unmetered network
04-15 11:43:11.340  3694  4979 D NetworkPolicy: 1000 is 7
04-15 11:43:11.729  8022  8437 I chatty  : uid=1000(system) pool-2-thread-1 expire 137 lines
04-15 11:43:11.738  3443  3443 I chatty  : uid=0(root) tr69@1.0-servic expire 54 lines
04-15 11:43:12.295  3694  8596 D NetworkPolicy: 10034 is allowed on unmetered network
04-15 11:43:12.298  3694  8596 D NetworkPolicy: 10034 is allowed on unmetered network
04-15 11:43:12.347  3694  4979 D NetworkPolicy: 1000 is 7
04-15 11:43:12.365  3431  3431 D HAL_STAT: Hal_Stat_GetAudioDecoderStats
04-15 11:43:12.366  3431  3431 I HAL_STAT: Audio decoder [0] not started
04-15 11:43:12.366  3431  3431 I HAL_STAT: Audio decoder [1] not started
04-15 11:43:12.366  3431  3431 I HAL_STAT: Audio decoder [2] not started
04-15 11:43:12.366  3431  3431 D HAL_STAT: Hal_Stat_GetVideoDecoderStats...
04-15 11:43:12.371  3431  3431 D HAL_STAT: Hal_Stat_GetEdidInfo...
04-15 11:43:12.372  3431  3431 E NEXUS   : !!!Error BERR_OS_ERROR(0x6) at /export/jenkins/workspace/F354_AndroidTv_10_StreamTV-Child01/subjob/verizon/out-bcm/target/product/inuvik/obj/FAKE/refsw/obj.972164/nexus/core/syncthunk/nexus_cec_abiverify_client.h:44
04-15 11:43:12.370  3431  3431 W hal_stat@1.0-se: type=1400 audit(0.0:279): avc: denied { ioctl } for path="/dev/nxmw" dev="tmpfs" ino=364 ioctlcmd=0x805 scontext=u:r:hal_arris_hal_stat:s0 tcontext=u:object_r:nexus_device:s0 tclass=chr_file permissive=0
04-15 11:43:12.372  3431  3431 D HAL_STAT: outer hal get: followPreferredFormat: 1 format: 32
04-15 11:43:12.372  3431  3431 D HAL_STAT: Hal_Stat_GetHdmiSettings...HDMI Connected with resolutionMode = 1
04-15 11:43:12.373  3431  3431 D arris_hidl_hal_stat: in hal: get resolutionMode: 1 resolutionValue: 1080p
04-15 11:43:12.379  3694  8596 D NetworkPolicy: 1000 is 7
04-15 11:43:12.543  3694  8596 I chatty  : uid=1000(system) Binder:3694_14 identical 32 lines
04-15 11:43:12.544  3694  8596 D NetworkPolicy: 1000 is 7
04-15 11:43:12.594  3694  8596 D NetworkPolicy: 10038 is allowed on unmetered network
04-15 11:43:12.615  3694  8596 D NetworkPolicy: 1000 is 7
04-15 11:43:12.862  3694  3793 E WifiVendorHal: getWifiLinkLayerStats_internal(l.903) failed {.code = ERROR_NOT_AVAILABLE, .description = }
04-15 11:43:12.788  3694  8596 I chatty  : uid=1000(system) Binder:3694_14 identical 14 lines
04-15 11:43:12.788  3694  8596 D NetworkPolicy: 1000 is 7
04-15 11:43:12.863  3694  3793 D NetworkStats: TetherStats: iface=wlan0 type=3 entry=iface=null uid=-1 set=ALL tag=0x0 metered=ALL roaming=ALL defaultNetwork=ALL rxBytes=0 rxPackets=0 txBytes=0 txPackets=0 operations=0
04-15 11:43:12.863  3694  3793 D NetworkStats: TetherStats: iface=wlan0 type=1 entry=iface=null uid=-1 set=ALL tag=0x0 metered=ALL roaming=ALL defaultNetwork=ALL rxBytes=0 rxPackets=0 txBytes=0 txPackets=0 operations=0
04-15 11:43:13.296  3694  8596 D NetworkPolicy: 10034 is allowed on unmetered network
04-15 11:43:13.300  3694  8596 D NetworkPolicy: 10034 is allowed on unmetered network
04-15 11:43:13.350  3694  8596 D NetworkPolicy: 1000 is 7
04-15 11:43:13.957  3815  3816 I HdmiCec : onCecMessage TV->P1 <Vendor Command> (04:89:01)
04-15 11:43:13.960  3694  3694 D HDMI    : [R]:<Vendor Command> 04:89:01
04-15 11:43:13.961  3694  3812 D HDMI    : [S]:<Feature Abort> 40:00:89:01
04-15 11:43:13.962  3815  3815 I HdmiCec : sendMessage P1->TV <Feature Abort> <Vendor Command> NOT_IN_CORRECT_MODE
04-15 11:43:14.299  3694  8596 D NetworkPolicy: 10034 is allowed on unmetered network
04-15 11:43:14.309  3694  8596 D NetworkPolicy: 10034 is allowed on unmetered network
04-15 11:43:14.352  3694  8596 D NetworkPolicy: 1000 is 7
04-15 11:43:15.300  3694  4979 D NetworkPolicy: 10034 is allowed on unmetered network
04-15 11:43:15.311  3694  4979 D NetworkPolicy: 10034 is allowed on unmetered network
04-15 11:43:15.362  3694  4979 D NetworkPolicy: 1000 is 7
04-15 11:43:15.416  3612  3612 E wificond: NL80211_CMD_TRIGGER_SCAN failed: Try again
04-15 11:43:15.417  3694  3795 E WificondScannerImpl: Failed to start scan, freqs={5785}
04-15 11:43:15.595  3694  8596 D NetworkPolicy: 10038 is allowed on unmetered network
04-15 11:43:15.872  3694  3793 E WifiVendorHal: getWifiLinkLayerStats_internal(l.903) failed {.code = ERROR_NOT_AVAILABLE, .description = }
04-15 11:43:15.875  3694  3793 D NetworkStats: TetherStats: iface=wlan0 type=3 entry=iface=null uid=-1 set=ALL tag=0x0 metered=ALL roaming=ALL defaultNetwork=ALL rxBytes=0 rxPackets=0 txBytes=0 txPackets=0 operations=0
04-15 11:43:15.880  3694  3793 D NetworkStats: TetherStats: iface=wlan0 type=1 entry=iface=null uid=-1 set=ALL tag=0x0 metered=ALL roaming=ALL defaultNetwork=ALL rxBytes=0 rxPackets=0 txBytes=0 txPackets=0 operations=0
04-15 11:43:16.302  3694  8596 D NetworkPolicy: 10034 is allowed on unmetered network
04-15 11:43:16.308  3694  8596 D NetworkPolicy: 10034 is allowed on unmetered network
04-15 11:43:16.369  3694  8596 D NetworkPolicy: 1000 is 7
04-15 11:43:17.305  3694  4979 D NetworkPolicy: 10034 is allowed on unmetered network
04-15 11:43:17.310  3694  4979 D NetworkPolicy: 10034 is allowed on unmetered network
04-15 11:43:17.380  3694  4979 D NetworkPolicy: 1000 is 7
04-15 11:43:18.306  3694  4979 D NetworkPolicy: 10034 is allowed on unmetered network
04-15 11:43:18.312  3694  4979 D NetworkPolicy: 10034 is allowed on unmetered network
04-15 11:43:18.388  3694  4979 D NetworkPolicy: 1000 is 7
04-15 11:43:18.595  3694  4979 D NetworkPolicy: 10038 is allowed on unmetered network
04-15 11:43:18.902  3694  3793 D NetworkStats: TetherStats: iface=wlan0 type=3 entry=iface=null uid=-1 set=ALL tag=0x0 metered=ALL roaming=ALL defaultNetwork=ALL rxBytes=0 rxPackets=0 txBytes=0 txPackets=0 operations=0
04-15 11:43:18.907  3694  3793 D NetworkStats: TetherStats: iface=wlan0 type=1 entry=iface=null uid=-1 set=ALL tag=0x0 metered=ALL roaming=ALL defaultNetwork=ALL rxBytes=0 rxPackets=0 txBytes=0 txPackets=0 operations=0
04-15 11:43:19.307  3694  4979 D NetworkPolicy: 10034 is allowed on unmetered network
04-15 11:43:19.313  3694  4979 D NetworkPolicy: 10034 is allowed on unmetered network
04-15 11:43:19.402  3694  4979 D NetworkPolicy: 1000 is 7
04-15 11:43:20.289  3694  8596 W ActivityManager: Receiver with filter android.content.IntentFilter@b861f69 already registered for pid 8022, callerPackage is com.arris.chmframework
04-15 11:43:18.897  3694  3793 E WifiVendorHal: getWifiLinkLayerStats_internal(l.903) failed {.code = ERROR_NOT_AVAILABLE, .description = }
04-15 11:43:20.290  8022  8047 I chatty  : uid=1000(system) Thread-2 expire 16 lines
04-15 11:43:20.293  3443  8048 I chatty  : uid=0(root) ArrisTr69Thread expire 10 lines
04-15 11:43:20.307  3694  8596 D NetworkPolicy: 10034 is allowed on unmetered network
04-15 11:43:20.311  3694  8596 D NetworkPolicy: 10034 is allowed on unmetered network
04-15 11:43:20.410  3694  8596 D NetworkPolicy: 1000 is 7
04-15 11:43:20.439  3612  3612 E wificond: NL80211_CMD_TRIGGER_SCAN failed: Try again
04-15 11:43:20.440  3694  3795 E WificondScannerImpl: Failed to start scan, freqs={5785}
04-15 11:43:21.308  3694  8596 D NetworkPolicy: 10034 is allowed on unmetered network
04-15 11:43:21.317  3694  8596 D NetworkPolicy: 10034 is allowed on unmetered network
04-15 11:43:21.415  3694  8596 D NetworkPolicy: 1000 is 7
04-15 11:43:21.583  3815  3816 I HdmiCec : onCecMessage TV->** <Device Vendor ID> 00e091
04-15 11:43:21.586  3694  3694 D HDMI    : [R]:<Device Vendor Id> 0F:87:00:E0:91
04-15 11:43:21.596  3694  4979 D NetworkPolicy: 10038 is allowed on unmetered network
04-15 11:43:21.739  3815  3816 I HdmiCec : onCecMessage TV->P1 <Feature Abort>
04-15 11:43:21.741  3694  3694 D HDMI    : [R]:<Feature Abort> 04:00
04-15 11:43:21.831  3815  3816 I HdmiCec : onCecMessage TV->P1 <Vendor Command> (04:89:01)
04-15 11:43:21.834  3694  3694 D HDMI    : [R]:<Vendor Command> 04:89:01
04-15 11:43:21.835  3694  3812 D HDMI    : [S]:<Feature Abort> 40:00:89:01
04-15 11:43:21.836  3815  3815 I HdmiCec : sendMessage P1->TV <Feature Abort> <Vendor Command> NOT_IN_CORRECT_MODE
04-15 11:43:21.922  3694  3793 E WifiVendorHal: getWifiLinkLayerStats_internal(l.903) failed {.code = ERROR_NOT_AVAILABLE, .description = }
04-15 11:43:21.925  3694  3793 D NetworkStats: TetherStats: iface=wlan0 type=3 entry=iface=null uid=-1 set=ALL tag=0x0 metered=ALL roaming=ALL defaultNetwork=ALL rxBytes=0 rxPackets=0 txBytes=0 txPackets=0 operations=0
04-15 11:43:21.928  3694  3793 D NetworkStats: TetherStats: iface=wlan0 type=1 entry=iface=null uid=-1 set=ALL tag=0x0 metered=ALL roaming=ALL defaultNetwork=ALL rxBytes=0 rxPackets=0 txBytes=0 txPackets=0 operations=0
04-15 11:43:22.209  3443  3443 I chatty  : uid=0(root) tr69@1.0-servic expire 56 lines
04-15 11:43:22.309  3694  4979 D NetworkPolicy: 10034 is allowed on unmetered network
04-15 11:43:22.315  3694  4979 D NetworkPolicy: 10034 is allowed on unmetered network
04-15 11:43:22.424  3694  4979 D NetworkPolicy: 1000 is 7
04-15 11:43:23.311  3694  8596 D NetworkPolicy: 10034 is allowed on unmetered network
04-15 11:43:23.319  3694  4979 D NetworkPolicy: 10034 is allowed on unmetered network
04-15 11:43:23.431  3694  4979 D NetworkPolicy: 1000 is 7
04-15 11:43:24.311  3694  4979 D NetworkPolicy: 10034 is allowed on unmetered network
04-15 11:43:24.317  3694  4979 D NetworkPolicy: 10034 is allowed on unmetered network
04-15 11:43:24.440  3694  4979 D NetworkPolicy: 1000 is 7
04-15 11:43:24.596  3694  4979 D NetworkPolicy: 10038 is allowed on unmetered network
04-15 11:43:24.945  3694  3793 E WifiVendorHal: getWifiLinkLayerStats_internal(l.903) failed {.code = ERROR_NOT_AVAILABLE, .description = }
04-15 11:43:24.948  3694  3793 D NetworkStats: TetherStats: iface=wlan0 type=3 entry=iface=null uid=-1 set=ALL tag=0x0 metered=ALL roaming=ALL defaultNetwork=ALL rxBytes=0 rxPackets=0 txBytes=0 txPackets=0 operations=0
04-15 11:43:24.952  3694  3793 D NetworkStats: TetherStats: iface=wlan0 type=1 entry=iface=null uid=-1 set=ALL tag=0x0 metered=ALL roaming=ALL defaultNetwork=ALL rxBytes=0 rxPackets=0 txBytes=0 txPackets=0 operations=0
04-15 11:43:25.311  3694  4979 D NetworkPolicy: 10034 is allowed on unmetered network
04-15 11:43:25.319  3694  4979 D NetworkPolicy: 10034 is allowed on unmetered network
04-15 11:43:25.450  3694  4979 D NetworkPolicy: 1000 is 7
04-15 11:43:25.493  3612  3612 E wificond: NL80211_CMD_TRIGGER_SCAN failed: Try again
04-15 11:43:25.494  3694  3795 E WificondScannerImpl: Failed to start scan, freqs={5785}
04-15 11:43:26.313  3694  4979 D NetworkPolicy: 10034 is allowed on unmetered network
04-15 11:43:26.320  3694  4979 D NetworkPolicy: 10034 is allowed on unmetered network
04-15 11:43:26.459  3694  4979 D NetworkPolicy: 1000 is 7
04-15 11:43:27.314  3694  8596 D NetworkPolicy: 10034 is allowed on unmetered network
04-15 11:43:27.321  3694  8596 D NetworkPolicy: 10034 is allowed on unmetered network
04-15 11:43:27.466  3694  8596 D NetworkPolicy: 1000 is 7
04-15 11:43:27.596  3694  8596 D NetworkPolicy: 10038 is allowed on unmetered network
04-15 11:43:27.967  3694  3793 E WifiVendorHal: getWifiLinkLayerStats_internal(l.903) failed {.code = ERROR_NOT_AVAILABLE, .description = }
04-15 11:43:27.971  3694  3793 D NetworkStats: TetherStats: iface=wlan0 type=3 entry=iface=null uid=-1 set=ALL tag=0x0 metered=ALL roaming=ALL defaultNetwork=ALL rxBytes=0 rxPackets=0 txBytes=0 txPackets=0 operations=0
04-15 11:43:27.975  3694  3793 D NetworkStats: TetherStats: iface=wlan0 type=1 entry=iface=null uid=-1 set=ALL tag=0x0 metered=ALL roaming=ALL defaultNetwork=ALL rxBytes=0 rxPackets=0 txBytes=0 txPackets=0 operations=0
04-15 11:43:28.315  3694  8596 D NetworkPolicy: 10034 is allowed on unmetered network
04-15 11:43:28.322  3694  8596 D NetworkPolicy: 10034 is allowed on unmetered network
04-15 11:43:28.474  3694  8596 D NetworkPolicy: 1000 is 7
04-15 11:43:29.035  3815  3816 I HdmiCec : onCecMessage TV->P1 <Vendor Command> (04:89:01)
04-15 11:43:29.038  3694  3694 D HDMI    : [R]:<Vendor Command> 04:89:01
04-15 11:43:29.039  3694  3812 D HDMI    : [S]:<Feature Abort> 40:00:89:01
04-15 11:43:29.040  3815  3815 I HdmiCec : sendMessage P1->TV <Feature Abort> <Vendor Command> NOT_IN_CORRECT_MODE
04-15 11:43:29.316  3694  8596 D NetworkPolicy: 10034 is allowed on unmetered network
04-15 11:43:29.325  3694  4979 D NetworkPolicy: 10034 is allowed on unmetered network
04-15 11:43:29.483  3694  4979 D NetworkPolicy: 1000 is 7
04-15 11:43:30.317  3694  4979 D NetworkPolicy: 10034 is allowed on unmetered network
04-15 11:43:30.325  3694  4979 D NetworkPolicy: 10034 is allowed on unmetered network
04-15 11:43:30.490  3694  4979 D NetworkPolicy: 1000 is 7
04-15 11:43:30.504  3694  3694 W ProcessStats: Tracking association SourceState{dffcf3b com.verizon.qlv.services/10016 Top #5422} whose proc state 1 is better than process ProcessState{9b16658 com.arris.chmframework/1000 pkg=com.arris.chmframework} proc state 2 (3 skipped)
04-15 11:43:30.553  3612  3612 E wificond: NL80211_CMD_TRIGGER_SCAN failed: Try again
04-15 11:43:30.553  3694  3795 E WificondScannerImpl: Failed to start scan, freqs={5785}
04-15 11:43:30.596  3694  4979 D NetworkPolicy: 10038 is allowed on unmetered network
04-15 11:43:30.987  3694  3793 E WifiVendorHal: getWifiLinkLayerStats_internal(l.903) failed {.code = ERROR_NOT_AVAILABLE, .description = }
04-15 11:43:30.992  3694  3793 D NetworkStats: TetherStats: iface=wlan0 type=3 entry=iface=null uid=-1 set=ALL tag=0x0 metered=ALL roaming=ALL defaultNetwork=ALL rxBytes=0 rxPackets=0 txBytes=0 txPackets=0 operations=0
04-15 11:43:30.994  3694  3793 D NetworkStats: TetherStats: iface=wlan0 type=1 entry=iface=null uid=-1 set=ALL tag=0x0 metered=ALL roaming=ALL defaultNetwork=ALL rxBytes=0 rxPackets=0 txBytes=0 txPackets=0 operations=0
04-15 11:43:31.318  3694  4979 D NetworkPolicy: 10034 is allowed on unmetered network
04-15 11:43:31.324  3694  4979 D NetworkPolicy: 10034 is allowed on unmetered network
04-15 11:43:31.505  3694  4979 D NetworkPolicy: 1000 is 7
04-15 11:43:32.319  3694  4979 D NetworkPolicy: 10034 is allowed on unmetered network
04-15 11:43:32.326  3694  4979 D NetworkPolicy: 10034 is allowed on unmetered network
04-15 11:43:32.513  3694  4979 D NetworkPolicy: 1000 is 7
04-15 11:43:33.320  3694  8596 D NetworkPolicy: 10034 is allowed on unmetered network
04-15 11:43:33.327  3694  8596 D NetworkPolicy: 10034 is allowed on unmetered network
04-15 11:43:33.520  3694  8596 D NetworkPolicy: 1000 is 7
04-15 11:43:33.597  3694  8596 D NetworkPolicy: 10038 is allowed on unmetered network
04-15 11:43:34.014  3694  3793 D NetworkStats: TetherStats: iface=wlan0 type=3 entry=iface=null uid=-1 set=ALL tag=0x0 metered=ALL roaming=ALL defaultNetwork=ALL rxBytes=0 rxPackets=0 txBytes=0 txPackets=0 operations=0
04-15 11:43:34.016  3694  3793 D NetworkStats: TetherStats: iface=wlan0 type=1 entry=iface=null uid=-1 set=ALL tag=0x0 metered=ALL roaming=ALL defaultNetwork=ALL rxBytes=0 rxPackets=0 txBytes=0 txPackets=0 operations=0
04-15 11:43:34.321  3694  8596 D NetworkPolicy: 10034 is allowed on unmetered network
04-15 11:43:34.326  3694  8596 D NetworkPolicy: 10034 is allowed on unmetered network
04-15 11:43:34.529  3694  8596 D NetworkPolicy: 1000 is 7
04-15 11:43:35.321  3694  8596 D NetworkPolicy: 10034 is allowed on unmetered network
04-15 11:43:35.327  3694  8596 D NetworkPolicy: 10034 is allowed on unmetered network
04-15 11:43:35.538  3694  8596 D NetworkPolicy: 1000 is 7
04-15 11:43:36.322  3694  8596 D NetworkPolicy: 10034 is allowed on unmetered network
04-15 11:43:36.329  3694  8596 D NetworkPolicy: 10034 is allowed on unmetered network
04-15 11:43:36.545  3694  8596 D NetworkPolicy: 1000 is 7
04-15 11:43:36.597  3694  8596 D NetworkPolicy: 10038 is allowed on unmetered network
04-15 11:43:34.011  3694  3793 E WifiVendorHal: getWifiLinkLayerStats_internal(l.903) failed {.code = ERROR_NOT_AVAILABLE, .description = }
04-15 11:43:36.661  3815  3816 I HdmiCec : onCecMessage TV->** <Device Vendor ID> 00e091
04-15 11:43:36.666  3694  3694 D HDMI    : [R]:<Device Vendor Id> 0F:87:00:E0:91
04-15 11:43:36.733  3694  8596 D NetworkPolicy: 10034 is allowed on unmetered network
04-15 11:43:36.816  3815  3816 I HdmiCec : onCecMessage TV->P1 <Feature Abort>
04-15 11:43:36.740  3694  8596 D NetworkPolicy: 10034 is allowed on unmetered network
04-15 11:43:36.818  3694  3694 D HDMI    : [R]:<Feature Abort> 04:00
04-15 11:43:36.818  3694  3694 W HDMI    : [2]:Unexpected parameters: <Feature Abort> 04:00
04-15 11:43:36.909  3815  3816 I HdmiCec : onCecMessage TV->P1 <Vendor Command> (04:89:01)
04-15 11:43:36.912  3694  3694 D HDMI    : [R]:<Vendor Command> 04:89:01
04-15 11:43:36.914  3694  3812 D HDMI    : [S]:<Feature Abort> 40:00:89:01
04-15 11:43:36.915  3815  3815 I HdmiCec : sendMessage P1->TV <Feature Abort> <Vendor Command> NOT_IN_CORRECT_MODE
04-15 11:43:37.033  3694  3793 E WifiVendorHal: getWifiLinkLayerStats_internal(l.903) failed {.code = ERROR_NOT_AVAILABLE, .description = }
04-15 11:43:37.036  3694  3793 D NetworkStats: TetherStats: iface=wlan0 type=3 entry=iface=null uid=-1 set=ALL tag=0x0 metered=ALL roaming=ALL defaultNetwork=ALL rxBytes=0 rxPackets=0 txBytes=0 txPackets=0 operations=0
04-15 11:43:37.039  3694  3793 D NetworkStats: TetherStats: iface=wlan0 type=1 entry=iface=null uid=-1 set=ALL tag=0x0 metered=ALL roaming=ALL defaultNetwork=ALL rxBytes=0 rxPackets=0 txBytes=0 txPackets=0 operations=0
04-15 11:43:37.322  3694  8596 D NetworkPolicy: 10034 is allowed on unmetered network
04-15 11:43:37.331  3694  8596 D NetworkPolicy: 10034 is allowed on unmetered network
04-15 11:43:37.554  3694  8596 D NetworkPolicy: 1000 is 7
04-15 11:43:38.323  3694  8596 D NetworkPolicy: 10034 is allowed on unmetered network
04-15 11:43:38.329  3694  8596 D NetworkPolicy: 10034 is allowed on unmetered network
04-15 11:43:38.564  3694  8596 D NetworkPolicy: 1000 is 7
04-15 11:43:39.324  3694  8596 D NetworkPolicy: 10034 is allowed on unmetered network
04-15 11:43:39.332  3694  8596 D NetworkPolicy: 10034 is allowed on unmetered network
04-15 11:43:39.573  3694  8596 D NetworkPolicy: 1000 is 7
04-15 11:43:39.597  3694  4979 D NetworkPolicy: 10038 is allowed on unmetered network
04-15 11:43:40.057  3694  3793 D NetworkStats: TetherStats: iface=wlan0 type=3 entry=iface=null uid=-1 set=ALL tag=0x0 metered=ALL roaming=ALL defaultNetwork=ALL rxBytes=0 rxPackets=0 txBytes=0 txPackets=0 operations=0
04-15 11:43:40.060  3694  3793 D NetworkStats: TetherStats: iface=wlan0 type=1 entry=iface=null uid=-1 set=ALL tag=0x0 metered=ALL roaming=ALL defaultNetwork=ALL rxBytes=0 rxPackets=0 txBytes=0 txPackets=0 operations=0
04-15 11:43:40.326  3694  4979 D NetworkPolicy: 10034 is allowed on unmetered network
04-15 11:43:40.334  3694  4979 D NetworkPolicy: 10034 is allowed on unmetered network
04-15 11:43:40.581  3694  4979 D NetworkPolicy: 1000 is 7
04-15 11:43:41.327  3694  8596 D NetworkPolicy: 10034 is allowed on unmetered network
04-15 11:43:41.334  3694  8596 D NetworkPolicy: 10034 is allowed on unmetered network
04-15 11:43:41.591  3694  8596 D NetworkPolicy: 1000 is 7
04-15 11:43:42.328  3694  8596 D NetworkPolicy: 10034 is allowed on unmetered network
04-15 11:43:40.054  3694  3793 E WifiVendorHal: getWifiLinkLayerStats_internal(l.903) failed {.code = ERROR_NOT_AVAILABLE, .description = }
04-15 11:43:42.499  6302  6302 D UpgradeService: InstallRequestReceiver intent action: arris.intent.action.ACS_ONBOOT_STATE
04-15 11:43:42.500  6302  6302 D UpgradeService: sendUpgradesAvailable = Bundle[{utcTimestamp=1650041022, upgradesAvailable=false}]
04-15 11:43:42.333  3694  8596 D NetworkPolicy: 10034 is allowed on unmetered network
04-15 11:43:42.597  3694  8596 D NetworkPolicy: 10038 is allowed on unmetered network
04-15 11:43:42.603  3694  8596 D NetworkPolicy: 1000 is 7
04-15 11:43:43.075  3694  3793 E WifiVendorHal: getWifiLinkLayerStats_internal(l.903) failed {.code = ERROR_NOT_AVAILABLE, .description = }
04-15 11:43:43.081  3694  3793 D NetworkStats: TetherStats: iface=wlan0 type=3 entry=iface=null uid=-1 set=ALL tag=0x0 metered=ALL roaming=ALL defaultNetwork=ALL rxBytes=0 rxPackets=0 txBytes=0 txPackets=0 operations=0
04-15 11:43:43.085  3694  3793 D NetworkStats: TetherStats: iface=wlan0 type=1 entry=iface=null uid=-1 set=ALL tag=0x0 metered=ALL roaming=ALL defaultNetwork=ALL rxBytes=0 rxPackets=0 txBytes=0 txPackets=0 operations=0
04-15 11:43:43.086  8022  8437 I chatty  : uid=1000(system) pool-2-thread-1 expire 119 lines
04-15 11:43:43.329  3694  4979 D NetworkPolicy: 10034 is allowed on unmetered network
04-15 11:43:43.332  3694  4979 D NetworkPolicy: 10034 is allowed on unmetered network
04-15 11:43:43.609  3694  8596 D NetworkPolicy: 1000 is 7
04-15 11:43:43.667  3431  3431 D HAL_STAT: Hal_Stat_GetAudioDecoderStats
04-15 11:43:43.668  3431  3431 I HAL_STAT: Audio decoder [0] not started
04-15 11:43:43.668  3431  3431 I HAL_STAT: Audio decoder [1] not started
04-15 11:43:43.668  3431  3431 I HAL_STAT: Audio decoder [2] not started
04-15 11:43:43.668  3431  3431 D HAL_STAT: Hal_Stat_GetVideoDecoderStats...
04-15 11:43:43.673  3431  3431 D HAL_STAT: Hal_Stat_GetEdidInfo...
04-15 11:43:43.674  3431  3431 E NEXUS   : !!!Error BERR_OS_ERROR(0x6) at /export/jenkins/workspace/F354_AndroidTv_10_StreamTV-Child01/subjob/verizon/out-bcm/target/product/inuvik/obj/FAKE/refsw/obj.972164/nexus/core/syncthunk/nexus_cec_abiverify_client.h:44
04-15 11:43:43.672  3431  3431 W hal_stat@1.0-se: type=1400 audit(0.0:280): avc: denied { ioctl } for path="/dev/nxmw" dev="tmpfs" ino=364 ioctlcmd=0x805 scontext=u:r:hal_arris_hal_stat:s0 tcontext=u:object_r:nexus_device:s0 tclass=chr_file permissive=0
04-15 11:43:43.675  3431  3431 D HAL_STAT: outer hal get: followPreferredFormat: 1 format: 32
04-15 11:43:43.675  3431  3431 D HAL_STAT: Hal_Stat_GetHdmiSettings...HDMI Connected with resolutionMode = 1
04-15 11:43:43.675  3431  3431 D arris_hidl_hal_stat: in hal: get resolutionMode: 1 resolutionValue: 1080p
04-15 11:43:43.953  3832  3926 D bt_btif_config: btif_get_address_type: Device [98:06:3a:00:45:da] address type 0
04-15 11:43:43.953  3832  3926 D bt_btif_config: btif_get_device_type: Device [98:06:3a:00:45:da] type 2
04-15 11:43:43.953  3832  4457 I bt_stack: [INFO:gatt_api.cc(1105)] GATT_Connectgatt_if=6, address=98:06:3a:00:45:da
04-15 11:43:43.953  3832  4457 I bt_stack: [INFO:connection_manager.cc(97)] App id=0x06already doing background connection to 98:06:3a:00:45:da
04-15 11:43:43.956  3832  3926 D bt_btif_config: btif_get_address_type: Device [98:06:3a:00:45:da] address type 0
04-15 11:43:43.956  3832  3926 D bt_btif_config: btif_get_device_type: Device [98:06:3a:00:45:da] type 2
04-15 11:43:43.956  3832  4457 I bt_stack: [INFO:gatt_api.cc(1105)] GATT_Connectgatt_if=6, address=98:06:3a:00:45:da
04-15 11:43:43.956  3832  4457 I bt_stack: [INFO:connection_manager.cc(97)] App id=0x06already doing background connection to 98:06:3a:00:45:da
04-15 11:43:43.958  3832  3926 D bt_btif_config: btif_get_address_type: Device [98:06:3a:00:45:da] address type 0
04-15 11:43:43.958  3832  3926 D bt_btif_config: btif_get_device_type: Device [98:06:3a:00:45:da] type 2
04-15 11:43:43.959  3832  4457 I bt_stack: [INFO:gatt_api.cc(1105)] GATT_Connectgatt_if=6, address=98:06:3a:00:45:da
04-15 11:43:43.959  3832  4457 I bt_stack: [INFO:connection_manager.cc(97)] App id=0x06already doing background connection to 98:06:3a:00:45:da
04-15 11:43:43.963  3832  3926 D bt_btif_config: btif_get_address_type: Device [98:06:3a:00:45:da] address type 0
04-15 11:43:43.963  3832  3926 D bt_btif_config: btif_get_device_type: Device [98:06:3a:00:45:da] type 2
04-15 11:43:43.963  3832  4457 I bt_stack: [INFO:gatt_api.cc(1105)] GATT_Connectgatt_if=6, address=98:06:3a:00:45:da
04-15 11:43:43.963  3832  4457 I bt_stack: [INFO:connection_manager.cc(97)] App id=0x06already doing background connection to 98:06:3a:00:45:da
04-15 11:43:43.965  3832  3926 D bt_btif_config: btif_get_address_type: Device [98:06:3a:00:45:da] address type 0
04-15 11:43:43.965  3832  3926 D bt_btif_config: btif_get_device_type: Device [98:06:3a:00:45:da] type 2
04-15 11:43:43.966  3832  4457 I bt_stack: [INFO:gatt_api.cc(1105)] GATT_Connectgatt_if=6, address=98:06:3a:00:45:da
04-15 11:43:43.966  3832  4457 I bt_stack: [INFO:connection_manager.cc(97)] App id=0x06already doing background connection to 98:06:3a:00:45:da
04-15 11:43:43.969  3832  3926 D bt_btif_config: btif_get_address_type: Device [98:06:3a:00:45:da] address type 0
04-15 11:43:43.969  3832  3926 D bt_btif_config: btif_get_device_type: Device [98:06:3a:00:45:da] type 2
04-15 11:43:43.970  3832  4457 I bt_stack: [INFO:gatt_api.cc(1105)] GATT_Connectgatt_if=6, address=98:06:3a:00:45:da
04-15 11:43:43.970  3832  4457 I bt_stack: [INFO:connection_manager.cc(97)] App id=0x06already doing background connection to 98:06:3a:00:45:da
04-15 11:43:43.972  3832  3926 D bt_btif_config: btif_get_address_type: Device [98:06:3a:00:45:da] address type 0
04-15 11:43:43.972  3832  3926 D bt_btif_config: btif_get_device_type: Device [98:06:3a:00:45:da] type 2
04-15 11:43:43.972  3832  4457 I bt_stack: [INFO:gatt_api.cc(1105)] GATT_Connectgatt_if=6, address=98:06:3a:00:45:da
04-15 11:43:43.972  3832  4457 I bt_stack: [INFO:connection_manager.cc(97)] App id=0x06already doing background connection to 98:06:3a:00:45:da
04-15 11:43:44.062  3694  8596 I chatty  : uid=1000(system) Binder:3694_14 identical 47 lines
04-15 11:43:44.063  3694  8596 D NetworkPolicy: 1000 is 7
04-15 11:43:44.063  3694  4979 D NetworkPolicy: 1000 is 7
04-15 11:43:44.063  3694  8596 D NetworkPolicy: 1000 is 7
04-15 11:43:44.112  3815  3816 I HdmiCec : onCecMessage TV->P1 <Vendor Command> (04:89:01)
04-15 11:43:44.113  3694  3694 D HDMI    : [R]:<Vendor Command> 04:89:01
04-15 11:43:44.113  3694  3812 D HDMI    : [S]:<Feature Abort> 40:00:89:01
04-15 11:43:44.113  3815  3815 I HdmiCec : sendMessage P1->TV <Feature Abort> <Vendor Command> NOT_IN_CORRECT_MODE
04-15 11:43:44.329  3694  8596 D NetworkPolicy: 10034 is allowed on unmetered network
04-15 11:43:44.331  3694  8596 D NetworkPolicy: 10034 is allowed on unmetered network
04-15 11:43:44.613  3694  8596 D NetworkPolicy: 1000 is 7
04-15 11:43:45.331  3694  8596 D NetworkPolicy: 10034 is allowed on unmetered network
04-15 11:43:45.338  3694  8596 D NetworkPolicy: 10034 is allowed on unmetered network
04-15 11:43:45.598  3694  8596 D NetworkPolicy: 10038 is allowed on unmetered network
04-15 11:43:45.616  3694  8596 D NetworkPolicy: 1000 is 7
04-15 11:43:46.099  3694  3793 E WifiVendorHal: getWifiLinkLayerStats_internal(l.903) failed {.code = ERROR_NOT_AVAILABLE, .description = }
04-15 11:43:46.105  3694  3793 D NetworkStats: TetherStats: iface=wlan0 type=3 entry=iface=null uid=-1 set=ALL tag=0x0 metered=ALL roaming=ALL defaultNetwork=ALL rxBytes=0 rxPackets=0 txBytes=0 txPackets=0 operations=0
04-15 11:43:46.107  3694  3793 D NetworkStats: TetherStats: iface=wlan0 type=1 entry=iface=null uid=-1 set=ALL tag=0x0 metered=ALL roaming=ALL defaultNetwork=ALL rxBytes=0 rxPackets=0 txBytes=0 txPackets=0 operations=0
04-15 11:43:46.332  3694  4979 D NetworkPolicy: 10034 is allowed on unmetered network
04-15 11:43:46.337  3694  4979 D NetworkPolicy: 10034 is allowed on unmetered network
04-15 11:43:46.625  3694  4979 D NetworkPolicy: 1000 is 7
04-15 11:43:47.332  3694  4979 D NetworkPolicy: 10034 is allowed on unmetered network
04-15 11:43:47.339  3694  4979 D NetworkPolicy: 10034 is allowed on unmetered network
04-15 11:43:47.633  3694  4979 D NetworkPolicy: 1000 is 7
04-15 11:43:48.332  3694  4979 D NetworkPolicy: 10034 is allowed on unmetered network
04-15 11:43:48.337  3694  4979 D NetworkPolicy: 10034 is allowed on unmetered network
04-15 11:43:48.341  3694  4979 W ActivityManager: Receiver with filter android.content.IntentFilter@e584925 already registered for pid 8022, callerPackage is com.arris.chmframework
04-15 11:43:48.343  8022  8047 I chatty  : uid=1000(system) Thread-2 expire 464 lines
04-15 11:43:48.346  3443  8048 I chatty  : uid=0(root) ArrisTr69Thread expire 250 lines
04-15 11:43:48.573  3694  4979 D NetworkPolicy: 1000 is 7
04-15 11:43:48.575  3694  4979 I chatty  : uid=1000(system) Binder:3694_C identical 1 line
04-15 11:43:48.577  3694  4979 D NetworkPolicy: 1000 is 7
04-15 11:43:48.597  3694  4979 D NetworkPolicy: 10038 is allowed on unmetered network
04-15 11:43:48.622  3694  4979 D NetworkPolicy: 1000 is 7
04-15 11:43:48.691  6302  6323 I ArusContentProvider: ###Arus: query()
04-15 11:43:48.691  6302  6323 D SQLiteQueryBuilder: SELECT _id, paramname, paramvalue, iswritable, notificationmode FROM ArusUpdatertable WHERE (paramname='LastOTAversion')
04-15 11:43:48.695  6302  6323 D SQLiteCursor: received count(*) from native_fill_window: 1
04-15 11:43:49.120  3694  3793 E WifiVendorHal: getWifiLinkLayerStats_internal(l.903) failed {.code = ERROR_NOT_AVAILABLE, .description = }
04-15 11:43:49.086  3694  4979 I chatty  : uid=1000(system) Binder:3694_C identical 8 lines
04-15 11:43:49.087  3694  4979 D NetworkPolicy: 1000 is 7
04-15 11:43:49.121  3694  3793 D NetworkStats: TetherStats: iface=wlan0 type=3 entry=iface=null uid=-1 set=ALL tag=0x0 metered=ALL roaming=ALL defaultNetwork=ALL rxBytes=0 rxPackets=0 txBytes=0 txPackets=0 operations=0
04-15 11:43:49.121  3694  3793 D NetworkStats: TetherStats: iface=wlan0 type=1 entry=iface=null uid=-1 set=ALL tag=0x0 metered=ALL roaming=ALL defaultNetwork=ALL rxBytes=0 rxPackets=0 txBytes=0 txPackets=0 operations=0
04-15 11:43:49.130  3694  4979 D NetworkPolicy: 1000 is 7
04-15 11:43:49.189  6302  6323 I ArusContentProvider: ###Arus: query()
04-15 11:43:49.189  6302  6323 D SQLiteQueryBuilder: SELECT _id, paramname, paramvalue, iswritable, notificationmode FROM ArusUpdatertable WHERE (paramname='LastOTAversion')
04-15 11:43:49.191  6302  6323 D SQLiteCursor: received count(*) from native_fill_window: 1
04-15 11:43:49.323  8483  8483 W cwmd    : type=1400 audit(0.0:281): avc: denied { read } for name="hosts" dev="dm-4" ino=770 scontext=u:r:cwmd:s0 tcontext=u:object_r:system_file:s0 tclass=file permissive=0
04-15 11:43:49.260  3694  4979 I chatty  : uid=1000(system) Binder:3694_C identical 4 lines
