04-15 11:49:04.253  3694  8596 D NetworkPolicy: 1000 is 7
04-15 11:49:04.641  3694  8596 D NetworkPolicy: 10034 is allowed on unmetered network
04-15 11:49:04.653  3694  8596 D NetworkPolicy: 10034 is allowed on unmetered network
04-15 11:49:05.262  3694  8596 D NetworkPolicy: 1000 is 7
04-15 11:49:05.643  3694  8596 D NetworkPolicy: 10034 is allowed on unmetered network
04-15 11:49:05.652  3694  8596 D NetworkPolicy: 10034 is allowed on unmetered network
04-15 11:49:06.271  3694  5900 D NetworkPolicy: 1000 is 7
04-15 11:49:06.326  3694  3793 D NetworkStats: TetherStats: iface=wlan0 type=3 entry=iface=null uid=-1 set=ALL tag=0x0 metered=ALL roaming=ALL defaultNetwork=ALL rxBytes=0 rxPackets=0 txBytes=0 txPackets=0 operations=0
04-15 11:49:06.328  3694  3793 D NetworkStats: TetherStats: iface=wlan0 type=1 entry=iface=null uid=-1 set=ALL tag=0x0 metered=ALL roaming=ALL defaultNetwork=ALL rxBytes=0 rxPackets=0 txBytes=0 txPackets=0 operations=0
04-15 11:49:06.632  3694  5900 D NetworkPolicy: 10038 is allowed on unmetered network
04-15 11:49:06.644  3694  5900 D NetworkPolicy: 10034 is allowed on unmetered network
04-15 11:49:07.169  5330  5330 I chromium: [5330:5330:INFO:metrics_stat_logger.cc(55)] Metrics stat for the past 60 secs : total=14
04-15 11:49:07.169  5330  5330 I chromium: [metrics_stat_logger] Cast.Discovery.Mdns.Request.AppId.In=4
04-15 11:49:07.169  5330  5330 I chromium: [metrics_stat_logger] Cast.Discovery.Mdns.Request.In=4
04-15 11:49:07.169  5330  5330 I chromium: [metrics_stat_logger] Cast.Discovery.Mdns.Request.Namespace.In=4
04-15 11:49:07.169  5330  5330 I chromium: [metrics_stat_logger] Cast.Discovery.Mdns.Response.AppId.Out=4
04-15 11:49:07.169  5330  5330 I chromium: [metrics_stat_logger] Cast.Discovery.Mdns.Response.Error.NamespaceNotSupported=4
04-15 11:49:07.169  5330  5330 I chromium: [metrics_stat_logger] Cast.Discovery.Mdns.Response.Out=4
04-15 11:49:07.169  5330  5330 I chromium: [metrics_stat_logger] CastV2.Connection.Connect.In=1
04-15 11:49:07.169  5330  5330 I chromium: [metrics_stat_logger] CastV2.Receiver.DeviceStatus.Out=1
04-15 11:49:07.169  5330  5330 I chromium: [metrics_stat_logger] CastV2.Receiver.GetAppAvailability.In=1
04-15 11:49:07.169  5330  5330 I chromium: [metrics_stat_logger] CastV2.Receiver.GetAppAvailability.Out=1
04-15 11:49:07.169  5330  5330 I chromium: [metrics_stat_logger] CastV2.Receiver.GetStatus.In=1
04-15 11:49:07.169  5330  5330 I chromium: [metrics_stat_logger] CastV2.Transport.Accept=1
04-15 11:49:07.169  5330  5330 I chromium: [metrics_stat_logger] CastV2.Transport.Close=1
04-15 11:49:07.169  5330  5330 I chromium: [metrics_stat_logger] CastV2.Transport.TcpAccept=1
04-15 11:49:06.745  3694  5900 I chatty  : uid=1000(system) Binder:3694_F identical 2 lines
04-15 11:49:06.752  3694  5900 D NetworkPolicy: 10034 is allowed on unmetered network
04-15 11:49:07.278  3694  5900 D NetworkPolicy: 1000 is 7
04-15 11:49:07.644  3694  5900 D NetworkPolicy: 10034 is allowed on unmetered network
04-15 11:49:07.652  3694  5900 D NetworkPolicy: 10034 is allowed on unmetered network
04-15 11:49:08.287  3694  5900 D NetworkPolicy: 1000 is 7
04-15 11:49:08.371  3694  3694 D HDMI    : [R]:<Device Vendor Id> 0F:87:00:E0:91
04-15 11:49:08.523  3815  3816 I chatty  : uid=1000(system) nx_sched_idle expire 3 lines
04-15 11:49:08.526  3694  3694 D HDMI    : [R]:<Feature Abort> 04:00
04-15 11:49:08.527  3694  3694 W HDMI    : [2]:Unexpected parameters: <Feature Abort> 04:00
04-15 11:49:08.619  3694  3694 D HDMI    : [R]:<Vendor Command> 04:89:01
04-15 11:49:08.620  3694  3812 D HDMI    : [S]:<Feature Abort> 40:00:89:01
04-15 11:49:08.646  3694  5900 D NetworkPolicy: 10034 is allowed on unmetered network
04-15 11:49:08.653  3694  5900 D NetworkPolicy: 10034 is allowed on unmetered network
04-15 11:49:09.293  3694  8596 D NetworkPolicy: 1000 is 7
04-15 11:49:09.319  3694  3726 E BatteryExternalStatsWorker: no controller energy info supplied for telephony
04-15 11:49:09.334  3416  3416 D Brcmstb-PowerHAL: power_get_stats
04-15 11:49:09.344  3694  3793 D NetworkStats: TetherStats: iface=wlan0 type=3 entry=iface=null uid=-1 set=ALL tag=0x0 metered=ALL roaming=ALL defaultNetwork=ALL rxBytes=0 rxPackets=0 txBytes=0 txPackets=0 operations=0
04-15 11:49:09.345  3694  3793 D NetworkStats: TetherStats: iface=wlan0 type=1 entry=iface=null uid=-1 set=ALL tag=0x0 metered=ALL roaming=ALL defaultNetwork=ALL rxBytes=0 rxPackets=0 txBytes=0 txPackets=0 operations=0
04-15 11:49:09.633  3694  8596 D NetworkPolicy: 10038 is allowed on unmetered network
04-15 11:49:09.646  3694  8596 D NetworkPolicy: 10034 is allowed on unmetered network
04-15 11:49:09.939  5330  5330 E chromium: [5330:5330:ERROR:dial_request_handler.cc(253)] Illegal DIAL application resource CORS origin: package:com.google.android.youtube
04-15 11:49:09.652  3694  8596 I chatty  : uid=1000(system) Binder:3694_14 identical 1 line
04-15 11:49:09.933  3694  8596 D NetworkPolicy: 10034 is allowed on unmetered network
04-15 11:49:10.305  3694  8596 D NetworkPolicy: 1000 is 7
04-15 11:49:10.646  3694  8596 D NetworkPolicy: 10034 is allowed on unmetered network
04-15 11:49:10.652  3694  8596 D NetworkPolicy: 10034 is allowed on unmetered network
04-15 11:49:11.315  3694  8596 D NetworkPolicy: 1000 is 7
04-15 11:49:11.647  3694  8596 D NetworkPolicy: 10034 is allowed on unmetered network
04-15 11:49:11.655  3694  8596 D NetworkPolicy: 10034 is allowed on unmetered network
04-15 11:49:12.327  3694  8596 D NetworkPolicy: 1000 is 7
04-15 11:49:12.358  3694  3793 D NetworkStats: TetherStats: iface=wlan0 type=3 entry=iface=null uid=-1 set=ALL tag=0x0 metered=ALL roaming=ALL defaultNetwork=ALL rxBytes=0 rxPackets=0 txBytes=0 txPackets=0 operations=0
04-15 11:49:12.360  3694  3793 D NetworkStats: TetherStats: iface=wlan0 type=1 entry=iface=null uid=-1 set=ALL tag=0x0 metered=ALL roaming=ALL defaultNetwork=ALL rxBytes=0 rxPackets=0 txBytes=0 txPackets=0 operations=0
04-15 11:49:12.633  3694  8596 D NetworkPolicy: 10038 is allowed on unmetered network
04-15 11:49:12.648  3694  8596 D NetworkPolicy: 10034 is allowed on unmetered network
04-15 11:49:12.655  3694  8596 D NetworkPolicy: 10034 is allowed on unmetered network
04-15 11:49:13.333  3694  5900 D NetworkPolicy: 1000 is 7
04-15 11:49:13.649  3694  5900 D NetworkPolicy: 10034 is allowed on unmetered network
04-15 11:49:13.656  3694  5900 D NetworkPolicy: 10034 is allowed on unmetered network
04-15 11:49:14.341  3694  5900 D NetworkPolicy: 1000 is 7
04-15 11:49:14.650  3694  5900 D NetworkPolicy: 10034 is allowed on unmetered network
04-15 11:49:14.659  3694  5900 D NetworkPolicy: 10034 is allowed on unmetered network
04-15 11:49:15.349  3694  5900 D NetworkPolicy: 1000 is 7
04-15 11:49:15.379  3694  3793 D NetworkStats: TetherStats: iface=wlan0 type=3 entry=iface=null uid=-1 set=ALL tag=0x0 metered=ALL roaming=ALL defaultNetwork=ALL rxBytes=0 rxPackets=0 txBytes=0 txPackets=0 operations=0
04-15 11:49:15.381  3694  3793 D NetworkStats: TetherStats: iface=wlan0 type=1 entry=iface=null uid=-1 set=ALL tag=0x0 metered=ALL roaming=ALL defaultNetwork=ALL rxBytes=0 rxPackets=0 txBytes=0 txPackets=0 operations=0
04-15 11:49:15.633  3694  5900 D NetworkPolicy: 10038 is allowed on unmetered network
04-15 11:49:15.651  3694  5900 D NetworkPolicy: 10034 is allowed on unmetered network
04-15 11:49:15.657  3694  5900 D NetworkPolicy: 10034 is allowed on unmetered network
04-15 11:49:15.823  3694  3694 D HDMI    : [R]:<Vendor Command> 04:89:01
04-15 11:49:15.824  3694  3812 D HDMI    : [S]:<Feature Abort> 40:00:89:01
04-15 11:49:15.825  3815  3815 I HdmiCec : sendMessage P1->TV <Feature Abort> <Vendor Command> NOT_IN_CORRECT_MODE
04-15 11:49:16.357  3694  5900 D NetworkPolicy: 1000 is 7
04-15 11:49:16.651  3694  5900 D NetworkPolicy: 10034 is allowed on unmetered network
04-15 11:49:16.658  3694  5900 D NetworkPolicy: 10034 is allowed on unmetered network
04-15 11:49:17.365  3694  5900 D NetworkPolicy: 1000 is 7
04-15 11:49:17.653  3694  5900 D NetworkPolicy: 10034 is allowed on unmetered network
04-15 11:49:17.662  3694  5900 D NetworkPolicy: 10034 is allowed on unmetered network
04-15 11:49:18.374  3694  5900 D NetworkPolicy: 1000 is 7
04-15 11:49:18.404  3694  3793 D NetworkStats: TetherStats: iface=wlan0 type=3 entry=iface=null uid=-1 set=ALL tag=0x0 metered=ALL roaming=ALL defaultNetwork=ALL rxBytes=0 rxPackets=0 txBytes=0 txPackets=0 operations=0
04-15 11:49:18.408  3694  3793 D NetworkStats: TetherStats: iface=wlan0 type=1 entry=iface=null uid=-1 set=ALL tag=0x0 metered=ALL roaming=ALL defaultNetwork=ALL rxBytes=0 rxPackets=0 txBytes=0 txPackets=0 operations=0
04-15 11:49:18.633  3694  5900 D NetworkPolicy: 10038 is allowed on unmetered network
04-15 11:49:18.654  3694  5900 D NetworkPolicy: 10034 is allowed on unmetered network
04-15 11:49:18.659  3694  5900 D NetworkPolicy: 10034 is allowed on unmetered network
04-15 11:49:19.384  3694  8596 D NetworkPolicy: 1000 is 7
04-15 11:49:19.655  3694  8596 D NetworkPolicy: 10034 is allowed on unmetered network
04-15 11:49:19.662  3694  8596 D NetworkPolicy: 10034 is allowed on unmetered network
04-15 11:49:20.393  3694  8596 D NetworkPolicy: 1000 is 7
04-15 11:49:20.656  3694  8596 D NetworkPolicy: 10034 is allowed on unmetered network
04-15 11:49:20.663  3694  8596 D NetworkPolicy: 10034 is allowed on unmetered network
04-15 11:49:21.409  3694  8596 D NetworkPolicy: 1000 is 7
04-15 11:49:21.426  3694  3793 D NetworkStats: TetherStats: iface=wlan0 type=3 entry=iface=null uid=-1 set=ALL tag=0x0 metered=ALL roaming=ALL defaultNetwork=ALL rxBytes=0 rxPackets=0 txBytes=0 txPackets=0 operations=0
04-15 11:49:21.428  3694  3793 D NetworkStats: TetherStats: iface=wlan0 type=1 entry=iface=null uid=-1 set=ALL tag=0x0 metered=ALL roaming=ALL defaultNetwork=ALL rxBytes=0 rxPackets=0 txBytes=0 txPackets=0 operations=0
04-15 11:49:21.634  3694  8596 D NetworkPolicy: 10038 is allowed on unmetered network
04-15 11:49:21.657  3694  8596 D NetworkPolicy: 10034 is allowed on unmetered network
04-15 11:49:21.663  3694  8596 D NetworkPolicy: 10034 is allowed on unmetered network
04-15 11:49:22.417  3694  8596 D NetworkPolicy: 1000 is 7
04-15 11:49:22.613  3443  3443 D         : wld: READ /sys/class/net/wlan0/statistics/rx_packets = 91764
04-15 11:49:22.623  3443  3443 D         : wld: READ /sys/class/net/wlan0/statistics/rx_errors = 0
04-15 11:49:22.658  3694  5900 D NetworkPolicy: 10034 is allowed on unmetered network
04-15 11:49:22.665  3694  5900 D NetworkPolicy: 10034 is allowed on unmetered network
04-15 11:49:22.741  3694  5900 W ActivityManager: Receiver with filter android.content.IntentFilter@80c626 already registered for pid 8022, callerPackage is com.arris.chmframework
04-15 11:49:22.745  8022  8047 I chatty  : uid=1000(system) Thread-2 expire 16 lines
04-15 11:49:22.749  3443  8048 I         : ###ADS :Waiting for client connection.....
04-15 11:49:22.755  3443  8048 I         : ###ADS :Waiting for client connection.....
04-15 11:49:22.760  3443  8048 I         : ###ADS :Waiting for client connection.....
04-15 11:49:22.765  3443  8048 I         : ###ADS :Waiting for client connection.....
04-15 11:49:22.770  3443  8048 I         : ###ADS :Waiting for client connection.....
04-15 11:49:22.775  3443  8048 I         : ###ADS :Waiting for client connection.....
04-15 11:49:22.780  3443  8048 I         : ###ADS :Waiting for client connection.....
04-15 11:49:22.785  3443  8048 I         : ###ADS :Waiting for client connection.....
04-15 11:49:22.790  3443  8048 I         : ###ADS :Waiting for client connection.....
04-15 11:49:23.382  5330 12976 I chromium: [5330:12976:INFO:ssdp_device.c(101)] SSDP packets sent for 36 seconds = 11
04-15 11:49:23.424  3694  5900 D NetworkPolicy: 1000 is 7
04-15 11:49:23.446  3815  3816 I HdmiCec : onCecMessage TV->** <Device Vendor ID> 00e091
04-15 11:49:23.448  3694  3694 D HDMI    : [R]:<Device Vendor Id> 0F:87:00:E0:91
04-15 11:49:23.491  3694  5900 D NetworkPolicy: 10034 is allowed on unmetered network
04-15 11:49:23.499  5330  5330 E chromium: [5330:5330:ERROR:dial_request_handler.cc(253)] Illegal DIAL application resource CORS origin: package:com.google.android.youtube
04-15 11:49:23.601  3815  3816 I HdmiCec : onCecMessage TV->P1 <Feature Abort>
04-15 11:49:23.604  3694  3694 D HDMI    : [R]:<Feature Abort> 04:00
04-15 11:49:23.659  3694  5900 D NetworkPolicy: 10034 is allowed on unmetered network
04-15 11:49:23.695  3815  3816 I HdmiCec : onCecMessage TV->P1 <Vendor Command> (04:89:01)
04-15 11:49:23.665  3694  5900 D NetworkPolicy: 10034 is allowed on unmetered network
04-15 11:49:23.697  3694  3694 D HDMI    : [R]:<Vendor Command> 04:89:01
04-15 11:49:23.698  3694  3812 D HDMI    : [S]:<Feature Abort> 40:00:89:01
04-15 11:49:23.700  3815  3815 I HdmiCec : sendMessage P1->TV <Feature Abort> <Vendor Command> NOT_IN_CORRECT_MODE
04-15 11:49:24.433  3694  5900 D NetworkPolicy: 1000 is 7
04-15 11:49:24.445  3694  3793 D NetworkStats: TetherStats: iface=wlan0 type=3 entry=iface=null uid=-1 set=ALL tag=0x0 metered=ALL roaming=ALL defaultNetwork=ALL rxBytes=0 rxPackets=0 txBytes=0 txPackets=0 operations=0
04-15 11:49:24.448  3694  3793 D NetworkStats: TetherStats: iface=wlan0 type=1 entry=iface=null uid=-1 set=ALL tag=0x0 metered=ALL roaming=ALL defaultNetwork=ALL rxBytes=0 rxPackets=0 txBytes=0 txPackets=0 operations=0
04-15 11:49:24.634  3694  5900 D NetworkPolicy: 10038 is allowed on unmetered network
04-15 11:49:24.660  3694  5900 D NetworkPolicy: 10034 is allowed on unmetered network
04-15 11:49:24.669  3694  5900 D NetworkPolicy: 10034 is allowed on unmetered network
04-15 11:49:25.462  3694  5900 D NetworkPolicy: 1000 is 7
04-15 11:49:25.661  3694  5900 D NetworkPolicy: 10034 is allowed on unmetered network
04-15 11:49:25.667  3694  5900 D NetworkPolicy: 10034 is allowed on unmetered network
04-15 11:49:26.471  3694  5900 D NetworkPolicy: 1000 is 7
04-15 11:49:26.662  3694  8596 D NetworkPolicy: 10034 is allowed on unmetered network
04-15 11:49:27.227  8022  8437 I chatty  : uid=1000(system) pool-2-thread-1 expire 137 lines
04-15 11:49:27.234  3443  3443 D         : wld: cmd: /vendor/bin/wl status
04-15 11:49:27.315  3443  3443 D         : wld: status: scannum = 11 SSID = "Fios-NmGr6" Mode = Managed RSSI = -29 SNR = 27 Noise=-83
04-15 11:49:27.315  3443  3443 D         : wld: status: scannum = 11 Band = 5GHz chNo = 155 chWidth = 80MHz chCode = 0xe29b
04-15 11:49:27.315  3443  3443 D         : wld: status: scannum = 11 primaryChannel = 157
04-15 11:49:27.325  3443  3443 D         : wld: cmd: /vendor/bin/wl sta_info B8:F8:53:42:F9:7A
04-15 11:49:27.377  3443  3443 D         : wld: sta_info: scannum = 3 txucastpkts = 51981, rxucastpkts = 78987, rxrate = 1200950 
04-15 11:49:27.382  3443  3443 D         : wld: cmd: /vendor/bin/wl chanim_stats
04-15 11:49:27.420  3443  3443 D         : wld: chanim_stats: scannum = 0 idle = 0
04-15 11:49:27.425  3443  3443 D         : wld: cmd: /vendor/bin/wl counters
04-15 11:49:27.461  3694  3793 I chatty  : uid=1000(system) ClientModeImpl expire 17 lines
04-15 11:49:26.667  3694  8596 D NetworkPolicy: 10034 is allowed on unmetered network
04-15 11:49:27.462  3694  3793 D NetworkStats: TetherStats: iface=wlan0 type=3 entry=iface=null uid=-1 set=ALL tag=0x0 metered=ALL roaming=ALL defaultNetwork=ALL rxBytes=0 rxPackets=0 txBytes=0 txPackets=0 operations=0
04-15 11:49:27.464  3443  3443 D         : wld: counters: scannum = 35 txretrans = 8332
04-15 11:49:27.464  3443  3443 D         : wld: counters: scannum = 35 rxframe = 92007 rxerror = 140
04-15 11:49:27.464  3443  3443 D         : wld: counters: txmcast = 0 rxmcast = 478553
04-15 11:49:27.464  3443  3443 D         : wld: counters: txucast = 56615 rxucast = 228801
04-15 11:49:27.464  3443  3443 D         : wld: counters: txbcast = 0 rxbadproto = 0
04-15 11:49:27.464  3694  3793 D NetworkStats: TetherStats: iface=wlan0 type=1 entry=iface=null uid=-1 set=ALL tag=0x0 metered=ALL roaming=ALL defaultNetwork=ALL rxBytes=0 rxPackets=0 txBytes=0 txPackets=0 operations=0
04-15 11:49:27.469  3443  3443 D         : wld: cmd: /vendor/bin/wl channels
04-15 11:49:27.477  3694  8596 D NetworkPolicy: 1000 is 7
04-15 11:49:27.506  3443  3443 D         : wld: channels: 1 2 3 4 5 6 7 8 9 10 11 36 40 44 48 52 56 60 64 100 104 108 112 116 120 124 128 132 136 140 144 149 153 157 161 165 
04-15 11:49:27.507  3443  3443 D         : wld: cmd: /vendor/bin/wl chanspec
04-15 11:49:27.541  3443  3443 D         : wld: chanspec: 1 2 3 4 5 6 7 8 9 10 11 36 40 44 48 52 56 60 64 100 104 108 112 116 120 124 128 132 136 140 144 149 153 157 161 165 
04-15 11:49:27.544  3443  3443 D         : wld: cmd: /vendor/bin/wl qtxpower
04-15 11:49:27.564  3443  3443 D         : wld: qtxpower: scannum = 2 qtxpower = 127
04-15 11:49:27.567  3443  3443 D         : wld: cmd: /vendor/bin/wl rate
04-15 11:49:27.588  3443  3443 D         : wld: rate = 1200.5 Mbps
04-15 11:49:27.636  3694  5900 D NetworkPolicy: 10038 is allowed on unmetered network
04-15 11:49:27.662  3694  5900 D NetworkPolicy: 10034 is allowed on unmetered network
04-15 11:49:27.829  3431  3431 D HAL_STAT: Hal_Stat_GetAudioDecoderStats
04-15 11:49:27.829  3431  3431 I HAL_STAT: Audio decoder [0] not started
04-15 11:49:27.829  3431  3431 I HAL_STAT: Audio decoder [1] not started
04-15 11:49:27.829  3431  3431 I HAL_STAT: Audio decoder [2] not started
04-15 11:49:27.830  3431  3431 D HAL_STAT: Hal_Stat_GetVideoDecoderStats...
04-15 11:49:27.834  3431  3431 D HAL_STAT: Hal_Stat_GetEdidInfo...
04-15 11:49:27.833  3431  3431 W hal_stat@1.0-se: type=1400 audit(0.0:293): avc: denied { ioctl } for path="/dev/nxmw" dev="tmpfs" ino=364 ioctlcmd=0x805 scontext=u:r:hal_arris_hal_stat:s0 tcontext=u:object_r:nexus_device:s0 tclass=chr_file permissive=0
04-15 11:49:27.836  3431  3431 E NEXUS   : !!!Error BERR_OS_ERROR(0x6) at /export/jenkins/workspace/F354_AndroidTv_10_StreamTV-Child01/subjob/verizon/out-bcm/target/product/inuvik/obj/FAKE/refsw/obj.972164/nexus/core/syncthunk/nexus_cec_abiverify_client.h:44
04-15 11:49:27.836  3431  3431 D HAL_STAT: outer hal get: followPreferredFormat: 1 format: 32
04-15 11:49:27.836  3431  3431 D HAL_STAT: Hal_Stat_GetHdmiSettings...HDMI Connected with resolutionMode = 1
04-15 11:49:27.836  3431  3431 D arris_hidl_hal_stat: in hal: get resolutionMode: 1 resolutionValue: 1080p
04-15 11:49:27.665  3694  5900 D NetworkPolicy: 10034 is allowed on unmetered network
04-15 11:49:27.843  3694  8596 D NetworkPolicy: 1000 is 7
04-15 11:49:27.852  3443  3443 D         : wld: READ /sys/class/net/wlan0/address = 78:6a:1f:78:a0:c8
04-15 11:49:27.874  3694  3789 I chatty  : uid=1000(system) NetworkStats expire 2 lines
04-15 11:49:27.890  3389  3669 I netd    : trafficSwapActiveStatsMap() <9.90ms>
04-15 11:49:27.903  3389  3669 I netd    : tetherGetStats() <9.38ms>
04-15 11:49:27.917  3443  3443 D         : wld: READ /sys/class/net/wlan0/address = 78:6a:1f:78:a0:c8
04-15 11:49:27.922  3443  3443 D         : wld: READ /sys/class/net/wlan0/statistics/rx_bytes = 54525508
04-15 11:49:27.925  3443  3443 D         : wld: READ /sys/class/net/wlan0/statistics/rx_packets = 91966
04-15 11:49:27.925  3694  3790 I chatty  : uid=1000(system) NetworkPolicy expire 1 line
04-15 11:49:27.928  3389  3669 I netd    : bandwidthSetGlobalAlert(2097152) <0.56ms>
04-15 11:49:27.928  3443  3443 D         : wld: READ /sys/class/net/wlan0/statistics/rx_errors = 0
04-15 11:49:27.926  3694  8596 I chatty  : uid=1000(system) Binder:3694_14 identical 17 lines
04-15 11:49:27.929  3694  8596 D NetworkPolicy: 1000 is 7
04-15 11:49:27.929  3694  3789 W ProcessStats: Tracking association SourceState{dffcf3b com.verizon.qlv.services/10016 Top #5447} whose proc state 1 is better than process ProcessState{9b16658 com.arris.chmframework/1000 pkg=com.arris.chmframework} proc state 2 (0 skipped)
04-15 11:49:27.931  3443  3443 D         : wld: READ /sys/class/net/wlan0/statistics/tx_bytes = 15043356
04-15 11:49:27.932  3694  8596 D NetworkPolicy: 1000 is 7
04-15 11:49:27.935  3443  3443 D         : wld: READ /sys/class/net/wlan0/statistics/tx_packets = 61306
04-15 11:49:27.938  3443  3443 D         : wld: READ /sys/class/net/wlan0/statistics/tx_errors = 0
04-15 11:49:27.941  3443  3443 D         : wld: READ /sys/class/net/wlan0/statistics/tx_dropped = 0
04-15 11:49:27.944  3443  3443 D         : wld: READ /sys/class/net/wlan0/statistics/rx_dropped = 239
04-15 11:49:27.946  3443  3443 D         : wld:: cmd: /vendor/bin/wl country
04-15 11:49:27.966  3443  3443 D         : wld: rate = US (US/6) UNITED STATES
04-15 11:49:27.969  3443  3443 D         : wld:: cmd: /vendor/bin/wl country
04-15 11:49:27.989  3443  3443 D         : wld: rate = US (US/6) UNITED STATES
04-15 11:49:27.993  3443  3443 D         : wld: READ /sys/class/net/wlan0/statistics/rx_bytes = 54526058
04-15 11:49:27.996  3443  3443 D         : wld: READ /sys/class/net/wlan0/statistics/rx_packets = 91976
04-15 11:49:28.000  3443  3443 D         : wld: READ /sys/class/net/wlan0/statistics/rx_errors = 0
04-15 11:49:28.003  3443  3443 D         : wld: READ /sys/class/net/wlan0/statistics/tx_bytes = 15046294
04-15 11:49:28.008  3443  3443 D         : wld: READ /sys/class/net/wlan0/statistics/tx_packets = 61316
04-15 11:49:28.011  3443  3443 D         : wld: READ /sys/class/net/wlan0/statistics/tx_errors = 0
04-15 11:49:28.014  3443  3443 D         : wld: READ /sys/class/net/wlan0/statistics/tx_dropped = 0
04-15 11:49:28.017  3443  3443 D         : wld: READ /sys/class/net/wlan0/statistics/rx_dropped = 239
04-15 11:49:28.032  3443  3443 D         : wld: cmd: /vendor/bin/wl mfp
04-15 11:49:28.053  3443  3443 D         : wld:MFP_config::0
04-15 11:49:28.056  3443  3443 D         : wld: cmd: /vendor/bin/wl mfp
04-15 11:49:28.076  3443  3443 D         : wld:MFP_config::0
04-15 11:49:28.079  3443  3443 D         : wld: cmd: /vendor/bin/wl mfp
04-15 11:49:28.099  3443  3443 D         : wld:MFP_config::0
04-15 11:49:28.103  3443  3443 D         : wld:: cmd: /vendor/bin/wpa_cli status
04-15 11:49:28.133  3443  3443 D         : wpa: state = wpa_state=COMPLETED
04-15 11:49:28.136  3443  3443 D         : wld:: cmd: /vendor/bin/wpa_cli -v
04-15 11:49:28.159  3443  3443 D         : wpa: version = v2.8-devel-10
04-15 11:49:28.563  6743  7499 E memtrack: Couldn't load memtrack module
04-15 11:49:28.563  6743  7499 W android.os.Debug: failed to get memory consumption info: -1
04-15 11:49:28.579  6743  6765 W id.gms.unstabl: Reducing the number of considered missed Gc histogram windows from 384 to 100
04-15 11:49:28.278  3694  8596 I chatty  : uid=1000(system) Binder:3694_14 identical 30 lines
04-15 11:49:28.481  3694  8596 D NetworkPolicy: 1000 is 7
04-15 11:49:28.663  3694  8596 D NetworkPolicy: 10034 is allowed on unmetered network
04-15 11:49:28.664  3694  8596 D NetworkPolicy: 10034 is allowed on unmetered network
04-15 11:49:29.484  3694  8596 D NetworkPolicy: 1000 is 7
04-15 11:49:29.664  3694  8596 D NetworkPolicy: 10034 is allowed on unmetered network
04-15 11:49:29.669  3694  8596 D NetworkPolicy: 10034 is allowed on unmetered network
04-15 11:49:30.477  3694  3793 D NetworkStats: TetherStats: iface=wlan0 type=3 entry=iface=null uid=-1 set=ALL tag=0x0 metered=ALL roaming=ALL defaultNetwork=ALL rxBytes=0 rxPackets=0 txBytes=0 txPackets=0 operations=0
04-15 11:49:30.481  3694  3793 D NetworkStats: TetherStats: iface=wlan0 type=1 entry=iface=null uid=-1 set=ALL tag=0x0 metered=ALL roaming=ALL defaultNetwork=ALL rxBytes=0 rxPackets=0 txBytes=0 txPackets=0 operations=0
04-15 11:49:30.491  3694  8596 D NetworkPolicy: 1000 is 7
04-15 11:49:30.634  3694  8596 D NetworkPolicy: 10038 is allowed on unmetered network
04-15 11:49:30.665  3694  8596 D NetworkPolicy: 10034 is allowed on unmetered network
04-15 11:49:30.670  3694  5900 D NetworkPolicy: 10034 is allowed on unmetered network
04-15 11:49:30.898  3815  3816 I HdmiCec : onCecMessage TV->P1 <Vendor Command> (04:89:01)
04-15 11:49:30.901  3694  3694 D HDMI    : [R]:<Vendor Command> 04:89:01
04-15 11:49:30.903  3694  3812 D HDMI    : [S]:<Feature Abort> 40:00:89:01
04-15 11:49:30.904  3815  3815 I HdmiCec : sendMessage P1->TV <Feature Abort> <Vendor Command> NOT_IN_CORRECT_MODE
04-15 11:49:31.501  3694  5900 D NetworkPolicy: 1000 is 7
04-15 11:49:31.666  3694  5900 D NetworkPolicy: 10034 is allowed on unmetered network
04-15 11:49:31.672  3694  5900 D NetworkPolicy: 10034 is allowed on unmetered network
04-15 11:49:32.513  3694  8596 D NetworkPolicy: 1000 is 7
04-15 11:49:32.667  3694  8596 D NetworkPolicy: 10034 is allowed on unmetered network
04-15 11:49:33.470  5330  5330 E chromium: [5330:5330:ERROR:dial_request_handler.cc(253)] Illegal DIAL application resource CORS origin: package:com.google.android.youtube
04-15 11:49:32.676  3694  8596 I chatty  : uid=1000(system) Binder:3694_14 identical 1 line
04-15 11:49:33.464  3694  8596 D NetworkPolicy: 10034 is allowed on unmetered network
04-15 11:49:33.501  3694  3793 D NetworkStats: TetherStats: iface=wlan0 type=3 entry=iface=null uid=-1 set=ALL tag=0x0 metered=ALL roaming=ALL defaultNetwork=ALL rxBytes=0 rxPackets=0 txBytes=0 txPackets=0 operations=0
04-15 11:49:33.506  3694  3793 D NetworkStats: TetherStats: iface=wlan0 type=1 entry=iface=null uid=-1 set=ALL tag=0x0 metered=ALL roaming=ALL defaultNetwork=ALL rxBytes=0 rxPackets=0 txBytes=0 txPackets=0 operations=0
04-15 11:49:33.524  3694  8596 D NetworkPolicy: 1000 is 7
04-15 11:49:33.635  3694  8596 D NetworkPolicy: 10038 is allowed on unmetered network
04-15 11:49:33.668  3694  8596 D NetworkPolicy: 10034 is allowed on unmetered network
04-15 11:49:33.673  3694  8596 D NetworkPolicy: 10034 is allowed on unmetered network
04-15 11:49:34.533  3694  5900 D NetworkPolicy: 1000 is 7
04-15 11:49:34.669  3694  5900 D NetworkPolicy: 10034 is allowed on unmetered network
04-15 11:49:34.675  3694  8596 D NetworkPolicy: 10034 is allowed on unmetered network
04-15 11:49:35.543  3694  8596 D NetworkPolicy: 1000 is 7
04-15 11:49:35.671  3694  8596 D NetworkPolicy: 10034 is allowed on unmetered network
04-15 11:49:35.677  3694  8596 D NetworkPolicy: 10034 is allowed on unmetered network
04-15 11:49:36.523  3694  3793 D NetworkStats: TetherStats: iface=wlan0 type=3 entry=iface=null uid=-1 set=ALL tag=0x0 metered=ALL roaming=ALL defaultNetwork=ALL rxBytes=0 rxPackets=0 txBytes=0 txPackets=0 operations=0
04-15 11:49:36.525  3694  3793 D NetworkStats: TetherStats: iface=wlan0 type=1 entry=iface=null uid=-1 set=ALL tag=0x0 metered=ALL roaming=ALL defaultNetwork=ALL rxBytes=0 rxPackets=0 txBytes=0 txPackets=0 operations=0
04-15 11:49:36.541  5330  5330 I chromium: [5330:5330:INFO:debug_endpoint_manager_grpc_client.cc(365)] gRPC client channel state changed to GRPC_CHANNEL_TRANSIENT_FAILURE
04-15 11:49:36.553  3694  8596 D NetworkPolicy: 1000 is 7
04-15 11:49:36.635  3694  8596 D NetworkPolicy: 10038 is allowed on unmetered network
04-15 11:49:36.672  3694  8596 D NetworkPolicy: 10034 is allowed on unmetered network
04-15 11:49:36.746  3694  8596 I chatty  : uid=1000(system) Binder:3694_14 identical 2 lines
04-15 11:49:36.753  3694  8596 D NetworkPolicy: 10034 is allowed on unmetered network
04-15 11:49:37.565  3694  8596 D NetworkPolicy: 1000 is 7
04-15 11:49:37.672  3694  8596 D NetworkPolicy: 10034 is allowed on unmetered network
04-15 11:49:37.679  3694  8596 D NetworkPolicy: 10034 is allowed on unmetered network
04-15 11:49:38.073  3694  8596 W ProcessStats: Tracking association SourceState{dffcf3b com.verizon.qlv.services/10016 Top #5450} whose proc state 1 is better than process ProcessState{9b16658 com.arris.chmframework/1000 pkg=com.arris.chmframework} proc state 2 (2 skipped)
04-15 11:49:38.090  5200  5200 W SearchSettingsService: Binding to SearchSettingsService
04-15 11:49:38.172  3694  4979 D NetworkPolicy: 10039 is allowed on unmetered network
04-15 11:49:38.303  5200  5708 W SearchSettingsService: One-time Experiment Config loaded.
04-15 11:49:38.523  3815  3816 I HdmiCec : onCecMessage TV->** <Device Vendor ID> 00e091
04-15 11:49:38.524  3694  3694 D HDMI    : [R]:<Device Vendor Id> 0F:87:00:E0:91
04-15 11:49:38.573  3694  4979 D NetworkPolicy: 1000 is 7
04-15 11:49:38.673  3694  5900 D NetworkPolicy: 10034 is allowed on unmetered network
04-15 11:49:38.680  3815  3816 I HdmiCec : onCecMessage TV->P1 <Feature Abort>
04-15 11:49:38.679  3694  5900 D NetworkPolicy: 10034 is allowed on unmetered network
04-15 11:49:38.683  3694  3694 D HDMI    : [R]:<Feature Abort> 04:00
04-15 11:49:38.684  3694  3694 W HDMI    : [2]:Unexpected parameters: <Feature Abort> 04:00
04-15 11:49:38.773  3815  3816 I HdmiCec : onCecMessage TV->P1 <Vendor Command> (04:89:01)
04-15 11:49:38.775  3694  3694 D HDMI    : [R]:<Vendor Command> 04:89:01
04-15 11:49:38.776  3694  3812 D HDMI    : [S]:<Feature Abort> 40:00:89:01
04-15 11:49:38.778  3815  3815 I HdmiCec : sendMessage P1->TV <Feature Abort> <Vendor Command> NOT_IN_CORRECT_MODE
04-15 11:49:39.543  3694  3793 D NetworkStats: TetherStats: iface=wlan0 type=3 entry=iface=null uid=-1 set=ALL tag=0x0 metered=ALL roaming=ALL defaultNetwork=ALL rxBytes=0 rxPackets=0 txBytes=0 txPackets=0 operations=0
04-15 11:49:39.546  3694  3793 D NetworkStats: TetherStats: iface=wlan0 type=1 entry=iface=null uid=-1 set=ALL tag=0x0 metered=ALL roaming=ALL defaultNetwork=ALL rxBytes=0 rxPackets=0 txBytes=0 txPackets=0 operations=0
04-15 11:49:39.577  3694  5900 D NetworkPolicy: 1000 is 7
04-15 11:49:39.635  3694  5900 D NetworkPolicy: 10038 is allowed on unmetered network
04-15 11:49:39.674  3694  5900 D NetworkPolicy: 10034 is allowed on unmetered network
04-15 11:49:39.679  3694  5900 D NetworkPolicy: 10034 is allowed on unmetered network
04-15 11:49:40.583  3694  5900 D NetworkPolicy: 1000 is 7
04-15 11:49:40.675  3694  5900 D NetworkPolicy: 10034 is allowed on unmetered network
04-15 11:49:40.683  3694  5900 D NetworkPolicy: 10034 is allowed on unmetered network
04-15 11:49:41.591  3694  4979 D NetworkPolicy: 1000 is 7
04-15 11:49:41.677  3694  4979 D NetworkPolicy: 10034 is allowed on unmetered network
04-15 11:49:42.065  4807 12996 I ennor   : [CURL:5] curl "https://gp1.adn.edgecastcdn.net/09206BA/vz-bcn/seed" --compressed --insecure -H '<redacted>'
04-15 11:49:42.244  3389 12998 E ResolverController: No valid NAT64 prefix (100, <unspecified>/0)
04-15 11:49:42.256  3694  4806 I chatty  : uid=1000(system) NetworkMonitor/ expire 3 lines
04-15 11:49:42.324  4807 12996 I ennor   : [CURL:5] curl_easy_perform() result = 0 (No error); response code = 200
04-15 11:49:41.685  3694  4979 D NetworkPolicy: 10034 is allowed on unmetered network
04-15 11:49:42.565  3694  3793 D NetworkStats: TetherStats: iface=wlan0 type=3 entry=iface=null uid=-1 set=ALL tag=0x0 metered=ALL roaming=ALL defaultNetwork=ALL rxBytes=0 rxPackets=0 txBytes=0 txPackets=0 operations=0
04-15 11:49:42.569  3694  3793 D NetworkStats: TetherStats: iface=wlan0 type=1 entry=iface=null uid=-1 set=ALL tag=0x0 metered=ALL roaming=ALL defaultNetwork=ALL rxBytes=0 rxPackets=0 txBytes=0 txPackets=0 operations=0
04-15 11:49:42.590  4374  5521 W chromium: [FTL:4374:5521:WARNING:publisher.cc(33)] No subscribers for event
04-15 11:49:42.590  4374  5521 W chromium: "assistant.api.events.MetricEvent" from publisher "UmaMetricsForwarder"
04-15 11:49:42.600  3694  4979 D NetworkPolicy: 1000 is 7
04-15 11:49:42.635  3694  4979 D NetworkPolicy: 10038 is allowed on unmetered network
04-15 11:49:42.679  3694  4979 D NetworkPolicy: 10034 is allowed on unmetered network
04-15 11:49:42.684  3694  4979 D NetworkPolicy: 10034 is allowed on unmetered network
04-15 11:49:43.461  3694  5900 D NetworkPolicy: 10034 is allowed on unmetered network
04-15 11:49:43.469  5330  5330 E chromium: [5330:5330:ERROR:dial_request_handler.cc(253)] Illegal DIAL application resource CORS origin: package:com.google.android.youtube
04-15 11:49:43.607  3694  5900 D NetworkPolicy: 1000 is 7
04-15 11:49:43.678  3694  5900 D NetworkPolicy: 10034 is allowed on unmetered network
04-15 11:49:43.681  3694  5900 D NetworkPolicy: 10034 is allowed on unmetered network
04-15 11:49:44.610  3694  5900 D NetworkPolicy: 1000 is 7
04-15 11:49:44.680  3694  5900 D NetworkPolicy: 10034 is allowed on unmetered network
04-15 11:49:44.687  3694  4979 D NetworkPolicy: 10034 is allowed on unmetered network
04-15 11:49:45.588  3694  3793 D NetworkStats: TetherStats: iface=wlan0 type=3 entry=iface=null uid=-1 set=ALL tag=0x0 metered=ALL roaming=ALL defaultNetwork=ALL rxBytes=0 rxPackets=0 txBytes=0 txPackets=0 operations=0
04-15 11:49:45.593  3694  3793 D NetworkStats: TetherStats: iface=wlan0 type=1 entry=iface=null uid=-1 set=ALL tag=0x0 metered=ALL roaming=ALL defaultNetwork=ALL rxBytes=0 rxPackets=0 txBytes=0 txPackets=0 operations=0
04-15 11:49:45.619  3694  5900 D NetworkPolicy: 1000 is 7
04-15 11:49:45.635  3694  5900 D NetworkPolicy: 10038 is allowed on unmetered network
04-15 11:49:45.681  3694  5900 D NetworkPolicy: 10034 is allowed on unmetered network
04-15 11:49:45.976  3815  3816 I HdmiCec : onCecMessage TV->P1 <Vendor Command> (04:89:01)
04-15 11:49:45.687  3694  5900 D NetworkPolicy: 10034 is allowed on unmetered network
04-15 11:49:45.978  3694  3694 D HDMI    : [R]:<Vendor Command> 04:89:01
04-15 11:49:45.980  3694  3812 D HDMI    : [S]:<Feature Abort> 40:00:89:01
04-15 11:49:45.980  3815  3815 I HdmiCec : sendMessage P1->TV <Feature Abort> <Vendor Command> NOT_IN_CORRECT_MODE
04-15 11:49:46.627  3694  5900 D NetworkPolicy: 1000 is 7
04-15 11:49:46.683  3694  5900 D NetworkPolicy: 10034 is allowed on unmetered network
04-15 11:49:46.695  3694  4979 D NetworkPolicy: 10034 is allowed on unmetered network
04-15 11:49:47.635  3694  4979 D NetworkPolicy: 1000 is 7
04-15 11:49:47.684  3694  4979 D NetworkPolicy: 10034 is allowed on unmetered network
04-15 11:49:47.693  3694  5900 D NetworkPolicy: 10034 is allowed on unmetered network
04-15 11:49:48.615  3694  3793 D NetworkStats: TetherStats: iface=wlan0 type=3 entry=iface=null uid=-1 set=ALL tag=0x0 metered=ALL roaming=ALL defaultNetwork=ALL rxBytes=0 rxPackets=0 txBytes=0 txPackets=0 operations=0
04-15 11:49:48.618  3694  3793 D NetworkStats: TetherStats: iface=wlan0 type=1 entry=iface=null uid=-1 set=ALL tag=0x0 metered=ALL roaming=ALL defaultNetwork=ALL rxBytes=0 rxPackets=0 txBytes=0 txPackets=0 operations=0
04-15 11:49:48.636  3694  5900 D NetworkPolicy: 10038 is allowed on unmetered network
04-15 11:49:48.644  3694  5900 D NetworkPolicy: 1000 is 7
04-15 11:49:48.685  3694  4979 D NetworkPolicy: 10034 is allowed on unmetered network
04-15 11:49:48.692  3694  5900 D NetworkPolicy: 10034 is allowed on unmetered network
04-15 11:49:49.652  3694  5900 D NetworkPolicy: 1000 is 7
04-15 11:49:49.686  3694  5900 D NetworkPolicy: 10034 is allowed on unmetered network
04-15 11:49:49.692  3694  4979 D NetworkPolicy: 10034 is allowed on unmetered network
04-15 11:49:50.661  3694  4979 D NetworkPolicy: 1000 is 7
04-15 11:49:50.687  3694  4979 D NetworkPolicy: 10034 is allowed on unmetered network
04-15 11:49:50.989  4374  4374 W LibAssistantLifecycle: No accounts sign in in the system. Using Signed-out mode.
04-15 11:49:50.992  4374  4374 I assistant: [INFO:assistant_manager_native.cc(158)] Setting Assistant access tokens.
04-15 11:49:50.692  3694  4979 D NetworkPolicy: 10034 is allowed on unmetered network
04-15 11:49:50.993  3694  4979 W ProcessStats: Tracking association SourceState{dffcf3b com.verizon.qlv.services/10016 Top #5464} whose proc state 1 is better than process ProcessState{9b16658 com.arris.chmframework/1000 pkg=com.arris.chmframework} proc state 2 (7 skipped)
04-15 11:49:50.997  3694  3694 D JobScheduler: pending queue: 0 jobs.
04-15 11:49:50.998  3694  3694 D JobScheduler: Pending queue: 
04-15 11:49:50.998  3694  3694 D JobScheduler: running jobs initial: (-1-1)(-1-1)(-1-1)(-1-1)(-1-1)(-1-1)(-1-1)(-1-1)(-1-1)(-1-1)(-1-1)(-1-1)(-1-1)(-1-1)(-1-1)(-1-1)
04-15 11:49:50.998  3694  3694 D JobScheduler: running jobs final: (-1-1)(-1-1)(-1-1)(-1-1)(-1-1)(-1-1)(-1-1)(-1-1)(-1-1)(-1-1)(-1-1)(-1-1)(-1-1)(-1-1)(-1-1)(-1-1)
04-15 11:49:50.999  4374  5308 W chromium: [FTL:4374:5308:WARNING:publisher.cc(33)] No subscribers for event
04-15 11:49:50.999  4374  5308 W chromium: "assistant.api.events.DeviceStateEvent" from publisher "InitializeInternal"
04-15 11:49:50.999  3694  3694 D JobScheduler: assignJobsToContexts: Config={tot=8 bg min/max=2/6} Running[FG/BG (total)]: 0 / 0 (0) Pending: 0 / 0 (0) Actual max: 0 / 0 (0) Res BG: 0 Starting: 0 / 0 (0) Total: 0 / 0 (0)
04-15 11:49:51.049  3694  4979 D NetworkPolicy: 10039 is allowed on unmetered network
04-15 11:49:51.636  3694  4979 D NetworkPolicy: 10038 is allowed on unmetered network
04-15 11:49:51.640  3694  3793 D NetworkStats: TetherStats: iface=wlan0 type=3 entry=iface=null uid=-1 set=ALL tag=0x0 metered=ALL roaming=ALL defaultNetwork=ALL rxBytes=0 rxPackets=0 txBytes=0 txPackets=0 operations=0
04-15 11:49:51.643  3694  3793 D NetworkStats: TetherStats: iface=wlan0 type=1 entry=iface=null uid=-1 set=ALL tag=0x0 metered=ALL roaming=ALL defaultNetwork=ALL rxBytes=0 rxPackets=0 txBytes=0 txPackets=0 operations=0
04-15 11:49:51.670  3694  4979 D NetworkPolicy: 1000 is 7
04-15 11:49:51.687  3694  4979 D NetworkPolicy: 10034 is allowed on unmetered network
04-15 11:49:51.692  3694  5900 D NetworkPolicy: 10034 is allowed on unmetered network
04-15 11:49:52.676  3694  5900 D NetworkPolicy: 1000 is 7
04-15 11:49:52.689  3694  5900 D NetworkPolicy: 10034 is allowed on unmetered network
04-15 11:49:52.698  3694  4979 D NetworkPolicy: 10034 is allowed on unmetered network
04-15 11:49:52.988  3694  4979 W ActivityManager: Receiver with filter android.content.IntentFilter@43c9862 already registered for pid 8022, callerPackage is com.arris.chmframework
04-15 11:49:52.991  8022  8047 I chatty  : uid=1000(system) Thread-2 expire 16 lines
04-15 11:49:52.994  3443  8048 I         : ###ADS :Waiting for client connection.....
04-15 11:49:53.005  3443  8048 I         : ###ADS :Waiting for client connection.....
04-15 11:49:53.013  3443  8048 I         : ###ADS :Waiting for client connection.....
04-15 11:49:53.018  3443  8048 I         : ###ADS :Waiting for client connection.....
04-15 11:49:53.023  3443  8048 I         : ###ADS :Waiting for client connection.....
04-15 11:49:53.029  3443  8048 I         : ###ADS :Waiting for client connection.....
04-15 11:49:53.036  3443  8048 I         : ###ADS :Waiting for client connection.....
04-15 11:49:53.041  3443  8048 I         : ###ADS :Waiting for client connection.....
04-15 11:49:53.047  3443  8048 I         : ###ADS :Waiting for client connection.....
04-15 11:49:53.602  3815  3816 I HdmiCec : onCecMessage TV->** <Device Vendor ID> 00e091
04-15 11:49:53.604  3694  3694 D HDMI    : [R]:<Device Vendor Id> 0F:87:00:E0:91
04-15 11:49:53.684  3694  4979 D NetworkPolicy: 1000 is 7
04-15 11:49:53.690  3694  5900 D NetworkPolicy: 10034 is allowed on unmetered network
04-15 11:49:53.700  3694  4979 D NetworkPolicy: 10034 is allowed on unmetered network
04-15 11:49:53.756  3815  3816 I HdmiCec : onCecMessage TV->P1 <Feature Abort>
04-15 11:49:53.758  3694  3694 D HDMI    : [R]:<Feature Abort> 04:00
04-15 11:49:53.849  3815  3816 I HdmiCec : onCecMessage TV->P1 <Vendor Command> (04:89:01)
04-15 11:49:53.851  3694  3694 D HDMI    : [R]:<Vendor Command> 04:89:01
04-15 11:49:53.852  3694  3812 D HDMI    : [S]:<Feature Abort> 40:00:89:01
04-15 11:49:53.852  3815  3815 I HdmiCec : sendMessage P1->TV <Feature Abort> <Vendor Command> NOT_IN_CORRECT_MODE
04-15 11:49:54.637  3694  4979 D NetworkPolicy: 10038 is allowed on unmetered network
04-15 11:49:54.661  3694  3793 D NetworkStats: TetherStats: iface=wlan0 type=3 entry=iface=null uid=-1 set=ALL tag=0x0 metered=ALL roaming=ALL defaultNetwork=ALL rxBytes=0 rxPackets=0 txBytes=0 txPackets=0 operations=0
04-15 11:49:54.664  3694  3793 D NetworkStats: TetherStats: iface=wlan0 type=1 entry=iface=null uid=-1 set=ALL tag=0x0 metered=ALL roaming=ALL defaultNetwork=ALL rxBytes=0 rxPackets=0 txBytes=0 txPackets=0 operations=0
04-15 11:49:54.692  3694  4979 D NetworkPolicy: 10034 is allowed on unmetered network
04-15 11:49:54.696  3694  5900 D NetworkPolicy: 1000 is 7
04-15 11:49:54.699  3694  4979 D NetworkPolicy: 10034 is allowed on unmetered network
04-15 11:49:55.692  3694  5900 D NetworkPolicy: 10034 is allowed on unmetered network
04-15 11:49:55.700  3694  5900 D NetworkPolicy: 10034 is allowed on unmetered network
04-15 11:49:55.711  3694  5900 D NetworkPolicy: 1000 is 7
04-15 11:49:56.693  3694  8596 D NetworkPolicy: 10034 is allowed on unmetered network
04-15 11:49:56.704  3694  8596 D NetworkPolicy: 10034 is allowed on unmetered network
04-15 11:49:56.719  3694  4979 D NetworkPolicy: 1000 is 7
04-15 11:49:57.637  3694  8596 D NetworkPolicy: 10038 is allowed on unmetered network
04-15 11:49:57.684  3694  3793 D NetworkStats: TetherStats: iface=wlan0 type=3 entry=iface=null uid=-1 set=ALL tag=0x0 metered=ALL roaming=ALL defaultNetwork=ALL rxBytes=0 rxPackets=0 txBytes=0 txPackets=0 operations=0
04-15 11:49:57.687  3694  3793 D NetworkStats: TetherStats: iface=wlan0 type=1 entry=iface=null uid=-1 set=ALL tag=0x0 metered=ALL roaming=ALL defaultNetwork=ALL rxBytes=0 rxPackets=0 txBytes=0 txPackets=0 operations=0
04-15 11:49:57.695  3694  8596 D NetworkPolicy: 10034 is allowed on unmetered network
04-15 11:49:57.705  3694  8596 D NetworkPolicy: 10034 is allowed on unmetered network
04-15 11:49:57.725  3694  8596 D NetworkPolicy: 1000 is 7
04-15 11:49:58.607  8022  8437 I chatty  : uid=1000(system) pool-2-thread-1 expire 119 lines
04-15 11:49:58.651  3443  3443 D         : wld: cmd: /vendor/bin/wl status
04-15 11:49:58.695  3694  4979 D NetworkPolicy: 10034 is allowed on unmetered network
04-15 11:49:58.715  3443  3443 D         : wld: status: scannum = 11 SSID = "Fios-NmGr6" Mode = Managed RSSI = -30 SNR = 30 Noise=-82
04-15 11:49:58.715  3443  3443 D         : wld: status: scannum = 11 Band = 5GHz chNo = 155 chWidth = 80MHz chCode = 0xe29b
04-15 11:49:58.715  3443  3443 D         : wld: status: scannum = 11 primaryChannel = 157
04-15 11:49:58.720  3443  3443 D         : wld: cmd: /vendor/bin/wl sta_info B8:F8:53:42:F9:7A
04-15 11:49:58.701  3694  4979 D NetworkPolicy: 10034 is allowed on unmetered network
04-15 11:49:58.732  3694  4979 D NetworkPolicy: 1000 is 7
04-15 11:49:58.757  3443  3443 D         : wld: sta_info: scannum = 3 txucastpkts = 52656, rxucastpkts = 79601, rxrate = 1200950 
04-15 11:49:58.761  3443  3443 D         : wld: cmd: /vendor/bin/wl chanim_stats
04-15 11:49:58.799  3443  3443 D         : wld: chanim_stats: scannum = 0 idle = 0
04-15 11:49:58.803  3443  3443 D         : wld: cmd: /vendor/bin/wl counters
04-15 11:49:58.840  3443  3443 D         : wld: counters: scannum = 35 txretrans = 8423
04-15 11:49:58.840  3443  3443 D         : wld: counters: scannum = 35 rxframe = 92659 rxerror = 142
04-15 11:49:58.840  3443  3443 D         : wld: counters: txmcast = 0 rxmcast = 481054
04-15 11:49:58.840  3443  3443 D         : wld: counters: txucast = 57363 rxucast = 231305
04-15 11:49:58.840  3443  3443 D         : wld: counters: txbcast = 0 rxbadproto = 0
04-15 11:49:58.844  3443  3443 D         : wld: cmd: /vendor/bin/wl channels
04-15 11:49:58.879  3443  3443 D         : wld: channels: 1 2 3 4 5 6 7 8 9 10 11 36 40 44 48 52 56 60 64 100 104 108 112 116 120 124 128 132 136 140 144 149 153 157 161 165 
04-15 11:49:58.880  3443  3443 D         : wld: cmd: /vendor/bin/wl chanspec
04-15 11:49:58.911  3443  3443 D         : wld: chanspec: 1 2 3 4 5 6 7 8 9 10 11 36 40 44 48 52 56 60 64 100 104 108 112 116 120 124 128 132 136 140 144 149 153 157 161 165 
04-15 11:49:58.914  3443  3443 D         : wld: cmd: /vendor/bin/wl qtxpower
04-15 11:49:58.934  3443  3443 D         : wld: qtxpower: scannum = 2 qtxpower = 127
04-15 11:49:58.937  3443  3443 D         : wld: cmd: /vendor/bin/wl rate
04-15 11:49:58.957  3443  3443 D         : wld: rate = 1200.5 Mbps
04-15 11:49:59.183  3431  3431 D HAL_STAT: Hal_Stat_GetAudioDecoderStats
04-15 11:49:59.183  3431  3431 I HAL_STAT: Audio decoder [0] not started
04-15 11:49:59.183  3431  3431 I HAL_STAT: Audio decoder [1] not started
04-15 11:49:59.183  3431  3431 I HAL_STAT: Audio decoder [2] not started
04-15 11:49:59.184  3431  3431 D HAL_STAT: Hal_Stat_GetVideoDecoderStats...
04-15 11:49:59.188  3431  3431 D HAL_STAT: Hal_Stat_GetEdidInfo...
04-15 11:49:59.187  3431  3431 W hal_stat@1.0-se: type=1400 audit(0.0:294): avc: denied { ioctl } for path="/dev/nxmw" dev="tmpfs" ino=364 ioctlcmd=0x805 scontext=u:r:hal_arris_hal_stat:s0 tcontext=u:object_r:nexus_device:s0 tclass=chr_file permissive=0
04-15 11:49:59.190  3431  3431 E NEXUS   : !!!Error BERR_OS_ERROR(0x6) at /export/jenkins/workspace/F354_AndroidTv_10_StreamTV-Child01/subjob/verizon/out-bcm/target/product/inuvik/obj/FAKE/refsw/obj.972164/nexus/core/syncthunk/nexus_cec_abiverify_client.h:44
04-15 11:49:59.190  3431  3431 D HAL_STAT: outer hal get: followPreferredFormat: 1 format: 32
04-15 11:49:59.190  3431  3431 D HAL_STAT: Hal_Stat_GetHdmiSettings...HDMI Connected with resolutionMode = 1
04-15 11:49:59.190  3431  3431 D arris_hidl_hal_stat: in hal: get resolutionMode: 1 resolutionValue: 1080p
04-15 11:49:59.207  3443  3443 D         : wld: READ /sys/class/net/wlan0/address = 78:6a:1f:78:a0:c8
04-15 11:49:59.252  3443  3443 D         : wld: READ /sys/class/net/wlan0/address = 78:6a:1f:78:a0:c8
04-15 11:49:59.256  3443  3443 D         : wld: READ /sys/class/net/wlan0/statistics/rx_bytes = 54582768
04-15 11:49:59.258  3443  3443 D         : wld: READ /sys/class/net/wlan0/statistics/rx_packets = 92601
04-15 11:49:59.261  3443  3443 D         : wld: READ /sys/class/net/wlan0/statistics/rx_errors = 0
04-15 11:49:59.264  3443  3443 D         : wld: READ /sys/class/net/wlan0/statistics/tx_bytes = 15146057
04-15 11:49:59.267  3443  3443 D         : wld: READ /sys/class/net/wlan0/statistics/tx_packets = 61964
04-15 11:49:59.270  3443  3443 D         : wld: READ /sys/class/net/wlan0/statistics/tx_errors = 0
04-15 11:49:59.273  3443  3443 D         : wld: READ /sys/class/net/wlan0/statistics/tx_dropped = 0
04-15 11:49:59.276  3443  3443 D         : wld: READ /sys/class/net/wlan0/statistics/rx_dropped = 239
04-15 11:49:59.279  3443  3443 D         : wld:: cmd: /vendor/bin/wl country
04-15 11:49:59.300  3443  3443 D         : wld: rate = US (US/6) UNITED STATES
04-15 11:49:59.305  3443  3443 D         : wld:: cmd: /vendor/bin/wl country
04-15 11:49:59.325  3443  3443 D         : wld: rate = US (US/6) UNITED STATES
04-15 11:49:59.329  3443  3443 D         : wld: READ /sys/class/net/wlan0/statistics/rx_bytes = 54583428
04-15 11:49:59.332  3443  3443 D         : wld: READ /sys/class/net/wlan0/statistics/rx_packets = 92614
04-15 11:49:59.335  3443  3443 D         : wld: READ /sys/class/net/wlan0/statistics/rx_errors = 0
04-15 11:49:59.338  3443  3443 D         : wld: READ /sys/class/net/wlan0/statistics/tx_bytes = 15148203
04-15 11:49:59.342  3443  3443 D         : wld: READ /sys/class/net/wlan0/statistics/tx_packets = 61979
04-15 11:49:59.345  3443  3443 D         : wld: READ /sys/class/net/wlan0/statistics/tx_errors = 0
04-15 11:49:59.348  3443  3443 D         : wld: READ /sys/class/net/wlan0/statistics/tx_dropped = 0
04-15 11:49:59.352  3443  3443 D         : wld: READ /sys/class/net/wlan0/statistics/rx_dropped = 239
04-15 11:49:59.365  3443  3443 D         : wld: cmd: /vendor/bin/wl mfp
04-15 11:49:59.385  3443  3443 D         : wld:MFP_config::0
04-15 11:49:59.388  3443  3443 D         : wld: cmd: /vendor/bin/wl mfp
04-15 11:49:59.405  3443  3443 D         : wld:MFP_config::0
04-15 11:49:59.407  3443  3443 D         : wld: cmd: /vendor/bin/wl mfp
04-15 11:49:59.423  3443  3443 D         : wld:MFP_config::0
04-15 11:49:59.426  3443  3443 D         : wld:: cmd: /vendor/bin/wpa_cli status
04-15 11:49:59.450  3443  3443 D         : wpa: state = wpa_state=COMPLETED
04-15 11:49:59.452  3443  3443 D         : wld:: cmd: /vendor/bin/wpa_cli -v
04-15 11:49:59.476  3443  3443 D         : wpa: version = v2.8-devel-10
04-15 11:49:59.483  3832  3926 D bt_btif_config: btif_get_address_type: Device [98:06:3a:00:45:da] address type 0
04-15 11:49:59.483  3832  3926 D bt_btif_config: btif_get_device_type: Device [98:06:3a:00:45:da] type 2
04-15 11:49:59.483  3832  4457 I bt_stack: [INFO:gatt_api.cc(1105)] GATT_Connectgatt_if=6, address=98:06:3a:00:45:da
04-15 11:49:59.483  3832  4457 I bt_stack: [INFO:connection_manager.cc(97)] App id=0x06already doing background connection to 98:06:3a:00:45:da
04-15 11:49:59.485  3832  3926 D bt_btif_config: btif_get_address_type: Device [98:06:3a:00:45:da] address type 0
04-15 11:49:59.485  3832  3926 D bt_btif_config: btif_get_device_type: Device [98:06:3a:00:45:da] type 2
04-15 11:49:59.485  3832  4457 I bt_stack: [INFO:gatt_api.cc(1105)] GATT_Connectgatt_if=6, address=98:06:3a:00:45:da
04-15 11:49:59.485  3832  4457 I bt_stack: [INFO:connection_manager.cc(97)] App id=0x06already doing background connection to 98:06:3a:00:45:da
04-15 11:49:59.488  3832  3926 D bt_btif_config: btif_get_address_type: Device [98:06:3a:00:45:da] address type 0
04-15 11:49:59.488  3832  3926 D bt_btif_config: btif_get_device_type: Device [98:06:3a:00:45:da] type 2
04-15 11:49:59.488  3832  4457 I bt_stack: [INFO:gatt_api.cc(1105)] GATT_Connectgatt_if=6, address=98:06:3a:00:45:da
04-15 11:49:59.488  3832  4457 I bt_stack: [INFO:connection_manager.cc(97)] App id=0x06already doing background connection to 98:06:3a:00:45:da
04-15 11:49:59.492  3832  3926 D bt_btif_config: btif_get_address_type: Device [98:06:3a:00:45:da] address type 0
04-15 11:49:59.492  3832  3926 D bt_btif_config: btif_get_device_type: Device [98:06:3a:00:45:da] type 2
04-15 11:49:59.493  3832  4457 I bt_stack: [INFO:gatt_api.cc(1105)] GATT_Connectgatt_if=6, address=98:06:3a:00:45:da
04-15 11:49:59.493  3832  4457 I bt_stack: [INFO:connection_manager.cc(97)] App id=0x06already doing background connection to 98:06:3a:00:45:da
