04-15 11:45:48.877  3443  3443 D         : wld: READ /sys/class/net/wlan0/statistics/tx_errors = 0
04-15 11:45:48.879  3443  3443 D         : wld: READ /sys/class/net/wlan0/statistics/tx_dropped = 0
04-15 11:45:48.881  3443  3443 D         : wld: READ /sys/class/net/wlan0/statistics/rx_dropped = 239
04-15 11:45:48.883  3443  3443 D         : wld:: cmd: /vendor/bin/wl country
04-15 11:45:48.898  3443  3443 D         : wld: rate = US (US/6) UNITED STATES
04-15 11:45:48.901  3443  3443 D         : wld:: cmd: /vendor/bin/wl country
04-15 11:45:48.916  3443  3443 D         : wld: rate = US (US/6) UNITED STATES
04-15 11:45:48.920  3443  3443 D         : wld: READ /sys/class/net/wlan0/statistics/rx_bytes = 53728128
04-15 11:45:48.922  3443  3443 D         : wld: READ /sys/class/net/wlan0/statistics/rx_packets = 87131
04-15 11:45:48.925  3443  3443 D         : wld: READ /sys/class/net/wlan0/statistics/rx_errors = 0
04-15 11:45:48.928  3443  3443 D         : wld: READ /sys/class/net/wlan0/statistics/tx_bytes = 14222005
04-15 11:45:48.931  3443  3443 D         : wld: READ /sys/class/net/wlan0/statistics/tx_packets = 56459
04-15 11:45:48.934  3443  3443 D         : wld: READ /sys/class/net/wlan0/statistics/tx_errors = 0
04-15 11:45:48.937  3443  3443 D         : wld: READ /sys/class/net/wlan0/statistics/tx_dropped = 0
04-15 11:45:48.940  3443  3443 D         : wld: READ /sys/class/net/wlan0/statistics/rx_dropped = 239
04-15 11:45:48.952  3443  3443 D         : wld: cmd: /vendor/bin/wl mfp
04-15 11:45:48.968  3443  3443 D         : wld:MFP_config::0
04-15 11:45:48.970  3443  3443 D         : wld: cmd: /vendor/bin/wl mfp
04-15 11:45:48.985  3443  3443 D         : wld:MFP_config::0
04-15 11:45:48.988  3443  3443 D         : wld: cmd: /vendor/bin/wl mfp
04-15 11:45:49.004  3443  3443 D         : wld:MFP_config::0
04-15 11:45:49.008  3443  3443 D         : wld:: cmd: /vendor/bin/wpa_cli status
04-15 11:45:49.032  3443  3443 D         : wpa: state = wpa_state=COMPLETED
04-15 11:45:49.034  3443  3443 D         : wld:: cmd: /vendor/bin/wpa_cli -v
04-15 11:45:49.058  3443  3443 D         : wpa: version = v2.8-devel-10
04-15 11:45:49.067  3832  3926 D bt_btif_config: btif_get_address_type: Device [98:06:3a:00:45:da] address type 0
04-15 11:45:49.067  3832  3926 D bt_btif_config: btif_get_device_type: Device [98:06:3a:00:45:da] type 2
04-15 11:45:49.067  3832  4457 I bt_stack: [INFO:gatt_api.cc(1105)] GATT_Connectgatt_if=6, address=98:06:3a:00:45:da
04-15 11:45:49.068  3832  4457 I bt_stack: [INFO:connection_manager.cc(97)] App id=0x06already doing background connection to 98:06:3a:00:45:da
04-15 11:45:49.071  3832  3926 D bt_btif_config: btif_get_address_type: Device [98:06:3a:00:45:da] address type 0
04-15 11:45:49.071  3832  3926 D bt_btif_config: btif_get_device_type: Device [98:06:3a:00:45:da] type 2
04-15 11:45:49.071  3832  4457 I bt_stack: [INFO:gatt_api.cc(1105)] GATT_Connectgatt_if=6, address=98:06:3a:00:45:da
04-15 11:45:49.071  3832  4457 I bt_stack: [INFO:connection_manager.cc(97)] App id=0x06already doing background connection to 98:06:3a:00:45:da
04-15 11:45:49.074  3832  3926 D bt_btif_config: btif_get_address_type: Device [98:06:3a:00:45:da] address type 0
04-15 11:45:49.074  3832  3926 D bt_btif_config: btif_get_device_type: Device [98:06:3a:00:45:da] type 2
04-15 11:45:49.074  3832  4457 I bt_stack: [INFO:gatt_api.cc(1105)] GATT_Connectgatt_if=6, address=98:06:3a:00:45:da
04-15 11:45:49.074  3832  4457 I bt_stack: [INFO:connection_manager.cc(97)] App id=0x06already doing background connection to 98:06:3a:00:45:da
04-15 11:45:49.078  3832  3926 D bt_btif_config: btif_get_address_type: Device [98:06:3a:00:45:da] address type 0
04-15 11:45:49.078  3832  3926 D bt_btif_config: btif_get_device_type: Device [98:06:3a:00:45:da] type 2
04-15 11:45:49.079  3832  4457 I bt_stack: [INFO:gatt_api.cc(1105)] GATT_Connectgatt_if=6, address=98:06:3a:00:45:da
04-15 11:45:49.079  3832  4457 I bt_stack: [INFO:connection_manager.cc(97)] App id=0x06already doing background connection to 98:06:3a:00:45:da
04-15 11:45:49.081  3832  3926 D bt_btif_config: btif_get_address_type: Device [98:06:3a:00:45:da] address type 0
04-15 11:45:49.081  3832  3926 D bt_btif_config: btif_get_device_type: Device [98:06:3a:00:45:da] type 2
04-15 11:45:49.082  3832  4457 I bt_stack: [INFO:gatt_api.cc(1105)] GATT_Connectgatt_if=6, address=98:06:3a:00:45:da
04-15 11:45:49.082  3832  4457 I bt_stack: [INFO:connection_manager.cc(97)] App id=0x06already doing background connection to 98:06:3a:00:45:da
04-15 11:45:49.084  3832  3926 D bt_btif_config: btif_get_address_type: Device [98:06:3a:00:45:da] address type 0
04-15 11:45:49.084  3832  3926 D bt_btif_config: btif_get_device_type: Device [98:06:3a:00:45:da] type 2
04-15 11:45:49.084  3832  4457 I bt_stack: [INFO:gatt_api.cc(1105)] GATT_Connectgatt_if=6, address=98:06:3a:00:45:da
04-15 11:45:49.085  3832  4457 I bt_stack: [INFO:connection_manager.cc(97)] App id=0x06already doing background connection to 98:06:3a:00:45:da
04-15 11:45:49.088  3832  3926 D bt_btif_config: btif_get_address_type: Device [98:06:3a:00:45:da] address type 0
04-15 11:45:49.089  3832  3926 D bt_btif_config: btif_get_device_type: Device [98:06:3a:00:45:da] type 2
04-15 11:45:49.089  3832  4457 I bt_stack: [INFO:gatt_api.cc(1105)] GATT_Connectgatt_if=6, address=98:06:3a:00:45:da
04-15 11:45:49.089  3832  4457 I bt_stack: [INFO:connection_manager.cc(97)] App id=0x06already doing background connection to 98:06:3a:00:45:da
04-15 11:45:49.178  3694  4979 I chatty  : uid=1000(system) Binder:3694_C identical 49 lines
04-15 11:45:49.179  3694  4979 D NetworkPolicy: 1000 is 7
04-15 11:45:49.454  3694  4979 D NetworkPolicy: 10034 is allowed on unmetered network
04-15 11:45:49.458  3694  4979 D NetworkPolicy: 10034 is allowed on unmetered network
04-15 11:45:49.665  3694  4979 D NetworkPolicy: 1000 is 7
04-15 11:45:49.955  3694  3793 E WifiVendorHal: getWifiLinkLayerStats_internal(l.903) failed {.code = ERROR_NOT_AVAILABLE, .description = }
04-15 11:45:49.957  3694  3793 D NetworkStats: TetherStats: iface=wlan0 type=3 entry=iface=null uid=-1 set=ALL tag=0x0 metered=ALL roaming=ALL defaultNetwork=ALL rxBytes=0 rxPackets=0 txBytes=0 txPackets=0 operations=0
04-15 11:45:49.960  3694  3793 D NetworkStats: TetherStats: iface=wlan0 type=1 entry=iface=null uid=-1 set=ALL tag=0x0 metered=ALL roaming=ALL defaultNetwork=ALL rxBytes=0 rxPackets=0 txBytes=0 txPackets=0 operations=0
04-15 11:45:50.456  3694  4979 D NetworkPolicy: 10034 is allowed on unmetered network
04-15 11:45:50.464  3694  5900 D NetworkPolicy: 10034 is allowed on unmetered network
04-15 11:45:50.671  3694  5900 D NetworkPolicy: 1000 is 7
04-15 11:45:51.297  3694  5900 W ActivityManager: Receiver with filter android.content.IntentFilter@f418f52 already registered for pid 8022, callerPackage is com.arris.chmframework
04-15 11:45:51.299  8022  8047 I chatty  : uid=1000(system) Thread-2 expire 16 lines
04-15 11:45:51.303  3443  8048 I         : ###ADS :Waiting for client connection.....
04-15 11:45:51.310  3443  8048 I         : ###ADS :Waiting for client connection.....
04-15 11:45:51.315  3443  8048 I         : ###ADS :Waiting for client connection.....
04-15 11:45:51.320  3443  8048 I         : ###ADS :Waiting for client connection.....
04-15 11:45:51.326  3443  8048 I         : ###ADS :Waiting for client connection.....
04-15 11:45:51.333  3443  8048 I         : ###ADS :Waiting for client connection.....
04-15 11:45:51.338  3443  8048 I         : ###ADS :Waiting for client connection.....
04-15 11:45:51.346  3443  8048 I         : ###ADS :Waiting for client connection.....
04-15 11:45:51.351  3443  8048 I         : ###ADS :Waiting for client connection.....
04-15 11:45:51.457  3694  5900 D NetworkPolicy: 10034 is allowed on unmetered network
04-15 11:45:51.459  3694  5900 D NetworkPolicy: 10034 is allowed on unmetered network
04-15 11:45:51.612  3694  5900 D NetworkPolicy: 10038 is allowed on unmetered network
04-15 11:45:51.678  3694  5900 D NetworkPolicy: 1000 is 7
04-15 11:45:52.360  3815  3816 I HdmiCec : onCecMessage TV->** <Device Vendor ID> 00e091
04-15 11:45:52.363  3694  3694 D HDMI    : [R]:<Device Vendor Id> 0F:87:00:E0:91
04-15 11:45:52.458  3694  4979 D NetworkPolicy: 10034 is allowed on unmetered network
04-15 11:45:52.514  3815  3816 I HdmiCec : onCecMessage TV->P1 <Feature Abort>
04-15 11:45:52.467  3694  4979 D NetworkPolicy: 10034 is allowed on unmetered network
04-15 11:45:52.516  3694  3694 D HDMI    : [R]:<Feature Abort> 04:00
04-15 11:45:52.608  3815  3816 I HdmiCec : onCecMessage TV->P1 <Vendor Command> (04:89:01)
04-15 11:45:52.609  3694  3694 D HDMI    : [R]:<Vendor Command> 04:89:01
04-15 11:45:52.611  3694  3812 D HDMI    : [S]:<Feature Abort> 40:00:89:01
04-15 11:45:52.612  3815  3815 I HdmiCec : sendMessage P1->TV <Feature Abort> <Vendor Command> NOT_IN_CORRECT_MODE
04-15 11:45:52.684  3694  4979 D NetworkPolicy: 1000 is 7
04-15 11:45:52.972  3694  3793 E WifiVendorHal: getWifiLinkLayerStats_internal(l.903) failed {.code = ERROR_NOT_AVAILABLE, .description = }
04-15 11:45:52.978  3694  3793 D NetworkStats: TetherStats: iface=wlan0 type=3 entry=iface=null uid=-1 set=ALL tag=0x0 metered=ALL roaming=ALL defaultNetwork=ALL rxBytes=0 rxPackets=0 txBytes=0 txPackets=0 operations=0
04-15 11:45:52.980  3694  3793 D NetworkStats: TetherStats: iface=wlan0 type=1 entry=iface=null uid=-1 set=ALL tag=0x0 metered=ALL roaming=ALL defaultNetwork=ALL rxBytes=0 rxPackets=0 txBytes=0 txPackets=0 operations=0
04-15 11:45:53.367  3612  3612 E wificond: NL80211_CMD_TRIGGER_SCAN failed: Try again
04-15 11:45:53.368  3694  3795 E WificondScannerImpl: Failed to start scan, freqs={5785}
04-15 11:45:53.459  3694  4979 D NetworkPolicy: 10034 is allowed on unmetered network
04-15 11:45:53.461  3694  4979 D NetworkPolicy: 10034 is allowed on unmetered network
04-15 11:45:53.693  3694  4979 D NetworkPolicy: 1000 is 7
04-15 11:45:54.330  5330  5330 I chromium: [5330:5330:INFO:debug_endpoint_manager_grpc_client.cc(365)] gRPC client channel state changed to GRPC_CHANNEL_TRANSIENT_FAILURE
04-15 11:45:54.461  3694  4979 D NetworkPolicy: 10034 is allowed on unmetered network
04-15 11:45:54.467  3694  4979 D NetworkPolicy: 10034 is allowed on unmetered network
04-15 11:45:54.613  3694  4979 D NetworkPolicy: 10038 is allowed on unmetered network
04-15 11:45:54.705  3694  4979 D NetworkPolicy: 1000 is 7
04-15 11:45:55.461  3694  4979 D NetworkPolicy: 10034 is allowed on unmetered network
04-15 11:45:55.471  3694  4979 D NetworkPolicy: 10034 is allowed on unmetered network
04-15 11:45:55.713  3694  4979 D NetworkPolicy: 1000 is 7
04-15 11:45:55.996  3694  3793 E WifiVendorHal: getWifiLinkLayerStats_internal(l.903) failed {.code = ERROR_NOT_AVAILABLE, .description = }
04-15 11:45:56.000  3694  3793 D NetworkStats: TetherStats: iface=wlan0 type=3 entry=iface=null uid=-1 set=ALL tag=0x0 metered=ALL roaming=ALL defaultNetwork=ALL rxBytes=0 rxPackets=0 txBytes=0 txPackets=0 operations=0
04-15 11:45:56.006  3694  3793 D NetworkStats: TetherStats: iface=wlan0 type=1 entry=iface=null uid=-1 set=ALL tag=0x0 metered=ALL roaming=ALL defaultNetwork=ALL rxBytes=0 rxPackets=0 txBytes=0 txPackets=0 operations=0
04-15 11:45:56.462  3694  4979 D NetworkPolicy: 10034 is allowed on unmetered network
04-15 11:45:56.469  3694  4979 D NetworkPolicy: 10034 is allowed on unmetered network
04-15 11:45:56.720  3694  4979 D NetworkPolicy: 1000 is 7
04-15 11:45:57.463  3694  5900 D NetworkPolicy: 10034 is allowed on unmetered network
04-15 11:45:57.470  3694  5900 D NetworkPolicy: 10034 is allowed on unmetered network
04-15 11:45:57.613  3694  5900 D NetworkPolicy: 10038 is allowed on unmetered network
04-15 11:45:57.725  3694  5900 D NetworkPolicy: 1000 is 7
04-15 11:45:58.423  3612  3612 E wificond: NL80211_CMD_TRIGGER_SCAN failed: Try again
04-15 11:45:58.424  3694  3795 E WificondScannerImpl: Failed to start scan, freqs={5785}
04-15 11:45:58.464  3694  5900 D NetworkPolicy: 10034 is allowed on unmetered network
04-15 11:45:58.471  3694  5900 D NetworkPolicy: 10034 is allowed on unmetered network
04-15 11:45:58.736  3694  5900 D NetworkPolicy: 1000 is 7
04-15 11:45:59.023  3694  3793 E WifiVendorHal: getWifiLinkLayerStats_internal(l.903) failed {.code = ERROR_NOT_AVAILABLE, .description = }
04-15 11:45:59.026  3694  3793 D NetworkStats: TetherStats: iface=wlan0 type=3 entry=iface=null uid=-1 set=ALL tag=0x0 metered=ALL roaming=ALL defaultNetwork=ALL rxBytes=0 rxPackets=0 txBytes=0 txPackets=0 operations=0
04-15 11:45:59.029  3694  3793 D NetworkStats: TetherStats: iface=wlan0 type=1 entry=iface=null uid=-1 set=ALL tag=0x0 metered=ALL roaming=ALL defaultNetwork=ALL rxBytes=0 rxPackets=0 txBytes=0 txPackets=0 operations=0
04-15 11:45:59.465  3694  4979 D NetworkPolicy: 10034 is allowed on unmetered network
04-15 11:45:59.471  3694  4979 D NetworkPolicy: 10034 is allowed on unmetered network
04-15 11:45:59.743  3694  4979 D NetworkPolicy: 1000 is 7
04-15 11:45:59.811  3815  3816 I HdmiCec : onCecMessage TV->P1 <Vendor Command> (04:89:01)
04-15 11:45:59.815  3694  3694 D HDMI    : [R]:<Vendor Command> 04:89:01
04-15 11:45:59.816  3694  3812 D HDMI    : [S]:<Feature Abort> 40:00:89:01
04-15 11:45:59.817  3815  3815 I HdmiCec : sendMessage P1->TV <Feature Abort> <Vendor Command> NOT_IN_CORRECT_MODE
04-15 11:46:00.437  3443  8048 E         : eco-agent : server=https://AAR13500767:NewVOLUser1@cpe-ems0512.verizon.com/cwmpWeb/CPEMgt work=5 - periodic inform
04-15 11:46:00.437  3443  8048 I         : ###ADS :Waiting for client connection.....
04-15 11:46:00.466  3694  4979 D NetworkPolicy: 10034 is allowed on unmetered network
04-15 11:46:00.472  3694  4979 D NetworkPolicy: 10034 is allowed on unmetered network
04-15 11:46:00.616  3694  4979 D NetworkPolicy: 10038 is allowed on unmetered network
04-15 11:46:00.750  3694  4979 D NetworkPolicy: 1000 is 7
04-15 11:46:01.466  3694  4979 D NetworkPolicy: 10034 is allowed on unmetered network
04-15 11:46:01.474  3694  4979 D NetworkPolicy: 10034 is allowed on unmetered network
04-15 11:46:01.758  3694  5900 D NetworkPolicy: 1000 is 7
04-15 11:46:02.044  3694  3793 E WifiVendorHal: getWifiLinkLayerStats_internal(l.903) failed {.code = ERROR_NOT_AVAILABLE, .description = }
04-15 11:46:02.048  3694  3793 D NetworkStats: TetherStats: iface=wlan0 type=3 entry=iface=null uid=-1 set=ALL tag=0x0 metered=ALL roaming=ALL defaultNetwork=ALL rxBytes=0 rxPackets=0 txBytes=0 txPackets=0 operations=0
04-15 11:46:02.050  3694  3793 D NetworkStats: TetherStats: iface=wlan0 type=1 entry=iface=null uid=-1 set=ALL tag=0x0 metered=ALL roaming=ALL defaultNetwork=ALL rxBytes=0 rxPackets=0 txBytes=0 txPackets=0 operations=0
04-15 11:46:02.467  3694  5900 D NetworkPolicy: 10034 is allowed on unmetered network
04-15 11:46:02.475  3694  5900 D NetworkPolicy: 10034 is allowed on unmetered network
04-15 11:46:02.765  3694  5900 D NetworkPolicy: 1000 is 7
04-15 11:46:03.468  3694  4979 D NetworkPolicy: 10034 is allowed on unmetered network
04-15 11:46:03.474  3612  3612 E wificond: NL80211_CMD_TRIGGER_SCAN failed: Try again
04-15 11:46:03.475  3694  4979 D NetworkPolicy: 10034 is allowed on unmetered network
04-15 11:46:03.476  3694  3795 E WificondScannerImpl: Failed to start scan, freqs={5785}
04-15 11:46:03.614  3694  4979 D NetworkPolicy: 10038 is allowed on unmetered network
04-15 11:46:03.777  3694  4979 D NetworkPolicy: 1000 is 7
04-15 11:46:04.469  3694  4979 D NetworkPolicy: 10034 is allowed on unmetered network
04-15 11:46:04.476  3694  4979 D NetworkPolicy: 10034 is allowed on unmetered network
04-15 11:46:04.786  3694  4979 D NetworkPolicy: 1000 is 7
04-15 11:46:05.063  3694  3793 E WifiVendorHal: getWifiLinkLayerStats_internal(l.903) failed {.code = ERROR_NOT_AVAILABLE, .description = }
04-15 11:46:05.067  3694  3793 D NetworkStats: TetherStats: iface=wlan0 type=3 entry=iface=null uid=-1 set=ALL tag=0x0 metered=ALL roaming=ALL defaultNetwork=ALL rxBytes=0 rxPackets=0 txBytes=0 txPackets=0 operations=0
04-15 11:46:05.069  3694  3793 D NetworkStats: TetherStats: iface=wlan0 type=1 entry=iface=null uid=-1 set=ALL tag=0x0 metered=ALL roaming=ALL defaultNetwork=ALL rxBytes=0 rxPackets=0 txBytes=0 txPackets=0 operations=0
04-15 11:46:05.470  3694  4979 D NetworkPolicy: 10034 is allowed on unmetered network
04-15 11:46:05.471  3694  4979 D NetworkPolicy: 10034 is allowed on unmetered network
04-15 11:46:05.793  3694  4979 D NetworkPolicy: 1000 is 7
04-15 11:46:06.471  3694  5900 D NetworkPolicy: 10034 is allowed on unmetered network
04-15 11:46:06.478  3694  5900 D NetworkPolicy: 10034 is allowed on unmetered network
04-15 11:46:06.614  3694  5900 D NetworkPolicy: 10038 is allowed on unmetered network
04-15 11:46:06.739  3694  5900 D NetworkPolicy: 10034 is allowed on unmetered network
04-15 11:46:06.744  3694  5900 D NetworkPolicy: 10034 is allowed on unmetered network
04-15 11:46:06.805  3694  4979 D NetworkPolicy: 1000 is 7
04-15 11:46:07.168  5330  5330 I chromium: [5330:5330:INFO:metrics_stat_logger.cc(55)] Metrics stat for the past 60 secs : total=8
04-15 11:46:07.168  5330  5330 I chromium: [metrics_stat_logger] AppRunning=1
04-15 11:46:07.168  5330  5330 I chromium: [metrics_stat_logger] Cast.CecHdmiInputState.Unknown=1
04-15 11:46:07.168  5330  5330 I chromium: [metrics_stat_logger] Cast.CecStandby.Unknown=1
04-15 11:46:07.168  5330  5330 I chromium: [metrics_stat_logger] Cast.ConnectionType.Wifi=1
04-15 11:46:07.168  5330  5330 I chromium: [metrics_stat_logger] Cast.Discovery.Mdns.ResponderPing=1
04-15 11:46:07.168  5330  5330 I chromium: [metrics_stat_logger] Cast.Discovery.Mdns.SocketPing=1
04-15 11:46:07.168  5330  5330 I chromium: [metrics_stat_logger] Cast.Network.CheckIn=1
04-15 11:46:07.168  5330  5330 I chromium: [metrics_stat_logger] Cast.System.Time.Heartbeat=1
04-15 11:46:07.438  3815  3816 I HdmiCec : onCecMessage TV->** <Device Vendor ID> 00e091
04-15 11:46:07.441  3694  3694 D HDMI    : [R]:<Device Vendor Id> 0F:87:00:E0:91
04-15 11:46:07.473  3694  5900 D NetworkPolicy: 10034 is allowed on unmetered network
04-15 11:46:07.592  3815  3816 I HdmiCec : onCecMessage TV->P1 <Feature Abort>
04-15 11:46:07.482  3694  5900 D NetworkPolicy: 10034 is allowed on unmetered network
04-15 11:46:07.594  3694  3694 D HDMI    : [R]:<Feature Abort> 04:00
04-15 11:46:07.594  3694  3694 W HDMI    : [2]:Unexpected parameters: <Feature Abort> 04:00
04-15 11:46:07.685  3815  3816 I HdmiCec : onCecMessage TV->P1 <Vendor Command> (04:89:01)
04-15 11:46:07.688  3694  3694 D HDMI    : [R]:<Vendor Command> 04:89:01
04-15 11:46:07.689  3694  3812 D HDMI    : [S]:<Feature Abort> 40:00:89:01
04-15 11:46:07.690  3815  3815 I HdmiCec : sendMessage P1->TV <Feature Abort> <Vendor Command> NOT_IN_CORRECT_MODE
04-15 11:46:07.816  3694  5900 D NetworkPolicy: 1000 is 7
04-15 11:46:08.088  3694  3793 E WifiVendorHal: getWifiLinkLayerStats_internal(l.903) failed {.code = ERROR_NOT_AVAILABLE, .description = }
04-15 11:46:08.092  3694  3793 D NetworkStats: TetherStats: iface=wlan0 type=3 entry=iface=null uid=-1 set=ALL tag=0x0 metered=ALL roaming=ALL defaultNetwork=ALL rxBytes=0 rxPackets=0 txBytes=0 txPackets=0 operations=0
04-15 11:46:08.095  3694  3793 D NetworkStats: TetherStats: iface=wlan0 type=1 entry=iface=null uid=-1 set=ALL tag=0x0 metered=ALL roaming=ALL defaultNetwork=ALL rxBytes=0 rxPackets=0 txBytes=0 txPackets=0 operations=0
04-15 11:46:08.474  3694  5900 D NetworkPolicy: 10034 is allowed on unmetered network
04-15 11:46:08.484  3694  5900 D NetworkPolicy: 10034 is allowed on unmetered network
04-15 11:46:08.528  3612  3612 E wificond: NL80211_CMD_TRIGGER_SCAN failed: Try again
04-15 11:46:08.528  3694  3795 E WificondScannerImpl: Failed to start scan, freqs={5785}
04-15 11:46:08.825  3694  5900 D NetworkPolicy: 1000 is 7
04-15 11:46:09.475  3694  5900 D NetworkPolicy: 10034 is allowed on unmetered network
04-15 11:46:09.481  3694  5900 D NetworkPolicy: 10034 is allowed on unmetered network
04-15 11:46:09.616  3694  5900 D NetworkPolicy: 10038 is allowed on unmetered network
04-15 11:46:09.833  3694  5900 D NetworkPolicy: 1000 is 7
04-15 11:46:10.476  3694  5900 D NetworkPolicy: 10034 is allowed on unmetered network
04-15 11:46:10.838  5330  6628 I chromium: [5330:6628:INFO:wifi_proximity.cc(177)] Request scan.
04-15 11:46:10.483  3694  5900 D NetworkPolicy: 10034 is allowed on unmetered network
04-15 11:46:10.842  3694  5900 D NetworkPolicy: 1000 is 7
04-15 11:46:11.114  3694  3793 E WifiVendorHal: getWifiLinkLayerStats_internal(l.903) failed {.code = ERROR_NOT_AVAILABLE, .description = }
04-15 11:46:11.120  3694  3793 D NetworkStats: TetherStats: iface=wlan0 type=3 entry=iface=null uid=-1 set=ALL tag=0x0 metered=ALL roaming=ALL defaultNetwork=ALL rxBytes=0 rxPackets=0 txBytes=0 txPackets=0 operations=0
04-15 11:46:11.122  3694  3793 D NetworkStats: TetherStats: iface=wlan0 type=1 entry=iface=null uid=-1 set=ALL tag=0x0 metered=ALL roaming=ALL defaultNetwork=ALL rxBytes=0 rxPackets=0 txBytes=0 txPackets=0 operations=0
04-15 11:46:11.476  3694  5900 D NetworkPolicy: 10034 is allowed on unmetered network
04-15 11:46:11.485  3694  5900 D NetworkPolicy: 10034 is allowed on unmetered network
04-15 11:46:11.849  3694  5900 D NetworkPolicy: 1000 is 7
04-15 11:46:12.478  3694  5900 D NetworkPolicy: 10034 is allowed on unmetered network
04-15 11:46:12.484  3694  5900 D NetworkPolicy: 10034 is allowed on unmetered network
04-15 11:46:12.615  3694  5900 D NetworkPolicy: 10038 is allowed on unmetered network
04-15 11:46:12.857  3694  5900 D NetworkPolicy: 1000 is 7
04-15 11:46:13.478  3694  5900 D NetworkPolicy: 10034 is allowed on unmetered network
04-15 11:46:13.487  3694  5900 D NetworkPolicy: 10034 is allowed on unmetered network
04-15 11:46:13.577  3612  3612 E wificond: NL80211_CMD_TRIGGER_SCAN failed: Try again
04-15 11:46:13.578  3694  3795 E WificondScannerImpl: Failed to start scan, freqs={5785}
04-15 11:46:13.865  3694  5900 D NetworkPolicy: 1000 is 7
04-15 11:46:14.139  3694  3793 E WifiVendorHal: getWifiLinkLayerStats_internal(l.903) failed {.code = ERROR_NOT_AVAILABLE, .description = }
04-15 11:46:14.145  3694  3793 D NetworkStats: TetherStats: iface=wlan0 type=3 entry=iface=null uid=-1 set=ALL tag=0x0 metered=ALL roaming=ALL defaultNetwork=ALL rxBytes=0 rxPackets=0 txBytes=0 txPackets=0 operations=0
04-15 11:46:14.149  3694  3793 D NetworkStats: TetherStats: iface=wlan0 type=1 entry=iface=null uid=-1 set=ALL tag=0x0 metered=ALL roaming=ALL defaultNetwork=ALL rxBytes=0 rxPackets=0 txBytes=0 txPackets=0 operations=0
04-15 11:46:14.479  3694  5900 D NetworkPolicy: 10034 is allowed on unmetered network
04-15 11:46:14.485  3694  5900 D NetworkPolicy: 10034 is allowed on unmetered network
04-15 11:46:14.872  3694  5900 D NetworkPolicy: 1000 is 7
04-15 11:46:14.889  3815  3816 I HdmiCec : onCecMessage TV->P1 <Vendor Command> (04:89:01)
04-15 11:46:14.891  3694  3694 D HDMI    : [R]:<Vendor Command> 04:89:01
04-15 11:46:14.892  3694  3812 D HDMI    : [S]:<Feature Abort> 40:00:89:01
04-15 11:46:14.893  3815  3815 I HdmiCec : sendMessage P1->TV <Feature Abort> <Vendor Command> NOT_IN_CORRECT_MODE
04-15 11:46:15.480  3694  5900 D NetworkPolicy: 10034 is allowed on unmetered network
04-15 11:46:15.488  3694  5900 D NetworkPolicy: 10034 is allowed on unmetered network
04-15 11:46:15.615  3694  5900 D NetworkPolicy: 10038 is allowed on unmetered network
04-15 11:46:15.878  3694  5900 D NetworkPolicy: 1000 is 7
04-15 11:46:16.482  3694  5900 D NetworkPolicy: 10034 is allowed on unmetered network
04-15 11:46:16.489  3694  5900 D NetworkPolicy: 10034 is allowed on unmetered network
04-15 11:46:16.886  3694  5900 D NetworkPolicy: 1000 is 7
04-15 11:46:17.002  5330  6678 I chromium: [5330:6678:INFO:ssdp_device.c(101)] SSDP packets sent for 40 seconds = 1
04-15 11:46:17.163  3694  3793 E WifiVendorHal: getWifiLinkLayerStats_internal(l.903) failed {.code = ERROR_NOT_AVAILABLE, .description = }
04-15 11:46:17.165  3694  3793 D NetworkStats: TetherStats: iface=wlan0 type=3 entry=iface=null uid=-1 set=ALL tag=0x0 metered=ALL roaming=ALL defaultNetwork=ALL rxBytes=0 rxPackets=0 txBytes=0 txPackets=0 operations=0
04-15 11:46:17.167  3694  3793 D NetworkStats: TetherStats: iface=wlan0 type=1 entry=iface=null uid=-1 set=ALL tag=0x0 metered=ALL roaming=ALL defaultNetwork=ALL rxBytes=0 rxPackets=0 txBytes=0 txPackets=0 operations=0
04-15 11:46:17.482  3694  5900 D NetworkPolicy: 10034 is allowed on unmetered network
04-15 11:46:17.491  3694  5900 D NetworkPolicy: 10034 is allowed on unmetered network
04-15 11:46:17.897  3694  5900 D NetworkPolicy: 1000 is 7
04-15 11:46:18.484  3694  4979 D NetworkPolicy: 10034 is allowed on unmetered network
04-15 11:46:18.491  3694  4979 D NetworkPolicy: 10034 is allowed on unmetered network
04-15 11:46:18.615  3694  4979 D NetworkPolicy: 10038 is allowed on unmetered network
04-15 11:46:18.909  3694  4979 D NetworkPolicy: 1000 is 7
04-15 11:46:19.485  3694  4979 D NetworkPolicy: 10034 is allowed on unmetered network
04-15 11:46:19.508  8022  8437 I chatty  : uid=1000(system) pool-2-thread-1 expire 137 lines
04-15 11:46:19.514  3443  3443 D         : wld: cmd: /vendor/bin/wl status
04-15 11:46:19.581  3443  3443 D         : wld: status: scannum = 11 SSID = "Fios-NmGr6" Mode = Managed RSSI = -30 SNR = 29 Noise=-81
04-15 11:46:19.581  3443  3443 D         : wld: status: scannum = 11 Band = 5GHz chNo = 155 chWidth = 80MHz chCode = 0xe29b
04-15 11:46:19.581  3443  3443 D         : wld: status: scannum = 11 primaryChannel = 157
04-15 11:46:19.587  3443  3443 D         : wld: cmd: /vendor/bin/wl sta_info B8:F8:53:42:F9:7A
04-15 11:46:19.623  3443  3443 D         : wld: sta_info: scannum = 3 txucastpkts = 47829, rxucastpkts = 75176, rxrate = 1200950 
04-15 11:46:19.627  3443  3443 D         : wld: cmd: /vendor/bin/wl chanim_stats
04-15 11:46:19.664  3443  3443 D         : wld: chanim_stats: scannum = 0 idle = 0
04-15 11:46:19.668  3443  3443 D         : wld: cmd: /vendor/bin/wl counters
04-15 11:46:19.706  3443  3443 D         : wld: counters: scannum = 35 txretrans = 7704
04-15 11:46:19.706  3443  3443 D         : wld: counters: scannum = 35 rxframe = 87770 rxerror = 137
04-15 11:46:19.706  3443  3443 D         : wld: counters: txmcast = 0 rxmcast = 461262
04-15 11:46:19.706  3443  3443 D         : wld: counters: txucast = 51903 rxucast = 213369
04-15 11:46:19.706  3443  3443 D         : wld: counters: txbcast = 0 rxbadproto = 0
04-15 11:46:19.710  3443  3443 D         : wld: cmd: /vendor/bin/wl channels
04-15 11:46:19.742  3443  3443 D         : wld: channels: 1 2 3 4 5 6 7 8 9 10 11 36 40 44 48 52 56 60 64 100 104 108 112 116 120 124 128 132 136 140 144 149 153 157 161 165 
04-15 11:46:19.743  3443  3443 D         : wld: cmd: /vendor/bin/wl chanspec
04-15 11:46:19.763  3443  3443 D         : wld: chanspec: 1 2 3 4 5 6 7 8 9 10 11 36 40 44 48 52 56 60 64 100 104 108 112 116 120 124 128 132 136 140 144 149 153 157 161 165 
04-15 11:46:19.765  3443  3443 D         : wld: cmd: /vendor/bin/wl qtxpower
04-15 11:46:19.786  3443  3443 D         : wld: qtxpower: scannum = 2 qtxpower = 127
04-15 11:46:19.789  3443  3443 D         : wld: cmd: /vendor/bin/wl rate
04-15 11:46:19.810  3443  3443 D         : wld: rate = 1200.5 Mbps
04-15 11:46:19.491  3694  4979 D NetworkPolicy: 10034 is allowed on unmetered network
04-15 11:46:19.917  3694  5900 D NetworkPolicy: 1000 is 7
04-15 11:46:20.040  3431  3431 D HAL_STAT: Hal_Stat_GetAudioDecoderStats
04-15 11:46:20.040  3431  3431 I HAL_STAT: Audio decoder [0] not started
04-15 11:46:20.040  3431  3431 I HAL_STAT: Audio decoder [1] not started
04-15 11:46:20.040  3431  3431 I HAL_STAT: Audio decoder [2] not started
04-15 11:46:20.040  3431  3431 D HAL_STAT: Hal_Stat_GetVideoDecoderStats...
04-15 11:46:20.046  3431  3431 D HAL_STAT: Hal_Stat_GetEdidInfo...
04-15 11:46:20.045  3431  3431 W hal_stat@1.0-se: type=1400 audit(0.0:286): avc: denied { ioctl } for path="/dev/nxmw" dev="tmpfs" ino=364 ioctlcmd=0x805 scontext=u:r:hal_arris_hal_stat:s0 tcontext=u:object_r:nexus_device:s0 tclass=chr_file permissive=0
04-15 11:46:20.047  3431  3431 E NEXUS   : !!!Error BERR_OS_ERROR(0x6) at /export/jenkins/workspace/F354_AndroidTv_10_StreamTV-Child01/subjob/verizon/out-bcm/target/product/inuvik/obj/FAKE/refsw/obj.972164/nexus/core/syncthunk/nexus_cec_abiverify_client.h:44
04-15 11:46:20.048  3431  3431 D HAL_STAT: outer hal get: followPreferredFormat: 1 format: 32
04-15 11:46:20.048  3431  3431 D HAL_STAT: Hal_Stat_GetHdmiSettings...HDMI Connected with resolutionMode = 1
04-15 11:46:20.048  3431  3431 D arris_hidl_hal_stat: in hal: get resolutionMode: 1 resolutionValue: 1080p
04-15 11:46:20.055  3694  4979 D NetworkPolicy: 1000 is 7
04-15 11:46:20.063  3443  3443 D         : wld: READ /sys/class/net/wlan0/address = 78:6a:1f:78:a0:c8
04-15 11:46:20.112  3443  3443 D         : wld: READ /sys/class/net/wlan0/address = 78:6a:1f:78:a0:c8
04-15 11:46:20.115  3443  3443 D         : wld: READ /sys/class/net/wlan0/statistics/rx_bytes = 53791985
04-15 11:46:20.118  3443  3443 D         : wld: READ /sys/class/net/wlan0/statistics/rx_packets = 87724
04-15 11:46:20.121  3443  3443 D         : wld: READ /sys/class/net/wlan0/statistics/rx_errors = 0
04-15 11:46:20.124  3443  3443 D         : wld: READ /sys/class/net/wlan0/statistics/tx_bytes = 14320526
04-15 11:46:20.128  3443  3443 D         : wld: READ /sys/class/net/wlan0/statistics/tx_packets = 57106
04-15 11:46:20.131  3443  3443 D         : wld: READ /sys/class/net/wlan0/statistics/tx_errors = 0
04-15 11:46:20.135  3443  3443 D         : wld: READ /sys/class/net/wlan0/statistics/tx_dropped = 0
04-15 11:46:20.138  3443  3443 D         : wld: READ /sys/class/net/wlan0/statistics/rx_dropped = 239
04-15 11:46:20.139  3443  3443 D         : wld:: cmd: /vendor/bin/wl country
04-15 11:46:20.159  3443  3443 D         : wld: rate = US (US/6) UNITED STATES
04-15 11:46:20.162  3443  3443 D         : wld:: cmd: /vendor/bin/wl country
04-15 11:46:20.179  3694  3793 E WifiVendorHal: getWifiLinkLayerStats_internal(l.903) failed {.code = ERROR_NOT_AVAILABLE, .description = }
04-15 11:46:20.131  3694  4979 I chatty  : uid=1000(system) Binder:3694_C identical 21 lines
04-15 11:46:20.135  3694  4979 D NetworkPolicy: 1000 is 7
04-15 11:46:20.180  3694  3793 D NetworkStats: TetherStats: iface=wlan0 type=3 entry=iface=null uid=-1 set=ALL tag=0x0 metered=ALL roaming=ALL defaultNetwork=ALL rxBytes=0 rxPackets=0 txBytes=0 txPackets=0 operations=0
04-15 11:46:20.180  3694  3793 D NetworkStats: TetherStats: iface=wlan0 type=1 entry=iface=null uid=-1 set=ALL tag=0x0 metered=ALL roaming=ALL defaultNetwork=ALL rxBytes=0 rxPackets=0 txBytes=0 txPackets=0 operations=0
04-15 11:46:20.185  3443  3443 D         : wld: rate = US (US/6) UNITED STATES
04-15 11:46:20.187  3694  4979 D NetworkPolicy: 1000 is 7
04-15 11:46:20.189  3443  3443 D         : wld: READ /sys/class/net/wlan0/statistics/rx_bytes = 53792535
04-15 11:46:20.192  3443  3443 D         : wld: READ /sys/class/net/wlan0/statistics/rx_packets = 87733
04-15 11:46:20.195  3443  3443 D         : wld: READ /sys/class/net/wlan0/statistics/rx_errors = 0
04-15 11:46:20.199  3443  3443 D         : wld: READ /sys/class/net/wlan0/statistics/tx_bytes = 14323212
04-15 11:46:20.204  3443  3443 D         : wld: READ /sys/class/net/wlan0/statistics/tx_packets = 57116
04-15 11:46:20.207  3443  3443 D         : wld: READ /sys/class/net/wlan0/statistics/tx_errors = 0
04-15 11:46:20.210  3443  3443 D         : wld: READ /sys/class/net/wlan0/statistics/tx_dropped = 0
04-15 11:46:20.213  3443  3443 D         : wld: READ /sys/class/net/wlan0/statistics/rx_dropped = 239
04-15 11:46:20.228  3443  3443 D         : wld: cmd: /vendor/bin/wl mfp
04-15 11:46:20.249  3443  3443 D         : wld:MFP_config::0
04-15 11:46:20.251  3443  3443 D         : wld: cmd: /vendor/bin/wl mfp
04-15 11:46:20.272  3443  3443 D         : wld:MFP_config::0
04-15 11:46:20.274  3443  3443 D         : wld: cmd: /vendor/bin/wl mfp
04-15 11:46:20.294  3443  3443 D         : wld:MFP_config::0
04-15 11:46:20.300  3443  3443 D         : wld:: cmd: /vendor/bin/wpa_cli status
04-15 11:46:20.330  3443  3443 D         : wpa: state = wpa_state=COMPLETED
04-15 11:46:20.333  3443  3443 D         : wld:: cmd: /vendor/bin/wpa_cli -v
04-15 11:46:20.355  3443  3443 D         : wpa: version = v2.8-devel-10
04-15 11:46:20.468  3694  4979 I chatty  : uid=1000(system) Binder:3694_C identical 25 lines
04-15 11:46:20.469  3694  4979 D NetworkPolicy: 1000 is 7
04-15 11:46:20.485  3694  4979 D NetworkPolicy: 10034 is allowed on unmetered network
04-15 11:46:20.487  3694  4979 D NetworkPolicy: 10034 is allowed on unmetered network
04-15 11:46:20.920  3694  4979 D NetworkPolicy: 1000 is 7
04-15 11:46:21.485  3694  4979 D NetworkPolicy: 10034 is allowed on unmetered network
04-15 11:46:21.523  8022  8035 I chatty  : uid=1000(system) HeapTaskDaemon expire 1 line
04-15 11:46:21.488  3694  4979 D NetworkPolicy: 10034 is allowed on unmetered network
04-15 11:46:21.543  3694  4979 W ActivityManager: Receiver with filter android.content.IntentFilter@92acd7f already registered for pid 8022, callerPackage is com.arris.chmframework
04-15 11:46:21.545  8022  8047 I chatty  : uid=1000(system) Thread-2 expire 16 lines
04-15 11:46:21.547  3443  8048 I         : ###ADS :Waiting for client connection.....
04-15 11:46:21.557  3443  8048 I         : ###ADS :Waiting for client connection.....
04-15 11:46:21.564  3443  8048 I         : ###ADS :Waiting for client connection.....
04-15 11:46:21.570  3443  8048 I         : ###ADS :Waiting for client connection.....
04-15 11:46:21.577  3443  8048 I         : ###ADS :Waiting for client connection.....
04-15 11:46:21.583  3443  8048 I         : ###ADS :Waiting for client connection.....
04-15 11:46:21.592  3443  8048 I         : ###ADS :Waiting for client connection.....
04-15 11:46:21.599  3443  8048 I         : ###ADS :Waiting for client connection.....
04-15 11:46:21.608  3443  8048 I         : ###ADS :Waiting for client connection.....
04-15 11:46:21.615  3694  4979 D NetworkPolicy: 10038 is allowed on unmetered network
04-15 11:46:21.923  3694  4979 D NetworkPolicy: 1000 is 7
04-15 11:46:22.442  5330  6649 I chromium: [5330:6649:INFO:mdns_app_filter.cc(3116)] MdnsAppFilter: responses sent in 532 seconds: 2
04-15 11:46:22.452  3443  3443 D         : wld: READ /sys/class/net/wlan0/statistics/rx_packets = 87814
04-15 11:46:22.462  3443  3443 D         : wld: READ /sys/class/net/wlan0/statistics/rx_errors = 0
04-15 11:46:22.487  3694  4979 D NetworkPolicy: 10034 is allowed on unmetered network
04-15 11:46:22.515  3815  3816 I HdmiCec : onCecMessage TV->** <Device Vendor ID> 00e091
04-15 11:46:22.492  3694  4979 D NetworkPolicy: 10034 is allowed on unmetered network
04-15 11:46:22.517  3694  3694 D HDMI    : [R]:<Device Vendor Id> 0F:87:00:E0:91
04-15 11:46:22.669  3815  3816 I HdmiCec : onCecMessage TV->P1 <Feature Abort>
04-15 11:46:22.672  3694  3694 D HDMI    : [R]:<Feature Abort> 04:00
04-15 11:46:22.763  3815  3816 I HdmiCec : onCecMessage TV->P1 <Vendor Command> (04:89:01)
04-15 11:46:22.765  3694  3694 D HDMI    : [R]:<Vendor Command> 04:89:01
04-15 11:46:22.767  3694  3812 D HDMI    : [S]:<Feature Abort> 40:00:89:01
04-15 11:46:22.767  3815  3815 I HdmiCec : sendMessage P1->TV <Feature Abort> <Vendor Command> NOT_IN_CORRECT_MODE
04-15 11:46:22.928  3694  4979 D NetworkPolicy: 1000 is 7
04-15 11:46:23.189  3694  3793 E WifiVendorHal: getWifiLinkLayerStats_internal(l.903) failed {.code = ERROR_NOT_AVAILABLE, .description = }
04-15 11:46:23.192  3694  3793 D NetworkStats: TetherStats: iface=wlan0 type=3 entry=iface=null uid=-1 set=ALL tag=0x0 metered=ALL roaming=ALL defaultNetwork=ALL rxBytes=0 rxPackets=0 txBytes=0 txPackets=0 operations=0
04-15 11:46:23.194  3694  3793 D NetworkStats: TetherStats: iface=wlan0 type=1 entry=iface=null uid=-1 set=ALL tag=0x0 metered=ALL roaming=ALL defaultNetwork=ALL rxBytes=0 rxPackets=0 txBytes=0 txPackets=0 operations=0
04-15 11:46:23.487  3694  4979 D NetworkPolicy: 10034 is allowed on unmetered network
04-15 11:46:23.495  3694  4979 D NetworkPolicy: 10034 is allowed on unmetered network
04-15 11:46:23.936  3694  4979 D NetworkPolicy: 1000 is 7
04-15 11:46:24.488  3694  4979 D NetworkPolicy: 10034 is allowed on unmetered network
04-15 11:46:24.497  3694  4979 D NetworkPolicy: 10034 is allowed on unmetered network
04-15 11:46:24.616  3694  4979 D NetworkPolicy: 10038 is allowed on unmetered network
04-15 11:46:24.942  3694  4979 D NetworkPolicy: 1000 is 7
04-15 11:46:25.489  3694  4979 D NetworkPolicy: 10034 is allowed on unmetered network
04-15 11:46:25.498  3694  5900 D NetworkPolicy: 10034 is allowed on unmetered network
04-15 11:46:25.647  3694  3706 I system_server: Background young concurrent copying GC freed 178524(6313KB) AllocSpace objects, 0(0B) LOS objects, 34% free, 12MB/18MB, paused 1.418ms total 133.626ms
04-15 11:46:25.950  3694  5900 D NetworkPolicy: 1000 is 7
04-15 11:46:26.210  3694  3793 E WifiVendorHal: getWifiLinkLayerStats_internal(l.903) failed {.code = ERROR_NOT_AVAILABLE, .description = }
04-15 11:46:26.213  3694  3793 D NetworkStats: TetherStats: iface=wlan0 type=3 entry=iface=null uid=-1 set=ALL tag=0x0 metered=ALL roaming=ALL defaultNetwork=ALL rxBytes=0 rxPackets=0 txBytes=0 txPackets=0 operations=0
04-15 11:46:26.216  3694  3793 D NetworkStats: TetherStats: iface=wlan0 type=1 entry=iface=null uid=-1 set=ALL tag=0x0 metered=ALL roaming=ALL defaultNetwork=ALL rxBytes=0 rxPackets=0 txBytes=0 txPackets=0 operations=0
04-15 11:46:26.490  3694  5900 D NetworkPolicy: 10034 is allowed on unmetered network
04-15 11:46:26.499  3694  5900 D NetworkPolicy: 10034 is allowed on unmetered network
04-15 11:46:26.958  3694  5900 D NetworkPolicy: 1000 is 7
04-15 11:46:27.491  3694  5900 D NetworkPolicy: 10034 is allowed on unmetered network
04-15 11:46:27.500  3694  5900 D NetworkPolicy: 10034 is allowed on unmetered network
04-15 11:46:27.616  3694  5900 D NetworkPolicy: 10038 is allowed on unmetered network
04-15 11:46:27.878  3694  3694 W ProcessStats: Tracking association SourceState{dffcf3b com.verizon.qlv.services/10016 Top #5433} whose proc state 1 is better than process ProcessState{9b16658 com.arris.chmframework/1000 pkg=com.arris.chmframework} proc state 2 (1 skipped)
04-15 11:46:27.968  3694  5900 D NetworkPolicy: 1000 is 7
04-15 11:46:28.492  3694  5900 D NetworkPolicy: 10034 is allowed on unmetered network
04-15 11:46:28.498  3694  5900 D NetworkPolicy: 10034 is allowed on unmetered network
04-15 11:46:28.977  3694  5900 D NetworkPolicy: 1000 is 7
04-15 11:46:29.235  3694  3793 D NetworkStats: TetherStats: iface=wlan0 type=3 entry=iface=null uid=-1 set=ALL tag=0x0 metered=ALL roaming=ALL defaultNetwork=ALL rxBytes=0 rxPackets=0 txBytes=0 txPackets=0 operations=0
04-15 11:46:29.239  3694  3793 D NetworkStats: TetherStats: iface=wlan0 type=1 entry=iface=null uid=-1 set=ALL tag=0x0 metered=ALL roaming=ALL defaultNetwork=ALL rxBytes=0 rxPackets=0 txBytes=0 txPackets=0 operations=0
04-15 11:46:29.492  3694  5900 D NetworkPolicy: 10034 is allowed on unmetered network
04-15 11:46:29.232  3694  3793 E WifiVendorHal: getWifiLinkLayerStats_internal(l.903) failed {.code = ERROR_NOT_AVAILABLE, .description = }
04-15 11:46:29.967  3815  3816 I HdmiCec : onCecMessage TV->P1 <Vendor Command> (04:89:01)
04-15 11:46:29.505  3694  5900 D NetworkPolicy: 10034 is allowed on unmetered network
04-15 11:46:29.970  3694  3694 D HDMI    : [R]:<Vendor Command> 04:89:01
04-15 11:46:29.971  3694  3812 D HDMI    : [S]:<Feature Abort> 40:00:89:01
04-15 11:46:29.972  3815  3815 I HdmiCec : sendMessage P1->TV <Feature Abort> <Vendor Command> NOT_IN_CORRECT_MODE
04-15 11:46:29.985  3694  5900 D NetworkPolicy: 1000 is 7
04-15 11:46:30.493  3694  4979 D NetworkPolicy: 10034 is allowed on unmetered network
04-15 11:46:30.504  3694  4979 D NetworkPolicy: 10034 is allowed on unmetered network
04-15 11:46:30.616  3694  4979 D NetworkPolicy: 10038 is allowed on unmetered network
04-15 11:46:30.993  3694  4979 D NetworkPolicy: 1000 is 7
04-15 11:46:31.494  3694  4979 D NetworkPolicy: 10034 is allowed on unmetered network
04-15 11:46:31.505  3694  4979 D NetworkPolicy: 10034 is allowed on unmetered network
04-15 11:46:32.008  3694  4979 D NetworkPolicy: 1000 is 7
04-15 11:46:32.253  3694  3793 E WifiVendorHal: getWifiLinkLayerStats_internal(l.903) failed {.code = ERROR_NOT_AVAILABLE, .description = }
04-15 11:46:32.258  3694  3793 D NetworkStats: TetherStats: iface=wlan0 type=3 entry=iface=null uid=-1 set=ALL tag=0x0 metered=ALL roaming=ALL defaultNetwork=ALL rxBytes=0 rxPackets=0 txBytes=0 txPackets=0 operations=0
04-15 11:46:32.262  3694  3793 D NetworkStats: TetherStats: iface=wlan0 type=1 entry=iface=null uid=-1 set=ALL tag=0x0 metered=ALL roaming=ALL defaultNetwork=ALL rxBytes=0 rxPackets=0 txBytes=0 txPackets=0 operations=0
04-15 11:46:32.495  3694  5900 D NetworkPolicy: 10034 is allowed on unmetered network
04-15 11:46:32.507  3694  5900 D NetworkPolicy: 10034 is allowed on unmetered network
04-15 11:46:33.017  3694  5900 D NetworkPolicy: 1000 is 7
04-15 11:46:33.496  3694  5900 D NetworkPolicy: 10034 is allowed on unmetered network
04-15 11:46:33.610  3694  4806 D NetworkMonitor/100: isDataStall: result=false, consecutive dns timeout count=0
04-15 11:46:33.506  3694  5900 D NetworkPolicy: 10034 is allowed on unmetered network
04-15 11:46:33.616  3694  5900 D NetworkPolicy: 10038 is allowed on unmetered network
04-15 11:46:34.024  3694  5900 D NetworkPolicy: 1000 is 7
04-15 11:46:34.496  3694  5900 D NetworkPolicy: 10034 is allowed on unmetered network
04-15 11:46:34.499  3694  5900 D NetworkPolicy: 10034 is allowed on unmetered network
04-15 11:46:35.029  3694  5900 D NetworkPolicy: 1000 is 7
04-15 11:46:35.277  3694  3793 E WifiVendorHal: getWifiLinkLayerStats_internal(l.903) failed {.code = ERROR_NOT_AVAILABLE, .description = }
04-15 11:46:35.281  3694  3793 D NetworkStats: TetherStats: iface=wlan0 type=3 entry=iface=null uid=-1 set=ALL tag=0x0 metered=ALL roaming=ALL defaultNetwork=ALL rxBytes=0 rxPackets=0 txBytes=0 txPackets=0 operations=0
04-15 11:46:35.285  3694  3793 D NetworkStats: TetherStats: iface=wlan0 type=1 entry=iface=null uid=-1 set=ALL tag=0x0 metered=ALL roaming=ALL defaultNetwork=ALL rxBytes=0 rxPackets=0 txBytes=0 txPackets=0 operations=0
04-15 11:46:35.498  3694  5900 D NetworkPolicy: 10034 is allowed on unmetered network
04-15 11:46:35.508  3694  4979 D NetworkPolicy: 10034 is allowed on unmetered network
04-15 11:46:36.037  3694  4979 D NetworkPolicy: 1000 is 7
04-15 11:46:36.500  3694  4979 D NetworkPolicy: 10034 is allowed on unmetered network
04-15 11:46:36.508  3694  4979 D NetworkPolicy: 10034 is allowed on unmetered network
04-15 11:46:36.617  3694  4979 D NetworkPolicy: 10038 is allowed on unmetered network
04-15 11:46:36.740  3694  4979 D NetworkPolicy: 10034 is allowed on unmetered network
04-15 11:46:36.747  3694  4979 D NetworkPolicy: 10034 is allowed on unmetered network
04-15 11:46:37.047  3694  4979 D NetworkPolicy: 1000 is 7
04-15 11:46:37.500  3694  5900 D NetworkPolicy: 10034 is allowed on unmetered network
04-15 11:46:37.592  3815  3816 I HdmiCec : onCecMessage TV->** <Device Vendor ID> 00e091
04-15 11:46:37.510  3694  5900 D NetworkPolicy: 10034 is allowed on unmetered network
04-15 11:46:37.594  3694  3694 D HDMI    : [R]:<Device Vendor Id> 0F:87:00:E0:91
04-15 11:46:37.618  5330  5344 I apps.mediashel: Background concurrent copying GC freed 51992(1413KB) AllocSpace objects, 0(0B) LOS objects, 50% free, 1495KB/3031KB, paused 741us total 110.416ms
04-15 11:46:37.748  3815  3816 I HdmiCec : onCecMessage TV->P1 <Feature Abort>
04-15 11:46:37.750  3694  3694 D HDMI    : [R]:<Feature Abort> 04:00
04-15 11:46:37.751  3694  3694 W HDMI    : [2]:Unexpected parameters: <Feature Abort> 04:00
04-15 11:46:37.840  3815  3816 I HdmiCec : onCecMessage TV->P1 <Vendor Command> (04:89:01)
04-15 11:46:37.842  3694  3694 D HDMI    : [R]:<Vendor Command> 04:89:01
04-15 11:46:37.844  3694  3812 D HDMI    : [S]:<Feature Abort> 40:00:89:01
04-15 11:46:37.844  3815  3815 I HdmiCec : sendMessage P1->TV <Feature Abort> <Vendor Command> NOT_IN_CORRECT_MODE
04-15 11:46:38.054  3694  5900 D NetworkPolicy: 1000 is 7
04-15 11:46:38.301  3694  3793 E WifiVendorHal: getWifiLinkLayerStats_internal(l.903) failed {.code = ERROR_NOT_AVAILABLE, .description = }
04-15 11:46:38.307  3694  3793 D NetworkStats: TetherStats: iface=wlan0 type=3 entry=iface=null uid=-1 set=ALL tag=0x0 metered=ALL roaming=ALL defaultNetwork=ALL rxBytes=0 rxPackets=0 txBytes=0 txPackets=0 operations=0
04-15 11:46:38.311  3694  3793 D NetworkStats: TetherStats: iface=wlan0 type=1 entry=iface=null uid=-1 set=ALL tag=0x0 metered=ALL roaming=ALL defaultNetwork=ALL rxBytes=0 rxPackets=0 txBytes=0 txPackets=0 operations=0
04-15 11:46:38.501  3694  5900 D NetworkPolicy: 10034 is allowed on unmetered network
04-15 11:46:38.508  3694  5900 D NetworkPolicy: 10034 is allowed on unmetered network
04-15 11:46:39.064  3694  5900 D NetworkPolicy: 1000 is 7
04-15 11:46:39.501  3694  5900 D NetworkPolicy: 10034 is allowed on unmetered network
04-15 11:46:39.509  3694  4979 D NetworkPolicy: 10034 is allowed on unmetered network
04-15 11:46:39.617  3694  4979 D NetworkPolicy: 10038 is allowed on unmetered network
04-15 11:46:40.074  3694  4979 D NetworkPolicy: 1000 is 7
04-15 11:46:40.506  3694  4979 D NetworkPolicy: 10034 is allowed on unmetered network
04-15 11:46:40.512  3694  5900 D NetworkPolicy: 10034 is allowed on unmetered network
04-15 11:46:41.084  3694  5900 D NetworkPolicy: 1000 is 7
04-15 11:46:41.328  3694  3793 D NetworkStats: TetherStats: iface=wlan0 type=3 entry=iface=null uid=-1 set=ALL tag=0x0 metered=ALL roaming=ALL defaultNetwork=ALL rxBytes=0 rxPackets=0 txBytes=0 txPackets=0 operations=0
04-15 11:46:41.330  3694  3793 D NetworkStats: TetherStats: iface=wlan0 type=1 entry=iface=null uid=-1 set=ALL tag=0x0 metered=ALL roaming=ALL defaultNetwork=ALL rxBytes=0 rxPackets=0 txBytes=0 txPackets=0 operations=0
04-15 11:46:41.504  3694  5900 D NetworkPolicy: 10034 is allowed on unmetered network
04-15 11:46:41.514  3694  5900 D NetworkPolicy: 10034 is allowed on unmetered network
04-15 11:46:42.094  3694  5900 D NetworkPolicy: 1000 is 7
04-15 11:46:42.506  3694  5900 D NetworkPolicy: 10034 is allowed on unmetered network
04-15 11:46:42.513  3694  5900 D NetworkPolicy: 10034 is allowed on unmetered network
04-15 11:46:42.617  3694  5900 D NetworkPolicy: 10038 is allowed on unmetered network
04-15 11:46:43.104  3694  5900 D NetworkPolicy: 1000 is 7
04-15 11:46:43.507  3694  5900 D NetworkPolicy: 10034 is allowed on unmetered network
04-15 11:46:43.514  3694  5900 D NetworkPolicy: 10034 is allowed on unmetered network
04-15 11:46:44.113  3694  5900 D NetworkPolicy: 1000 is 7
04-15 11:46:44.350  3694  3793 D NetworkStats: TetherStats: iface=wlan0 type=3 entry=iface=null uid=-1 set=ALL tag=0x0 metered=ALL roaming=ALL defaultNetwork=ALL rxBytes=0 rxPackets=0 txBytes=0 txPackets=0 operations=0
04-15 11:46:44.354  3694  3793 D NetworkStats: TetherStats: iface=wlan0 type=1 entry=iface=null uid=-1 set=ALL tag=0x0 metered=ALL roaming=ALL defaultNetwork=ALL rxBytes=0 rxPackets=0 txBytes=0 txPackets=0 operations=0
04-15 11:46:44.508  3694  5900 D NetworkPolicy: 10034 is allowed on unmetered network
04-15 11:46:41.325  3694  3793 I chatty  : uid=1000(system) ClientModeImpl identical 1 line
04-15 11:46:44.347  3694  3793 E WifiVendorHal: getWifiLinkLayerStats_internal(l.903) failed {.code = ERROR_NOT_AVAILABLE, .description = }
04-15 11:46:45.044  3815  3816 I HdmiCec : onCecMessage TV->P1 <Vendor Command> (04:89:01)
04-15 11:46:44.514  3694  5900 D NetworkPolicy: 10034 is allowed on unmetered network
04-15 11:46:45.047  3694  3694 D HDMI    : [R]:<Vendor Command> 04:89:01
04-15 11:46:45.049  3694  3812 D HDMI    : [S]:<Feature Abort> 40:00:89:01
04-15 11:46:45.049  3815  3815 I HdmiCec : sendMessage P1->TV <Feature Abort> <Vendor Command> NOT_IN_CORRECT_MODE
04-15 11:46:45.122  3694  5900 D NetworkPolicy: 1000 is 7
04-15 11:46:45.509  3694  5900 D NetworkPolicy: 10034 is allowed on unmetered network
04-15 11:46:45.517  3694  5900 D NetworkPolicy: 10034 is allowed on unmetered network
04-15 11:46:45.618  3694  5900 D NetworkPolicy: 10038 is allowed on unmetered network
04-15 11:46:46.132  3694  5900 D NetworkPolicy: 1000 is 7
04-15 11:46:46.510  3694  5900 D NetworkPolicy: 10034 is allowed on unmetered network
04-15 11:46:46.517  3694  5900 D NetworkPolicy: 10034 is allowed on unmetered network
04-15 11:46:47.141  3694  5900 D NetworkPolicy: 1000 is 7
04-15 11:46:47.370  3694  3793 E WifiVendorHal: getWifiLinkLayerStats_internal(l.903) failed {.code = ERROR_NOT_AVAILABLE, .description = }
04-15 11:46:47.374  3694  3793 D NetworkStats: TetherStats: iface=wlan0 type=3 entry=iface=null uid=-1 set=ALL tag=0x0 metered=ALL roaming=ALL defaultNetwork=ALL rxBytes=0 rxPackets=0 txBytes=0 txPackets=0 operations=0
04-15 11:46:47.377  3694  3793 D NetworkStats: TetherStats: iface=wlan0 type=1 entry=iface=null uid=-1 set=ALL tag=0x0 metered=ALL roaming=ALL defaultNetwork=ALL rxBytes=0 rxPackets=0 txBytes=0 txPackets=0 operations=0
04-15 11:46:47.512  3694  5900 D NetworkPolicy: 10034 is allowed on unmetered network
04-15 11:46:47.520  3694  5900 D NetworkPolicy: 10034 is allowed on unmetered network
04-15 11:46:48.149  3694  5900 D NetworkPolicy: 1000 is 7
04-15 11:46:48.513  3694  5900 D NetworkPolicy: 10034 is allowed on unmetered network
04-15 11:46:48.519  3694  4979 D NetworkPolicy: 10034 is allowed on unmetered network
04-15 11:46:48.618  3694  4979 D NetworkPolicy: 10038 is allowed on unmetered network
04-15 11:46:49.158  3694  4979 D NetworkPolicy: 1000 is 7
04-15 11:46:49.514  3694  4979 D NetworkPolicy: 10034 is allowed on unmetered network
04-15 11:46:49.520  3694  4979 D NetworkPolicy: 10034 is allowed on unmetered network
04-15 11:46:50.167  3694  4979 D NetworkPolicy: 1000 is 7
